Archive member included to satisfy reference by file (symbol)

/opt/devkitpro/libnds/lib/libnds9.a(touch.o)
                              input.o (touchRead)
/opt/devkitpro/libnds/lib/libnds9.a(videoGL.o)
                              game.o (glGlobalData)
/opt/devkitpro/libnds/lib/libnds9.a(keys.o)
                              input.o (scanKeys)
/opt/devkitpro/libnds/lib/libnds9.a(initSystem.o)
                              /opt/devkitpro/devkitARM/bin/../lib/gcc/arm-none-eabi/10.2.0/../../../../arm-none-eabi/lib/thumb/ds_arm9_crt0.o (initSystem)
/opt/devkitpro/libnds/lib/libnds9.a(timeSupport.o)
                              /opt/devkitpro/libnds/lib/libnds9.a(initSystem.o) (__libnds_gtod)
/opt/devkitpro/libnds/lib/libnds9.a(securearea.o)
                              /opt/devkitpro/devkitARM/bin/../lib/gcc/arm-none-eabi/10.2.0/../../../../arm-none-eabi/lib/thumb/ds_arm9_crt0.o (__secure_area__)
/opt/devkitpro/libnds/lib/libnds9.a(interrupts.o)
                              /opt/devkitpro/libnds/lib/libnds9.a(initSystem.o) (irqInit)
/opt/devkitpro/libnds/lib/libnds9.a(libnds_exit.arm.o)
                              /opt/devkitpro/devkitARM/bin/../lib/gcc/arm-none-eabi/10.2.0/../../../../arm-none-eabi/lib/thumb/ds_arm9_crt0.o (__libnds_exit)
/opt/devkitpro/libnds/lib/libnds9.a(fifosystem.o)
                              /opt/devkitpro/libnds/lib/libnds9.a(initSystem.o) (fifoSetValue32Handler)
/opt/devkitpro/libnds/lib/libnds9.a(mpu_setup.o)
                              /opt/devkitpro/devkitARM/bin/../lib/gcc/arm-none-eabi/10.2.0/../../../../arm-none-eabi/lib/thumb/ds_arm9_crt0.o (__libnds_mpu_setup)
/opt/devkitpro/libnds/lib/libnds9.a(IntrWait.o)
                              main.o (swiWaitForVBlank)
/opt/devkitpro/libnds/lib/libnds9.a(cpu_clock.o)
                              /opt/devkitpro/libnds/lib/libnds9.a(initSystem.o) (setCpuClock)
/opt/devkitpro/libnds/lib/libnds9.a(interruptDispatcher.o)
                              /opt/devkitpro/libnds/lib/libnds9.a(interrupts.o) (IntrMain)
/opt/devkitpro/libnds/lib/libnds9.a(swiSoftReset.o)
                              /opt/devkitpro/libnds/lib/libnds9.a(fifosystem.o) (swiSoftReset)
/opt/devkitpro/libnds/lib/libnds9.a(biosCalls.o)
                              /opt/devkitpro/libnds/lib/libnds9.a(videoGL.o) (swiCopy)
/opt/devkitpro/libnds/lib/libnds9.a(dynamicArray.o)
                              /opt/devkitpro/libnds/lib/libnds9.a(videoGL.o) (DynamicArrayInit)
/opt/devkitpro/libnds/lib/libnds9.a(video.o)
                              /opt/devkitpro/libnds/lib/libnds9.a(videoGL.o) (vramSetBanks_EFG)
/opt/devkitpro/libnds/lib/libnds9.a(system.o)
                              /opt/devkitpro/libnds/lib/libnds9.a(initSystem.o) (systemValueHandler)
/opt/devkitpro/libnds/lib/libnds9.a(trig.o)
                              /opt/devkitpro/libnds/lib/libnds9.a(videoGL.o) (sinLerp)
/opt/devkitpro/devkitARM/bin/../lib/gcc/arm-none-eabi/10.2.0/../../../../arm-none-eabi/lib/thumb/libm.a(lib_a-s_atan.o)
                              graphics_sub.o (atan)
/opt/devkitpro/devkitARM/bin/../lib/gcc/arm-none-eabi/10.2.0/../../../../arm-none-eabi/lib/thumb/libm.a(lib_a-s_cos.o)
                              graphics_sub.o (cos)
/opt/devkitpro/devkitARM/bin/../lib/gcc/arm-none-eabi/10.2.0/../../../../arm-none-eabi/lib/thumb/libm.a(lib_a-s_fabs.o)
                              /opt/devkitpro/devkitARM/bin/../lib/gcc/arm-none-eabi/10.2.0/../../../../arm-none-eabi/lib/thumb/libm.a(lib_a-s_atan.o) (fabs)
/opt/devkitpro/devkitARM/bin/../lib/gcc/arm-none-eabi/10.2.0/../../../../arm-none-eabi/lib/thumb/libm.a(lib_a-s_sin.o)
                              graphics_sub.o (sin)
/opt/devkitpro/devkitARM/bin/../lib/gcc/arm-none-eabi/10.2.0/../../../../arm-none-eabi/lib/thumb/libm.a(lib_a-w_atan2.o)
                              physics.o (atan2)
/opt/devkitpro/devkitARM/bin/../lib/gcc/arm-none-eabi/10.2.0/../../../../arm-none-eabi/lib/thumb/libm.a(lib_a-w_sqrt.o)
                              graphics_sub.o (sqrt)
/opt/devkitpro/devkitARM/bin/../lib/gcc/arm-none-eabi/10.2.0/../../../../arm-none-eabi/lib/thumb/libm.a(lib_a-e_atan2.o)
                              /opt/devkitpro/devkitARM/bin/../lib/gcc/arm-none-eabi/10.2.0/../../../../arm-none-eabi/lib/thumb/libm.a(lib_a-w_atan2.o) (__ieee754_atan2)
/opt/devkitpro/devkitARM/bin/../lib/gcc/arm-none-eabi/10.2.0/../../../../arm-none-eabi/lib/thumb/libm.a(lib_a-e_rem_pio2.o)
                              /opt/devkitpro/devkitARM/bin/../lib/gcc/arm-none-eabi/10.2.0/../../../../arm-none-eabi/lib/thumb/libm.a(lib_a-s_cos.o) (__ieee754_rem_pio2)
/opt/devkitpro/devkitARM/bin/../lib/gcc/arm-none-eabi/10.2.0/../../../../arm-none-eabi/lib/thumb/libm.a(lib_a-e_sqrt.o)
                              /opt/devkitpro/devkitARM/bin/../lib/gcc/arm-none-eabi/10.2.0/../../../../arm-none-eabi/lib/thumb/libm.a(lib_a-w_sqrt.o) (__ieee754_sqrt)
/opt/devkitpro/devkitARM/bin/../lib/gcc/arm-none-eabi/10.2.0/../../../../arm-none-eabi/lib/thumb/libm.a(lib_a-k_cos.o)
[...]
Memory Configuration

Name             Origin             Length             Attributes
ewram            0x0000000002000000 0x0000000000380000
dtcm             0x0000000002ff0000 0x0000000000004000
vectors          0x0000000001000000 0x0000000000000100
itcm             0x0000000001000100 0x0000000000007f00
*default*        0x0000000000000000 0xffffffffffffffff

Linker script and memory map

                0x0000000002380000                __ewram_end = (ORIGIN (ewram) + LENGTH (ewram))
                0x0000000002380000                __eheap_end = (ORIGIN (ewram) + LENGTH (ewram))
                0x0000000002ff4000                __dtcm_top = (ORIGIN (dtcm) + LENGTH (dtcm))
                0x0000000002ff3ff8                __irq_flags = (__dtcm_top - 0x8)
                0x0000000002ff3ffc                __irq_vector = (__dtcm_top - 0x4)
                0x0000000002ff3f00                __sp_svc = (__dtcm_top - 0x100)
                0x0000000002ff3e00                __sp_irq = (__sp_svc - 0x100)
                0x0000000002ff3d00                __sp_usr = (__sp_irq - 0x100)

.secure         0x0000000002000000      0x800
 *(.secure)
 .secure        0x0000000002000000      0x800 /opt/devkitpro/libnds/lib/libnds9.a(securearea.o)
                0x0000000002000000                __secure_area__

.crt0           0x0000000002000800      0x300
                0x0000000002000800                __text_start = .
 *(.crt0)
 .crt0          0x0000000002000800      0x300 /opt/devkitpro/devkitARM/bin/../lib/gcc/arm-none-eabi/10.2.0/../../../../arm-none-eabi/lib/thumb/ds_arm9_crt0.o
                0x0000000002000800                _start
                0x0000000002000b00                . = ALIGN (0x4)

.plt
 *(.plt)

.init           0x0000000002000b00        0xc
 *(SORT_NONE(.init))
 .init          0x0000000002000b00        0x4 /opt/devkitpro/devkitARM/bin/../lib/gcc/arm-none-eabi/10.2.0/thumb/crti.o
                0x0000000002000b00                _init
 .init          0x0000000002000b04        0x8 /opt/devkitpro/devkitARM/bin/../lib/gcc/arm-none-eabi/10.2.0/thumb/crtn.o

.text           0x0000000002000b10     0x6150
 *(EXCLUDE_FILE(*.twl* *.vectors* *.itcm*) .text)
 .text          0x0000000002000b10       0xfc game.o
                0x0000000002000b10                game_init
                0x0000000002000b3c                game_splash
                0x0000000002000b64                game_ingame
                0x0000000002000bf0                game_end
 .text          0x0000000002000c0c      0x190 graphics_main.o
                0x0000000002000c4c                graphics_main_init
                0x0000000002000c68                graphics_main_config_splash
                0x0000000002000cd0                graphics_main_config_ingame
                0x0000000002000d50                graphics_main_path
 .text          0x0000000002000d9c     0x1160 graphics_sub.o
                0x0000000002000ddc                graphics_sub_init
                0x0000000002000df8                graphics_sub_config_splash
                0x0000000002000e64                graphics_sub_config_ingame
                0x0000000002001090                graphics_sub_put_speed
                0x000000000200110a                graphics_sub_put_alt
                0x0000000002001184                graphics_sub_put_digit
                0x00000000020012cc                graphics_sub_put_slider
                0x0000000002001514                graphics_sub_set_ap
                0x0000000002001858                graphics_sub_put_nav
                0x0000000002001b9c                graphics_sub_put_hor
 .text          0x0000000002001efc      0x1da input.o
                0x0000000002001efc                input_init
                0x0000000002001f00                input_read
 *fill*         0x00000000020020d6        0x2 ff
 .text          0x00000000020020d8       0x68 main.o
                0x00000000020020d8                main
 .text          0x0000000002002140      0x704 physics.o
                0x0000000002002140                physics_predict_orbit
 .text          0x0000000002002844      0x11c /opt/devkitpro/devkitARM/bin/../lib/gcc/arm-none-eabi/10.2.0/thumb/libgcc.a(_udivsi3.o)
                0x0000000002002844                __udivsi3
                0x0000000002002844                __aeabi_uidiv
                0x0000000002002940                __aeabi_uidivmod
 .text          0x0000000002002960      0x150 /opt/devkitpro/devkitARM/bin/../lib/gcc/arm-none-eabi/10.2.0/thumb/libgcc.a(_divsi3.o)
                0x0000000002002960                __aeabi_idiv
                0x0000000002002960                __divsi3
                0x0000000002002a90                __aeabi_idivmod
 .text          0x0000000002002ab0        0x4 /opt/devkitpro/devkitARM/bin/../lib/gcc/arm-none-eabi/10.2.0/thumb/libgcc.a(_dvmd_tls.o)
                0x0000000002002ab0                __aeabi_ldiv0
                0x0000000002002ab0                __aeabi_idiv0
 .text          0x0000000002002ab4      0x424 /opt/devkitpro/devkitARM/bin/../lib/gcc/arm-none-eabi/10.2.0/thumb/libgcc.a(_arm_addsubdf3.o)
                0x0000000002002ab4                __aeabi_drsub
                0x0000000002002abc                __subdf3
                0x0000000002002abc                __aeabi_dsub
                0x0000000002002ac0                __aeabi_dadd
                0x0000000002002ac0                __adddf3
                0x0000000002002dd0                __aeabi_ui2d
                0x0000000002002dd0                __floatunsidf
                0x0000000002002df4                __floatsidf
                0x0000000002002df4                __aeabi_i2d
                0x0000000002002e1c                __extendsfdf2
                0x0000000002002e1c                __aeabi_f2d
                0x0000000002002e64                __aeabi_ul2d
                0x0000000002002e64                __floatundidf
                0x0000000002002e78                __aeabi_l2d
                0x0000000002002e78                __floatdidf
 .text          0x0000000002002ed8      0x49c /opt/devkitpro/devkitARM/bin/../lib/gcc/arm-none-eabi/10.2.0/thumb/libgcc.a(_arm_muldivdf3.o)
                0x0000000002002ed8                __aeabi_dmul
                0x0000000002002ed8                __muldf3
                0x0000000002003168                __aeabi_ddiv
                0x0000000002003168                __divdf3
 .text          0x0000000002003374      0x144 /opt/devkitpro/devkitARM/bin/../lib/gcc/arm-none-eabi/10.2.0/thumb/libgcc.a(_arm_cmpdf2.o)
                0x0000000002003374                __gedf2
                0x0000000002003374                __gtdf2
                0x000000000200337c                __ledf2
                0x000000000200337c                __ltdf2
                0x0000000002003384                __cmpdf2
                0x0000000002003384                __eqdf2
                0x0000000002003384                __nedf2
                0x000000000200340c                __aeabi_cdrcmple
                0x0000000002003428                __aeabi_cdcmple
                0x0000000002003428                __aeabi_cdcmpeq
                0x0000000002003440                __aeabi_dcmpeq
                0x0000000002003458                __aeabi_dcmplt
                0x0000000002003470                __aeabi_dcmple
                0x0000000002003488                __aeabi_dcmpge
                0x00000000020034a0                __aeabi_dcmpgt
 .text          0x00000000020034b8       0x38 /opt/devkitpro/devkitARM/bin/../lib/gcc/arm-none-eabi/10.2.0/thumb/libgcc.a(_arm_unorddf2.o)
                0x00000000020034b8                __aeabi_dcmpun
                0x00000000020034b8                __unorddf2
 .text          0x00000000020034f0       0x5c /opt/devkitpro/devkitARM/bin/../lib/gcc/arm-none-eabi/10.2.0/thumb/libgcc.a(_arm_fixdfsi.o)
                0x00000000020034f0                __fixdfsi
                0x00000000020034f0                __aeabi_d2iz
 .text          0x000000000200354c       0x54 /opt/devkitpro/devkitARM/bin/../lib/gcc/arm-none-eabi/10.2.0/thumb/libgcc.a(_arm_fixunsdfsi.o)
                0x000000000200354c                __fixunsdfsi
                0x000000000200354c                __aeabi_d2uiz
 .text          0x00000000020035a0       0xa0 /opt/devkitpro/devkitARM/bin/../lib/gcc/arm-none-eabi/10.2.0/thumb/libgcc.a(_arm_truncdfsf2.o)
                0x00000000020035a0                __aeabi_d2f
                0x00000000020035a0                __truncdfsf2
 .text          0x0000000002003640      0x2ac /opt/devkitpro/devkitARM/bin/../lib/gcc/arm-none-eabi/10.2.0/thumb/libgcc.a(_arm_addsubsf3.o)
                0x0000000002003640                __aeabi_frsub
                0x0000000002003648                __aeabi_fsub
                0x0000000002003648                __subsf3
                0x000000000200364c                __aeabi_fadd
                0x000000000200364c                __addsf3
                0x0000000002003808                __aeabi_ui2f
                0x0000000002003808                __floatunsisf
                0x0000000002003810                __floatsisf
                0x0000000002003810                __aeabi_i2f
                0x0000000002003830                __aeabi_ul2f
                0x0000000002003830                __floatundisf
                0x0000000002003840                __aeabi_l2f
                0x0000000002003840                __floatdisf
 .text          0x00000000020038ec      0x2f8 /opt/devkitpro/devkitARM/bin/../lib/gcc/arm-none-eabi/10.2.0/thumb/libgcc.a(_arm_muldivsf3.o)
                0x00000000020038ec                __mulsf3
                0x00000000020038ec                __aeabi_fmul
                0x0000000002003a84                __divsf3
                0x0000000002003a84                __aeabi_fdiv
 .text          0x0000000002003be4       0x5c /opt/devkitpro/devkitARM/bin/../lib/gcc/arm-none-eabi/10.2.0/thumb/libgcc.a(_arm_fixsfsi.o)
                0x0000000002003be4                __fixsfsi
                0x0000000002003be4                __aeabi_f2iz
 *(EXCLUDE_FILE(*.twl* *.vectors* *.itcm*) .stub)
 *(EXCLUDE_FILE(*.twl* *.vectors* *.itcm*) .text.*)
 .text.__do_global_dtors_aux
                0x0000000002003c40       0x2c /opt/devkitpro/devkitARM/bin/../lib/gcc/arm-none-eabi/10.2.0/thumb/crtbegin.o
 .text.frame_dummy
                0x0000000002003c6c       0x24 /opt/devkitpro/devkitARM/bin/../lib/gcc/arm-none-eabi/10.2.0/thumb/crtbegin.o
 .text.touchRead
                0x0000000002003c90       0x24 /opt/devkitpro/libnds/lib/libnds9.a(touch.o)
                0x0000000002003c90                touchRead
 .text.scanKeys
                0x0000000002003cb4       0x8c /opt/devkitpro/libnds/lib/libnds9.a(keys.o)
                0x0000000002003cb4                scanKeys
 .text.keysHeld
                0x0000000002003d40        0xc /opt/devkitpro/libnds/lib/libnds9.a(keys.o)
                0x0000000002003d40                keysHeld
 .text.keysDown
                0x0000000002003d4c       0x14 /opt/devkitpro/libnds/lib/libnds9.a(keys.o)
                0x0000000002003d4c                keysDown
 .text.initSystem
                0x0000000002003d60      0x198 /opt/devkitpro/libnds/lib/libnds9.a(initSystem.o)
                0x0000000002003d60                initSystem
 .text.__libnds_gtod
                0x0000000002003ef8       0x28 /opt/devkitpro/libnds/lib/libnds9.a(timeSupport.o)
                0x0000000002003ef8                __libnds_gtod
 .text.irqDummy
                0x0000000002003f20        0x4 /opt/devkitpro/libnds/lib/libnds9.a(interrupts.o)
                0x0000000002003f20                irqDummy
 .text.irqSet   0x0000000002003f24       0x6c /opt/devkitpro/libnds/lib/libnds9.a(interrupts.o)
                0x0000000002003f24                irqSet
 .text.irqInit  0x0000000002003f90       0x50 /opt/devkitpro/libnds/lib/libnds9.a(interrupts.o)
                0x0000000002003f90                irqInit
 .text.irqEnable
                0x0000000002003fe0       0x64 /opt/devkitpro/libnds/lib/libnds9.a(interrupts.o)
                0x0000000002003fe0                irqEnable
 .text.systemErrorExit
                0x0000000002004044        0x4 /opt/devkitpro/libnds/lib/libnds9.a(libnds_exit.arm.o)
                0x0000000002004044                systemErrorExit
 .text.__libnds_exit
                0x0000000002004048       0x5c /opt/devkitpro/libnds/lib/libnds9.a(libnds_exit.arm.o)
                0x0000000002004048                __libnds_exit
 .text.fifo_queueBlock
                0x00000000020040a4       0x44 /opt/devkitpro/libnds/lib/libnds9.a(fifosystem.o)
 .text.fifo_waitBlock
                0x00000000020040e8       0x80 /opt/devkitpro/libnds/lib/libnds9.a(fifosystem.o)
 .text.fifoInternalSend.part.0
                0x0000000002004168       0xd4 /opt/devkitpro/libnds/lib/libnds9.a(fifosystem.o)
 .text.fifoInternalSendInterrupt
                0x000000000200423c       0xa8 /opt/devkitpro/libnds/lib/libnds9.a(fifosystem.o)
 .text.fifoSetValue32Handler
                0x00000000020042e4       0xd8 /opt/devkitpro/libnds/lib/libnds9.a(fifosystem.o)
                0x00000000020042e4                fifoSetValue32Handler
 .text.fifoSendValue32
                0x00000000020043bc       0x4c /opt/devkitpro/libnds/lib/libnds9.a(fifosystem.o)
                0x00000000020043bc                fifoSendValue32
 .text.fifoGetDatamsg
                0x0000000002004408       0xf4 /opt/devkitpro/libnds/lib/libnds9.a(fifosystem.o)
                0x0000000002004408                fifoGetDatamsg
 .text.fifoInternalRecvInterrupt
                0x00000000020044fc      0x380 /opt/devkitpro/libnds/lib/libnds9.a(fifosystem.o)
 .text.fifoSetDatamsgHandler
                0x000000000200487c       0x9c /opt/devkitpro/libnds/lib/libnds9.a(fifosystem.o)
                0x000000000200487c                fifoSetDatamsgHandler
 .text.fifoInit
                0x0000000002004918       0xf8 /opt/devkitpro/libnds/lib/libnds9.a(fifosystem.o)
                0x0000000002004918                fifoInit
 .text.__libnds_mpu_setup
                0x0000000002004a10      0x174 /opt/devkitpro/libnds/lib/libnds9.a(mpu_setup.o)
                0x0000000002004a10                __libnds_mpu_setup
 .text.memUncached
                0x0000000002004b84       0x20 /opt/devkitpro/libnds/lib/libnds9.a(mpu_setup.o)
                0x0000000002004b84                memUncached
 .text.swiWaitForVBlank
                0x0000000002004ba4        0x8 /opt/devkitpro/libnds/lib/libnds9.a(IntrWait.o)
                0x0000000002004ba4                swiWaitForVBlank
 .text.swiIntrWait
                0x0000000002004bac       0x70 /opt/devkitpro/libnds/lib/libnds9.a(IntrWait.o)
                0x0000000002004bac                swiIntrWait
 .text.setCpuClock
                0x0000000002004c1c       0x50 /opt/devkitpro/libnds/lib/libnds9.a(cpu_clock.o)
                0x0000000002004c1c                setCpuClock
 .text.swiSoftReset
                0x0000000002004c6c       0x2c /opt/devkitpro/libnds/lib/libnds9.a(swiSoftReset.o)
                0x0000000002004c6c                swiSoftReset
 .text.swiDelay
                0x0000000002004c98        0x4 /opt/devkitpro/libnds/lib/libnds9.a(biosCalls.o)
                0x0000000002004c98                swiDelay
 .text.vramDefault
                0x0000000002004c9c       0xd0 /opt/devkitpro/libnds/lib/libnds9.a(video.o)
                0x0000000002004c9c                vramDefault
 .text.systemValueHandler
                0x0000000002004d6c       0x48 /opt/devkitpro/libnds/lib/libnds9.a(system.o)
                0x0000000002004d6c                systemValueHandler
 .text.systemMsgHandler
                0x0000000002004db4       0x60 /opt/devkitpro/libnds/lib/libnds9.a(system.o)
                0x0000000002004db4                systemMsgHandler
 .text.powerOn  0x0000000002004e14       0x2c /opt/devkitpro/libnds/lib/libnds9.a(system.o)
                0x0000000002004e14                powerOn
 .text.atan     0x0000000002004e40      0x334 /opt/devkitpro/devkitARM/bin/../lib/gcc/arm-none-eabi/10.2.0/../../../../arm-none-eabi/lib/thumb/libm.a(lib_a-s_atan.o)
                0x0000000002004e40                atan
 .text.cos      0x0000000002005174       0xa4 /opt/devkitpro/devkitARM/bin/../lib/gcc/arm-none-eabi/10.2.0/../../../../arm-none-eabi/lib/thumb/libm.a(lib_a-s_cos.o)
                0x0000000002005174                cos
 .text.fabs     0x0000000002005218        0x8 /opt/devkitpro/devkitARM/bin/../lib/gcc/arm-none-eabi/10.2.0/../../../../arm-none-eabi/lib/thumb/libm.a(lib_a-s_fabs.o)
                0x0000000002005218                fabs
 .text.sin      0x0000000002005220       0xa8 /opt/devkitpro/devkitARM/bin/../lib/gcc/arm-none-eabi/10.2.0/../../../../arm-none-eabi/lib/thumb/libm.a(lib_a-s_sin.o)
                0x0000000002005220                sin
 .text.atan2    0x00000000020052c8        0xc /opt/devkitpro/devkitARM/bin/../lib/gcc/arm-none-eabi/10.2.0/../../../../arm-none-eabi/lib/thumb/libm.a(lib_a-w_atan2.o)
                0x00000000020052c8                atan2
 .text.sqrt     0x00000000020052d4       0x64 /opt/devkitpro/devkitARM/bin/../lib/gcc/arm-none-eabi/10.2.0/../../../../arm-none-eabi/lib/thumb/libm.a(lib_a-w_sqrt.o)
                0x00000000020052d4                sqrt
 .text.__ieee754_atan2
                0x0000000002005338      0x17c /opt/devkitpro/devkitARM/bin/../lib/gcc/arm-none-eabi/10.2.0/../../../../arm-none-eabi/lib/thumb/libm.a(lib_a-e_atan2.o)
                0x0000000002005338                __ieee754_atan2
 .text.__ieee754_rem_pio2
                0x00000000020054b4      0x420 /opt/devkitpro/devkitARM/bin/../lib/gcc/arm-none-eabi/10.2.0/../../../../arm-none-eabi/lib/thumb/libm.a(lib_a-e_rem_pio2.o)
                0x00000000020054b4                __ieee754_rem_pio2
 .text.__ieee754_sqrt
                0x00000000020058d4      0x1a4 /opt/devkitpro/devkitARM/bin/../lib/gcc/arm-none-eabi/10.2.0/../../../../arm-none-eabi/lib/thumb/libm.a(lib_a-e_sqrt.o)
                0x00000000020058d4                __ieee754_sqrt
 .text.__kernel_cos
                0x0000000002005a78      0x234 /opt/devkitpro/devkitARM/bin/../lib/gcc/arm-none-eabi/10.2.0/../../../../arm-none-eabi/lib/thumb/libm.a(lib_a-k_cos.o)
                0x0000000002005a78                __kernel_cos
 .text.__kernel_rem_pio2
                0x0000000002005cac      0x8d8 /opt/devkitpro/devkitARM/bin/../lib/gcc/arm-none-eabi/10.2.0/../../../../arm-none-eabi/lib/thumb/libm.a(lib_a-k_rem_pio2.o)
                0x0000000002005cac                __kernel_rem_pio2
 .text.__kernel_sin
                0x0000000002006584      0x170 /opt/devkitpro/devkitARM/bin/../lib/gcc/arm-none-eabi/10.2.0/../../../../arm-none-eabi/lib/thumb/libm.a(lib_a-k_sin.o)
                0x0000000002006584                __kernel_sin
 .text.floor    0x00000000020066f4      0x13c /opt/devkitpro/devkitARM/bin/../lib/gcc/arm-none-eabi/10.2.0/../../../../arm-none-eabi/lib/thumb/libm.a(lib_a-s_floor.o)
                0x00000000020066f4                floor
 .text.scalbn   0x0000000002006830       0xfc /opt/devkitpro/devkitARM/bin/../lib/gcc/arm-none-eabi/10.2.0/../../../../arm-none-eabi/lib/thumb/libm.a(lib_a-s_scalbn.o)
                0x0000000002006830                scalbn
 .text.__errno  0x000000000200692c        0xc /opt/devkitpro/devkitARM/bin/../lib/gcc/arm-none-eabi/10.2.0/../../../../arm-none-eabi/lib/thumb/libg.a(lib_a-errno.o)
                0x000000000200692c                __errno
 .text.__libc_init_array
                0x0000000002006938       0x50 /opt/devkitpro/devkitARM/bin/../lib/gcc/arm-none-eabi/10.2.0/../../../../arm-none-eabi/lib/thumb/libg.a(lib_a-init.o)
                0x0000000002006938                __libc_init_array
 .text.memcpy   0x0000000002006988       0xa8 /opt/devkitpro/devkitARM/bin/../lib/gcc/arm-none-eabi/10.2.0/../../../../arm-none-eabi/lib/thumb/libg.a(lib_a-memcpy-stub.o)
                0x0000000002006988                memcpy
 .text.memset   0x0000000002006a30       0xb0 /opt/devkitpro/devkitARM/bin/../lib/gcc/arm-none-eabi/10.2.0/../../../../arm-none-eabi/lib/thumb/libg.a(lib_a-memset.o)
                0x0000000002006a30                memset
 .text.build_argv
                0x0000000002006ae0       0x4c /opt/devkitpro/devkitARM/bin/../lib/gcc/arm-none-eabi/10.2.0/../../../../arm-none-eabi/lib/thumb/libsysbase.a(build_argv.o)
                0x0000000002006ae0                build_argv
 .text.__getreent
                0x0000000002006b2c       0x28 /opt/devkitpro/devkitARM/bin/../lib/gcc/arm-none-eabi/10.2.0/../../../../arm-none-eabi/lib/thumb/libsysbase.a(getreent.o)
                0x0000000002006b2c                __getreent
 *fill*         0x0000000002006b54        0x4 ff
 .text.__getreent.__stub
                0x0000000002006b58      0x100 linker stubs
 *(EXCLUDE_FILE(*.twl*) .gnu.warning)
 *(EXCLUDE_FILE(*.twl*) .gnu.linkonce.t*)
 *(.glue_7)
 .glue_7        0x0000000002006c60        0x0 linker stubs
 *(.glue_7t)
 .glue_7t       0x0000000002006c60        0x0 linker stubs
                0x0000000002006c60                . = ALIGN (0x4)

.vfp11_veneer   0x0000000002006c60        0x0
 .vfp11_veneer  0x0000000002006c60        0x0 linker stubs

.v4_bx          0x0000000002006c60        0x0
 .v4_bx         0x0000000002006c60        0x0 linker stubs

.iplt           0x0000000002006c60        0x0
 .iplt          0x0000000002006c60        0x0 /opt/devkitpro/devkitARM/bin/../lib/gcc/arm-none-eabi/10.2.0/../../../../arm-none-eabi/lib/thumb/ds_arm9_crt0.o

.fini           0x0000000002006c60        0xc
 *(.fini)
 .fini          0x0000000002006c60        0x4 /opt/devkitpro/devkitARM/bin/../lib/gcc/arm-none-eabi/10.2.0/thumb/crti.o
                0x0000000002006c60                _fini
 .fini          0x0000000002006c64        0x8 /opt/devkitpro/devkitARM/bin/../lib/gcc/arm-none-eabi/10.2.0/thumb/crtn.o
                0x0000000002006c6c                __text_end = .

.rodata         0x0000000002006c70    0x27860
 *(EXCLUDE_FILE(*.twl*) .rodata)
 .rodata        0x0000000002006c70     0x2080 backplate.o
                0x0000000002006c70                backplateTiles
                0x0000000002008670                backplateMap
                0x0000000002008c70                backplatePal
 .rodata        0x0000000002008cf0     0x4080 fusee.o
                0x0000000002008cf0                fuseeBitmap
                0x000000000200ccf0                fuseePal
 .rodata        0x000000000200cd70     0x4080 horizon.o
                0x000000000200cd70                horizonBitmap
                0x0000000002010d70                horizonPal
 .rodata        0x0000000002010df0     0x5080 numbers.o
                0x0000000002010df0                numbersTiles
                0x0000000002015df0                numbersPal
 .rodata        0x0000000002015e70     0xc200 splash.o
                0x0000000002015e70                splashBitmap
                0x0000000002021e70                splashPal
 .rodata        0x0000000002022070     0xc200 splash2.o
                0x0000000002022070                splash2Bitmap
                0x000000000202e070                splash2Pal
 .rodata        0x000000000202e270       0x18 game.o
 *all.rodata*(*)
 *(EXCLUDE_FILE(*.twl*) .roda)
 *(EXCLUDE_FILE(*.twl*) .rodata.*)
 .rodata.atanhi
                0x000000000202e288       0x20 /opt/devkitpro/devkitARM/bin/../lib/gcc/arm-none-eabi/10.2.0/../../../../arm-none-eabi/lib/thumb/libm.a(lib_a-s_atan.o)
 .rodata.atanlo
                0x000000000202e2a8       0x20 /opt/devkitpro/devkitARM/bin/../lib/gcc/arm-none-eabi/10.2.0/../../../../arm-none-eabi/lib/thumb/libm.a(lib_a-s_atan.o)
 .rodata.CSWTCH.8
                0x000000000202e2c8       0x18 /opt/devkitpro/devkitARM/bin/../lib/gcc/arm-none-eabi/10.2.0/../../../../arm-none-eabi/lib/thumb/libm.a(lib_a-e_atan2.o)
 .rodata.CSWTCH.9
                0x000000000202e2e0       0x18 /opt/devkitpro/devkitARM/bin/../lib/gcc/arm-none-eabi/10.2.0/../../../../arm-none-eabi/lib/thumb/libm.a(lib_a-e_atan2.o)
 .rodata.npio2_hw
                0x000000000202e2f8       0x80 /opt/devkitpro/devkitARM/bin/../lib/gcc/arm-none-eabi/10.2.0/../../../../arm-none-eabi/lib/thumb/libm.a(lib_a-e_rem_pio2.o)
 .rodata.two_over_pi
                0x000000000202e378      0x108 /opt/devkitpro/devkitARM/bin/../lib/gcc/arm-none-eabi/10.2.0/../../../../arm-none-eabi/lib/thumb/libm.a(lib_a-e_rem_pio2.o)
 .rodata.PIo2   0x000000000202e480       0x40 /opt/devkitpro/devkitARM/bin/../lib/gcc/arm-none-eabi/10.2.0/../../../../arm-none-eabi/lib/thumb/libm.a(lib_a-k_rem_pio2.o)
 .rodata.init_jk
                0x000000000202e4c0       0x10 /opt/devkitpro/devkitARM/bin/../lib/gcc/arm-none-eabi/10.2.0/../../../../arm-none-eabi/lib/thumb/libm.a(lib_a-k_rem_pio2.o)
 *(EXCLUDE_FILE(*.twl*) .gnu.linkonce.r*)
                0x000000000202e4d0                . = ALIGN (0x4)

.ARM.extab
 *(.ARM.extab* .gnu.linkonce.armextab.*)
                0x000000000202e4d0                __exidx_start = .

ARM.exidx
 *(.ARM.exidx* .gnu.linkonce.armexidx.*)
                0x000000000202e4d0                __exidx_end = .
                0x000000000202e4d0                . = ALIGN (0x4)
                0x000000000202e4d0                PROVIDE (__preinit_array_start = .)

.preinit_array
 *(.preinit_array)
                0x000000000202e4d0                PROVIDE (__preinit_array_end = .)
                0x000000000202e4d0                PROVIDE (__init_array_start = .)

.init_array     0x000000000202e4d0        0x4
 *(SORT_BY_NAME(.init_array.*))
 *(.init_array)
 .init_array    0x000000000202e4d0        0x4 /opt/devkitpro/devkitARM/bin/../lib/gcc/arm-none-eabi/10.2.0/thumb/crtbegin.o
                0x000000000202e4d4                PROVIDE (__init_array_end = .)
                [!provide]                        PROVIDE (__fini_array_start = .)

.fini_array     0x000000000202e4d4        0x4
 *(.fini_array)
 .fini_array    0x000000000202e4d4        0x4 /opt/devkitpro/devkitARM/bin/../lib/gcc/arm-none-eabi/10.2.0/thumb/crtbegin.o
 *(SORT_BY_NAME(.fini_array.*))
                [!provide]                        PROVIDE (__fini_array_end = .)

.ctors          0x000000000202e4d8        0x0
 *crtbegin.o(.ctors)
 *(EXCLUDE_FILE(*crtend.o) .ctors)
 *(SORT_BY_NAME(.ctors.*))
 *(.ctors)
                0x000000000202e4d8                . = ALIGN (0x4)

.dtors          0x000000000202e4d8        0x0
 *crtbegin.o(.dtors)
 *(EXCLUDE_FILE(*crtend.o) .dtors)
 *(SORT_BY_NAME(.dtors.*))
 *(.dtors)
                0x000000000202e4d8                . = ALIGN (0x4)

.eh_frame       0x000000000202e4d8        0x4
 *(.eh_frame)
 .eh_frame      0x000000000202e4d8        0x0 /opt/devkitpro/devkitARM/bin/../lib/gcc/arm-none-eabi/10.2.0/thumb/crtbegin.o
 .eh_frame      0x000000000202e4d8        0x4 /opt/devkitpro/devkitARM/bin/../lib/gcc/arm-none-eabi/10.2.0/thumb/crtend.o
                0x000000000202e4dc                . = ALIGN (0x4)

.rel.dyn        0x000000000202e4dc        0x0
 .rel.iplt      0x000000000202e4dc        0x0 /opt/devkitpro/devkitARM/bin/../lib/gcc/arm-none-eabi/10.2.0/../../../../arm-none-eabi/lib/thumb/ds_arm9_crt0.o

.gcc_except_table
                0x000000000202e4dc        0x0
 *(.gcc_except_table)
                0x000000000202e4dc                . = ALIGN (0x4)

.jcr
 *(.jcr)

.got
 *(.got.plt)
 *(.got)
 *(.rel.got)

.ewram          0x000000000202e4dc        0x0
                0x000000000202e4dc                __ewram_start = ABSOLUTE (.)
 *(.ewram)
 *ewram.*(.text)
                0x000000000202e4dc                . = ALIGN (0x4)

.data           0x000000000202e4dc      0x4a4
                0x000000000202e4dc                __data_start = ABSOLUTE (.)
 *(EXCLUDE_FILE(*.twl*) .data)
 .data          0x000000000202e4dc       0x28 /opt/devkitpro/libnds/lib/libnds9.a(mpu_setup.o)
 *(EXCLUDE_FILE(*.twl*) .data.*)
 .data.count    0x000000000202e504        0x1 /opt/devkitpro/libnds/lib/libnds9.a(keys.o)
 .data.delay    0x000000000202e505        0x1 /opt/devkitpro/libnds/lib/libnds9.a(keys.o)
 .data.repeat   0x000000000202e506        0x1 /opt/devkitpro/libnds/lib/libnds9.a(keys.o)
 *fill*         0x000000000202e507        0x1 ff
 .data.fifo_buffer_free
                0x000000000202e508        0x4 /opt/devkitpro/libnds/lib/libnds9.a(fifosystem.o)
                0x000000000202e508                fifo_buffer_free
 .data.fifo_freewords
                0x000000000202e50c        0x4 /opt/devkitpro/libnds/lib/libnds9.a(fifosystem.o)
                0x000000000202e50c                fifo_freewords
 .data.fifo_receive_queue
                0x000000000202e510        0x4 /opt/devkitpro/libnds/lib/libnds9.a(fifosystem.o)
                0x000000000202e510                fifo_receive_queue
 .data.fifo_send_queue
                0x000000000202e514        0x4 /opt/devkitpro/libnds/lib/libnds9.a(fifosystem.o)
                0x000000000202e514                fifo_send_queue
 .data.__fdlib_version
                0x000000000202e518        0x1 /opt/devkitpro/devkitARM/bin/../lib/gcc/arm-none-eabi/10.2.0/../../../../arm-none-eabi/lib/thumb/libm.a(lib_a-s_lib_ver.o)
                0x000000000202e518                __fdlib_version
 *fill*         0x000000000202e519        0x3 ff
 .data._impure_ptr
                0x000000000202e51c        0x4 /opt/devkitpro/devkitARM/bin/../lib/gcc/arm-none-eabi/10.2.0/../../../../arm-none-eabi/lib/thumb/libg.a(lib_a-impure.o)
                0x000000000202e51c                _impure_ptr
 .data.impure_data
                0x000000000202e520      0x460 /opt/devkitpro/devkitARM/bin/../lib/gcc/arm-none-eabi/10.2.0/../../../../arm-none-eabi/lib/thumb/libg.a(lib_a-impure.o)
 *(EXCLUDE_FILE(*.twl*) .gnu.linkonce.d*)
                0x000000000202e980                . = ALIGN (0x4)
                0x000000000202e980                __data_end = ABSOLUTE (.)
                0x000000000202e980                __bss_vma = .

.igot.plt       0x000000000202e980        0x0
 .igot.plt      0x000000000202e980        0x0 /opt/devkitpro/devkitARM/bin/../lib/gcc/arm-none-eabi/10.2.0/../../../../arm-none-eabi/lib/thumb/ds_arm9_crt0.o

.dtcm           0x0000000002ff0000        0x0 load address 0x000000000202e980
                0x000000000202e980                __dtcm_lma = LOADADDR (.dtcm)
                0x0000000002ff0000                __dtcm_start = ABSOLUTE (.)
 *(.dtcm)
 *(.dtcm.*)
                0x0000000002ff0000                . = ALIGN (0x4)
                0x0000000002ff0000                __dtcm_end = ABSOLUTE (.)

.itcm           0x0000000001000100      0x194 load address 0x000000000202e980
                0x000000000202e980                __itcm_lma = LOADADDR (.itcm)
                0x0000000001000100                __itcm_start = ABSOLUTE (.)
 *(.itcm)
 .itcm          0x0000000001000100       0xc8 /opt/devkitpro/libnds/lib/libnds9.a(interrupts.o)
                0x0000000001000100                irqTable
 .itcm          0x00000000010001c8       0xcc /opt/devkitpro/libnds/lib/libnds9.a(interruptDispatcher.o)
                0x00000000010001c8                IntrMain
 *.itcm*(.text .stub .text.*)
                0x0000000001000294                . = ALIGN (0x4)
                0x0000000001000294                __itcm_end = ABSOLUTE (.)

.vectors        0x0000000001000000        0x0 load address 0x000000000202eb14
                0x000000000202eb14                __vectors_lma = LOADADDR (.vectors)
                0x0000000001000000                __vectors_start = ABSOLUTE (.)
 *(.vectors .vectors.*)
                0x0000000001000000                . = ALIGN (0x4)
                0x0000000001000000                __vectors_end = ABSOLUTE (.)

.sbss           0x0000000002ff0000        0x0
                0x0000000002ff0000                __sbss_start = ABSOLUTE (.)
                0x0000000002ff0000                __sbss_start__ = ABSOLUTE (.)
 *(.sbss)
                0x0000000002ff0000                . = ALIGN (0x4)
                0x0000000002ff0000                __sbss_end = ABSOLUTE (.)

.bss            0x000000000202e980      0xae8
                0x000000000202e980                __bss_start = ABSOLUTE (.)
                0x000000000202e980                __bss_start__ = ABSOLUTE (.)
 *(EXCLUDE_FILE(*.twl*) .dynbss)
 *(EXCLUDE_FILE(*.twl*) .gnu.linkonce.b*)
 *(EXCLUDE_FILE(*.twl*) .bss*)
 .bss.completed.1
                0x000000000202e980        0x1 /opt/devkitpro/devkitARM/bin/../lib/gcc/arm-none-eabi/10.2.0/thumb/crtbegin.o
 *fill*         0x000000000202e981        0x3 
 .bss.object.0  0x000000000202e984       0x18 /opt/devkitpro/devkitARM/bin/../lib/gcc/arm-none-eabi/10.2.0/thumb/crtbegin.o
 .bss           0x000000000202e99c        0x4 graphics_main.o
 .bss           0x000000000202e9a0        0x8 graphics_sub.o
 .bss           0x000000000202e9a8       0x1c main.o
 .bss.keys      0x000000000202e9c4        0x2 /opt/devkitpro/libnds/lib/libnds9.a(keys.o)
 .bss.keysold   0x000000000202e9c6        0x2 /opt/devkitpro/libnds/lib/libnds9.a(keys.o)
 .bss.keysrepeat
                0x000000000202e9c8        0x2 /opt/devkitpro/libnds/lib/libnds9.a(keys.o)
 .bss.__dsimode
                0x000000000202e9ca        0x1 /opt/devkitpro/libnds/lib/libnds9.a(initSystem.o)
                0x000000000202e9ca                __dsimode
 *fill*         0x000000000202e9cb        0x1 
 .bss.punixTime
                0x000000000202e9cc        0x4 /opt/devkitpro/libnds/lib/libnds9.a(timeSupport.o)
                0x000000000202e9cc                punixTime
 .bss.fifo_address_data
                0x000000000202e9d0       0x40 /opt/devkitpro/libnds/lib/libnds9.a(fifosystem.o)
                0x000000000202e9d0                fifo_address_data
 .bss.fifo_address_func
                0x000000000202ea10       0x40 /opt/devkitpro/libnds/lib/libnds9.a(fifosystem.o)
                0x000000000202ea10                fifo_address_func
 .bss.fifo_address_queue
                0x000000000202ea50       0x40 /opt/devkitpro/libnds/lib/libnds9.a(fifosystem.o)
                0x000000000202ea50                fifo_address_queue
 .bss.fifo_buffer
                0x000000000202ea90      0x800 /opt/devkitpro/libnds/lib/libnds9.a(fifosystem.o)
                0x000000000202ea90                fifo_buffer
 .bss.fifo_data_queue
                0x000000000202f290       0x40 /opt/devkitpro/libnds/lib/libnds9.a(fifosystem.o)
                0x000000000202f290                fifo_data_queue
 .bss.fifo_datamsg_data
                0x000000000202f2d0       0x40 /opt/devkitpro/libnds/lib/libnds9.a(fifosystem.o)
                0x000000000202f2d0                fifo_datamsg_data
 .bss.fifo_datamsg_func
                0x000000000202f310       0x40 /opt/devkitpro/libnds/lib/libnds9.a(fifosystem.o)
                0x000000000202f310                fifo_datamsg_func
 .bss.fifo_value32_data
                0x000000000202f350       0x40 /opt/devkitpro/libnds/lib/libnds9.a(fifosystem.o)
                0x000000000202f350                fifo_value32_data
 .bss.fifo_value32_func
                0x000000000202f390       0x40 /opt/devkitpro/libnds/lib/libnds9.a(fifosystem.o)
                0x000000000202f390                fifo_value32_func
 .bss.fifo_value32_queue
                0x000000000202f3d0       0x40 /opt/devkitpro/libnds/lib/libnds9.a(fifosystem.o)
                0x000000000202f3d0                fifo_value32_queue
 .bss.processing
                0x000000000202f410        0x4 /opt/devkitpro/libnds/lib/libnds9.a(fifosystem.o)
                0x000000000202f410                processing
 .bss.SDcallback
                0x000000000202f414        0x4 /opt/devkitpro/libnds/lib/libnds9.a(system.o)
 .bss.fake_heap_end
                0x000000000202f418        0x4 /opt/devkitpro/devkitARM/bin/../lib/gcc/arm-none-eabi/10.2.0/../../../../arm-none-eabi/lib/thumb/libsysbase.a(malloc_vars.o)
                0x000000000202f418                fake_heap_end
 .bss.fake_heap_start
                0x000000000202f41c        0x4 /opt/devkitpro/devkitARM/bin/../lib/gcc/arm-none-eabi/10.2.0/../../../../arm-none-eabi/lib/thumb/libsysbase.a(malloc_vars.o)
                0x000000000202f41c                fake_heap_start
 .bss.__syscalls
                0x000000000202f420       0x48 /opt/devkitpro/devkitARM/bin/../lib/gcc/arm-none-eabi/10.2.0/../../../../arm-none-eabi/lib/thumb/libsysbase.a(syscall_support.o)
                0x000000000202f420                __syscalls
 *(EXCLUDE_FILE(*.twl*) COMMON)
                0x000000000202f468                . = ALIGN (0x4)
                0x000000000202f468                __bss_end__ = ABSOLUTE (.)
                0x000000000202f468                __end__ = ABSOLUTE (.)

.twl            0x000000000202f468        0x0 load address 0x0000000002400000
                0x0000000002400000                __arm9i_lma__ = LOADADDR (.twl)
                0x000000000202f468                __arm9i_start__ = ABSOLUTE (.)
 *(.twl)
 *.twl*(.text .stub .text.* .gnu.linkonce.t.*)
 *.twl*(.rodata)
 *.twl*(.roda)
 *.twl*(.rodata.*)
 *.twl*(.data)
 *.twl*(.data.*)
 *.twl*(.gnu.linkonce.d*)
                0x000000000202f468                __arm9i_end__ = ABSOLUTE (.)

.twl_bss        0x000000000202f468        0x0
                0x000000000202f468                __twl_bss_start__ = ABSOLUTE (.)
 *(.twl_bss)
 *.twl*(.dynbss)
 *.twl*(.gnu.linkonce.b*)
 *.twl*(.bss*)
 *.twl*(COMMON)
                0x000000000202f468                . = ALIGN (0x4)
                0x000000000202f468                __twl_bss_end__ = ABSOLUTE (.)
                0x000000000202f468                __twl_end__ = ABSOLUTE (.)

.stab
 *(.stab)

.stabstr
 *(.stabstr)

.stab.excl
 *(.stab.excl)

.stab.exclstr
 *(.stab.exclstr)

.stab.index
 *(.stab.index)

.stab.indexstr
 *(.stab.indexstr)

.comment        0x0000000000000000       0x23
 *(.comment)
 .comment       0x0000000000000000       0x23 /opt/devkitpro/devkitARM/bin/../lib/gcc/arm-none-eabi/10.2.0/thumb/crtbegin.o
                                         0x24 (size before relaxing)
 .comment       0x0000000000000023       0x24 game.o
 .comment       0x0000000000000023       0x24 graphics_main.o
 .comment       0x0000000000000023       0x24 graphics_sub.o
 .comment       0x0000000000000023       0x24 input.o
 .comment       0x0000000000000023       0x24 main.o
 .comment       0x0000000000000023       0x24 physics.o
 .comment       0x0000000000000023       0x24 /opt/devkitpro/libnds/lib/libnds9.a(touch.o)
 .comment       0x0000000000000023       0x24 /opt/devkitpro/libnds/lib/libnds9.a(keys.o)
 .comment       0x0000000000000023       0x24 /opt/devkitpro/libnds/lib/libnds9.a(initSystem.o)
 .comment       0x0000000000000023       0x24 /opt/devkitpro/libnds/lib/libnds9.a(timeSupport.o)
 .comment       0x0000000000000023       0x24 /opt/devkitpro/libnds/lib/libnds9.a(securearea.o)
 .comment       0x0000000000000023       0x24 /opt/devkitpro/libnds/lib/libnds9.a(interrupts.o)
 .comment       0x0000000000000023       0x24 /opt/devkitpro/libnds/lib/libnds9.a(libnds_exit.arm.o)
 .comment       0x0000000000000023       0x24 /opt/devkitpro/libnds/lib/libnds9.a(fifosystem.o)
 .comment       0x0000000000000023       0x24 /opt/devkitpro/libnds/lib/libnds9.a(video.o)
 .comment       0x0000000000000023       0x24 /opt/devkitpro/libnds/lib/libnds9.a(system.o)
 .comment       0x0000000000000023       0x24 /opt/devkitpro/devkitARM/bin/../lib/gcc/arm-none-eabi/10.2.0/../../../../arm-none-eabi/lib/thumb/libm.a(lib_a-s_atan.o)
 .comment       0x0000000000000023       0x24 /opt/devkitpro/devkitARM/bin/../lib/gcc/arm-none-eabi/10.2.0/../../../../arm-none-eabi/lib/thumb/libm.a(lib_a-s_cos.o)
 .comment       0x0000000000000023       0x24 /opt/devkitpro/devkitARM/bin/../lib/gcc/arm-none-eabi/10.2.0/../../../../arm-none-eabi/lib/thumb/libm.a(lib_a-s_fabs.o)
 .comment       0x0000000000000023       0x24 /opt/devkitpro/devkitARM/bin/../lib/gcc/arm-none-eabi/10.2.0/../../../../arm-none-eabi/lib/thumb/libm.a(lib_a-s_sin.o)
 .comment       0x0000000000000023       0x24 /opt/devkitpro/devkitARM/bin/../lib/gcc/arm-none-eabi/10.2.0/../../../../arm-none-eabi/lib/thumb/libm.a(lib_a-w_atan2.o)
 .comment       0x0000000000000023       0x24 /opt/devkitpro/devkitARM/bin/../lib/gcc/arm-none-eabi/10.2.0/../../../../arm-none-eabi/lib/thumb/libm.a(lib_a-w_sqrt.o)
 .comment       0x0000000000000023       0x24 /opt/devkitpro/devkitARM/bin/../lib/gcc/arm-none-eabi/10.2.0/../../../../arm-none-eabi/lib/thumb/libm.a(lib_a-e_atan2.o)
 .comment       0x0000000000000023       0x24 /opt/devkitpro/devkitARM/bin/../lib/gcc/arm-none-eabi/10.2.0/../../../../arm-none-eabi/lib/thumb/libm.a(lib_a-e_rem_pio2.o)
 .comment       0x0000000000000023       0x24 /opt/devkitpro/devkitARM/bin/../lib/gcc/arm-none-eabi/10.2.0/../../../../arm-none-eabi/lib/thumb/libm.a(lib_a-e_sqrt.o)
 .comment       0x0000000000000023       0x24 /opt/devkitpro/devkitARM/bin/../lib/gcc/arm-none-eabi/10.2.0/../../../../arm-none-eabi/lib/thumb/libm.a(lib_a-k_cos.o)
 .comment       0x0000000000000023       0x24 /opt/devkitpro/devkitARM/bin/../lib/gcc/arm-none-eabi/10.2.0/../../../../arm-none-eabi/lib/thumb/libm.a(lib_a-k_rem_pio2.o)
 .comment       0x0000000000000023       0x24 /opt/devkitpro/devkitARM/bin/../lib/gcc/arm-none-eabi/10.2.0/../../../../arm-none-eabi/lib/thumb/libm.a(lib_a-k_sin.o)
 .comment       0x0000000000000023       0x24 /opt/devkitpro/devkitARM/bin/../lib/gcc/arm-none-eabi/10.2.0/../../../../arm-none-eabi/lib/thumb/libm.a(lib_a-s_floor.o)
 .comment       0x0000000000000023       0x24 /opt/devkitpro/devkitARM/bin/../lib/gcc/arm-none-eabi/10.2.0/../../../../arm-none-eabi/lib/thumb/libm.a(lib_a-s_lib_ver.o)
 .comment       0x0000000000000023       0x24 /opt/devkitpro/devkitARM/bin/../lib/gcc/arm-none-eabi/10.2.0/../../../../arm-none-eabi/lib/thumb/libm.a(lib_a-s_scalbn.o)
 .comment       0x0000000000000023       0x24 /opt/devkitpro/devkitARM/bin/../lib/gcc/arm-none-eabi/10.2.0/../../../../arm-none-eabi/lib/thumb/libg.a(lib_a-errno.o)
 .comment       0x0000000000000023       0x24 /opt/devkitpro/devkitARM/bin/../lib/gcc/arm-none-eabi/10.2.0/../../../../arm-none-eabi/lib/thumb/libg.a(lib_a-init.o)
 .comment       0x0000000000000023       0x24 /opt/devkitpro/devkitARM/bin/../lib/gcc/arm-none-eabi/10.2.0/../../../../arm-none-eabi/lib/thumb/libg.a(lib_a-memcpy-stub.o)
 .comment       0x0000000000000023       0x24 /opt/devkitpro/devkitARM/bin/../lib/gcc/arm-none-eabi/10.2.0/../../../../arm-none-eabi/lib/thumb/libg.a(lib_a-memset.o)
 .comment       0x0000000000000023       0x24 /opt/devkitpro/devkitARM/bin/../lib/gcc/arm-none-eabi/10.2.0/../../../../arm-none-eabi/lib/thumb/libsysbase.a(malloc_vars.o)
 .comment       0x0000000000000023       0x24 /opt/devkitpro/devkitARM/bin/../lib/gcc/arm-none-eabi/10.2.0/../../../../arm-none-eabi/lib/thumb/libsysbase.a(build_argv.o)
 .comment       0x0000000000000023       0x24 /opt/devkitpro/devkitARM/bin/../lib/gcc/arm-none-eabi/10.2.0/../../../../arm-none-eabi/lib/thumb/libsysbase.a(syscall_support.o)
 .comment       0x0000000000000023       0x24 /opt/devkitpro/devkitARM/bin/../lib/gcc/arm-none-eabi/10.2.0/../../../../arm-none-eabi/lib/thumb/libsysbase.a(getreent.o)
 .comment       0x0000000000000023       0x24 /opt/devkitpro/devkitARM/bin/../lib/gcc/arm-none-eabi/10.2.0/../../../../arm-none-eabi/lib/thumb/libg.a(lib_a-impure.o)
 .comment       0x0000000000000023       0x24 /opt/devkitpro/devkitARM/bin/../lib/gcc/arm-none-eabi/10.2.0/thumb/crtend.o

.ARM.attributes
                0x0000000000000000       0x2d
 .ARM.attributes
                0x0000000000000000       0x21 /opt/devkitpro/devkitARM/bin/../lib/gcc/arm-none-eabi/10.2.0/../../../../arm-none-eabi/lib/thumb/ds_arm9_crt0.o
 .ARM.attributes
                0x0000000000000021       0x1c /opt/devkitpro/devkitARM/bin/../lib/gcc/arm-none-eabi/10.2.0/thumb/crti.o
 .ARM.attributes
                0x000000000000003d       0x2a /opt/devkitpro/devkitARM/bin/../lib/gcc/arm-none-eabi/10.2.0/thumb/crtbegin.o
 .ARM.attributes
                0x0000000000000067       0x1a backplate.o
 .ARM.attributes
                0x0000000000000081       0x1a fusee.o
 .ARM.attributes
                0x000000000000009b       0x1a horizon.o
 .ARM.attributes
                0x00000000000000b5       0x1a numbers.o
 .ARM.attributes
                0x00000000000000cf       0x1a splash.o
 .ARM.attributes
                0x00000000000000e9       0x1a splash2.o
 .ARM.attributes
                0x0000000000000103       0x27 game.o
 .ARM.attributes
                0x000000000000012a       0x27 graphics_main.o
 .ARM.attributes
                0x0000000000000151       0x27 graphics_sub.o
 .ARM.attributes
                0x0000000000000178       0x27 input.o
 .ARM.attributes
                0x000000000000019f       0x27 main.o
 .ARM.attributes
                0x00000000000001c6       0x27 physics.o
 .ARM.attributes
                0x00000000000001ed       0x2b /opt/devkitpro/libnds/lib/libnds9.a(touch.o)
 .ARM.attributes
                0x0000000000000218       0x2b /opt/devkitpro/libnds/lib/libnds9.a(keys.o)
 .ARM.attributes
                0x0000000000000243       0x2b /opt/devkitpro/libnds/lib/libnds9.a(initSystem.o)
 .ARM.attributes
                0x000000000000026e       0x2b /opt/devkitpro/libnds/lib/libnds9.a(timeSupport.o)
 .ARM.attributes
                0x0000000000000299       0x2b /opt/devkitpro/libnds/lib/libnds9.a(securearea.o)
 .ARM.attributes
                0x00000000000002c4       0x2b /opt/devkitpro/libnds/lib/libnds9.a(interrupts.o)
 .ARM.attributes
                0x00000000000002ef       0x2b /opt/devkitpro/libnds/lib/libnds9.a(libnds_exit.arm.o)
 .ARM.attributes
                0x000000000000031a       0x2b /opt/devkitpro/libnds/lib/libnds9.a(fifosystem.o)
 .ARM.attributes
                0x0000000000000345       0x21 /opt/devkitpro/libnds/lib/libnds9.a(mpu_setup.o)
 .ARM.attributes
                0x0000000000000366       0x21 /opt/devkitpro/libnds/lib/libnds9.a(IntrWait.o)
 .ARM.attributes
                0x0000000000000387       0x21 /opt/devkitpro/libnds/lib/libnds9.a(cpu_clock.o)
 .ARM.attributes
                0x00000000000003a8       0x1b /opt/devkitpro/libnds/lib/libnds9.a(interruptDispatcher.o)
 .ARM.attributes
                0x00000000000003c3       0x21 /opt/devkitpro/libnds/lib/libnds9.a(swiSoftReset.o)
 .ARM.attributes
                0x00000000000003e4       0x1b /opt/devkitpro/libnds/lib/libnds9.a(biosCalls.o)
 .ARM.attributes
                0x00000000000003ff       0x2b /opt/devkitpro/libnds/lib/libnds9.a(video.o)
 .ARM.attributes
                0x000000000000042a       0x2b /opt/devkitpro/libnds/lib/libnds9.a(system.o)
 .ARM.attributes
                0x0000000000000455       0x2a /opt/devkitpro/devkitARM/bin/../lib/gcc/arm-none-eabi/10.2.0/../../../../arm-none-eabi/lib/thumb/libm.a(lib_a-s_atan.o)
 .ARM.attributes
                0x000000000000047f       0x2a /opt/devkitpro/devkitARM/bin/../lib/gcc/arm-none-eabi/10.2.0/../../../../arm-none-eabi/lib/thumb/libm.a(lib_a-s_cos.o)
 .ARM.attributes
                0x00000000000004a9       0x2a /opt/devkitpro/devkitARM/bin/../lib/gcc/arm-none-eabi/10.2.0/../../../../arm-none-eabi/lib/thumb/libm.a(lib_a-s_fabs.o)
 .ARM.attributes
                0x00000000000004d3       0x2a /opt/devkitpro/devkitARM/bin/../lib/gcc/arm-none-eabi/10.2.0/../../../../arm-none-eabi/lib/thumb/libm.a(lib_a-s_sin.o)
 .ARM.attributes
                0x00000000000004fd       0x2a /opt/devkitpro/devkitARM/bin/../lib/gcc/arm-none-eabi/10.2.0/../../../../arm-none-eabi/lib/thumb/libm.a(lib_a-w_atan2.o)
 .ARM.attributes
                0x0000000000000527       0x2a /opt/devkitpro/devkitARM/bin/../lib/gcc/arm-none-eabi/10.2.0/../../../../arm-none-eabi/lib/thumb/libm.a(lib_a-w_sqrt.o)
 .ARM.attributes
                0x0000000000000551       0x2a /opt/devkitpro/devkitARM/bin/../lib/gcc/arm-none-eabi/10.2.0/../../../../arm-none-eabi/lib/thumb/libm.a(lib_a-e_atan2.o)
 .ARM.attributes
                0x000000000000057b       0x2a /opt/devkitpro/devkitARM/bin/../lib/gcc/arm-none-eabi/10.2.0/../../../../arm-none-eabi/lib/thumb/libm.a(lib_a-e_rem_pio2.o)
 .ARM.attributes
                0x00000000000005a5       0x2a /opt/devkitpro/devkitARM/bin/../lib/gcc/arm-none-eabi/10.2.0/../../../../arm-none-eabi/lib/thumb/libm.a(lib_a-e_sqrt.o)
 .ARM.attributes
                0x00000000000005cf       0x2a /opt/devkitpro/devkitARM/bin/../lib/gcc/arm-none-eabi/10.2.0/../../../../arm-none-eabi/lib/thumb/libm.a(lib_a-k_cos.o)
 .ARM.attributes
                0x00000000000005f9       0x2a /opt/devkitpro/devkitARM/bin/../lib/gcc/arm-none-eabi/10.2.0/../../../../arm-none-eabi/lib/thumb/libm.a(lib_a-k_rem_pio2.o)
 .ARM.attributes
                0x0000000000000623       0x2a /opt/devkitpro/devkitARM/bin/../lib/gcc/arm-none-eabi/10.2.0/../../../../arm-none-eabi/lib/thumb/libm.a(lib_a-k_sin.o)
 .ARM.attributes
                0x000000000000064d       0x2a /opt/devkitpro/devkitARM/bin/../lib/gcc/arm-none-eabi/10.2.0/../../../../arm-none-eabi/lib/thumb/libm.a(lib_a-s_floor.o)
 .ARM.attributes
                0x0000000000000677       0x30 /opt/devkitpro/devkitARM/bin/../lib/gcc/arm-none-eabi/10.2.0/../../../../arm-none-eabi/lib/thumb/libm.a(lib_a-s_lib_ver.o)
 .ARM.attributes
                0x00000000000006a7       0x2a /opt/devkitpro/devkitARM/bin/../lib/gcc/arm-none-eabi/10.2.0/../../../../arm-none-eabi/lib/thumb/libm.a(lib_a-s_scalbn.o)
 .ARM.attributes
                0x00000000000006d1       0x1c /opt/devkitpro/devkitARM/bin/../lib/gcc/arm-none-eabi/10.2.0/thumb/libgcc.a(_udivsi3.o)
 .ARM.attributes
                0x00000000000006ed       0x1c /opt/devkitpro/devkitARM/bin/../lib/gcc/arm-none-eabi/10.2.0/thumb/libgcc.a(_divsi3.o)
 .ARM.attributes
                0x0000000000000709       0x1c /opt/devkitpro/devkitARM/bin/../lib/gcc/arm-none-eabi/10.2.0/thumb/libgcc.a(_dvmd_tls.o)
 .ARM.attributes
                0x0000000000000725       0x1c /opt/devkitpro/devkitARM/bin/../lib/gcc/arm-none-eabi/10.2.0/thumb/libgcc.a(_arm_addsubdf3.o)
 .ARM.attributes
                0x0000000000000741       0x1c /opt/devkitpro/devkitARM/bin/../lib/gcc/arm-none-eabi/10.2.0/thumb/libgcc.a(_arm_muldivdf3.o)
 .ARM.attributes
                0x000000000000075d       0x1c /opt/devkitpro/devkitARM/bin/../lib/gcc/arm-none-eabi/10.2.0/thumb/libgcc.a(_arm_cmpdf2.o)
 .ARM.attributes
                0x0000000000000779       0x1c /opt/devkitpro/devkitARM/bin/../lib/gcc/arm-none-eabi/10.2.0/thumb/libgcc.a(_arm_unorddf2.o)
 .ARM.attributes
                0x0000000000000795       0x1c /opt/devkitpro/devkitARM/bin/../lib/gcc/arm-none-eabi/10.2.0/thumb/libgcc.a(_arm_fixdfsi.o)
 .ARM.attributes
                0x00000000000007b1       0x1c /opt/devkitpro/devkitARM/bin/../lib/gcc/arm-none-eabi/10.2.0/thumb/libgcc.a(_arm_fixunsdfsi.o)
 .ARM.attributes
                0x00000000000007cd       0x1c /opt/devkitpro/devkitARM/bin/../lib/gcc/arm-none-eabi/10.2.0/thumb/libgcc.a(_arm_truncdfsf2.o)
 .ARM.attributes
                0x00000000000007e9       0x1c /opt/devkitpro/devkitARM/bin/../lib/gcc/arm-none-eabi/10.2.0/thumb/libgcc.a(_arm_addsubsf3.o)
 .ARM.attributes
                0x0000000000000805       0x1c /opt/devkitpro/devkitARM/bin/../lib/gcc/arm-none-eabi/10.2.0/thumb/libgcc.a(_arm_muldivsf3.o)
 .ARM.attributes
                0x0000000000000821       0x1c /opt/devkitpro/devkitARM/bin/../lib/gcc/arm-none-eabi/10.2.0/thumb/libgcc.a(_arm_fixsfsi.o)
 .ARM.attributes
                0x000000000000083d       0x2a /opt/devkitpro/devkitARM/bin/../lib/gcc/arm-none-eabi/10.2.0/../../../../arm-none-eabi/lib/thumb/libg.a(lib_a-errno.o)
 .ARM.attributes
                0x0000000000000867       0x2a /opt/devkitpro/devkitARM/bin/../lib/gcc/arm-none-eabi/10.2.0/../../../../arm-none-eabi/lib/thumb/libg.a(lib_a-init.o)
 .ARM.attributes
                0x0000000000000891       0x2a /opt/devkitpro/devkitARM/bin/../lib/gcc/arm-none-eabi/10.2.0/../../../../arm-none-eabi/lib/thumb/libg.a(lib_a-memcpy-stub.o)
 .ARM.attributes
                0x00000000000008bb       0x2a /opt/devkitpro/devkitARM/bin/../lib/gcc/arm-none-eabi/10.2.0/../../../../arm-none-eabi/lib/thumb/libg.a(lib_a-memset.o)
 .ARM.attributes
                0x00000000000008e5       0x30 /opt/devkitpro/devkitARM/bin/../lib/gcc/arm-none-eabi/10.2.0/../../../../arm-none-eabi/lib/thumb/libsysbase.a(malloc_vars.o)
 .ARM.attributes
                0x0000000000000915       0x2a /opt/devkitpro/devkitARM/bin/../lib/gcc/arm-none-eabi/10.2.0/../../../../arm-none-eabi/lib/thumb/libsysbase.a(build_argv.o)
 .ARM.attributes
                0x000000000000093f       0x2a /opt/devkitpro/devkitARM/bin/../lib/gcc/arm-none-eabi/10.2.0/../../../../arm-none-eabi/lib/thumb/libsysbase.a(syscall_support.o)
 .ARM.attributes
                0x0000000000000969       0x2a /opt/devkitpro/devkitARM/bin/../lib/gcc/arm-none-eabi/10.2.0/../../../../arm-none-eabi/lib/thumb/libsysbase.a(getreent.o)
 .ARM.attributes
                0x0000000000000993       0x30 /opt/devkitpro/devkitARM/bin/../lib/gcc/arm-none-eabi/10.2.0/../../../../arm-none-eabi/lib/thumb/libg.a(lib_a-impure.o)
 .ARM.attributes
                0x00000000000009c3       0x30 /opt/devkitpro/devkitARM/bin/../lib/gcc/arm-none-eabi/10.2.0/thumb/crtend.o
 .ARM.attributes
                0x00000000000009f3       0x1c /opt/devkitpro/devkitARM/bin/../lib/gcc/arm-none-eabi/10.2.0/thumb/crtn.o

.debug
 *(.debug)

.line
 *(.line)

.debug_srcinfo
 *(.debug_srcinfo)

.debug_sfnames
 *(.debug_sfnames)

.debug_aranges  0x0000000000000000      0x4e8
 *(.debug_aranges)
 .debug_aranges
                0x0000000000000000       0x20 game.o
 .debug_aranges
                0x0000000000000020       0x20 graphics_main.o
 .debug_aranges
                0x0000000000000040       0x20 graphics_sub.o
 .debug_aranges
                0x0000000000000060       0x20 input.o
 .debug_aranges
                0x0000000000000080       0x20 main.o
 .debug_aranges
                0x00000000000000a0       0x20 physics.o
 .debug_aranges
                0x00000000000000c0       0x28 /opt/devkitpro/libnds/lib/libnds9.a(touch.o)
 .debug_aranges
                0x00000000000000e8       0x50 /opt/devkitpro/libnds/lib/libnds9.a(keys.o)
 .debug_aranges
                0x0000000000000138       0x20 /opt/devkitpro/libnds/lib/libnds9.a(initSystem.o)
 .debug_aranges
                0x0000000000000158       0x20 /opt/devkitpro/libnds/lib/libnds9.a(timeSupport.o)
 .debug_aranges
                0x0000000000000178       0x18 /opt/devkitpro/libnds/lib/libnds9.a(securearea.o)
 .debug_aranges
                0x0000000000000190       0x50 /opt/devkitpro/libnds/lib/libnds9.a(interrupts.o)
 .debug_aranges
                0x00000000000001e0       0x28 /opt/devkitpro/libnds/lib/libnds9.a(libnds_exit.arm.o)
 .debug_aranges
                0x0000000000000208       0xb0 /opt/devkitpro/libnds/lib/libnds9.a(fifosystem.o)
 .debug_aranges
                0x00000000000002b8       0x30 /opt/devkitpro/libnds/lib/libnds9.a(mpu_setup.o)
 .debug_aranges
                0x00000000000002e8       0x28 /opt/devkitpro/libnds/lib/libnds9.a(IntrWait.o)
 .debug_aranges
                0x0000000000000310       0x20 /opt/devkitpro/libnds/lib/libnds9.a(cpu_clock.o)
 .debug_aranges
                0x0000000000000330       0x20 /opt/devkitpro/libnds/lib/libnds9.a(interruptDispatcher.o)
 .debug_aranges
                0x0000000000000350       0x20 /opt/devkitpro/libnds/lib/libnds9.a(swiSoftReset.o)
 .debug_aranges
                0x0000000000000370       0xc8 /opt/devkitpro/libnds/lib/libnds9.a(biosCalls.o)
 .debug_aranges
                0x0000000000000438       0x48 /opt/devkitpro/libnds/lib/libnds9.a(video.o)
 .debug_aranges
                0x0000000000000480       0x68 /opt/devkitpro/libnds/lib/libnds9.a(system.o)

.debug_pubnames
 *(.debug_pubnames)

.debug_info     0x0000000000000000     0x85f8
 *(.debug_info)
 .debug_info    0x0000000000000000      0x6c6 game.o
 .debug_info    0x00000000000006c6      0x84a graphics_main.o
 .debug_info    0x0000000000000f10      0xc9a graphics_sub.o
 .debug_info    0x0000000000001baa      0x604 input.o
 .debug_info    0x00000000000021ae      0x534 main.o
 .debug_info    0x00000000000026e2      0x447 physics.o
 .debug_info    0x0000000000002b29      0x342 /opt/devkitpro/libnds/lib/libnds9.a(touch.o)
 .debug_info    0x0000000000002e6b      0x466 /opt/devkitpro/libnds/lib/libnds9.a(keys.o)
 .debug_info    0x00000000000032d1     0x12a5 /opt/devkitpro/libnds/lib/libnds9.a(initSystem.o)
 .debug_info    0x0000000000004576      0xa64 /opt/devkitpro/libnds/lib/libnds9.a(timeSupport.o)
 .debug_info    0x0000000000004fda       0x59 /opt/devkitpro/libnds/lib/libnds9.a(securearea.o)
 .debug_info    0x0000000000005033      0x68f /opt/devkitpro/libnds/lib/libnds9.a(interrupts.o)
 .debug_info    0x00000000000056c2      0x378 /opt/devkitpro/libnds/lib/libnds9.a(libnds_exit.arm.o)
 .debug_info    0x0000000000005a3a     0x189c /opt/devkitpro/libnds/lib/libnds9.a(fifosystem.o)
 .debug_info    0x00000000000072d6       0x22 /opt/devkitpro/libnds/lib/libnds9.a(mpu_setup.o)
 .debug_info    0x00000000000072f8       0x22 /opt/devkitpro/libnds/lib/libnds9.a(IntrWait.o)
 .debug_info    0x000000000000731a       0x26 /opt/devkitpro/libnds/lib/libnds9.a(cpu_clock.o)
 .debug_info    0x0000000000007340       0x26 /opt/devkitpro/libnds/lib/libnds9.a(interruptDispatcher.o)
 .debug_info    0x0000000000007366       0x26 /opt/devkitpro/libnds/lib/libnds9.a(swiSoftReset.o)
 .debug_info    0x000000000000738c       0x22 /opt/devkitpro/libnds/lib/libnds9.a(biosCalls.o)
 .debug_info    0x00000000000073ae      0x7c5 /opt/devkitpro/libnds/lib/libnds9.a(video.o)
 .debug_info    0x0000000000007b73      0xa85 /opt/devkitpro/libnds/lib/libnds9.a(system.o)

.debug_abbrev   0x0000000000000000     0x216f
 *(.debug_abbrev)
 .debug_abbrev  0x0000000000000000      0x19c game.o
 .debug_abbrev  0x000000000000019c      0x23c graphics_main.o
 .debug_abbrev  0x00000000000003d8      0x276 graphics_sub.o
 .debug_abbrev  0x000000000000064e      0x1ab input.o
 .debug_abbrev  0x00000000000007f9      0x142 main.o
 .debug_abbrev  0x000000000000093b      0x10f physics.o
 .debug_abbrev  0x0000000000000a4a      0x152 /opt/devkitpro/libnds/lib/libnds9.a(touch.o)
 .debug_abbrev  0x0000000000000b9c      0x1a0 /opt/devkitpro/libnds/lib/libnds9.a(keys.o)
 .debug_abbrev  0x0000000000000d3c      0x33f /opt/devkitpro/libnds/lib/libnds9.a(initSystem.o)
 .debug_abbrev  0x000000000000107b      0x1e5 /opt/devkitpro/libnds/lib/libnds9.a(timeSupport.o)
 .debug_abbrev  0x0000000000001260       0x47 /opt/devkitpro/libnds/lib/libnds9.a(securearea.o)
 .debug_abbrev  0x00000000000012a7      0x2dd /opt/devkitpro/libnds/lib/libnds9.a(interrupts.o)
 .debug_abbrev  0x0000000000001584      0x1a8 /opt/devkitpro/libnds/lib/libnds9.a(libnds_exit.arm.o)
 .debug_abbrev  0x000000000000172c      0x491 /opt/devkitpro/libnds/lib/libnds9.a(fifosystem.o)
 .debug_abbrev  0x0000000000001bbd       0x12 /opt/devkitpro/libnds/lib/libnds9.a(mpu_setup.o)
 .debug_abbrev  0x0000000000001bcf       0x12 /opt/devkitpro/libnds/lib/libnds9.a(IntrWait.o)
 .debug_abbrev  0x0000000000001be1       0x14 /opt/devkitpro/libnds/lib/libnds9.a(cpu_clock.o)
 .debug_abbrev  0x0000000000001bf5       0x14 /opt/devkitpro/libnds/lib/libnds9.a(interruptDispatcher.o)
 .debug_abbrev  0x0000000000001c09       0x14 /opt/devkitpro/libnds/lib/libnds9.a(swiSoftReset.o)
 .debug_abbrev  0x0000000000001c1d       0x12 /opt/devkitpro/libnds/lib/libnds9.a(biosCalls.o)
 .debug_abbrev  0x0000000000001c2f      0x241 /opt/devkitpro/libnds/lib/libnds9.a(video.o)
 .debug_abbrev  0x0000000000001e70      0x2ff /opt/devkitpro/libnds/lib/libnds9.a(system.o)

.debug_line     0x0000000000000000     0x4f74
 *(.debug_line)
 .debug_line    0x0000000000000000      0x208 game.o
 .debug_line    0x0000000000000208      0x31c graphics_main.o
 .debug_line    0x0000000000000524      0x797 graphics_sub.o
 .debug_line    0x0000000000000cbb      0x30e input.o
 .debug_line    0x0000000000000fc9      0x1c3 main.o
 .debug_line    0x000000000000118c      0x31f physics.o
 .debug_line    0x00000000000014ab      0x33e /opt/devkitpro/libnds/lib/libnds9.a(touch.o)
 .debug_line    0x00000000000017e9      0x3ad /opt/devkitpro/libnds/lib/libnds9.a(keys.o)
 .debug_line    0x0000000000001b96      0x58b /opt/devkitpro/libnds/lib/libnds9.a(initSystem.o)
 .debug_line    0x0000000000002121      0x1f0 /opt/devkitpro/libnds/lib/libnds9.a(timeSupport.o)
 .debug_line    0x0000000000002311       0x8f /opt/devkitpro/libnds/lib/libnds9.a(securearea.o)
 .debug_line    0x00000000000023a0      0x569 /opt/devkitpro/libnds/lib/libnds9.a(interrupts.o)
 .debug_line    0x0000000000002909      0x252 /opt/devkitpro/libnds/lib/libnds9.a(libnds_exit.arm.o)
 .debug_line    0x0000000000002b5b     0x142b /opt/devkitpro/libnds/lib/libnds9.a(fifosystem.o)
 .debug_line    0x0000000000003f86      0x13c /opt/devkitpro/libnds/lib/libnds9.a(mpu_setup.o)
 .debug_line    0x00000000000040c2       0xc7 /opt/devkitpro/libnds/lib/libnds9.a(IntrWait.o)
 .debug_line    0x0000000000004189       0xb0 /opt/devkitpro/libnds/lib/libnds9.a(cpu_clock.o)
 .debug_line    0x0000000000004239       0xd9 /opt/devkitpro/libnds/lib/libnds9.a(interruptDispatcher.o)
 .debug_line    0x0000000000004312       0xa9 /opt/devkitpro/libnds/lib/libnds9.a(swiSoftReset.o)
 .debug_line    0x00000000000043bb      0x1ff /opt/devkitpro/libnds/lib/libnds9.a(biosCalls.o)
 .debug_line    0x00000000000045ba      0x4d9 /opt/devkitpro/libnds/lib/libnds9.a(video.o)
 .debug_line    0x0000000000004a93      0x4e1 /opt/devkitpro/libnds/lib/libnds9.a(system.o)

.debug_frame    0x0000000000000000      0x984
 *(.debug_frame)
 .debug_frame   0x0000000000000000       0x78 game.o
 .debug_frame   0x0000000000000078       0x78 graphics_main.o
 .debug_frame   0x00000000000000f0      0x134 graphics_sub.o
 .debug_frame   0x0000000000000224       0x68 input.o
 .debug_frame   0x000000000000028c       0x28 main.o
 .debug_frame   0x00000000000002b4       0x98 physics.o
 .debug_frame   0x000000000000034c       0x3c /opt/devkitpro/libnds/lib/libnds9.a(touch.o)
 .debug_frame   0x0000000000000388       0x8c /opt/devkitpro/libnds/lib/libnds9.a(keys.o)
 .debug_frame   0x0000000000000414       0x28 /opt/devkitpro/libnds/lib/libnds9.a(initSystem.o)
 .debug_frame   0x000000000000043c       0x28 /opt/devkitpro/libnds/lib/libnds9.a(timeSupport.o)
 .debug_frame   0x0000000000000464       0xa4 /opt/devkitpro/libnds/lib/libnds9.a(interrupts.o)
 .debug_frame   0x0000000000000508       0x38 /opt/devkitpro/libnds/lib/libnds9.a(libnds_exit.arm.o)
 .debug_frame   0x0000000000000540      0x290 /opt/devkitpro/libnds/lib/libnds9.a(fifosystem.o)
 .debug_frame   0x00000000000007d0       0xbc /opt/devkitpro/libnds/lib/libnds9.a(video.o)
 .debug_frame   0x000000000000088c       0xf8 /opt/devkitpro/libnds/lib/libnds9.a(system.o)

.debug_str      0x0000000000000000     0x3476
 *(.debug_str)
 .debug_str     0x0000000000000000      0x596 game.o
                                        0x600 (size before relaxing)
 .debug_str     0x0000000000000596      0x566 graphics_main.o
                                        0x924 (size before relaxing)
 .debug_str     0x0000000000000afc      0x529 graphics_sub.o
                                        0xc93 (size before relaxing)
 .debug_str     0x0000000000001025       0xbe input.o
                                        0x571 (size before relaxing)
 .debug_str     0x00000000000010e3       0x6d main.o
                                        0x54f (size before relaxing)
 .debug_str     0x0000000000001150       0xa7 physics.o
                                        0x22c (size before relaxing)
 .debug_str     0x00000000000011f7      0x21d /opt/devkitpro/libnds/lib/libnds9.a(touch.o)
                                        0x332 (size before relaxing)
 .debug_str     0x0000000000001414       0xe6 /opt/devkitpro/libnds/lib/libnds9.a(keys.o)
                                        0x420 (size before relaxing)
 .debug_str     0x00000000000014fa      0x85d /opt/devkitpro/libnds/lib/libnds9.a(initSystem.o)
                                        0xc4b (size before relaxing)
 .debug_str     0x0000000000001d57       0x7e /opt/devkitpro/libnds/lib/libnds9.a(timeSupport.o)
                                        0x689 (size before relaxing)
 .debug_str     0x0000000000001dd5       0x7f /opt/devkitpro/libnds/lib/libnds9.a(securearea.o)
                                        0x16e (size before relaxing)
 .debug_str     0x0000000000001e54      0x193 /opt/devkitpro/libnds/lib/libnds9.a(interrupts.o)
                                        0x48d (size before relaxing)
 .debug_str     0x0000000000001fe7      0x1db /opt/devkitpro/libnds/lib/libnds9.a(libnds_exit.arm.o)
                                        0x3e5 (size before relaxing)
 .debug_str     0x00000000000021c2      0x4b5 /opt/devkitpro/libnds/lib/libnds9.a(fifosystem.o)
                                        0x894 (size before relaxing)
 .debug_str     0x0000000000002677       0x7a /opt/devkitpro/libnds/lib/libnds9.a(mpu_setup.o)
                                         0xce (size before relaxing)
 .debug_str     0x00000000000026f1       0x6d /opt/devkitpro/libnds/lib/libnds9.a(IntrWait.o)
                                         0xcd (size before relaxing)
 .debug_str     0x000000000000275e       0x6e /opt/devkitpro/libnds/lib/libnds9.a(cpu_clock.o)
                                         0xce (size before relaxing)
 .debug_str     0x00000000000027cc       0x73 /opt/devkitpro/libnds/lib/libnds9.a(interruptDispatcher.o)
                                         0xd3 (size before relaxing)
 .debug_str     0x000000000000283f       0x6c /opt/devkitpro/libnds/lib/libnds9.a(swiSoftReset.o)
                                         0xcc (size before relaxing)
 .debug_str     0x00000000000028ab       0x69 /opt/devkitpro/libnds/lib/libnds9.a(biosCalls.o)
                                         0xc9 (size before relaxing)
 .debug_str     0x0000000000002914      0x7ea /opt/devkitpro/libnds/lib/libnds9.a(video.o)
                                        0xc53 (size before relaxing)
 .debug_str     0x00000000000030fe      0x378 /opt/devkitpro/libnds/lib/libnds9.a(system.o)
                                        0x791 (size before relaxing)

.debug_loc      0x0000000000000000     0x2022
 *(.debug_loc)
 .debug_loc     0x0000000000000000       0xb3 /opt/devkitpro/libnds/lib/libnds9.a(touch.o)
 .debug_loc     0x00000000000000b3       0x15 /opt/devkitpro/libnds/lib/libnds9.a(keys.o)
 .debug_loc     0x00000000000000c8       0xf0 /opt/devkitpro/libnds/lib/libnds9.a(initSystem.o)
 .debug_loc     0x00000000000001b8       0x25 /opt/devkitpro/libnds/lib/libnds9.a(timeSupport.o)
 .debug_loc     0x00000000000001dd      0x26c /opt/devkitpro/libnds/lib/libnds9.a(interrupts.o)
 .debug_loc     0x0000000000000449       0x64 /opt/devkitpro/libnds/lib/libnds9.a(libnds_exit.arm.o)
 .debug_loc     0x00000000000004ad     0x168e /opt/devkitpro/libnds/lib/libnds9.a(fifosystem.o)
 .debug_loc     0x0000000000001b3b      0x2e5 /opt/devkitpro/libnds/lib/libnds9.a(video.o)
 .debug_loc     0x0000000000001e20      0x202 /opt/devkitpro/libnds/lib/libnds9.a(system.o)

.debug_macinfo
 *(.debug_macinfo)

.debug_weaknames
 *(.debug_weaknames)

.debug_funcnames
 *(.debug_funcnames)

.debug_typenames
 *(.debug_typenames)

.debug_varnames
 *(.debug_varnames)

.stack          0x0000000000080000        0x0
                0x0000000000080000                _stack = .
 *(.stack)
LOAD /opt/devkitpro/devkitARM/bin/../lib/gcc/arm-none-eabi/10.2.0/../../../../arm-none-eabi/lib/thumb/ds_arm9_crt0.o
LOAD /opt/devkitpro/devkitARM/bin/../lib/gcc/arm-none-eabi/10.2.0/thumb/crti.o
LOAD /opt/devkitpro/devkitARM/bin/../lib/gcc/arm-none-eabi/10.2.0/thumb/crtbegin.o
LOAD soundbank.bin.o
LOAD backplate.o
LOAD fusee.o
LOAD horizon.o
LOAD numbers.o
LOAD splash.o
LOAD splash2.o
LOAD game.o
LOAD graphics_main.o
LOAD graphics_sub.o
LOAD input.o
LOAD main.o
LOAD physics.o
LOAD /opt/devkitpro/libnds/lib/libnds9.a
LOAD /opt/devkitpro/libnds/lib/libmm9.a
LOAD /opt/devkitpro/devkitARM/bin/../lib/gcc/arm-none-eabi/10.2.0/../../../../arm-none-eabi/lib/thumb/libm.a
START GROUP
LOAD /opt/devkitpro/devkitARM/bin/../lib/gcc/arm-none-eabi/10.2.0/thumb/libgcc.a
LOAD /opt/devkitpro/devkitARM/bin/../lib/gcc/arm-none-eabi/10.2.0/../../../../arm-none-eabi/lib/thumb/libg.a
LOAD /opt/devkitpro/devkitARM/bin/../lib/gcc/arm-none-eabi/10.2.0/../../../../arm-none-eabi/lib/thumb/libc.a
LOAD /opt/devkitpro/devkitARM/bin/../lib/gcc/arm-none-eabi/10.2.0/../../../../arm-none-eabi/lib/thumb/libsysbase.a
END GROUP
LOAD /opt/devkitpro/devkitARM/bin/../lib/gcc/arm-none-eabi/10.2.0/thumb/crtend.o
LOAD /opt/devkitpro/devkitARM/bin/../lib/gcc/arm-none-eabi/10.2.0/thumb/crtn.o
OUTPUT(/Users/iacopo/Documents/EPFL/4eme/Sys_embarques_microprogrammes/projet/ksp_nds/ksp_nds.elf elf32-littlearm)
LOAD linker stubs

.debug_ranges   0x0000000000000000      0x868
 .debug_ranges  0x0000000000000000       0x60 /opt/devkitpro/libnds/lib/libnds9.a(touch.o)
 .debug_ranges  0x0000000000000060       0x58 /opt/devkitpro/libnds/lib/libnds9.a(keys.o)
 .debug_ranges  0x00000000000000b8       0x10 /opt/devkitpro/libnds/lib/libnds9.a(initSystem.o)
 .debug_ranges  0x00000000000000c8       0x10 /opt/devkitpro/libnds/lib/libnds9.a(timeSupport.o)
 .debug_ranges  0x00000000000000d8      0x100 /opt/devkitpro/libnds/lib/libnds9.a(interrupts.o)
 .debug_ranges  0x00000000000001d8       0x18 /opt/devkitpro/libnds/lib/libnds9.a(libnds_exit.arm.o)
 .debug_ranges  0x00000000000001f0      0x4c8 /opt/devkitpro/libnds/lib/libnds9.a(fifosystem.o)
 .debug_ranges  0x00000000000006b8       0x28 /opt/devkitpro/libnds/lib/libnds9.a(mpu_setup.o)
 .debug_ranges  0x00000000000006e0       0x20 /opt/devkitpro/libnds/lib/libnds9.a(IntrWait.o)
 .debug_ranges  0x0000000000000700       0xc0 /opt/devkitpro/libnds/lib/libnds9.a(biosCalls.o)
 .debug_ranges  0x00000000000007c0       0x50 /opt/devkitpro/libnds/lib/libnds9.a(video.o)
 .debug_ranges  0x0000000000000810       0x58 /opt/devkitpro/libnds/lib/libnds9.a(system.o)
