Archive member included to satisfy reference by file (symbol)

/opt/devkitpro/libnds/lib/libnds9.a(touch.o)
                              input.o (touchRead)
/opt/devkitpro/libnds/lib/libnds9.a(sprite_alloc.o)
                              graphics_main.o (oamAllocateGfx)
/opt/devkitpro/libnds/lib/libnds9.a(videoGL.o)
                              game.o (glGlobalData)
/opt/devkitpro/libnds/lib/libnds9.a(sprite.o)
                              graphics_main.o (oamInit)
/opt/devkitpro/libnds/lib/libnds9.a(keys.o)
                              input.o (scanKeys)
/opt/devkitpro/libnds/lib/libnds9.a(initSystem.o)
                              /opt/devkitpro/devkitARM/bin/../lib/gcc/arm-none-eabi/10.2.0/../../../../arm-none-eabi/lib/thumb/ds_arm9_crt0.o (initSystem)
/opt/devkitpro/libnds/lib/libnds9.a(timeSupport.o)
                              /opt/devkitpro/libnds/lib/libnds9.a(initSystem.o) (__libnds_gtod)
/opt/devkitpro/libnds/lib/libnds9.a(securearea.o)
                              /opt/devkitpro/devkitARM/bin/../lib/gcc/arm-none-eabi/10.2.0/../../../../arm-none-eabi/lib/thumb/ds_arm9_crt0.o (__secure_area__)
/opt/devkitpro/libnds/lib/libnds9.a(interrupts.o)
                              /opt/devkitpro/libnds/lib/libnds9.a(initSystem.o) (irqInit)
/opt/devkitpro/libnds/lib/libnds9.a(libnds_exit.arm.o)
                              /opt/devkitpro/devkitARM/bin/../lib/gcc/arm-none-eabi/10.2.0/../../../../arm-none-eabi/lib/thumb/ds_arm9_crt0.o (__libnds_exit)
/opt/devkitpro/libnds/lib/libnds9.a(fifosystem.o)
                              /opt/devkitpro/libnds/lib/libnds9.a(initSystem.o) (fifoSetValue32Handler)
/opt/devkitpro/libnds/lib/libnds9.a(dcache.o)
                              /opt/devkitpro/libnds/lib/libnds9.a(sprite.o) (DC_FlushRange)
/opt/devkitpro/libnds/lib/libnds9.a(mpu_setup.o)
                              /opt/devkitpro/devkitARM/bin/../lib/gcc/arm-none-eabi/10.2.0/../../../../arm-none-eabi/lib/thumb/ds_arm9_crt0.o (__libnds_mpu_setup)
/opt/devkitpro/libnds/lib/libnds9.a(IntrWait.o)
                              graphics_main.o (swiWaitForVBlank)
/opt/devkitpro/libnds/lib/libnds9.a(cpu_clock.o)
                              /opt/devkitpro/libnds/lib/libnds9.a(initSystem.o) (setCpuClock)
/opt/devkitpro/libnds/lib/libnds9.a(interruptDispatcher.o)
                              /opt/devkitpro/libnds/lib/libnds9.a(interrupts.o) (IntrMain)
/opt/devkitpro/libnds/lib/libnds9.a(swiSoftReset.o)
                              /opt/devkitpro/libnds/lib/libnds9.a(fifosystem.o) (swiSoftReset)
/opt/devkitpro/libnds/lib/libnds9.a(biosCalls.o)
                              graphics_main.o (swiCopy)
/opt/devkitpro/libnds/lib/libnds9.a(dynamicArray.o)
                              /opt/devkitpro/libnds/lib/libnds9.a(videoGL.o) (DynamicArrayInit)
/opt/devkitpro/libnds/lib/libnds9.a(video.o)
                              /opt/devkitpro/libnds/lib/libnds9.a(videoGL.o) (vramSetBanks_EFG)
/opt/devkitpro/libnds/lib/libnds9.a(system.o)
                              /opt/devkitpro/libnds/lib/libnds9.a(initSystem.o) (systemValueHandler)
/opt/devkitpro/libnds/lib/libnds9.a(trig.o)
                              /opt/devkitpro/libnds/lib/libnds9.a(videoGL.o) (sinLerp)
/opt/devkitpro/libnds/lib/libmm9.a(mm_comms.o)
                              sound.o (mmEffectEx)
/opt/devkitpro/libnds/lib/libmm9.a(mm_memory.o)
                              sound.o (mmLoadEffect)
/opt/devkitpro/libnds/lib/libmm9.a(mm_main9.o)
                              /opt/devkitpro/libnds/lib/libmm9.a(mm_memory.o) (mmcbMemory)
/opt/devkitpro/libnds/lib/libmm9.a(mm_soundbank.o)
                              /opt/devkitpro/libnds/lib/libmm9.a(mm_main9.o) (mmSoundBankInMemory)
/opt/devkitpro/libnds/lib/libmm9.a(mm_flusher.o)
                              /opt/devkitpro/libnds/lib/libmm9.a(mm_memory.o) (mmFlushBank)
/opt/devkitpro/devkitARM/bin/../lib/gcc/arm-none-eabi/10.2.0/../../../../arm-none-eabi/lib/thumb/libm.a(lib_a-s_atan.o)
                              graphics_sub.o (atan)
/opt/devkitpro/devkitARM/bin/../lib/gcc/arm-none-eabi/10.2.0/../../../../arm-none-eabi/lib/thumb/libm.a(lib_a-s_cos.o)
                              graphics_sub.o (cos)
/opt/devkitpro/devkitARM/bin/../lib/gcc/arm-none-eabi/10.2.0/../../../../arm-none-eabi/lib/thumb/libm.a(lib_a-s_fabs.o)
                              /opt/devkitpro/devkitARM/bin/../lib/gcc/arm-none-eabi/10.2.0/../../../../arm-none-eabi/lib/thumb/libm.a(lib_a-s_atan.o) (fabs)
/opt/devkitpro/devkitARM/bin/../lib/gcc/arm-none-eabi/10.2.0/../../../../arm-none-eabi/lib/thumb/libm.a(lib_a-s_sin.o)
                              graphics_sub.o (sin)
/opt/devkitpro/devkitARM/bin/../lib/gcc/arm-none-eabi/10.2.0/../../../../arm-none-eabi/lib/thumb/libm.a(lib_a-w_atan2.o)
                              physics.o (atan2)
/opt/devkitpro/devkitARM/bin/../lib/gcc/arm-none-eabi/10.2.0/../../../../arm-none-eabi/lib/thumb/libm.a(lib_a-w_sqrt.o)
                              graphics_sub.o (sqrt)
[...]
Memory Configuration

Name             Origin             Length             Attributes
ewram            0x0000000002000000 0x0000000000380000
dtcm             0x0000000002ff0000 0x0000000000004000
vectors          0x0000000001000000 0x0000000000000100
itcm             0x0000000001000100 0x0000000000007f00
*default*        0x0000000000000000 0xffffffffffffffff

Linker script and memory map

                0x0000000002380000                __ewram_end = (ORIGIN (ewram) + LENGTH (ewram))
                0x0000000002380000                __eheap_end = (ORIGIN (ewram) + LENGTH (ewram))
                0x0000000002ff4000                __dtcm_top = (ORIGIN (dtcm) + LENGTH (dtcm))
                0x0000000002ff3ff8                __irq_flags = (__dtcm_top - 0x8)
                0x0000000002ff3ffc                __irq_vector = (__dtcm_top - 0x4)
                0x0000000002ff3f00                __sp_svc = (__dtcm_top - 0x100)
                0x0000000002ff3e00                __sp_irq = (__sp_svc - 0x100)
                0x0000000002ff3d00                __sp_usr = (__sp_irq - 0x100)

.secure         0x0000000002000000      0x800
 *(.secure)
 .secure        0x0000000002000000      0x800 /opt/devkitpro/libnds/lib/libnds9.a(securearea.o)
                0x0000000002000000                __secure_area__

.crt0           0x0000000002000800      0x300
                0x0000000002000800                __text_start = .
 *(.crt0)
 .crt0          0x0000000002000800      0x300 /opt/devkitpro/devkitARM/bin/../lib/gcc/arm-none-eabi/10.2.0/../../../../arm-none-eabi/lib/thumb/ds_arm9_crt0.o
                0x0000000002000800                _start
                0x0000000002000b00                . = ALIGN (0x4)

.plt
 *(.plt)

.init           0x0000000002000b00        0xc
 *(SORT_NONE(.init))
 .init          0x0000000002000b00        0x4 /opt/devkitpro/devkitARM/bin/../lib/gcc/arm-none-eabi/10.2.0/thumb/crti.o
                0x0000000002000b00                _init
 .init          0x0000000002000b04        0x8 /opt/devkitpro/devkitARM/bin/../lib/gcc/arm-none-eabi/10.2.0/thumb/crtn.o

.text           0x0000000002000b10     0xb640
 *(EXCLUDE_FILE(*.twl* *.vectors* *.itcm*) .text)
 .text          0x0000000002000b10      0x810 game.o
                0x0000000002000b10                get_rcs
                0x0000000002000b62                update_thrust
                0x0000000002000bbe                get_rocket_type
                0x0000000002000bf0                auto_pilot
                0x0000000002000d64                game_init
                0x0000000002000dc8                game_splash
                0x0000000002000df4                game_intro
                0x0000000002000e22                game_exit_intro
                0x0000000002000e82                game_ingame
                0x0000000002001280                game_init_crash
                0x00000000020012be                game_crash
                0x00000000020012e4                game_pause
 .text          0x0000000002001320      0x4f4 graphics_main.o
                0x0000000002001320                graphics_main_config_sprite
                0x0000000002001380                graphics_main_init
                0x0000000002001390                graphics_main_config_splash
                0x0000000002001404                graphics_main_config_crash_moon
                0x0000000002001478                graphics_main_config_crash_earth
                0x00000000020014ec                graphics_main_config_crash_wall
                0x0000000002001560                graphics_main_config_intro
                0x00000000020015d4                graphics_main_config_ingame
                0x00000000020016b8                graphics_main_clear_path
                0x00000000020016d4                graphics_main_draw_path
                0x0000000002001738                graphics_main_update_sprite
 .text          0x0000000002001814     0x13e4 graphics_sub.o
                0x0000000002001854                graphics_sub_init
                0x0000000002001864                graphics_sub_config_splash
                0x00000000020018f0                graphics_sub_config_crash
                0x000000000200197c                graphics_sub_config_pause
                0x00000000020019f4                graphics_sub_config_intro
                0x0000000002001a6c                graphics_sub_config_ingame
                0x0000000002001c38                graphics_sub_rocket_ingame
                0x0000000002001d8c                graphics_sub_put_speed
                0x0000000002001e06                graphics_sub_put_alt
                0x0000000002001e80                graphics_sub_put_digit
                0x0000000002001fc8                graphics_sub_put_slider
                0x0000000002002210                graphics_sub_set_ap
                0x0000000002002554                graphics_sub_put_nav
                0x0000000002002898                graphics_sub_put_hor
 .text          0x0000000002002bf8      0x20e input.o
                0x0000000002002bf8                input_init
                0x0000000002002c08                input_read
 *fill*         0x0000000002002e06        0x2 ff
 .text          0x0000000002002e08       0xa4 main.o
                0x0000000002002e08                main
 .text          0x0000000002002eac     0x177c physics.o
                0x0000000002002eac                physics_predict_orbit
                0x0000000002002f74                physics_step_lin
                0x0000000002002fd8                physics_step_grav
                0x000000000200308c                physics_world_boundary
                0x000000000200313c                physics_get_phi_earth
                0x00000000020031ac                physics_get_r_earth
                0x0000000002003234                physics_get_phi_moon
                0x00000000020032a8                physics_get_r_moon
                0x0000000002003330                physics_get_vel
                0x00000000020033a0                physics_get_theta
                0x00000000020033f8                physics_angle_reach
 .text          0x0000000002004628       0x40 sound.o
                0x0000000002004628                sound_init
                0x0000000002004640                sound_rocket
 .text          0x0000000002004668      0x24c /opt/devkitpro/libnds/lib/libmm9.a(mm_comms.o)
                0x0000000002004668                mmSetupComms
                0x00000000020046ba                mmSendBank
                0x00000000020046c4                mmLockChannels
                0x00000000020046ca                mmUnlockChannels
                0x00000000020046d0                mmStart
                0x00000000020046da                mmPause
                0x00000000020046de                mmResume
                0x00000000020046e2                mmStop
                0x00000000020046e6                mmPosition
                0x00000000020046ea                mmJingle
                0x00000000020046ee                mmSetModuleVolume
                0x00000000020046f2                mmSetJingleVolume
                0x00000000020046f6                mmSetModuleTempo
                0x00000000020046fa                mmSetModulePitch
                0x00000000020046fe                mmSetEffectsVolume
                0x0000000002004702                mmSelectMode
                0x0000000002004706                mmStreamBegin
                0x000000000200471a                mmStreamEnd
                0x0000000002004770                mmEffect
                0x0000000002004794                mmEffectVolume
                0x0000000002004798                mmEffectPanning
                0x000000000200479c                mmEffectRate
                0x00000000020047a6                mmEffectScaleRate
                0x00000000020047b0                mmEffectRelease
                0x00000000020047b6                mmEffectCancel
                0x00000000020047bc                mmEffectEx
                0x00000000020047fa                mmEffectCancelAll
                0x00000000020047fe                mmReverbEnable
                0x0000000002004802                mmReverbDisable
                0x0000000002004806                mmReverbConfigure
                0x0000000002004862                mmReverbStart
                0x0000000002004866                mmReverbStop
 .text          0x00000000020048b4      0x120 /opt/devkitpro/libnds/lib/libmm9.a(mm_memory.o)
                0x00000000020048b4                mmLoad
                0x0000000002004904                mmUnload
                0x000000000200495c                mmLoadEffect
                0x0000000002004994                mmUnloadEffect
 .text          0x00000000020049d4      0x108 /opt/devkitpro/libnds/lib/libmm9.a(mm_main9.o)
                0x00000000020049d4                mmActive
                0x00000000020049da                mmSetEventHandler
                0x00000000020049e0                mmInit
                0x0000000002004a0a                mmInitDefault
                0x0000000002004a54                mmInitDefaultMem
                0x0000000002004a76                mmSuspendIRQ_t
                0x0000000002004a94                mmRestoreIRQ_t
 .text          0x0000000002004adc      0x100 /opt/devkitpro/libnds/lib/libmm9.a(mm_soundbank.o)
                0x0000000002004adc                mmSoundBankInMemory
                0x0000000002004ae4                mmSoundBankInFiles
                0x0000000002004af6                mmSetCustomSoundBankHandler
                0x0000000002004b22                mmsHandleFileOp
 .text          0x0000000002004bdc       0x3c /opt/devkitpro/libnds/lib/libmm9.a(mm_flusher.o)
                0x0000000002004bdc                mmFlushBank
 .text          0x0000000002004c18      0x11c /opt/devkitpro/devkitARM/bin/../lib/gcc/arm-none-eabi/10.2.0/thumb/libgcc.a(_udivsi3.o)
                0x0000000002004c18                __udivsi3
                0x0000000002004c18                __aeabi_uidiv
                0x0000000002004d14                __aeabi_uidivmod
 .text          0x0000000002004d34      0x150 /opt/devkitpro/devkitARM/bin/../lib/gcc/arm-none-eabi/10.2.0/thumb/libgcc.a(_divsi3.o)
                0x0000000002004d34                __aeabi_idiv
                0x0000000002004d34                __divsi3
                0x0000000002004e64                __aeabi_idivmod
 .text          0x0000000002004e84        0x4 /opt/devkitpro/devkitARM/bin/../lib/gcc/arm-none-eabi/10.2.0/thumb/libgcc.a(_dvmd_tls.o)
                0x0000000002004e84                __aeabi_ldiv0
                0x0000000002004e84                __aeabi_idiv0
 .text          0x0000000002004e88      0x424 /opt/devkitpro/devkitARM/bin/../lib/gcc/arm-none-eabi/10.2.0/thumb/libgcc.a(_arm_addsubdf3.o)
                0x0000000002004e88                __aeabi_drsub
                0x0000000002004e90                __subdf3
                0x0000000002004e90                __aeabi_dsub
                0x0000000002004e94                __aeabi_dadd
                0x0000000002004e94                __adddf3
                0x00000000020051a4                __aeabi_ui2d
                0x00000000020051a4                __floatunsidf
                0x00000000020051c8                __floatsidf
                0x00000000020051c8                __aeabi_i2d
                0x00000000020051f0                __extendsfdf2
                0x00000000020051f0                __aeabi_f2d
                0x0000000002005238                __aeabi_ul2d
                0x0000000002005238                __floatundidf
                0x000000000200524c                __aeabi_l2d
                0x000000000200524c                __floatdidf
 .text          0x00000000020052ac      0x49c /opt/devkitpro/devkitARM/bin/../lib/gcc/arm-none-eabi/10.2.0/thumb/libgcc.a(_arm_muldivdf3.o)
                0x00000000020052ac                __aeabi_dmul
                0x00000000020052ac                __muldf3
                0x000000000200553c                __aeabi_ddiv
                0x000000000200553c                __divdf3
 .text          0x0000000002005748      0x144 /opt/devkitpro/devkitARM/bin/../lib/gcc/arm-none-eabi/10.2.0/thumb/libgcc.a(_arm_cmpdf2.o)
                0x0000000002005748                __gedf2
                0x0000000002005748                __gtdf2
                0x0000000002005750                __ledf2
                0x0000000002005750                __ltdf2
                0x0000000002005758                __cmpdf2
                0x0000000002005758                __eqdf2
                0x0000000002005758                __nedf2
                0x00000000020057e0                __aeabi_cdrcmple
                0x00000000020057fc                __aeabi_cdcmple
                0x00000000020057fc                __aeabi_cdcmpeq
                0x0000000002005814                __aeabi_dcmpeq
                0x000000000200582c                __aeabi_dcmplt
                0x0000000002005844                __aeabi_dcmple
                0x000000000200585c                __aeabi_dcmpge
                0x0000000002005874                __aeabi_dcmpgt
 .text          0x000000000200588c       0x38 /opt/devkitpro/devkitARM/bin/../lib/gcc/arm-none-eabi/10.2.0/thumb/libgcc.a(_arm_unorddf2.o)
                0x000000000200588c                __aeabi_dcmpun
                0x000000000200588c                __unorddf2
 .text          0x00000000020058c4       0x5c /opt/devkitpro/devkitARM/bin/../lib/gcc/arm-none-eabi/10.2.0/thumb/libgcc.a(_arm_fixdfsi.o)
                0x00000000020058c4                __fixdfsi
                0x00000000020058c4                __aeabi_d2iz
 .text          0x0000000002005920       0x54 /opt/devkitpro/devkitARM/bin/../lib/gcc/arm-none-eabi/10.2.0/thumb/libgcc.a(_arm_fixunsdfsi.o)
                0x0000000002005920                __fixunsdfsi
                0x0000000002005920                __aeabi_d2uiz
 .text          0x0000000002005974       0xa0 /opt/devkitpro/devkitARM/bin/../lib/gcc/arm-none-eabi/10.2.0/thumb/libgcc.a(_arm_truncdfsf2.o)
                0x0000000002005974                __aeabi_d2f
                0x0000000002005974                __truncdfsf2
 .text          0x0000000002005a14      0x2ac /opt/devkitpro/devkitARM/bin/../lib/gcc/arm-none-eabi/10.2.0/thumb/libgcc.a(_arm_addsubsf3.o)
                0x0000000002005a14                __aeabi_frsub
                0x0000000002005a1c                __aeabi_fsub
                0x0000000002005a1c                __subsf3
                0x0000000002005a20                __aeabi_fadd
                0x0000000002005a20                __addsf3
                0x0000000002005bdc                __aeabi_ui2f
                0x0000000002005bdc                __floatunsisf
                0x0000000002005be4                __floatsisf
                0x0000000002005be4                __aeabi_i2f
                0x0000000002005c04                __aeabi_ul2f
                0x0000000002005c04                __floatundisf
                0x0000000002005c14                __aeabi_l2f
                0x0000000002005c14                __floatdisf
 .text          0x0000000002005cc0      0x2f8 /opt/devkitpro/devkitARM/bin/../lib/gcc/arm-none-eabi/10.2.0/thumb/libgcc.a(_arm_muldivsf3.o)
                0x0000000002005cc0                __mulsf3
                0x0000000002005cc0                __aeabi_fmul
                0x0000000002005e58                __divsf3
                0x0000000002005e58                __aeabi_fdiv
 .text          0x0000000002005fb8      0x114 /opt/devkitpro/devkitARM/bin/../lib/gcc/arm-none-eabi/10.2.0/thumb/libgcc.a(_arm_cmpsf2.o)
                0x0000000002005fb8                __gesf2
                0x0000000002005fb8                __gtsf2
                0x0000000002005fc0                __ltsf2
                0x0000000002005fc0                __lesf2
                0x0000000002005fc8                __nesf2
                0x0000000002005fc8                __eqsf2
                0x0000000002005fc8                __cmpsf2
                0x000000000200602c                __aeabi_cfrcmple
                0x000000000200603c                __aeabi_cfcmpeq
                0x000000000200603c                __aeabi_cfcmple
                0x0000000002006054                __aeabi_fcmpeq
                0x000000000200606c                __aeabi_fcmplt
                0x0000000002006084                __aeabi_fcmple
                0x000000000200609c                __aeabi_fcmpge
                0x00000000020060b4                __aeabi_fcmpgt
 .text          0x00000000020060cc       0x5c /opt/devkitpro/devkitARM/bin/../lib/gcc/arm-none-eabi/10.2.0/thumb/libgcc.a(_arm_fixsfsi.o)
                0x00000000020060cc                __fixsfsi
                0x00000000020060cc                __aeabi_f2iz
 .text          0x0000000002006128       0x54 /opt/devkitpro/devkitARM/bin/../lib/gcc/arm-none-eabi/10.2.0/thumb/libgcc.a(_arm_fixunssfsi.o)
                0x0000000002006128                __aeabi_f2uiz
                0x0000000002006128                __fixunssfsi
 *(EXCLUDE_FILE(*.twl* *.vectors* *.itcm*) .stub)
 *(EXCLUDE_FILE(*.twl* *.vectors* *.itcm*) .text.*)
 .text.__do_global_dtors_aux
                0x000000000200617c       0x2c /opt/devkitpro/devkitARM/bin/../lib/gcc/arm-none-eabi/10.2.0/thumb/crtbegin.o
 .text.frame_dummy
                0x00000000020061a8       0x24 /opt/devkitpro/devkitARM/bin/../lib/gcc/arm-none-eabi/10.2.0/thumb/crtbegin.o
 .text.touchRead
                0x00000000020061cc       0x24 /opt/devkitpro/libnds/lib/libnds9.a(touch.o)
                0x00000000020061cc                touchRead
 .text.oamAllocReset
                0x00000000020061f0       0x1c /opt/devkitpro/libnds/lib/libnds9.a(sprite_alloc.o)
                0x00000000020061f0                oamAllocReset
 .text.oamAllocateGfx
                0x000000000200620c      0x510 /opt/devkitpro/libnds/lib/libnds9.a(sprite_alloc.o)
                0x000000000200620c                oamAllocateGfx
 .text.oamInit  0x000000000200671c      0x118 /opt/devkitpro/libnds/lib/libnds9.a(sprite.o)
                0x000000000200671c                oamInit
 .text.oamGetGfxPtr
                0x0000000002006834       0x38 /opt/devkitpro/libnds/lib/libnds9.a(sprite.o)
                0x0000000002006834                oamGetGfxPtr
 .text.oamGfxPtrToOffset
                0x000000000200686c       0x34 /opt/devkitpro/libnds/lib/libnds9.a(sprite.o)
                0x000000000200686c                oamGfxPtrToOffset
 .text.oamSet   0x00000000020068a0      0x11c /opt/devkitpro/libnds/lib/libnds9.a(sprite.o)
                0x00000000020068a0                oamSet
 .text.oamUpdate
                0x00000000020069bc       0x60 /opt/devkitpro/libnds/lib/libnds9.a(sprite.o)
                0x00000000020069bc                oamUpdate
 .text.oamRotateScale
                0x0000000002006a1c       0x4c /opt/devkitpro/libnds/lib/libnds9.a(sprite.o)
                0x0000000002006a1c                oamRotateScale
 .text.scanKeys
                0x0000000002006a68       0x8c /opt/devkitpro/libnds/lib/libnds9.a(keys.o)
                0x0000000002006a68                scanKeys
 .text.keysHeld
                0x0000000002006af4        0xc /opt/devkitpro/libnds/lib/libnds9.a(keys.o)
                0x0000000002006af4                keysHeld
 .text.keysDown
                0x0000000002006b00       0x14 /opt/devkitpro/libnds/lib/libnds9.a(keys.o)
                0x0000000002006b00                keysDown
 .text.keysDownRepeat
                0x0000000002006b14       0x10 /opt/devkitpro/libnds/lib/libnds9.a(keys.o)
                0x0000000002006b14                keysDownRepeat
 .text.initSystem
                0x0000000002006b24      0x198 /opt/devkitpro/libnds/lib/libnds9.a(initSystem.o)
                0x0000000002006b24                initSystem
 .text.__libnds_gtod
                0x0000000002006cbc       0x28 /opt/devkitpro/libnds/lib/libnds9.a(timeSupport.o)
                0x0000000002006cbc                __libnds_gtod
 .text.irqDummy
                0x0000000002006ce4        0x4 /opt/devkitpro/libnds/lib/libnds9.a(interrupts.o)
                0x0000000002006ce4                irqDummy
 .text.irqSet   0x0000000002006ce8       0x6c /opt/devkitpro/libnds/lib/libnds9.a(interrupts.o)
                0x0000000002006ce8                irqSet
 .text.irqInit  0x0000000002006d54       0x50 /opt/devkitpro/libnds/lib/libnds9.a(interrupts.o)
                0x0000000002006d54                irqInit
 .text.irqEnable
                0x0000000002006da4       0x64 /opt/devkitpro/libnds/lib/libnds9.a(interrupts.o)
                0x0000000002006da4                irqEnable
 .text.systemErrorExit
                0x0000000002006e08        0x4 /opt/devkitpro/libnds/lib/libnds9.a(libnds_exit.arm.o)
                0x0000000002006e08                systemErrorExit
 .text.__libnds_exit
                0x0000000002006e0c       0x5c /opt/devkitpro/libnds/lib/libnds9.a(libnds_exit.arm.o)
                0x0000000002006e0c                __libnds_exit
 .text.fifo_queueBlock
                0x0000000002006e68       0x44 /opt/devkitpro/libnds/lib/libnds9.a(fifosystem.o)
 .text.fifo_waitBlock
                0x0000000002006eac       0x80 /opt/devkitpro/libnds/lib/libnds9.a(fifosystem.o)
 .text.fifoInternalSend.part.0
                0x0000000002006f2c       0xd4 /opt/devkitpro/libnds/lib/libnds9.a(fifosystem.o)
 .text.fifoInternalSendInterrupt
                0x0000000002007000       0xa8 /opt/devkitpro/libnds/lib/libnds9.a(fifosystem.o)
 .text.fifoSetValue32Handler
                0x00000000020070a8       0xd8 /opt/devkitpro/libnds/lib/libnds9.a(fifosystem.o)
                0x00000000020070a8                fifoSetValue32Handler
 .text.fifoSendValue32
                0x0000000002007180       0x4c /opt/devkitpro/libnds/lib/libnds9.a(fifosystem.o)
                0x0000000002007180                fifoSendValue32
 .text.fifoSendDatamsg
                0x00000000020071cc       0x90 /opt/devkitpro/libnds/lib/libnds9.a(fifosystem.o)
                0x00000000020071cc                fifoSendDatamsg
 .text.fifoGetDatamsg
                0x000000000200725c       0xf4 /opt/devkitpro/libnds/lib/libnds9.a(fifosystem.o)
                0x000000000200725c                fifoGetDatamsg
 .text.fifoInternalRecvInterrupt
                0x0000000002007350      0x380 /opt/devkitpro/libnds/lib/libnds9.a(fifosystem.o)
 .text.fifoSetDatamsgHandler
                0x00000000020076d0       0x9c /opt/devkitpro/libnds/lib/libnds9.a(fifosystem.o)
                0x00000000020076d0                fifoSetDatamsgHandler
 .text.fifoInit
                0x000000000200776c       0xf8 /opt/devkitpro/libnds/lib/libnds9.a(fifosystem.o)
                0x000000000200776c                fifoInit
 .text.DC_FlushRange
                0x0000000002007864       0x24 /opt/devkitpro/libnds/lib/libnds9.a(dcache.o)
                0x0000000002007864                DC_FlushRange
 .text.__libnds_mpu_setup
                0x0000000002007888      0x174 /opt/devkitpro/libnds/lib/libnds9.a(mpu_setup.o)
                0x0000000002007888                __libnds_mpu_setup
 .text.memUncached
                0x00000000020079fc       0x20 /opt/devkitpro/libnds/lib/libnds9.a(mpu_setup.o)
                0x00000000020079fc                memUncached
 .text.swiWaitForVBlank
                0x0000000002007a1c        0x8 /opt/devkitpro/libnds/lib/libnds9.a(IntrWait.o)
                0x0000000002007a1c                swiWaitForVBlank
 .text.swiIntrWait
                0x0000000002007a24       0x70 /opt/devkitpro/libnds/lib/libnds9.a(IntrWait.o)
                0x0000000002007a24                swiIntrWait
 .text.setCpuClock
                0x0000000002007a94       0x50 /opt/devkitpro/libnds/lib/libnds9.a(cpu_clock.o)
                0x0000000002007a94                setCpuClock
 .text.swiSoftReset
                0x0000000002007ae4       0x2c /opt/devkitpro/libnds/lib/libnds9.a(swiSoftReset.o)
                0x0000000002007ae4                swiSoftReset
 .text.swiDelay
                0x0000000002007b10        0x4 /opt/devkitpro/libnds/lib/libnds9.a(biosCalls.o)
                0x0000000002007b10                swiDelay
 .text.swiCopy  0x0000000002007b14        0x4 /opt/devkitpro/libnds/lib/libnds9.a(biosCalls.o)
                0x0000000002007b14                swiCopy
 .text.vramDefault
                0x0000000002007b18       0xd0 /opt/devkitpro/libnds/lib/libnds9.a(video.o)
                0x0000000002007b18                vramDefault
 .text.systemValueHandler
                0x0000000002007be8       0x48 /opt/devkitpro/libnds/lib/libnds9.a(system.o)
                0x0000000002007be8                systemValueHandler
 .text.systemMsgHandler
                0x0000000002007c30       0x60 /opt/devkitpro/libnds/lib/libnds9.a(system.o)
                0x0000000002007c30                systemMsgHandler
 .text.powerOn  0x0000000002007c90       0x2c /opt/devkitpro/libnds/lib/libnds9.a(system.o)
                0x0000000002007c90                powerOn
 .text.sinLutLookup
                0x0000000002007cbc       0x38 /opt/devkitpro/libnds/lib/libnds9.a(trig.o)
                0x0000000002007cbc                sinLutLookup
 .text.sinLerp  0x0000000002007cf4       0x40 /opt/devkitpro/libnds/lib/libnds9.a(trig.o)
                0x0000000002007cf4                sinLerp
 .text.cosLerp  0x0000000002007d34       0x4c /opt/devkitpro/libnds/lib/libnds9.a(trig.o)
                0x0000000002007d34                cosLerp
 .text.atan     0x0000000002007d80      0x334 /opt/devkitpro/devkitARM/bin/../lib/gcc/arm-none-eabi/10.2.0/../../../../arm-none-eabi/lib/thumb/libm.a(lib_a-s_atan.o)
                0x0000000002007d80                atan
 .text.cos      0x00000000020080b4       0xa4 /opt/devkitpro/devkitARM/bin/../lib/gcc/arm-none-eabi/10.2.0/../../../../arm-none-eabi/lib/thumb/libm.a(lib_a-s_cos.o)
                0x00000000020080b4                cos
 .text.fabs     0x0000000002008158        0x8 /opt/devkitpro/devkitARM/bin/../lib/gcc/arm-none-eabi/10.2.0/../../../../arm-none-eabi/lib/thumb/libm.a(lib_a-s_fabs.o)
                0x0000000002008158                fabs
 .text.sin      0x0000000002008160       0xa8 /opt/devkitpro/devkitARM/bin/../lib/gcc/arm-none-eabi/10.2.0/../../../../arm-none-eabi/lib/thumb/libm.a(lib_a-s_sin.o)
                0x0000000002008160                sin
 .text.atan2    0x0000000002008208        0xc /opt/devkitpro/devkitARM/bin/../lib/gcc/arm-none-eabi/10.2.0/../../../../arm-none-eabi/lib/thumb/libm.a(lib_a-w_atan2.o)
                0x0000000002008208                atan2
 .text.sqrt     0x0000000002008214       0x64 /opt/devkitpro/devkitARM/bin/../lib/gcc/arm-none-eabi/10.2.0/../../../../arm-none-eabi/lib/thumb/libm.a(lib_a-w_sqrt.o)
                0x0000000002008214                sqrt
 .text.__ieee754_atan2
                0x0000000002008278      0x17c /opt/devkitpro/devkitARM/bin/../lib/gcc/arm-none-eabi/10.2.0/../../../../arm-none-eabi/lib/thumb/libm.a(lib_a-e_atan2.o)
                0x0000000002008278                __ieee754_atan2
 .text.__ieee754_rem_pio2
                0x00000000020083f4      0x420 /opt/devkitpro/devkitARM/bin/../lib/gcc/arm-none-eabi/10.2.0/../../../../arm-none-eabi/lib/thumb/libm.a(lib_a-e_rem_pio2.o)
                0x00000000020083f4                __ieee754_rem_pio2
 .text.__ieee754_sqrt
                0x0000000002008814      0x1a4 /opt/devkitpro/devkitARM/bin/../lib/gcc/arm-none-eabi/10.2.0/../../../../arm-none-eabi/lib/thumb/libm.a(lib_a-e_sqrt.o)
                0x0000000002008814                __ieee754_sqrt
 .text.__kernel_cos
                0x00000000020089b8      0x234 /opt/devkitpro/devkitARM/bin/../lib/gcc/arm-none-eabi/10.2.0/../../../../arm-none-eabi/lib/thumb/libm.a(lib_a-k_cos.o)
                0x00000000020089b8                __kernel_cos
 .text.__kernel_rem_pio2
                0x0000000002008bec      0x8d8 /opt/devkitpro/devkitARM/bin/../lib/gcc/arm-none-eabi/10.2.0/../../../../arm-none-eabi/lib/thumb/libm.a(lib_a-k_rem_pio2.o)
                0x0000000002008bec                __kernel_rem_pio2
 .text.__kernel_sin
                0x00000000020094c4      0x170 /opt/devkitpro/devkitARM/bin/../lib/gcc/arm-none-eabi/10.2.0/../../../../arm-none-eabi/lib/thumb/libm.a(lib_a-k_sin.o)
                0x00000000020094c4                __kernel_sin
 .text.floor    0x0000000002009634      0x13c /opt/devkitpro/devkitARM/bin/../lib/gcc/arm-none-eabi/10.2.0/../../../../arm-none-eabi/lib/thumb/libm.a(lib_a-s_floor.o)
                0x0000000002009634                floor
 .text.scalbn   0x0000000002009770       0xfc /opt/devkitpro/devkitARM/bin/../lib/gcc/arm-none-eabi/10.2.0/../../../../arm-none-eabi/lib/thumb/libm.a(lib_a-s_scalbn.o)
                0x0000000002009770                scalbn
 .text.__errno  0x000000000200986c        0xc /opt/devkitpro/devkitARM/bin/../lib/gcc/arm-none-eabi/10.2.0/../../../../arm-none-eabi/lib/thumb/libg.a(lib_a-errno.o)
                0x000000000200986c                __errno
 .text._fclose_r
                0x0000000002009878       0xe8 /opt/devkitpro/devkitARM/bin/../lib/gcc/arm-none-eabi/10.2.0/../../../../arm-none-eabi/lib/thumb/libg.a(lib_a-fclose.o)
                0x0000000002009878                _fclose_r
 .text.fclose   0x0000000002009960       0x14 /opt/devkitpro/devkitARM/bin/../lib/gcc/arm-none-eabi/10.2.0/../../../../arm-none-eabi/lib/thumb/libg.a(lib_a-fclose.o)
                0x0000000002009960                fclose
 .text.__sflush_r
                0x0000000002009974      0x1c0 /opt/devkitpro/devkitARM/bin/../lib/gcc/arm-none-eabi/10.2.0/../../../../arm-none-eabi/lib/thumb/libg.a(lib_a-fflush.o)
                0x0000000002009974                __sflush_r
 .text._fflush_r
                0x0000000002009b34       0x70 /opt/devkitpro/devkitARM/bin/../lib/gcc/arm-none-eabi/10.2.0/../../../../arm-none-eabi/lib/thumb/libg.a(lib_a-fflush.o)
                0x0000000002009b34                _fflush_r
 .text.fflush   0x0000000002009ba4       0x2c /opt/devkitpro/devkitARM/bin/../lib/gcc/arm-none-eabi/10.2.0/../../../../arm-none-eabi/lib/thumb/libg.a(lib_a-fflush.o)
                0x0000000002009ba4                fflush
 .text._cleanup_r
                0x0000000002009bd0       0x14 /opt/devkitpro/devkitARM/bin/../lib/gcc/arm-none-eabi/10.2.0/../../../../arm-none-eabi/lib/thumb/libg.a(lib_a-findfp.o)
                0x0000000002009bd0                _cleanup_r
 .text.__sinit  0x0000000002009be4      0x124 /opt/devkitpro/devkitARM/bin/../lib/gcc/arm-none-eabi/10.2.0/../../../../arm-none-eabi/lib/thumb/libg.a(lib_a-findfp.o)
                0x0000000002009be4                __sinit
 .text.__sfp    0x0000000002009d08       0xdc /opt/devkitpro/devkitARM/bin/../lib/gcc/arm-none-eabi/10.2.0/../../../../arm-none-eabi/lib/thumb/libg.a(lib_a-findfp.o)
                0x0000000002009d08                __sfp
 .text.__sfp_lock_acquire
                0x0000000002009de4       0x14 /opt/devkitpro/devkitARM/bin/../lib/gcc/arm-none-eabi/10.2.0/../../../../arm-none-eabi/lib/thumb/libg.a(lib_a-findfp.o)
                0x0000000002009de4                __sfp_lock_acquire
 .text.__sfp_lock_release
                0x0000000002009df8       0x14 /opt/devkitpro/devkitARM/bin/../lib/gcc/arm-none-eabi/10.2.0/../../../../arm-none-eabi/lib/thumb/libg.a(lib_a-findfp.o)
                0x0000000002009df8                __sfp_lock_release
 .text._fopen_r
                0x0000000002009e0c       0xb8 /opt/devkitpro/devkitARM/bin/../lib/gcc/arm-none-eabi/10.2.0/../../../../arm-none-eabi/lib/thumb/libg.a(lib_a-fopen.o)
                0x0000000002009e0c                _fopen_r
 .text.fopen    0x0000000002009ec4       0x18 /opt/devkitpro/devkitARM/bin/../lib/gcc/arm-none-eabi/10.2.0/../../../../arm-none-eabi/lib/thumb/libg.a(lib_a-fopen.o)
                0x0000000002009ec4                fopen
 .text._fread_r
                0x0000000002009edc      0x1f0 /opt/devkitpro/devkitARM/bin/../lib/gcc/arm-none-eabi/10.2.0/../../../../arm-none-eabi/lib/thumb/libg.a(lib_a-fread.o)
                0x0000000002009edc                _fread_r
 .text.fread    0x000000000200a0cc       0x24 /opt/devkitpro/devkitARM/bin/../lib/gcc/arm-none-eabi/10.2.0/../../../../arm-none-eabi/lib/thumb/libg.a(lib_a-fread.o)
                0x000000000200a0cc                fread
 .text._malloc_trim_r
                0x000000000200a0f0       0xa0 /opt/devkitpro/devkitARM/bin/../lib/gcc/arm-none-eabi/10.2.0/../../../../arm-none-eabi/lib/thumb/libg.a(lib_a-freer.o)
                0x000000000200a0f0                _malloc_trim_r
 .text._free_r  0x000000000200a190      0x1e0 /opt/devkitpro/devkitARM/bin/../lib/gcc/arm-none-eabi/10.2.0/../../../../arm-none-eabi/lib/thumb/libg.a(lib_a-freer.o)
                0x000000000200a190                _free_r
 .text._fseek_r
                0x000000000200a370       0x18 /opt/devkitpro/devkitARM/bin/../lib/gcc/arm-none-eabi/10.2.0/../../../../arm-none-eabi/lib/thumb/libg.a(lib_a-fseek.o)
                0x000000000200a370                _fseek_r
 .text.fseek    0x000000000200a388       0x24 /opt/devkitpro/devkitARM/bin/../lib/gcc/arm-none-eabi/10.2.0/../../../../arm-none-eabi/lib/thumb/libg.a(lib_a-fseek.o)
                0x000000000200a388                fseek
 .text._fseeko_r
                0x000000000200a3ac      0x39c /opt/devkitpro/devkitARM/bin/../lib/gcc/arm-none-eabi/10.2.0/../../../../arm-none-eabi/lib/thumb/libg.a(lib_a-fseeko.o)
                0x000000000200a3ac                _fseeko_r
 .text._ftello_r
                0x000000000200a748      0x118 /opt/devkitpro/devkitARM/bin/../lib/gcc/arm-none-eabi/10.2.0/../../../../arm-none-eabi/lib/thumb/libg.a(lib_a-ftello.o)
                0x000000000200a748                _ftello_r
 .text._fwalk   0x000000000200a860       0x48 /opt/devkitpro/devkitARM/bin/../lib/gcc/arm-none-eabi/10.2.0/../../../../arm-none-eabi/lib/thumb/libg.a(lib_a-fwalk.o)
                0x000000000200a860                _fwalk
 .text._fwalk_reent
                0x000000000200a8a8       0x50 /opt/devkitpro/devkitARM/bin/../lib/gcc/arm-none-eabi/10.2.0/../../../../arm-none-eabi/lib/thumb/libg.a(lib_a-fwalk.o)
                0x000000000200a8a8                _fwalk_reent
 .text.__libc_init_array
                0x000000000200a8f8       0x50 /opt/devkitpro/devkitARM/bin/../lib/gcc/arm-none-eabi/10.2.0/../../../../arm-none-eabi/lib/thumb/libg.a(lib_a-init.o)
                0x000000000200a8f8                __libc_init_array
 .text.__smakebuf_r
                0x000000000200a948       0xec /opt/devkitpro/devkitARM/bin/../lib/gcc/arm-none-eabi/10.2.0/../../../../arm-none-eabi/lib/thumb/libg.a(lib_a-makebuf.o)
                0x000000000200a948                __smakebuf_r
 .text.malloc   0x000000000200aa34       0x14 /opt/devkitpro/devkitARM/bin/../lib/gcc/arm-none-eabi/10.2.0/../../../../arm-none-eabi/lib/thumb/libg.a(lib_a-malloc.o)
                0x000000000200aa34                malloc
 .text.free     0x000000000200aa48       0x14 /opt/devkitpro/devkitARM/bin/../lib/gcc/arm-none-eabi/10.2.0/../../../../arm-none-eabi/lib/thumb/libg.a(lib_a-malloc.o)
                0x000000000200aa48                free
 .text._malloc_r
                0x000000000200aa5c      0x59c /opt/devkitpro/devkitARM/bin/../lib/gcc/arm-none-eabi/10.2.0/../../../../arm-none-eabi/lib/thumb/libg.a(lib_a-mallocr.o)
                0x000000000200aa5c                _malloc_r
 .text.memcpy   0x000000000200aff8       0xa8 /opt/devkitpro/devkitARM/bin/../lib/gcc/arm-none-eabi/10.2.0/../../../../arm-none-eabi/lib/thumb/libg.a(lib_a-memcpy-stub.o)
                0x000000000200aff8                memcpy
 .text.memset   0x000000000200b0a0       0xb0 /opt/devkitpro/devkitARM/bin/../lib/gcc/arm-none-eabi/10.2.0/../../../../arm-none-eabi/lib/thumb/libg.a(lib_a-memset.o)
                0x000000000200b0a0                memset
 .text.__malloc_lock
                0x000000000200b150       0x14 /opt/devkitpro/devkitARM/bin/../lib/gcc/arm-none-eabi/10.2.0/../../../../arm-none-eabi/lib/thumb/libg.a(lib_a-mlock.o)
                0x000000000200b150                __malloc_lock
 .text.__malloc_unlock
                0x000000000200b164       0x14 /opt/devkitpro/devkitARM/bin/../lib/gcc/arm-none-eabi/10.2.0/../../../../arm-none-eabi/lib/thumb/libg.a(lib_a-mlock.o)
                0x000000000200b164                __malloc_unlock
 .text.realloc  0x000000000200b178       0x18 /opt/devkitpro/devkitARM/bin/../lib/gcc/arm-none-eabi/10.2.0/../../../../arm-none-eabi/lib/thumb/libg.a(lib_a-realloc.o)
                0x000000000200b178                realloc
 .text._realloc_r
                0x000000000200b190      0x38c /opt/devkitpro/devkitARM/bin/../lib/gcc/arm-none-eabi/10.2.0/../../../../arm-none-eabi/lib/thumb/libg.a(lib_a-reallocr.o)
                0x000000000200b190                _realloc_r
 .text.lflush   0x000000000200b51c       0x20 /opt/devkitpro/devkitARM/bin/../lib/gcc/arm-none-eabi/10.2.0/../../../../arm-none-eabi/lib/thumb/libg.a(lib_a-refill.o)
 .text.__srefill_r
                0x000000000200b53c      0x118 /opt/devkitpro/devkitARM/bin/../lib/gcc/arm-none-eabi/10.2.0/../../../../arm-none-eabi/lib/thumb/libg.a(lib_a-refill.o)
                0x000000000200b53c                __srefill_r
 .text.__sread  0x000000000200b654       0x34 /opt/devkitpro/devkitARM/bin/../lib/gcc/arm-none-eabi/10.2.0/../../../../arm-none-eabi/lib/thumb/libg.a(lib_a-stdio.o)
                0x000000000200b654                __sread
 .text.__swrite
                0x000000000200b688       0x54 /opt/devkitpro/devkitARM/bin/../lib/gcc/arm-none-eabi/10.2.0/../../../../arm-none-eabi/lib/thumb/libg.a(lib_a-stdio.o)
                0x000000000200b688                __swrite
 .text.__sseek  0x000000000200b6dc       0x40 /opt/devkitpro/devkitARM/bin/../lib/gcc/arm-none-eabi/10.2.0/../../../../arm-none-eabi/lib/thumb/libg.a(lib_a-stdio.o)
                0x000000000200b6dc                __sseek
 .text.__sclose
                0x000000000200b71c       0x10 /opt/devkitpro/devkitARM/bin/../lib/gcc/arm-none-eabi/10.2.0/../../../../arm-none-eabi/lib/thumb/libg.a(lib_a-stdio.o)
                0x000000000200b71c                __sclose
 .text.__sflags
                0x000000000200b72c       0xa4 /opt/devkitpro/devkitARM/bin/../lib/gcc/arm-none-eabi/10.2.0/../../../../arm-none-eabi/lib/thumb/libg.a(lib_a-flags.o)
                0x000000000200b72c                __sflags
 .text.memmove  0x000000000200b7d0       0xbc /opt/devkitpro/devkitARM/bin/../lib/gcc/arm-none-eabi/10.2.0/../../../../arm-none-eabi/lib/thumb/libg.a(lib_a-memmove.o)
                0x000000000200b7d0                memmove
 .text._fstat_r
                0x000000000200b88c       0x4c /opt/devkitpro/devkitARM/bin/../lib/gcc/arm-none-eabi/10.2.0/../../../../arm-none-eabi/lib/thumb/libsysbase.a(fstat.o)
                0x000000000200b88c                _fstat_r
 .text._isatty_r
                0x000000000200b8d8        0x4 /opt/devkitpro/devkitARM/bin/../lib/gcc/arm-none-eabi/10.2.0/../../../../arm-none-eabi/lib/thumb/libsysbase.a(isatty.o)
                0x000000000200b8d8                _isatty_r
 .text._lseek_r
                0x000000000200b8dc       0x5c /opt/devkitpro/devkitARM/bin/../lib/gcc/arm-none-eabi/10.2.0/../../../../arm-none-eabi/lib/thumb/libsysbase.a(lseek.o)
                0x000000000200b8dc                _lseek_r
 .text._open_r  0x000000000200b938       0x9c /opt/devkitpro/devkitARM/bin/../lib/gcc/arm-none-eabi/10.2.0/../../../../arm-none-eabi/lib/thumb/libsysbase.a(open.o)
                0x000000000200b938                _open_r
 .text._read_r  0x000000000200b9d4       0x50 /opt/devkitpro/devkitARM/bin/../lib/gcc/arm-none-eabi/10.2.0/../../../../arm-none-eabi/lib/thumb/libsysbase.a(read.o)
                0x000000000200b9d4                _read_r
 .text._sbrk_r  0x000000000200ba24       0x54 /opt/devkitpro/devkitARM/bin/../lib/gcc/arm-none-eabi/10.2.0/../../../../arm-none-eabi/lib/thumb/libsysbase.a(sbrk.o)
                0x000000000200ba24                _sbrk_r
 .text._write_r
                0x000000000200ba78       0x50 /opt/devkitpro/devkitARM/bin/../lib/gcc/arm-none-eabi/10.2.0/../../../../arm-none-eabi/lib/thumb/libsysbase.a(write.o)
                0x000000000200ba78                _write_r
 .text.build_argv
                0x000000000200bac8       0x4c /opt/devkitpro/devkitARM/bin/../lib/gcc/arm-none-eabi/10.2.0/../../../../arm-none-eabi/lib/thumb/libsysbase.a(build_argv.o)
                0x000000000200bac8                build_argv
 .text.__flockfile
                0x000000000200bb14       0x10 /opt/devkitpro/devkitARM/bin/../lib/gcc/arm-none-eabi/10.2.0/../../../../arm-none-eabi/lib/thumb/libsysbase.a(flock.o)
                0x000000000200bb14                __flockfile
 .text.__funlockfile
                0x000000000200bb24       0x10 /opt/devkitpro/devkitARM/bin/../lib/gcc/arm-none-eabi/10.2.0/../../../../arm-none-eabi/lib/thumb/libsysbase.a(flock.o)
                0x000000000200bb24                __funlockfile
 .text.__libc_lock_acquire
                0x000000000200bb34       0x1c /opt/devkitpro/devkitARM/bin/../lib/gcc/arm-none-eabi/10.2.0/../../../../arm-none-eabi/lib/thumb/libsysbase.a(syscall_support.o)
                0x000000000200bb34                __libc_lock_acquire
 .text.__libc_lock_release
                0x000000000200bb50       0x1c /opt/devkitpro/devkitARM/bin/../lib/gcc/arm-none-eabi/10.2.0/../../../../arm-none-eabi/lib/thumb/libsysbase.a(syscall_support.o)
                0x000000000200bb50                __libc_lock_release
 .text.__libc_lock_init_recursive
                0x000000000200bb6c       0x1c /opt/devkitpro/devkitARM/bin/../lib/gcc/arm-none-eabi/10.2.0/../../../../arm-none-eabi/lib/thumb/libsysbase.a(syscall_support.o)
                0x000000000200bb6c                __libc_lock_init_recursive
 .text.__libc_lock_acquire_recursive
                0x000000000200bb88       0x1c /opt/devkitpro/devkitARM/bin/../lib/gcc/arm-none-eabi/10.2.0/../../../../arm-none-eabi/lib/thumb/libsysbase.a(syscall_support.o)
                0x000000000200bb88                __libc_lock_acquire_recursive
 .text.__libc_lock_release_recursive
                0x000000000200bba4       0x1c /opt/devkitpro/devkitARM/bin/../lib/gcc/arm-none-eabi/10.2.0/../../../../arm-none-eabi/lib/thumb/libsysbase.a(syscall_support.o)
                0x000000000200bba4                __libc_lock_release_recursive
 .text.__libc_lock_close_recursive
                0x000000000200bbc0       0x1c /opt/devkitpro/devkitARM/bin/../lib/gcc/arm-none-eabi/10.2.0/../../../../arm-none-eabi/lib/thumb/libsysbase.a(syscall_support.o)
                0x000000000200bbc0                __libc_lock_close_recursive
 .text.__release_handle
                0x000000000200bbdc       0x68 /opt/devkitpro/devkitARM/bin/../lib/gcc/arm-none-eabi/10.2.0/../../../../arm-none-eabi/lib/thumb/libsysbase.a(handle_manager.o)
                0x000000000200bbdc                __release_handle
 .text.__alloc_handle
                0x000000000200bc44       0x80 /opt/devkitpro/devkitARM/bin/../lib/gcc/arm-none-eabi/10.2.0/../../../../arm-none-eabi/lib/thumb/libsysbase.a(handle_manager.o)
                0x000000000200bc44                __alloc_handle
 .text.__get_handle
                0x000000000200bcc4       0x34 /opt/devkitpro/devkitARM/bin/../lib/gcc/arm-none-eabi/10.2.0/../../../../arm-none-eabi/lib/thumb/libsysbase.a(handle_manager.o)
                0x000000000200bcc4                __get_handle
 .text._close_r
                0x000000000200bcf8       0xb8 /opt/devkitpro/devkitARM/bin/../lib/gcc/arm-none-eabi/10.2.0/../../../../arm-none-eabi/lib/thumb/libsysbase.a(handle_manager.o)
                0x000000000200bcf8                _close_r
 .text.__getreent
                0x000000000200bdb0       0x28 /opt/devkitpro/devkitARM/bin/../lib/gcc/arm-none-eabi/10.2.0/../../../../arm-none-eabi/lib/thumb/libsysbase.a(getreent.o)
                0x000000000200bdb0                __getreent
 .text.null_write
                0x000000000200bdd8        0x4 /opt/devkitpro/devkitARM/bin/../lib/gcc/arm-none-eabi/10.2.0/../../../../arm-none-eabi/lib/thumb/libsysbase.a(iosupport.o)
 .text.FindDevice
                0x000000000200bddc       0x98 /opt/devkitpro/devkitARM/bin/../lib/gcc/arm-none-eabi/10.2.0/../../../../arm-none-eabi/lib/thumb/libsysbase.a(iosupport.o)
                0x000000000200bddc                FindDevice
 .text.strchr   0x000000000200be74       0xc8 /opt/devkitpro/devkitARM/bin/../lib/gcc/arm-none-eabi/10.2.0/../../../../arm-none-eabi/lib/thumb/libg.a(lib_a-strchr.o)
                0x000000000200be74                strchr
 .text.strlen   0x000000000200bf3c       0x60 /opt/devkitpro/devkitARM/bin/../lib/gcc/arm-none-eabi/10.2.0/../../../../arm-none-eabi/lib/thumb/libg.a(lib_a-strlen-stub.o)
                0x000000000200bf3c                strlen
 .text.strncmp  0x000000000200bf9c       0x78 /opt/devkitpro/devkitARM/bin/../lib/gcc/arm-none-eabi/10.2.0/../../../../arm-none-eabi/lib/thumb/libg.a(lib_a-strncmp.o)
                0x000000000200bf9c                strncmp
 *fill*         0x000000000200c014        0x4 ff
 .text.strncmp.__stub
                0x000000000200c018      0x130 linker stubs
 *(EXCLUDE_FILE(*.twl*) .gnu.warning)
 *(EXCLUDE_FILE(*.twl*) .gnu.linkonce.t*)
 *(.glue_7)
 .glue_7        0x000000000200c150        0x0 linker stubs
 *(.glue_7t)
 .glue_7t       0x000000000200c150        0x0 linker stubs
                0x000000000200c150                . = ALIGN (0x4)

.vfp11_veneer   0x000000000200c150        0x0
 .vfp11_veneer  0x000000000200c150        0x0 linker stubs

.v4_bx          0x000000000200c150        0x0
 .v4_bx         0x000000000200c150        0x0 linker stubs

.iplt           0x000000000200c150        0x0
 .iplt          0x000000000200c150        0x0 /opt/devkitpro/devkitARM/bin/../lib/gcc/arm-none-eabi/10.2.0/../../../../arm-none-eabi/lib/thumb/ds_arm9_crt0.o

.fini           0x000000000200c150        0xc
 *(.fini)
 .fini          0x000000000200c150        0x4 /opt/devkitpro/devkitARM/bin/../lib/gcc/arm-none-eabi/10.2.0/thumb/crti.o
                0x000000000200c150                _fini
 .fini          0x000000000200c154        0x8 /opt/devkitpro/devkitARM/bin/../lib/gcc/arm-none-eabi/10.2.0/thumb/crtn.o
                0x000000000200c15c                __text_end = .

.rodata         0x000000000200c160    0xc5020
 *(EXCLUDE_FILE(*.twl*) .rodata)
 .rodata        0x000000000200c160     0x2080 backplate.o
                0x000000000200c160                backplateTiles
                0x000000000200db60                backplateMap
                0x000000000200e160                backplatePal
 .rodata        0x000000000200e1e0     0xc200 crash_earth.o
                0x000000000200e1e0                crash_earthBitmap
                0x000000000201a1e0                crash_earthPal
 .rodata        0x000000000201a3e0     0xc200 crash_moon.o
                0x000000000201a3e0                crash_moonBitmap
                0x00000000020263e0                crash_moonPal
 .rodata        0x00000000020265e0     0xc200 crash_wall.o
                0x00000000020265e0                crash_wallBitmap
                0x00000000020325e0                crash_wallPal
 .rodata        0x00000000020327e0     0x4080 fusee0.o
                0x00000000020327e0                fusee0Bitmap
                0x00000000020367e0                fusee0Pal
 .rodata        0x0000000002036860     0x4080 fusee1.o
                0x0000000002036860                fusee1Bitmap
                0x000000000203a860                fusee1Pal
 .rodata        0x000000000203a8e0     0x4080 fusee2.o
                0x000000000203a8e0                fusee2Bitmap
                0x000000000203e8e0                fusee2Pal
 .rodata        0x000000000203e960     0x4080 horizon.o
                0x000000000203e960                horizonBitmap
                0x0000000002042960                horizonPal
 .rodata        0x00000000020429e0     0x5080 numbers.o
                0x00000000020429e0                numbersTiles
                0x00000000020479e0                numbersPal
 .rodata        0x0000000002047a60     0xc080 planets.o
                0x0000000002047a60                planetsBitmap
                0x0000000002053a60                planetsPal
 .rodata        0x0000000002053ae0      0x240 rocket.o
                0x0000000002053ae0                rocketTiles
                0x0000000002053b20                rocketPal
 .rodata        0x0000000002053d20     0xc200 splash.o
                0x0000000002053d20                splashBitmap
                0x000000000205fd20                splashPal
 .rodata        0x000000000205ff20     0xc200 splash2.o
                0x000000000205ff20                splash2Bitmap
                0x000000000206bf20                splash2Pal
 .rodata        0x000000000206c120       0x14 game.o
 *all.rodata*(*)
 *(EXCLUDE_FILE(*.twl*) .roda)
 *(EXCLUDE_FILE(*.twl*) .rodata.*)
 .rodata.soundbank_bin
                0x000000000206c134    0x64b7c soundbank.bin.o
                0x000000000206c134                soundbank_bin
                0x00000000020d0cb0                soundbank_bin_end
 .rodata.SIN_LUT
                0x00000000020d0cb0      0x102 /opt/devkitpro/libnds/lib/libnds9.a(trig.o)
                0x00000000020d0cb0                SIN_LUT
 *fill*         0x00000000020d0db2        0x6 ff
 .rodata.atanhi
                0x00000000020d0db8       0x20 /opt/devkitpro/devkitARM/bin/../lib/gcc/arm-none-eabi/10.2.0/../../../../arm-none-eabi/lib/thumb/libm.a(lib_a-s_atan.o)
 .rodata.atanlo
                0x00000000020d0dd8       0x20 /opt/devkitpro/devkitARM/bin/../lib/gcc/arm-none-eabi/10.2.0/../../../../arm-none-eabi/lib/thumb/libm.a(lib_a-s_atan.o)
 .rodata.CSWTCH.8
                0x00000000020d0df8       0x18 /opt/devkitpro/devkitARM/bin/../lib/gcc/arm-none-eabi/10.2.0/../../../../arm-none-eabi/lib/thumb/libm.a(lib_a-e_atan2.o)
 .rodata.CSWTCH.9
                0x00000000020d0e10       0x18 /opt/devkitpro/devkitARM/bin/../lib/gcc/arm-none-eabi/10.2.0/../../../../arm-none-eabi/lib/thumb/libm.a(lib_a-e_atan2.o)
 .rodata.npio2_hw
                0x00000000020d0e28       0x80 /opt/devkitpro/devkitARM/bin/../lib/gcc/arm-none-eabi/10.2.0/../../../../arm-none-eabi/lib/thumb/libm.a(lib_a-e_rem_pio2.o)
 .rodata.two_over_pi
                0x00000000020d0ea8      0x108 /opt/devkitpro/devkitARM/bin/../lib/gcc/arm-none-eabi/10.2.0/../../../../arm-none-eabi/lib/thumb/libm.a(lib_a-e_rem_pio2.o)
 .rodata.PIo2   0x00000000020d0fb0       0x40 /opt/devkitpro/devkitARM/bin/../lib/gcc/arm-none-eabi/10.2.0/../../../../arm-none-eabi/lib/thumb/libm.a(lib_a-k_rem_pio2.o)
 .rodata.init_jk
                0x00000000020d0ff0       0x10 /opt/devkitpro/devkitARM/bin/../lib/gcc/arm-none-eabi/10.2.0/../../../../arm-none-eabi/lib/thumb/libm.a(lib_a-k_rem_pio2.o)
 .rodata._global_impure_ptr
                0x00000000020d1000        0x4 /opt/devkitpro/devkitARM/bin/../lib/gcc/arm-none-eabi/10.2.0/../../../../arm-none-eabi/lib/thumb/libg.a(lib_a-impure.o)
                0x00000000020d1000                _global_impure_ptr
 .rodata.AddDevice.str1.4
                0x00000000020d1004        0x8 /opt/devkitpro/devkitARM/bin/../lib/gcc/arm-none-eabi/10.2.0/../../../../arm-none-eabi/lib/thumb/libsysbase.a(iosupport.o)
 .rodata.dotab_stdnull
                0x00000000020d100c       0x70 /opt/devkitpro/devkitARM/bin/../lib/gcc/arm-none-eabi/10.2.0/../../../../arm-none-eabi/lib/thumb/libsysbase.a(iosupport.o)
                0x00000000020d100c                dotab_stdnull
 .rodata._ctype_
                0x00000000020d107c      0x101 /opt/devkitpro/devkitARM/bin/../lib/gcc/arm-none-eabi/10.2.0/../../../../arm-none-eabi/lib/thumb/libg.a(lib_a-ctype_.o)
                0x00000000020d107c                _ctype_
 *(EXCLUDE_FILE(*.twl*) .gnu.linkonce.r*)
                0x00000000020d1180                . = ALIGN (0x4)
 *fill*         0x00000000020d117d        0x3 ff

.ARM.extab
 *(.ARM.extab* .gnu.linkonce.armextab.*)
                0x00000000020d1180                __exidx_start = .

ARM.exidx
 *(.ARM.exidx* .gnu.linkonce.armexidx.*)
                0x00000000020d1180                __exidx_end = .
                0x00000000020d1180                . = ALIGN (0x4)
                0x00000000020d1180                PROVIDE (__preinit_array_start = .)

.preinit_array
 *(.preinit_array)
                0x00000000020d1180                PROVIDE (__preinit_array_end = .)
                0x00000000020d1180                PROVIDE (__init_array_start = .)

.init_array     0x00000000020d1180        0x4
 *(SORT_BY_NAME(.init_array.*))
 *(.init_array)
 .init_array    0x00000000020d1180        0x4 /opt/devkitpro/devkitARM/bin/../lib/gcc/arm-none-eabi/10.2.0/thumb/crtbegin.o
                0x00000000020d1184                PROVIDE (__init_array_end = .)
                [!provide]                        PROVIDE (__fini_array_start = .)

.fini_array     0x00000000020d1184        0x4
 *(.fini_array)
 .fini_array    0x00000000020d1184        0x4 /opt/devkitpro/devkitARM/bin/../lib/gcc/arm-none-eabi/10.2.0/thumb/crtbegin.o
 *(SORT_BY_NAME(.fini_array.*))
                [!provide]                        PROVIDE (__fini_array_end = .)

.ctors          0x00000000020d1188        0x0
 *crtbegin.o(.ctors)
 *(EXCLUDE_FILE(*crtend.o) .ctors)
 *(SORT_BY_NAME(.ctors.*))
 *(.ctors)
                0x00000000020d1188                . = ALIGN (0x4)

.dtors          0x00000000020d1188        0x0
 *crtbegin.o(.dtors)
 *(EXCLUDE_FILE(*crtend.o) .dtors)
 *(SORT_BY_NAME(.dtors.*))
 *(.dtors)
                0x00000000020d1188                . = ALIGN (0x4)

.eh_frame       0x00000000020d1188        0x4
 *(.eh_frame)
 .eh_frame      0x00000000020d1188        0x0 /opt/devkitpro/devkitARM/bin/../lib/gcc/arm-none-eabi/10.2.0/thumb/crtbegin.o
 .eh_frame      0x00000000020d1188        0x4 /opt/devkitpro/devkitARM/bin/../lib/gcc/arm-none-eabi/10.2.0/thumb/crtend.o
                0x00000000020d118c                . = ALIGN (0x4)

.rel.dyn        0x00000000020d118c        0x0
 .rel.iplt      0x00000000020d118c        0x0 /opt/devkitpro/devkitARM/bin/../lib/gcc/arm-none-eabi/10.2.0/../../../../arm-none-eabi/lib/thumb/ds_arm9_crt0.o

.gcc_except_table
                0x00000000020d118c        0x0
 *(.gcc_except_table)
                0x00000000020d118c                . = ALIGN (0x4)

.jcr
 *(.jcr)

.got
 *(.got.plt)
 *(.got)
 *(.rel.got)

.ewram          0x00000000020d118c        0x0
                0x00000000020d118c                __ewram_start = ABSOLUTE (.)
 *(.ewram)
 *ewram.*(.text)
                0x00000000020d118c                . = ALIGN (0x4)

.data           0x00000000020d118c     0x19a8
                0x00000000020d118c                __data_start = ABSOLUTE (.)
 *(EXCLUDE_FILE(*.twl*) .data)
 .data          0x00000000020d118c       0x28 /opt/devkitpro/libnds/lib/libnds9.a(mpu_setup.o)
 *(EXCLUDE_FILE(*.twl*) .data.*)
 .data.oamMain  0x00000000020d11b4       0x18 /opt/devkitpro/libnds/lib/libnds9.a(sprite.o)
                0x00000000020d11b4                oamMain
 .data.count    0x00000000020d11cc        0x1 /opt/devkitpro/libnds/lib/libnds9.a(keys.o)
 .data.delay    0x00000000020d11cd        0x1 /opt/devkitpro/libnds/lib/libnds9.a(keys.o)
 .data.repeat   0x00000000020d11ce        0x1 /opt/devkitpro/libnds/lib/libnds9.a(keys.o)
 *fill*         0x00000000020d11cf        0x1 ff
 .data.fifo_buffer_free
                0x00000000020d11d0        0x4 /opt/devkitpro/libnds/lib/libnds9.a(fifosystem.o)
                0x00000000020d11d0                fifo_buffer_free
 .data.fifo_freewords
                0x00000000020d11d4        0x4 /opt/devkitpro/libnds/lib/libnds9.a(fifosystem.o)
                0x00000000020d11d4                fifo_freewords
 .data.fifo_receive_queue
                0x00000000020d11d8        0x4 /opt/devkitpro/libnds/lib/libnds9.a(fifosystem.o)
                0x00000000020d11d8                fifo_receive_queue
 .data.fifo_send_queue
                0x00000000020d11dc        0x4 /opt/devkitpro/libnds/lib/libnds9.a(fifosystem.o)
                0x00000000020d11dc                fifo_send_queue
 .data.__fdlib_version
                0x00000000020d11e0        0x1 /opt/devkitpro/devkitARM/bin/../lib/gcc/arm-none-eabi/10.2.0/../../../../arm-none-eabi/lib/thumb/libm.a(lib_a-s_lib_ver.o)
                0x00000000020d11e0                __fdlib_version
 *fill*         0x00000000020d11e1        0x3 ff
 .data.__sfp_recursive_mutex
                0x00000000020d11e4        0xc /opt/devkitpro/devkitARM/bin/../lib/gcc/arm-none-eabi/10.2.0/../../../../arm-none-eabi/lib/thumb/libg.a(lib_a-findfp.o)
 .data.__sinit_recursive_mutex
                0x00000000020d11f0        0xc /opt/devkitpro/devkitARM/bin/../lib/gcc/arm-none-eabi/10.2.0/../../../../arm-none-eabi/lib/thumb/libg.a(lib_a-findfp.o)
 .data._impure_ptr
                0x00000000020d11fc        0x4 /opt/devkitpro/devkitARM/bin/../lib/gcc/arm-none-eabi/10.2.0/../../../../arm-none-eabi/lib/thumb/libg.a(lib_a-impure.o)
                0x00000000020d11fc                _impure_ptr
 .data.impure_data
                0x00000000020d1200      0x460 /opt/devkitpro/devkitARM/bin/../lib/gcc/arm-none-eabi/10.2.0/../../../../arm-none-eabi/lib/thumb/libg.a(lib_a-impure.o)
 .data.__malloc_av_
                0x00000000020d1660      0x408 /opt/devkitpro/devkitARM/bin/../lib/gcc/arm-none-eabi/10.2.0/../../../../arm-none-eabi/lib/thumb/libg.a(lib_a-mallocr.o)
                0x00000000020d1660                __malloc_av_
 .data.__malloc_sbrk_base
                0x00000000020d1a68        0x4 /opt/devkitpro/devkitARM/bin/../lib/gcc/arm-none-eabi/10.2.0/../../../../arm-none-eabi/lib/thumb/libg.a(lib_a-mallocr.o)
                0x00000000020d1a68                __malloc_sbrk_base
 .data.__malloc_trim_threshold
                0x00000000020d1a6c        0x4 /opt/devkitpro/devkitARM/bin/../lib/gcc/arm-none-eabi/10.2.0/../../../../arm-none-eabi/lib/thumb/libg.a(lib_a-mallocr.o)
                0x00000000020d1a6c                __malloc_trim_threshold
 .data.__malloc_recursive_mutex
                0x00000000020d1a70        0xc /opt/devkitpro/devkitARM/bin/../lib/gcc/arm-none-eabi/10.2.0/../../../../arm-none-eabi/lib/thumb/libg.a(lib_a-mlock.o)
 .data.__hndl_lock
                0x00000000020d1a7c        0x4 /opt/devkitpro/devkitARM/bin/../lib/gcc/arm-none-eabi/10.2.0/../../../../arm-none-eabi/lib/thumb/libsysbase.a(handle_manager.o)
 .data.__stderr_handle
                0x00000000020d1a80        0xc /opt/devkitpro/devkitARM/bin/../lib/gcc/arm-none-eabi/10.2.0/../../../../arm-none-eabi/lib/thumb/libsysbase.a(handle_manager.o)
 .data.__stdin_handle
                0x00000000020d1a8c        0xc /opt/devkitpro/devkitARM/bin/../lib/gcc/arm-none-eabi/10.2.0/../../../../arm-none-eabi/lib/thumb/libsysbase.a(handle_manager.o)
 .data.__stdout_handle
                0x00000000020d1a98        0xc /opt/devkitpro/devkitARM/bin/../lib/gcc/arm-none-eabi/10.2.0/../../../../arm-none-eabi/lib/thumb/libsysbase.a(handle_manager.o)
 .data.handles  0x00000000020d1aa4     0x1000 /opt/devkitpro/devkitARM/bin/../lib/gcc/arm-none-eabi/10.2.0/../../../../arm-none-eabi/lib/thumb/libsysbase.a(handle_manager.o)
 .data.defaultDevice
                0x00000000020d2aa4        0x4 /opt/devkitpro/devkitARM/bin/../lib/gcc/arm-none-eabi/10.2.0/../../../../arm-none-eabi/lib/thumb/libsysbase.a(iosupport.o)
 .data.devoptab_list
                0x00000000020d2aa8       0x8c /opt/devkitpro/devkitARM/bin/../lib/gcc/arm-none-eabi/10.2.0/../../../../arm-none-eabi/lib/thumb/libsysbase.a(iosupport.o)
                0x00000000020d2aa8                devoptab_list
 *(EXCLUDE_FILE(*.twl*) .gnu.linkonce.d*)
                0x00000000020d2b34                . = ALIGN (0x4)
                0x00000000020d2b34                __data_end = ABSOLUTE (.)
                0x00000000020d2b34                __bss_vma = .

.igot.plt       0x00000000020d2b34        0x0
 .igot.plt      0x00000000020d2b34        0x0 /opt/devkitpro/devkitARM/bin/../lib/gcc/arm-none-eabi/10.2.0/../../../../arm-none-eabi/lib/thumb/ds_arm9_crt0.o

.dtcm           0x0000000002ff0000        0x0 load address 0x00000000020d2b34
                0x00000000020d2b34                __dtcm_lma = LOADADDR (.dtcm)
                0x0000000002ff0000                __dtcm_start = ABSOLUTE (.)
 *(.dtcm)
 *(.dtcm.*)
                0x0000000002ff0000                . = ALIGN (0x4)
                0x0000000002ff0000                __dtcm_end = ABSOLUTE (.)

.itcm           0x0000000001000100      0x194 load address 0x00000000020d2b34
                0x00000000020d2b34                __itcm_lma = LOADADDR (.itcm)
                0x0000000001000100                __itcm_start = ABSOLUTE (.)
 *(.itcm)
 .itcm          0x0000000001000100       0xc8 /opt/devkitpro/libnds/lib/libnds9.a(interrupts.o)
                0x0000000001000100                irqTable
 .itcm          0x00000000010001c8       0xcc /opt/devkitpro/libnds/lib/libnds9.a(interruptDispatcher.o)
                0x00000000010001c8                IntrMain
 *.itcm*(.text .stub .text.*)
                0x0000000001000294                . = ALIGN (0x4)
                0x0000000001000294                __itcm_end = ABSOLUTE (.)

.vectors        0x0000000001000000        0x0 load address 0x00000000020d2cc8
                0x00000000020d2cc8                __vectors_lma = LOADADDR (.vectors)
                0x0000000001000000                __vectors_start = ABSOLUTE (.)
 *(.vectors .vectors.*)
                0x0000000001000000                . = ALIGN (0x4)
                0x0000000001000000                __vectors_end = ABSOLUTE (.)

.sbss           0x0000000002ff0000        0x0
                0x0000000002ff0000                __sbss_start = ABSOLUTE (.)
                0x0000000002ff0000                __sbss_start__ = ABSOLUTE (.)
 *(.sbss)
                0x0000000002ff0000                . = ALIGN (0x4)
                0x0000000002ff0000                __sbss_end = ABSOLUTE (.)

.bss            0x00000000020d2b34      0xfe4
                0x00000000020d2b34                __bss_start = ABSOLUTE (.)
                0x00000000020d2b34                __bss_start__ = ABSOLUTE (.)
 *(EXCLUDE_FILE(*.twl*) .dynbss)
 *(EXCLUDE_FILE(*.twl*) .gnu.linkonce.b*)
 *(EXCLUDE_FILE(*.twl*) .bss*)
 .bss.completed.1
                0x00000000020d2b34        0x1 /opt/devkitpro/devkitARM/bin/../lib/gcc/arm-none-eabi/10.2.0/thumb/crtbegin.o
 *fill*         0x00000000020d2b35        0x3 
 .bss.object.0  0x00000000020d2b38       0x18 /opt/devkitpro/devkitARM/bin/../lib/gcc/arm-none-eabi/10.2.0/thumb/crtbegin.o
 .bss           0x00000000020d2b50        0x8 graphics_main.o
 .bss           0x00000000020d2b58        0xc graphics_sub.o
 .bss           0x00000000020d2b64       0x60 main.o
 .bss.OamMemory
                0x00000000020d2bc4      0x400 /opt/devkitpro/libnds/lib/libnds9.a(sprite.o)
                0x00000000020d2bc4                OamMemory
 .bss.keys      0x00000000020d2fc4        0x2 /opt/devkitpro/libnds/lib/libnds9.a(keys.o)
 .bss.keysold   0x00000000020d2fc6        0x2 /opt/devkitpro/libnds/lib/libnds9.a(keys.o)
 .bss.keysrepeat
                0x00000000020d2fc8        0x2 /opt/devkitpro/libnds/lib/libnds9.a(keys.o)
 .bss.__dsimode
                0x00000000020d2fca        0x1 /opt/devkitpro/libnds/lib/libnds9.a(initSystem.o)
                0x00000000020d2fca                __dsimode
 *fill*         0x00000000020d2fcb        0x1 
 .bss.punixTime
                0x00000000020d2fcc        0x4 /opt/devkitpro/libnds/lib/libnds9.a(timeSupport.o)
                0x00000000020d2fcc                punixTime
 .bss.fifo_address_data
                0x00000000020d2fd0       0x40 /opt/devkitpro/libnds/lib/libnds9.a(fifosystem.o)
                0x00000000020d2fd0                fifo_address_data
 .bss.fifo_address_func
                0x00000000020d3010       0x40 /opt/devkitpro/libnds/lib/libnds9.a(fifosystem.o)
                0x00000000020d3010                fifo_address_func
 .bss.fifo_address_queue
                0x00000000020d3050       0x40 /opt/devkitpro/libnds/lib/libnds9.a(fifosystem.o)
                0x00000000020d3050                fifo_address_queue
 .bss.fifo_buffer
                0x00000000020d3090      0x800 /opt/devkitpro/libnds/lib/libnds9.a(fifosystem.o)
                0x00000000020d3090                fifo_buffer
 .bss.fifo_data_queue
                0x00000000020d3890       0x40 /opt/devkitpro/libnds/lib/libnds9.a(fifosystem.o)
                0x00000000020d3890                fifo_data_queue
 .bss.fifo_datamsg_data
                0x00000000020d38d0       0x40 /opt/devkitpro/libnds/lib/libnds9.a(fifosystem.o)
                0x00000000020d38d0                fifo_datamsg_data
 .bss.fifo_datamsg_func
                0x00000000020d3910       0x40 /opt/devkitpro/libnds/lib/libnds9.a(fifosystem.o)
                0x00000000020d3910                fifo_datamsg_func
 .bss.fifo_value32_data
                0x00000000020d3950       0x40 /opt/devkitpro/libnds/lib/libnds9.a(fifosystem.o)
                0x00000000020d3950                fifo_value32_data
 .bss.fifo_value32_func
                0x00000000020d3990       0x40 /opt/devkitpro/libnds/lib/libnds9.a(fifosystem.o)
                0x00000000020d3990                fifo_value32_func
 .bss.fifo_value32_queue
                0x00000000020d39d0       0x40 /opt/devkitpro/libnds/lib/libnds9.a(fifosystem.o)
                0x00000000020d39d0                fifo_value32_queue
 .bss.processing
                0x00000000020d3a10        0x4 /opt/devkitpro/libnds/lib/libnds9.a(fifosystem.o)
                0x00000000020d3a10                processing
 .bss.SDcallback
                0x00000000020d3a14        0x4 /opt/devkitpro/libnds/lib/libnds9.a(system.o)
 .bss           0x00000000020d3a18       0x18 /opt/devkitpro/libnds/lib/libmm9.a(mm_comms.o)
 .bss           0x00000000020d3a30       0x19 /opt/devkitpro/libnds/lib/libmm9.a(mm_main9.o)
                0x00000000020d3a30                mmcbMemory
                0x00000000020d3a34                mmModuleCount
                0x00000000020d3a38                mmSampleCount
                0x00000000020d3a3c                mmMemoryBank
                0x00000000020d3a3c                mmModuleBank
                0x00000000020d3a40                mmSampleBank
                0x00000000020d3a44                mmCallback
                0x00000000020d3a48                mmActiveStatus
 *fill*         0x00000000020d3a49        0x3 
 .bss           0x00000000020d3a4c       0x44 /opt/devkitpro/libnds/lib/libmm9.a(mm_soundbank.o)
 .bss.__malloc_current_mallinfo
                0x00000000020d3a90       0x28 /opt/devkitpro/devkitARM/bin/../lib/gcc/arm-none-eabi/10.2.0/../../../../arm-none-eabi/lib/thumb/libg.a(lib_a-mallocr.o)
                0x00000000020d3a90                __malloc_current_mallinfo
 .bss.__malloc_max_sbrked_mem
                0x00000000020d3ab8        0x4 /opt/devkitpro/devkitARM/bin/../lib/gcc/arm-none-eabi/10.2.0/../../../../arm-none-eabi/lib/thumb/libg.a(lib_a-mallocr.o)
                0x00000000020d3ab8                __malloc_max_sbrked_mem
 .bss.__malloc_max_total_mem
                0x00000000020d3abc        0x4 /opt/devkitpro/devkitARM/bin/../lib/gcc/arm-none-eabi/10.2.0/../../../../arm-none-eabi/lib/thumb/libg.a(lib_a-mallocr.o)
                0x00000000020d3abc                __malloc_max_total_mem
 .bss.__malloc_top_pad
                0x00000000020d3ac0        0x4 /opt/devkitpro/devkitARM/bin/../lib/gcc/arm-none-eabi/10.2.0/../../../../arm-none-eabi/lib/thumb/libg.a(lib_a-mallocr.o)
                0x00000000020d3ac0                __malloc_top_pad
 .bss.heap_start.0
                0x00000000020d3ac4        0x4 /opt/devkitpro/devkitARM/bin/../lib/gcc/arm-none-eabi/10.2.0/../../../../arm-none-eabi/lib/thumb/libsysbase.a(sbrk.o)
 .bss.fake_heap_end
                0x00000000020d3ac8        0x4 /opt/devkitpro/devkitARM/bin/../lib/gcc/arm-none-eabi/10.2.0/../../../../arm-none-eabi/lib/thumb/libsysbase.a(malloc_vars.o)
                0x00000000020d3ac8                fake_heap_end
 .bss.fake_heap_start
                0x00000000020d3acc        0x4 /opt/devkitpro/devkitARM/bin/../lib/gcc/arm-none-eabi/10.2.0/../../../../arm-none-eabi/lib/thumb/libsysbase.a(malloc_vars.o)
                0x00000000020d3acc                fake_heap_start
 .bss.__syscalls
                0x00000000020d3ad0       0x48 /opt/devkitpro/devkitARM/bin/../lib/gcc/arm-none-eabi/10.2.0/../../../../arm-none-eabi/lib/thumb/libsysbase.a(syscall_support.o)
                0x00000000020d3ad0                __syscalls
 *(EXCLUDE_FILE(*.twl*) COMMON)
                0x00000000020d3b18                . = ALIGN (0x4)
                0x00000000020d3b18                __bss_end__ = ABSOLUTE (.)
                0x00000000020d3b18                __end__ = ABSOLUTE (.)

.twl            0x00000000020d3b18        0x0 load address 0x0000000002400000
                0x0000000002400000                __arm9i_lma__ = LOADADDR (.twl)
                0x00000000020d3b18                __arm9i_start__ = ABSOLUTE (.)
 *(.twl)
 *.twl*(.text .stub .text.* .gnu.linkonce.t.*)
 *.twl*(.rodata)
 *.twl*(.roda)
 *.twl*(.rodata.*)
 *.twl*(.data)
 *.twl*(.data.*)
 *.twl*(.gnu.linkonce.d*)
                0x00000000020d3b18                __arm9i_end__ = ABSOLUTE (.)

.twl_bss        0x00000000020d3b18        0x0
                0x00000000020d3b18                __twl_bss_start__ = ABSOLUTE (.)
 *(.twl_bss)
 *.twl*(.dynbss)
 *.twl*(.gnu.linkonce.b*)
 *.twl*(.bss*)
 *.twl*(COMMON)
                0x00000000020d3b18                . = ALIGN (0x4)
                0x00000000020d3b18                __twl_bss_end__ = ABSOLUTE (.)
                0x00000000020d3b18                __twl_end__ = ABSOLUTE (.)

.stab
 *(.stab)

.stabstr
 *(.stabstr)

.stab.excl
 *(.stab.excl)

.stab.exclstr
 *(.stab.exclstr)

.stab.index
 *(.stab.index)

.stab.indexstr
 *(.stab.indexstr)

.comment        0x0000000000000000       0x23
 *(.comment)
 .comment       0x0000000000000000       0x23 /opt/devkitpro/devkitARM/bin/../lib/gcc/arm-none-eabi/10.2.0/thumb/crtbegin.o
                                         0x24 (size before relaxing)
 .comment       0x0000000000000023       0x24 game.o
 .comment       0x0000000000000023       0x24 graphics_main.o
 .comment       0x0000000000000023       0x24 graphics_sub.o
 .comment       0x0000000000000023       0x24 input.o
 .comment       0x0000000000000023       0x24 main.o
 .comment       0x0000000000000023       0x24 physics.o
 .comment       0x0000000000000023       0x24 sound.o
 .comment       0x0000000000000023       0x24 /opt/devkitpro/libnds/lib/libnds9.a(touch.o)
 .comment       0x0000000000000023       0x24 /opt/devkitpro/libnds/lib/libnds9.a(sprite_alloc.o)
 .comment       0x0000000000000023       0x24 /opt/devkitpro/libnds/lib/libnds9.a(sprite.o)
 .comment       0x0000000000000023       0x24 /opt/devkitpro/libnds/lib/libnds9.a(keys.o)
 .comment       0x0000000000000023       0x24 /opt/devkitpro/libnds/lib/libnds9.a(initSystem.o)
 .comment       0x0000000000000023       0x24 /opt/devkitpro/libnds/lib/libnds9.a(timeSupport.o)
 .comment       0x0000000000000023       0x24 /opt/devkitpro/libnds/lib/libnds9.a(securearea.o)
 .comment       0x0000000000000023       0x24 /opt/devkitpro/libnds/lib/libnds9.a(interrupts.o)
 .comment       0x0000000000000023       0x24 /opt/devkitpro/libnds/lib/libnds9.a(libnds_exit.arm.o)
 .comment       0x0000000000000023       0x24 /opt/devkitpro/libnds/lib/libnds9.a(fifosystem.o)
 .comment       0x0000000000000023       0x24 /opt/devkitpro/libnds/lib/libnds9.a(video.o)
 .comment       0x0000000000000023       0x24 /opt/devkitpro/libnds/lib/libnds9.a(system.o)
 .comment       0x0000000000000023       0x24 /opt/devkitpro/libnds/lib/libnds9.a(trig.o)
 .comment       0x0000000000000023       0x24 /opt/devkitpro/devkitARM/bin/../lib/gcc/arm-none-eabi/10.2.0/../../../../arm-none-eabi/lib/thumb/libm.a(lib_a-s_atan.o)
 .comment       0x0000000000000023       0x24 /opt/devkitpro/devkitARM/bin/../lib/gcc/arm-none-eabi/10.2.0/../../../../arm-none-eabi/lib/thumb/libm.a(lib_a-s_cos.o)
 .comment       0x0000000000000023       0x24 /opt/devkitpro/devkitARM/bin/../lib/gcc/arm-none-eabi/10.2.0/../../../../arm-none-eabi/lib/thumb/libm.a(lib_a-s_fabs.o)
 .comment       0x0000000000000023       0x24 /opt/devkitpro/devkitARM/bin/../lib/gcc/arm-none-eabi/10.2.0/../../../../arm-none-eabi/lib/thumb/libm.a(lib_a-s_sin.o)
 .comment       0x0000000000000023       0x24 /opt/devkitpro/devkitARM/bin/../lib/gcc/arm-none-eabi/10.2.0/../../../../arm-none-eabi/lib/thumb/libm.a(lib_a-w_atan2.o)
 .comment       0x0000000000000023       0x24 /opt/devkitpro/devkitARM/bin/../lib/gcc/arm-none-eabi/10.2.0/../../../../arm-none-eabi/lib/thumb/libm.a(lib_a-w_sqrt.o)
 .comment       0x0000000000000023       0x24 /opt/devkitpro/devkitARM/bin/../lib/gcc/arm-none-eabi/10.2.0/../../../../arm-none-eabi/lib/thumb/libm.a(lib_a-e_atan2.o)
 .comment       0x0000000000000023       0x24 /opt/devkitpro/devkitARM/bin/../lib/gcc/arm-none-eabi/10.2.0/../../../../arm-none-eabi/lib/thumb/libm.a(lib_a-e_rem_pio2.o)
 .comment       0x0000000000000023       0x24 /opt/devkitpro/devkitARM/bin/../lib/gcc/arm-none-eabi/10.2.0/../../../../arm-none-eabi/lib/thumb/libm.a(lib_a-e_sqrt.o)
 .comment       0x0000000000000023       0x24 /opt/devkitpro/devkitARM/bin/../lib/gcc/arm-none-eabi/10.2.0/../../../../arm-none-eabi/lib/thumb/libm.a(lib_a-k_cos.o)
 .comment       0x0000000000000023       0x24 /opt/devkitpro/devkitARM/bin/../lib/gcc/arm-none-eabi/10.2.0/../../../../arm-none-eabi/lib/thumb/libm.a(lib_a-k_rem_pio2.o)
 .comment       0x0000000000000023       0x24 /opt/devkitpro/devkitARM/bin/../lib/gcc/arm-none-eabi/10.2.0/../../../../arm-none-eabi/lib/thumb/libm.a(lib_a-k_sin.o)
 .comment       0x0000000000000023       0x24 /opt/devkitpro/devkitARM/bin/../lib/gcc/arm-none-eabi/10.2.0/../../../../arm-none-eabi/lib/thumb/libm.a(lib_a-s_floor.o)
 .comment       0x0000000000000023       0x24 /opt/devkitpro/devkitARM/bin/../lib/gcc/arm-none-eabi/10.2.0/../../../../arm-none-eabi/lib/thumb/libm.a(lib_a-s_lib_ver.o)
 .comment       0x0000000000000023       0x24 /opt/devkitpro/devkitARM/bin/../lib/gcc/arm-none-eabi/10.2.0/../../../../arm-none-eabi/lib/thumb/libm.a(lib_a-s_scalbn.o)
 .comment       0x0000000000000023       0x24 /opt/devkitpro/devkitARM/bin/../lib/gcc/arm-none-eabi/10.2.0/../../../../arm-none-eabi/lib/thumb/libg.a(lib_a-errno.o)
 .comment       0x0000000000000023       0x24 /opt/devkitpro/devkitARM/bin/../lib/gcc/arm-none-eabi/10.2.0/../../../../arm-none-eabi/lib/thumb/libg.a(lib_a-fclose.o)
 .comment       0x0000000000000023       0x24 /opt/devkitpro/devkitARM/bin/../lib/gcc/arm-none-eabi/10.2.0/../../../../arm-none-eabi/lib/thumb/libg.a(lib_a-fflush.o)
 .comment       0x0000000000000023       0x24 /opt/devkitpro/devkitARM/bin/../lib/gcc/arm-none-eabi/10.2.0/../../../../arm-none-eabi/lib/thumb/libg.a(lib_a-findfp.o)
 .comment       0x0000000000000023       0x24 /opt/devkitpro/devkitARM/bin/../lib/gcc/arm-none-eabi/10.2.0/../../../../arm-none-eabi/lib/thumb/libg.a(lib_a-fopen.o)
 .comment       0x0000000000000023       0x24 /opt/devkitpro/devkitARM/bin/../lib/gcc/arm-none-eabi/10.2.0/../../../../arm-none-eabi/lib/thumb/libg.a(lib_a-fread.o)
 .comment       0x0000000000000023       0x24 /opt/devkitpro/devkitARM/bin/../lib/gcc/arm-none-eabi/10.2.0/../../../../arm-none-eabi/lib/thumb/libg.a(lib_a-freer.o)
 .comment       0x0000000000000023       0x24 /opt/devkitpro/devkitARM/bin/../lib/gcc/arm-none-eabi/10.2.0/../../../../arm-none-eabi/lib/thumb/libg.a(lib_a-fseek.o)
 .comment       0x0000000000000023       0x24 /opt/devkitpro/devkitARM/bin/../lib/gcc/arm-none-eabi/10.2.0/../../../../arm-none-eabi/lib/thumb/libg.a(lib_a-fseeko.o)
 .comment       0x0000000000000023       0x24 /opt/devkitpro/devkitARM/bin/../lib/gcc/arm-none-eabi/10.2.0/../../../../arm-none-eabi/lib/thumb/libg.a(lib_a-ftello.o)
 .comment       0x0000000000000023       0x24 /opt/devkitpro/devkitARM/bin/../lib/gcc/arm-none-eabi/10.2.0/../../../../arm-none-eabi/lib/thumb/libg.a(lib_a-fwalk.o)
 .comment       0x0000000000000023       0x24 /opt/devkitpro/devkitARM/bin/../lib/gcc/arm-none-eabi/10.2.0/../../../../arm-none-eabi/lib/thumb/libg.a(lib_a-impure.o)
 .comment       0x0000000000000023       0x24 /opt/devkitpro/devkitARM/bin/../lib/gcc/arm-none-eabi/10.2.0/../../../../arm-none-eabi/lib/thumb/libg.a(lib_a-init.o)
 .comment       0x0000000000000023       0x24 /opt/devkitpro/devkitARM/bin/../lib/gcc/arm-none-eabi/10.2.0/../../../../arm-none-eabi/lib/thumb/libg.a(lib_a-makebuf.o)
 .comment       0x0000000000000023       0x24 /opt/devkitpro/devkitARM/bin/../lib/gcc/arm-none-eabi/10.2.0/../../../../arm-none-eabi/lib/thumb/libg.a(lib_a-malloc.o)
 .comment       0x0000000000000023       0x24 /opt/devkitpro/devkitARM/bin/../lib/gcc/arm-none-eabi/10.2.0/../../../../arm-none-eabi/lib/thumb/libg.a(lib_a-mallocr.o)
 .comment       0x0000000000000023       0x24 /opt/devkitpro/devkitARM/bin/../lib/gcc/arm-none-eabi/10.2.0/../../../../arm-none-eabi/lib/thumb/libg.a(lib_a-memcpy-stub.o)
 .comment       0x0000000000000023       0x24 /opt/devkitpro/devkitARM/bin/../lib/gcc/arm-none-eabi/10.2.0/../../../../arm-none-eabi/lib/thumb/libg.a(lib_a-memset.o)
 .comment       0x0000000000000023       0x24 /opt/devkitpro/devkitARM/bin/../lib/gcc/arm-none-eabi/10.2.0/../../../../arm-none-eabi/lib/thumb/libg.a(lib_a-mlock.o)
 .comment       0x0000000000000023       0x24 /opt/devkitpro/devkitARM/bin/../lib/gcc/arm-none-eabi/10.2.0/../../../../arm-none-eabi/lib/thumb/libg.a(lib_a-realloc.o)
 .comment       0x0000000000000023       0x24 /opt/devkitpro/devkitARM/bin/../lib/gcc/arm-none-eabi/10.2.0/../../../../arm-none-eabi/lib/thumb/libg.a(lib_a-reallocr.o)
 .comment       0x0000000000000023       0x24 /opt/devkitpro/devkitARM/bin/../lib/gcc/arm-none-eabi/10.2.0/../../../../arm-none-eabi/lib/thumb/libg.a(lib_a-refill.o)
 .comment       0x0000000000000023       0x24 /opt/devkitpro/devkitARM/bin/../lib/gcc/arm-none-eabi/10.2.0/../../../../arm-none-eabi/lib/thumb/libg.a(lib_a-stdio.o)
 .comment       0x0000000000000023       0x24 /opt/devkitpro/devkitARM/bin/../lib/gcc/arm-none-eabi/10.2.0/../../../../arm-none-eabi/lib/thumb/libg.a(lib_a-flags.o)
 .comment       0x0000000000000023       0x24 /opt/devkitpro/devkitARM/bin/../lib/gcc/arm-none-eabi/10.2.0/../../../../arm-none-eabi/lib/thumb/libg.a(lib_a-memmove.o)
 .comment       0x0000000000000023       0x24 /opt/devkitpro/devkitARM/bin/../lib/gcc/arm-none-eabi/10.2.0/../../../../arm-none-eabi/lib/thumb/libsysbase.a(fstat.o)
 .comment       0x0000000000000023       0x24 /opt/devkitpro/devkitARM/bin/../lib/gcc/arm-none-eabi/10.2.0/../../../../arm-none-eabi/lib/thumb/libsysbase.a(isatty.o)
 .comment       0x0000000000000023       0x24 /opt/devkitpro/devkitARM/bin/../lib/gcc/arm-none-eabi/10.2.0/../../../../arm-none-eabi/lib/thumb/libsysbase.a(lseek.o)
 .comment       0x0000000000000023       0x24 /opt/devkitpro/devkitARM/bin/../lib/gcc/arm-none-eabi/10.2.0/../../../../arm-none-eabi/lib/thumb/libsysbase.a(open.o)
 .comment       0x0000000000000023       0x24 /opt/devkitpro/devkitARM/bin/../lib/gcc/arm-none-eabi/10.2.0/../../../../arm-none-eabi/lib/thumb/libsysbase.a(read.o)
 .comment       0x0000000000000023       0x24 /opt/devkitpro/devkitARM/bin/../lib/gcc/arm-none-eabi/10.2.0/../../../../arm-none-eabi/lib/thumb/libsysbase.a(sbrk.o)
 .comment       0x0000000000000023       0x24 /opt/devkitpro/devkitARM/bin/../lib/gcc/arm-none-eabi/10.2.0/../../../../arm-none-eabi/lib/thumb/libsysbase.a(write.o)
 .comment       0x0000000000000023       0x24 /opt/devkitpro/devkitARM/bin/../lib/gcc/arm-none-eabi/10.2.0/../../../../arm-none-eabi/lib/thumb/libsysbase.a(malloc_vars.o)
 .comment       0x0000000000000023       0x24 /opt/devkitpro/devkitARM/bin/../lib/gcc/arm-none-eabi/10.2.0/../../../../arm-none-eabi/lib/thumb/libsysbase.a(build_argv.o)
 .comment       0x0000000000000023       0x24 /opt/devkitpro/devkitARM/bin/../lib/gcc/arm-none-eabi/10.2.0/../../../../arm-none-eabi/lib/thumb/libsysbase.a(flock.o)
 .comment       0x0000000000000023       0x24 /opt/devkitpro/devkitARM/bin/../lib/gcc/arm-none-eabi/10.2.0/../../../../arm-none-eabi/lib/thumb/libsysbase.a(syscall_support.o)
 .comment       0x0000000000000023       0x24 /opt/devkitpro/devkitARM/bin/../lib/gcc/arm-none-eabi/10.2.0/../../../../arm-none-eabi/lib/thumb/libsysbase.a(handle_manager.o)
 .comment       0x0000000000000023       0x24 /opt/devkitpro/devkitARM/bin/../lib/gcc/arm-none-eabi/10.2.0/../../../../arm-none-eabi/lib/thumb/libsysbase.a(getreent.o)
 .comment       0x0000000000000023       0x24 /opt/devkitpro/devkitARM/bin/../lib/gcc/arm-none-eabi/10.2.0/../../../../arm-none-eabi/lib/thumb/libsysbase.a(iosupport.o)
 .comment       0x0000000000000023       0x24 /opt/devkitpro/devkitARM/bin/../lib/gcc/arm-none-eabi/10.2.0/../../../../arm-none-eabi/lib/thumb/libg.a(lib_a-ctype_.o)
 .comment       0x0000000000000023       0x24 /opt/devkitpro/devkitARM/bin/../lib/gcc/arm-none-eabi/10.2.0/../../../../arm-none-eabi/lib/thumb/libg.a(lib_a-strchr.o)
 .comment       0x0000000000000023       0x24 /opt/devkitpro/devkitARM/bin/../lib/gcc/arm-none-eabi/10.2.0/../../../../arm-none-eabi/lib/thumb/libg.a(lib_a-strlen-stub.o)
 .comment       0x0000000000000023       0x24 /opt/devkitpro/devkitARM/bin/../lib/gcc/arm-none-eabi/10.2.0/../../../../arm-none-eabi/lib/thumb/libg.a(lib_a-strncmp.o)
 .comment       0x0000000000000023       0x24 /opt/devkitpro/devkitARM/bin/../lib/gcc/arm-none-eabi/10.2.0/thumb/crtend.o

.ARM.attributes
                0x0000000000000000       0x2d
 .ARM.attributes
                0x0000000000000000       0x21 /opt/devkitpro/devkitARM/bin/../lib/gcc/arm-none-eabi/10.2.0/../../../../arm-none-eabi/lib/thumb/ds_arm9_crt0.o
 .ARM.attributes
                0x0000000000000021       0x1c /opt/devkitpro/devkitARM/bin/../lib/gcc/arm-none-eabi/10.2.0/thumb/crti.o
 .ARM.attributes
                0x000000000000003d       0x2a /opt/devkitpro/devkitARM/bin/../lib/gcc/arm-none-eabi/10.2.0/thumb/crtbegin.o
 .ARM.attributes
                0x0000000000000067       0x14 soundbank.bin.o
 .ARM.attributes
                0x000000000000007b       0x1a backplate.o
 .ARM.attributes
                0x0000000000000095       0x1a crash_earth.o
 .ARM.attributes
                0x00000000000000af       0x1a crash_moon.o
 .ARM.attributes
                0x00000000000000c9       0x1a crash_wall.o
 .ARM.attributes
                0x00000000000000e3       0x1a fusee0.o
 .ARM.attributes
                0x00000000000000fd       0x1a fusee1.o
 .ARM.attributes
                0x0000000000000117       0x1a fusee2.o
 .ARM.attributes
                0x0000000000000131       0x1a horizon.o
 .ARM.attributes
                0x000000000000014b       0x1a numbers.o
 .ARM.attributes
                0x0000000000000165       0x1a planets.o
 .ARM.attributes
                0x000000000000017f       0x1a rocket.o
 .ARM.attributes
                0x0000000000000199       0x1a splash.o
 .ARM.attributes
                0x00000000000001b3       0x1a splash2.o
 .ARM.attributes
                0x00000000000001cd       0x27 game.o
 .ARM.attributes
                0x00000000000001f4       0x27 graphics_main.o
 .ARM.attributes
                0x000000000000021b       0x27 graphics_sub.o
 .ARM.attributes
                0x0000000000000242       0x27 input.o
 .ARM.attributes
                0x0000000000000269       0x27 main.o
 .ARM.attributes
                0x0000000000000290       0x27 physics.o
 .ARM.attributes
                0x00000000000002b7       0x27 sound.o
 .ARM.attributes
                0x00000000000002de       0x2b /opt/devkitpro/libnds/lib/libnds9.a(touch.o)
 .ARM.attributes
                0x0000000000000309       0x2b /opt/devkitpro/libnds/lib/libnds9.a(sprite_alloc.o)
 .ARM.attributes
                0x0000000000000334       0x2b /opt/devkitpro/libnds/lib/libnds9.a(sprite.o)
 .ARM.attributes
                0x000000000000035f       0x2b /opt/devkitpro/libnds/lib/libnds9.a(keys.o)
 .ARM.attributes
                0x000000000000038a       0x2b /opt/devkitpro/libnds/lib/libnds9.a(initSystem.o)
 .ARM.attributes
                0x00000000000003b5       0x2b /opt/devkitpro/libnds/lib/libnds9.a(timeSupport.o)
 .ARM.attributes
                0x00000000000003e0       0x2b /opt/devkitpro/libnds/lib/libnds9.a(securearea.o)
 .ARM.attributes
                0x000000000000040b       0x2b /opt/devkitpro/libnds/lib/libnds9.a(interrupts.o)
 .ARM.attributes
                0x0000000000000436       0x2b /opt/devkitpro/libnds/lib/libnds9.a(libnds_exit.arm.o)
 .ARM.attributes
                0x0000000000000461       0x2b /opt/devkitpro/libnds/lib/libnds9.a(fifosystem.o)
 .ARM.attributes
                0x000000000000048c       0x1b /opt/devkitpro/libnds/lib/libnds9.a(dcache.o)
 .ARM.attributes
                0x00000000000004a7       0x21 /opt/devkitpro/libnds/lib/libnds9.a(mpu_setup.o)
 .ARM.attributes
                0x00000000000004c8       0x21 /opt/devkitpro/libnds/lib/libnds9.a(IntrWait.o)
 .ARM.attributes
                0x00000000000004e9       0x21 /opt/devkitpro/libnds/lib/libnds9.a(cpu_clock.o)
 .ARM.attributes
                0x000000000000050a       0x1b /opt/devkitpro/libnds/lib/libnds9.a(interruptDispatcher.o)
 .ARM.attributes
                0x0000000000000525       0x21 /opt/devkitpro/libnds/lib/libnds9.a(swiSoftReset.o)
 .ARM.attributes
                0x0000000000000546       0x1b /opt/devkitpro/libnds/lib/libnds9.a(biosCalls.o)
 .ARM.attributes
                0x0000000000000561       0x2b /opt/devkitpro/libnds/lib/libnds9.a(video.o)
 .ARM.attributes
                0x000000000000058c       0x2b /opt/devkitpro/libnds/lib/libnds9.a(system.o)
 .ARM.attributes
                0x00000000000005b7       0x2b /opt/devkitpro/libnds/lib/libnds9.a(trig.o)
 .ARM.attributes
                0x00000000000005e2       0x1b /opt/devkitpro/libnds/lib/libmm9.a(mm_comms.o)
 .ARM.attributes
                0x00000000000005fd       0x1b /opt/devkitpro/libnds/lib/libmm9.a(mm_memory.o)
 .ARM.attributes
                0x0000000000000618       0x1b /opt/devkitpro/libnds/lib/libmm9.a(mm_main9.o)
 .ARM.attributes
                0x0000000000000633       0x1b /opt/devkitpro/libnds/lib/libmm9.a(mm_soundbank.o)
 .ARM.attributes
                0x000000000000064e       0x1b /opt/devkitpro/libnds/lib/libmm9.a(mm_flusher.o)
 .ARM.attributes
                0x0000000000000669       0x2a /opt/devkitpro/devkitARM/bin/../lib/gcc/arm-none-eabi/10.2.0/../../../../arm-none-eabi/lib/thumb/libm.a(lib_a-s_atan.o)
 .ARM.attributes
                0x0000000000000693       0x2a /opt/devkitpro/devkitARM/bin/../lib/gcc/arm-none-eabi/10.2.0/../../../../arm-none-eabi/lib/thumb/libm.a(lib_a-s_cos.o)
 .ARM.attributes
                0x00000000000006bd       0x2a /opt/devkitpro/devkitARM/bin/../lib/gcc/arm-none-eabi/10.2.0/../../../../arm-none-eabi/lib/thumb/libm.a(lib_a-s_fabs.o)
 .ARM.attributes
                0x00000000000006e7       0x2a /opt/devkitpro/devkitARM/bin/../lib/gcc/arm-none-eabi/10.2.0/../../../../arm-none-eabi/lib/thumb/libm.a(lib_a-s_sin.o)
 .ARM.attributes
                0x0000000000000711       0x2a /opt/devkitpro/devkitARM/bin/../lib/gcc/arm-none-eabi/10.2.0/../../../../arm-none-eabi/lib/thumb/libm.a(lib_a-w_atan2.o)
 .ARM.attributes
                0x000000000000073b       0x2a /opt/devkitpro/devkitARM/bin/../lib/gcc/arm-none-eabi/10.2.0/../../../../arm-none-eabi/lib/thumb/libm.a(lib_a-w_sqrt.o)
 .ARM.attributes
                0x0000000000000765       0x2a /opt/devkitpro/devkitARM/bin/../lib/gcc/arm-none-eabi/10.2.0/../../../../arm-none-eabi/lib/thumb/libm.a(lib_a-e_atan2.o)
 .ARM.attributes
                0x000000000000078f       0x2a /opt/devkitpro/devkitARM/bin/../lib/gcc/arm-none-eabi/10.2.0/../../../../arm-none-eabi/lib/thumb/libm.a(lib_a-e_rem_pio2.o)
 .ARM.attributes
                0x00000000000007b9       0x2a /opt/devkitpro/devkitARM/bin/../lib/gcc/arm-none-eabi/10.2.0/../../../../arm-none-eabi/lib/thumb/libm.a(lib_a-e_sqrt.o)
 .ARM.attributes
                0x00000000000007e3       0x2a /opt/devkitpro/devkitARM/bin/../lib/gcc/arm-none-eabi/10.2.0/../../../../arm-none-eabi/lib/thumb/libm.a(lib_a-k_cos.o)
 .ARM.attributes
                0x000000000000080d       0x2a /opt/devkitpro/devkitARM/bin/../lib/gcc/arm-none-eabi/10.2.0/../../../../arm-none-eabi/lib/thumb/libm.a(lib_a-k_rem_pio2.o)
 .ARM.attributes
                0x0000000000000837       0x2a /opt/devkitpro/devkitARM/bin/../lib/gcc/arm-none-eabi/10.2.0/../../../../arm-none-eabi/lib/thumb/libm.a(lib_a-k_sin.o)
 .ARM.attributes
                0x0000000000000861       0x2a /opt/devkitpro/devkitARM/bin/../lib/gcc/arm-none-eabi/10.2.0/../../../../arm-none-eabi/lib/thumb/libm.a(lib_a-s_floor.o)
 .ARM.attributes
                0x000000000000088b       0x30 /opt/devkitpro/devkitARM/bin/../lib/gcc/arm-none-eabi/10.2.0/../../../../arm-none-eabi/lib/thumb/libm.a(lib_a-s_lib_ver.o)
 .ARM.attributes
                0x00000000000008bb       0x2a /opt/devkitpro/devkitARM/bin/../lib/gcc/arm-none-eabi/10.2.0/../../../../arm-none-eabi/lib/thumb/libm.a(lib_a-s_scalbn.o)
 .ARM.attributes
                0x00000000000008e5       0x1c /opt/devkitpro/devkitARM/bin/../lib/gcc/arm-none-eabi/10.2.0/thumb/libgcc.a(_udivsi3.o)
 .ARM.attributes
                0x0000000000000901       0x1c /opt/devkitpro/devkitARM/bin/../lib/gcc/arm-none-eabi/10.2.0/thumb/libgcc.a(_divsi3.o)
 .ARM.attributes
                0x000000000000091d       0x1c /opt/devkitpro/devkitARM/bin/../lib/gcc/arm-none-eabi/10.2.0/thumb/libgcc.a(_dvmd_tls.o)
 .ARM.attributes
                0x0000000000000939       0x1c /opt/devkitpro/devkitARM/bin/../lib/gcc/arm-none-eabi/10.2.0/thumb/libgcc.a(_arm_addsubdf3.o)
 .ARM.attributes
                0x0000000000000955       0x1c /opt/devkitpro/devkitARM/bin/../lib/gcc/arm-none-eabi/10.2.0/thumb/libgcc.a(_arm_muldivdf3.o)
 .ARM.attributes
                0x0000000000000971       0x1c /opt/devkitpro/devkitARM/bin/../lib/gcc/arm-none-eabi/10.2.0/thumb/libgcc.a(_arm_cmpdf2.o)
 .ARM.attributes
                0x000000000000098d       0x1c /opt/devkitpro/devkitARM/bin/../lib/gcc/arm-none-eabi/10.2.0/thumb/libgcc.a(_arm_unorddf2.o)
 .ARM.attributes
                0x00000000000009a9       0x1c /opt/devkitpro/devkitARM/bin/../lib/gcc/arm-none-eabi/10.2.0/thumb/libgcc.a(_arm_fixdfsi.o)
 .ARM.attributes
                0x00000000000009c5       0x1c /opt/devkitpro/devkitARM/bin/../lib/gcc/arm-none-eabi/10.2.0/thumb/libgcc.a(_arm_fixunsdfsi.o)
 .ARM.attributes
                0x00000000000009e1       0x1c /opt/devkitpro/devkitARM/bin/../lib/gcc/arm-none-eabi/10.2.0/thumb/libgcc.a(_arm_truncdfsf2.o)
 .ARM.attributes
                0x00000000000009fd       0x1c /opt/devkitpro/devkitARM/bin/../lib/gcc/arm-none-eabi/10.2.0/thumb/libgcc.a(_arm_addsubsf3.o)
 .ARM.attributes
                0x0000000000000a19       0x1c /opt/devkitpro/devkitARM/bin/../lib/gcc/arm-none-eabi/10.2.0/thumb/libgcc.a(_arm_muldivsf3.o)
 .ARM.attributes
                0x0000000000000a35       0x1c /opt/devkitpro/devkitARM/bin/../lib/gcc/arm-none-eabi/10.2.0/thumb/libgcc.a(_arm_cmpsf2.o)
 .ARM.attributes
                0x0000000000000a51       0x1c /opt/devkitpro/devkitARM/bin/../lib/gcc/arm-none-eabi/10.2.0/thumb/libgcc.a(_arm_fixsfsi.o)
 .ARM.attributes
                0x0000000000000a6d       0x1c /opt/devkitpro/devkitARM/bin/../lib/gcc/arm-none-eabi/10.2.0/thumb/libgcc.a(_arm_fixunssfsi.o)
 .ARM.attributes
                0x0000000000000a89       0x2a /opt/devkitpro/devkitARM/bin/../lib/gcc/arm-none-eabi/10.2.0/../../../../arm-none-eabi/lib/thumb/libg.a(lib_a-errno.o)
 .ARM.attributes
                0x0000000000000ab3       0x2a /opt/devkitpro/devkitARM/bin/../lib/gcc/arm-none-eabi/10.2.0/../../../../arm-none-eabi/lib/thumb/libg.a(lib_a-fclose.o)
 .ARM.attributes
                0x0000000000000add       0x2a /opt/devkitpro/devkitARM/bin/../lib/gcc/arm-none-eabi/10.2.0/../../../../arm-none-eabi/lib/thumb/libg.a(lib_a-fflush.o)
 .ARM.attributes
                0x0000000000000b07       0x2a /opt/devkitpro/devkitARM/bin/../lib/gcc/arm-none-eabi/10.2.0/../../../../arm-none-eabi/lib/thumb/libg.a(lib_a-findfp.o)
 .ARM.attributes
                0x0000000000000b31       0x2a /opt/devkitpro/devkitARM/bin/../lib/gcc/arm-none-eabi/10.2.0/../../../../arm-none-eabi/lib/thumb/libg.a(lib_a-fopen.o)
 .ARM.attributes
                0x0000000000000b5b       0x2a /opt/devkitpro/devkitARM/bin/../lib/gcc/arm-none-eabi/10.2.0/../../../../arm-none-eabi/lib/thumb/libg.a(lib_a-fread.o)
 .ARM.attributes
                0x0000000000000b85       0x2a /opt/devkitpro/devkitARM/bin/../lib/gcc/arm-none-eabi/10.2.0/../../../../arm-none-eabi/lib/thumb/libg.a(lib_a-freer.o)
 .ARM.attributes
                0x0000000000000baf       0x2a /opt/devkitpro/devkitARM/bin/../lib/gcc/arm-none-eabi/10.2.0/../../../../arm-none-eabi/lib/thumb/libg.a(lib_a-fseek.o)
 .ARM.attributes
                0x0000000000000bd9       0x2a /opt/devkitpro/devkitARM/bin/../lib/gcc/arm-none-eabi/10.2.0/../../../../arm-none-eabi/lib/thumb/libg.a(lib_a-fseeko.o)
 .ARM.attributes
                0x0000000000000c03       0x2a /opt/devkitpro/devkitARM/bin/../lib/gcc/arm-none-eabi/10.2.0/../../../../arm-none-eabi/lib/thumb/libg.a(lib_a-ftello.o)
 .ARM.attributes
                0x0000000000000c2d       0x2a /opt/devkitpro/devkitARM/bin/../lib/gcc/arm-none-eabi/10.2.0/../../../../arm-none-eabi/lib/thumb/libg.a(lib_a-fwalk.o)
 .ARM.attributes
                0x0000000000000c57       0x30 /opt/devkitpro/devkitARM/bin/../lib/gcc/arm-none-eabi/10.2.0/../../../../arm-none-eabi/lib/thumb/libg.a(lib_a-impure.o)
 .ARM.attributes
                0x0000000000000c87       0x2a /opt/devkitpro/devkitARM/bin/../lib/gcc/arm-none-eabi/10.2.0/../../../../arm-none-eabi/lib/thumb/libg.a(lib_a-init.o)
 .ARM.attributes
                0x0000000000000cb1       0x2a /opt/devkitpro/devkitARM/bin/../lib/gcc/arm-none-eabi/10.2.0/../../../../arm-none-eabi/lib/thumb/libg.a(lib_a-makebuf.o)
 .ARM.attributes
                0x0000000000000cdb       0x2a /opt/devkitpro/devkitARM/bin/../lib/gcc/arm-none-eabi/10.2.0/../../../../arm-none-eabi/lib/thumb/libg.a(lib_a-malloc.o)
 .ARM.attributes
                0x0000000000000d05       0x2a /opt/devkitpro/devkitARM/bin/../lib/gcc/arm-none-eabi/10.2.0/../../../../arm-none-eabi/lib/thumb/libg.a(lib_a-mallocr.o)
 .ARM.attributes