Archive member included to satisfy reference by file (symbol)

/opt/devkitpro/libnds/lib/libnds9.a(touch.o)
                              input.o (touchRead)
/opt/devkitpro/libnds/lib/libnds9.a(videoGL.o)
                              game.o (glGlobalData)
/opt/devkitpro/libnds/lib/libnds9.a(keys.o)
                              input.o (scanKeys)
/opt/devkitpro/libnds/lib/libnds9.a(initSystem.o)
                              /opt/devkitpro/devkitARM/bin/../lib/gcc/arm-none-eabi/10.2.0/../../../../arm-none-eabi/lib/thumb/ds_arm9_crt0.o (initSystem)
/opt/devkitpro/libnds/lib/libnds9.a(timeSupport.o)
                              /opt/devkitpro/libnds/lib/libnds9.a(initSystem.o) (__libnds_gtod)
/opt/devkitpro/libnds/lib/libnds9.a(securearea.o)
                              /opt/devkitpro/devkitARM/bin/../lib/gcc/arm-none-eabi/10.2.0/../../../../arm-none-eabi/lib/thumb/ds_arm9_crt0.o (__secure_area__)
/opt/devkitpro/libnds/lib/libnds9.a(interrupts.o)
                              /opt/devkitpro/libnds/lib/libnds9.a(initSystem.o) (irqInit)
/opt/devkitpro/libnds/lib/libnds9.a(libnds_exit.arm.o)
                              /opt/devkitpro/devkitARM/bin/../lib/gcc/arm-none-eabi/10.2.0/../../../../arm-none-eabi/lib/thumb/ds_arm9_crt0.o (__libnds_exit)
/opt/devkitpro/libnds/lib/libnds9.a(fifosystem.o)
                              /opt/devkitpro/libnds/lib/libnds9.a(initSystem.o) (fifoSetValue32Handler)
/opt/devkitpro/libnds/lib/libnds9.a(mpu_setup.o)
                              /opt/devkitpro/devkitARM/bin/../lib/gcc/arm-none-eabi/10.2.0/../../../../arm-none-eabi/lib/thumb/ds_arm9_crt0.o (__libnds_mpu_setup)
/opt/devkitpro/libnds/lib/libnds9.a(IntrWait.o)
                              main.o (swiWaitForVBlank)
/opt/devkitpro/libnds/lib/libnds9.a(cpu_clock.o)
                              /opt/devkitpro/libnds/lib/libnds9.a(initSystem.o) (setCpuClock)
/opt/devkitpro/libnds/lib/libnds9.a(interruptDispatcher.o)
                              /opt/devkitpro/libnds/lib/libnds9.a(interrupts.o) (IntrMain)
/opt/devkitpro/libnds/lib/libnds9.a(swiSoftReset.o)
                              /opt/devkitpro/libnds/lib/libnds9.a(fifosystem.o) (swiSoftReset)
/opt/devkitpro/libnds/lib/libnds9.a(biosCalls.o)
                              graphics_main.o (swiCopy)
/opt/devkitpro/libnds/lib/libnds9.a(dynamicArray.o)
                              /opt/devkitpro/libnds/lib/libnds9.a(videoGL.o) (DynamicArrayInit)
/opt/devkitpro/libnds/lib/libnds9.a(video.o)
                              /opt/devkitpro/libnds/lib/libnds9.a(videoGL.o) (vramSetBanks_EFG)
/opt/devkitpro/libnds/lib/libnds9.a(system.o)
                              /opt/devkitpro/libnds/lib/libnds9.a(initSystem.o) (systemValueHandler)
/opt/devkitpro/libnds/lib/libnds9.a(trig.o)
                              /opt/devkitpro/libnds/lib/libnds9.a(videoGL.o) (sinLerp)
/opt/devkitpro/devkitARM/bin/../lib/gcc/arm-none-eabi/10.2.0/../../../../arm-none-eabi/lib/thumb/libm.a(lib_a-s_atan.o)
                              graphics_sub.o (atan)
/opt/devkitpro/devkitARM/bin/../lib/gcc/arm-none-eabi/10.2.0/../../../../arm-none-eabi/lib/thumb/libm.a(lib_a-s_cos.o)
                              graphics_sub.o (cos)
/opt/devkitpro/devkitARM/bin/../lib/gcc/arm-none-eabi/10.2.0/../../../../arm-none-eabi/lib/thumb/libm.a(lib_a-s_fabs.o)
                              /opt/devkitpro/devkitARM/bin/../lib/gcc/arm-none-eabi/10.2.0/../../../../arm-none-eabi/lib/thumb/libm.a(lib_a-s_atan.o) (fabs)
/opt/devkitpro/devkitARM/bin/../lib/gcc/arm-none-eabi/10.2.0/../../../../arm-none-eabi/lib/thumb/libm.a(lib_a-s_sin.o)
                              graphics_sub.o (sin)
/opt/devkitpro/devkitARM/bin/../lib/gcc/arm-none-eabi/10.2.0/../../../../arm-none-eabi/lib/thumb/libm.a(lib_a-w_atan2.o)
                              physics.o (atan2)
/opt/devkitpro/devkitARM/bin/../lib/gcc/arm-none-eabi/10.2.0/../../../../arm-none-eabi/lib/thumb/libm.a(lib_a-w_sqrt.o)
                              graphics_sub.o (sqrt)
/opt/devkitpro/devkitARM/bin/../lib/gcc/arm-none-eabi/10.2.0/../../../../arm-none-eabi/lib/thumb/libm.a(lib_a-e_atan2.o)
                              /opt/devkitpro/devkitARM/bin/../lib/gcc/arm-none-eabi/10.2.0/../../../../arm-none-eabi/lib/thumb/libm.a(lib_a-w_atan2.o) (__ieee754_atan2)
/opt/devkitpro/devkitARM/bin/../lib/gcc/arm-none-eabi/10.2.0/../../../../arm-none-eabi/lib/thumb/libm.a(lib_a-e_rem_pio2.o)
                              /opt/devkitpro/devkitARM/bin/../lib/gcc/arm-none-eabi/10.2.0/../../../../arm-none-eabi/lib/thumb/libm.a(lib_a-s_cos.o) (__ieee754_rem_pio2)
/opt/devkitpro/devkitARM/bin/../lib/gcc/arm-none-eabi/10.2.0/../../../../arm-none-eabi/lib/thumb/libm.a(lib_a-e_sqrt.o)
                              /opt/devkitpro/devkitARM/bin/../lib/gcc/arm-none-eabi/10.2.0/../../../../arm-none-eabi/lib/thumb/libm.a(lib_a-w_sqrt.o) (__ieee754_sqrt)
/opt/devkitpro/devkitARM/bin/../lib/gcc/arm-none-eabi/10.2.0/../../../../arm-none-eabi/lib/thumb/libm.a(lib_a-k_cos.o)
[...]
Memory Configuration

Name             Origin             Length             Attributes
ewram            0x0000000002000000 0x0000000000380000
dtcm             0x0000000002ff0000 0x0000000000004000
vectors          0x0000000001000000 0x0000000000000100
itcm             0x0000000001000100 0x0000000000007f00
*default*        0x0000000000000000 0xffffffffffffffff

Linker script and memory map

                0x0000000002380000                __ewram_end = (ORIGIN (ewram) + LENGTH (ewram))
                0x0000000002380000                __eheap_end = (ORIGIN (ewram) + LENGTH (ewram))
                0x0000000002ff4000                __dtcm_top = (ORIGIN (dtcm) + LENGTH (dtcm))
                0x0000000002ff3ff8                __irq_flags = (__dtcm_top - 0x8)
                0x0000000002ff3ffc                __irq_vector = (__dtcm_top - 0x4)
                0x0000000002ff3f00                __sp_svc = (__dtcm_top - 0x100)
                0x0000000002ff3e00                __sp_irq = (__sp_svc - 0x100)
                0x0000000002ff3d00                __sp_usr = (__sp_irq - 0x100)

.secure         0x0000000002000000      0x800
 *(.secure)
 .secure        0x0000000002000000      0x800 /opt/devkitpro/libnds/lib/libnds9.a(securearea.o)
                0x0000000002000000                __secure_area__

.crt0           0x0000000002000800      0x300
                0x0000000002000800                __text_start = .
 *(.crt0)
 .crt0          0x0000000002000800      0x300 /opt/devkitpro/devkitARM/bin/../lib/gcc/arm-none-eabi/10.2.0/../../../../arm-none-eabi/lib/thumb/ds_arm9_crt0.o
                0x0000000002000800                _start
                0x0000000002000b00                . = ALIGN (0x4)

.plt
 *(.plt)

.init           0x0000000002000b00        0xc
 *(SORT_NONE(.init))
 .init          0x0000000002000b00        0x4 /opt/devkitpro/devkitARM/bin/../lib/gcc/arm-none-eabi/10.2.0/thumb/crti.o
                0x0000000002000b00                _init
 .init          0x0000000002000b04        0x8 /opt/devkitpro/devkitARM/bin/../lib/gcc/arm-none-eabi/10.2.0/thumb/crtn.o

.text           0x0000000002000b10     0x7618
 *(EXCLUDE_FILE(*.twl* *.vectors* *.itcm*) .text)
 .text          0x0000000002000b10      0x518 game.o
                0x0000000002000b10                get_rcs
                0x0000000002000b62                update_thrust
                0x0000000002000bbe                get_rocket_type
                0x0000000002000bf0                auto_pilot
                0x0000000002000d64                game_init
                0x0000000002000dbc                game_splash
                0x0000000002000de4                game_ingame
                0x000000000200100c                game_end
 .text          0x0000000002001028      0x2f4 graphics_main.o
                0x0000000002001028                graphics_main_init
                0x0000000002001044                graphics_main_config_splash
                0x00000000020010b8                graphics_main_config_crash_moon
                0x000000000200112c                graphics_main_config_crash_earth
                0x00000000020011a0                graphics_main_config_ingame
                0x0000000002001290                graphics_main_path
 .text          0x000000000200131c     0x1220 graphics_sub.o
                0x000000000200135c                graphics_sub_init
                0x0000000002001378                graphics_sub_config_splash
                0x00000000020013e4                graphics_sub_config_ingame
                0x000000000200157c                graphics_sub_rocket_ingame
                0x00000000020016d0                graphics_sub_put_speed
                0x000000000200174a                graphics_sub_put_alt
                0x00000000020017c4                graphics_sub_put_digit
                0x000000000200190c                graphics_sub_put_slider
                0x0000000002001b54                graphics_sub_set_ap
                0x0000000002001e98                graphics_sub_put_nav
                0x00000000020021dc                graphics_sub_put_hor
 .text          0x000000000200253c      0x1e8 input.o
                0x000000000200253c                input_init
                0x0000000002002540                input_read
 .text          0x0000000002002724       0x68 main.o
                0x0000000002002724                main
 .text          0x000000000200278c     0x13e0 physics.o
                0x000000000200278c                physics_predict_orbit
                0x0000000002002854                physics_step_lin
                0x00000000020028b8                physics_step_grav
                0x000000000200291c                physics_world_boundary
                0x00000000020029cc                physics_get_phi
                0x0000000002002a3c                physics_get_r
                0x0000000002002ac4                physics_get_vel
                0x0000000002002b34                physics_get_theta
                0x0000000002002b8c                physics_angle_reach
 .text          0x0000000002003b6c      0x11c /opt/devkitpro/devkitARM/bin/../lib/gcc/arm-none-eabi/10.2.0/thumb/libgcc.a(_udivsi3.o)
                0x0000000002003b6c                __udivsi3
                0x0000000002003b6c                __aeabi_uidiv
                0x0000000002003c68                __aeabi_uidivmod
 .text          0x0000000002003c88      0x150 /opt/devkitpro/devkitARM/bin/../lib/gcc/arm-none-eabi/10.2.0/thumb/libgcc.a(_divsi3.o)
                0x0000000002003c88                __aeabi_idiv
                0x0000000002003c88                __divsi3
                0x0000000002003db8                __aeabi_idivmod
 .text          0x0000000002003dd8        0x4 /opt/devkitpro/devkitARM/bin/../lib/gcc/arm-none-eabi/10.2.0/thumb/libgcc.a(_dvmd_tls.o)
                0x0000000002003dd8                __aeabi_ldiv0
                0x0000000002003dd8                __aeabi_idiv0
 .text          0x0000000002003ddc      0x424 /opt/devkitpro/devkitARM/bin/../lib/gcc/arm-none-eabi/10.2.0/thumb/libgcc.a(_arm_addsubdf3.o)
                0x0000000002003ddc                __aeabi_drsub
                0x0000000002003de4                __subdf3
                0x0000000002003de4                __aeabi_dsub
                0x0000000002003de8                __aeabi_dadd
                0x0000000002003de8                __adddf3
                0x00000000020040f8                __aeabi_ui2d
                0x00000000020040f8                __floatunsidf
                0x000000000200411c                __floatsidf
                0x000000000200411c                __aeabi_i2d
                0x0000000002004144                __extendsfdf2
                0x0000000002004144                __aeabi_f2d
                0x000000000200418c                __aeabi_ul2d
                0x000000000200418c                __floatundidf
                0x00000000020041a0                __aeabi_l2d
                0x00000000020041a0                __floatdidf
 .text          0x0000000002004200      0x49c /opt/devkitpro/devkitARM/bin/../lib/gcc/arm-none-eabi/10.2.0/thumb/libgcc.a(_arm_muldivdf3.o)
                0x0000000002004200                __aeabi_dmul
                0x0000000002004200                __muldf3
                0x0000000002004490                __aeabi_ddiv
                0x0000000002004490                __divdf3
 .text          0x000000000200469c      0x144 /opt/devkitpro/devkitARM/bin/../lib/gcc/arm-none-eabi/10.2.0/thumb/libgcc.a(_arm_cmpdf2.o)
                0x000000000200469c                __gedf2
                0x000000000200469c                __gtdf2
                0x00000000020046a4                __ledf2
                0x00000000020046a4                __ltdf2
                0x00000000020046ac                __cmpdf2
                0x00000000020046ac                __eqdf2
                0x00000000020046ac                __nedf2
                0x0000000002004734                __aeabi_cdrcmple
                0x0000000002004750                __aeabi_cdcmple
                0x0000000002004750                __aeabi_cdcmpeq
                0x0000000002004768                __aeabi_dcmpeq
                0x0000000002004780                __aeabi_dcmplt
                0x0000000002004798                __aeabi_dcmple
                0x00000000020047b0                __aeabi_dcmpge
                0x00000000020047c8                __aeabi_dcmpgt
 .text          0x00000000020047e0       0x38 /opt/devkitpro/devkitARM/bin/../lib/gcc/arm-none-eabi/10.2.0/thumb/libgcc.a(_arm_unorddf2.o)
                0x00000000020047e0                __aeabi_dcmpun
                0x00000000020047e0                __unorddf2
 .text          0x0000000002004818       0x5c /opt/devkitpro/devkitARM/bin/../lib/gcc/arm-none-eabi/10.2.0/thumb/libgcc.a(_arm_fixdfsi.o)
                0x0000000002004818                __fixdfsi
                0x0000000002004818                __aeabi_d2iz
 .text          0x0000000002004874       0x54 /opt/devkitpro/devkitARM/bin/../lib/gcc/arm-none-eabi/10.2.0/thumb/libgcc.a(_arm_fixunsdfsi.o)
                0x0000000002004874                __fixunsdfsi
                0x0000000002004874                __aeabi_d2uiz
 .text          0x00000000020048c8       0xa0 /opt/devkitpro/devkitARM/bin/../lib/gcc/arm-none-eabi/10.2.0/thumb/libgcc.a(_arm_truncdfsf2.o)
                0x00000000020048c8                __aeabi_d2f
                0x00000000020048c8                __truncdfsf2
 .text          0x0000000002004968      0x2ac /opt/devkitpro/devkitARM/bin/../lib/gcc/arm-none-eabi/10.2.0/thumb/libgcc.a(_arm_addsubsf3.o)
                0x0000000002004968                __aeabi_frsub
                0x0000000002004970                __aeabi_fsub
                0x0000000002004970                __subsf3
                0x0000000002004974                __aeabi_fadd
                0x0000000002004974                __addsf3
                0x0000000002004b30                __aeabi_ui2f
                0x0000000002004b30                __floatunsisf
                0x0000000002004b38                __floatsisf
                0x0000000002004b38                __aeabi_i2f
                0x0000000002004b58                __aeabi_ul2f
                0x0000000002004b58                __floatundisf
                0x0000000002004b68                __aeabi_l2f
                0x0000000002004b68                __floatdisf
 .text          0x0000000002004c14      0x2f8 /opt/devkitpro/devkitARM/bin/../lib/gcc/arm-none-eabi/10.2.0/thumb/libgcc.a(_arm_muldivsf3.o)
                0x0000000002004c14                __mulsf3
                0x0000000002004c14                __aeabi_fmul
                0x0000000002004dac                __divsf3
                0x0000000002004dac                __aeabi_fdiv
 .text          0x0000000002004f0c      0x114 /opt/devkitpro/devkitARM/bin/../lib/gcc/arm-none-eabi/10.2.0/thumb/libgcc.a(_arm_cmpsf2.o)
                0x0000000002004f0c                __gesf2
                0x0000000002004f0c                __gtsf2
                0x0000000002004f14                __ltsf2
                0x0000000002004f14                __lesf2
                0x0000000002004f1c                __nesf2
                0x0000000002004f1c                __eqsf2
                0x0000000002004f1c                __cmpsf2
                0x0000000002004f80                __aeabi_cfrcmple
                0x0000000002004f90                __aeabi_cfcmpeq
                0x0000000002004f90                __aeabi_cfcmple
                0x0000000002004fa8                __aeabi_fcmpeq
                0x0000000002004fc0                __aeabi_fcmplt
                0x0000000002004fd8                __aeabi_fcmple
                0x0000000002004ff0                __aeabi_fcmpge
                0x0000000002005008                __aeabi_fcmpgt
 .text          0x0000000002005020       0x5c /opt/devkitpro/devkitARM/bin/../lib/gcc/arm-none-eabi/10.2.0/thumb/libgcc.a(_arm_fixsfsi.o)
                0x0000000002005020                __fixsfsi
                0x0000000002005020                __aeabi_f2iz
 .text          0x000000000200507c       0x54 /opt/devkitpro/devkitARM/bin/../lib/gcc/arm-none-eabi/10.2.0/thumb/libgcc.a(_arm_fixunssfsi.o)
                0x000000000200507c                __aeabi_f2uiz
                0x000000000200507c                __fixunssfsi
 *(EXCLUDE_FILE(*.twl* *.vectors* *.itcm*) .stub)
 *(EXCLUDE_FILE(*.twl* *.vectors* *.itcm*) .text.*)
 .text.__do_global_dtors_aux
                0x00000000020050d0       0x2c /opt/devkitpro/devkitARM/bin/../lib/gcc/arm-none-eabi/10.2.0/thumb/crtbegin.o
 .text.frame_dummy
                0x00000000020050fc       0x24 /opt/devkitpro/devkitARM/bin/../lib/gcc/arm-none-eabi/10.2.0/thumb/crtbegin.o
 .text.touchRead
                0x0000000002005120       0x24 /opt/devkitpro/libnds/lib/libnds9.a(touch.o)
                0x0000000002005120                touchRead
 .text.scanKeys
                0x0000000002005144       0x8c /opt/devkitpro/libnds/lib/libnds9.a(keys.o)
                0x0000000002005144                scanKeys
 .text.keysHeld
                0x00000000020051d0        0xc /opt/devkitpro/libnds/lib/libnds9.a(keys.o)
                0x00000000020051d0                keysHeld
 .text.keysDown
                0x00000000020051dc       0x14 /opt/devkitpro/libnds/lib/libnds9.a(keys.o)
                0x00000000020051dc                keysDown
 .text.keysDownRepeat
                0x00000000020051f0       0x10 /opt/devkitpro/libnds/lib/libnds9.a(keys.o)
                0x00000000020051f0                keysDownRepeat
 .text.initSystem
                0x0000000002005200      0x198 /opt/devkitpro/libnds/lib/libnds9.a(initSystem.o)
                0x0000000002005200                initSystem
 .text.__libnds_gtod
                0x0000000002005398       0x28 /opt/devkitpro/libnds/lib/libnds9.a(timeSupport.o)
                0x0000000002005398                __libnds_gtod
 .text.irqDummy
                0x00000000020053c0        0x4 /opt/devkitpro/libnds/lib/libnds9.a(interrupts.o)
                0x00000000020053c0                irqDummy
 .text.irqSet   0x00000000020053c4       0x6c /opt/devkitpro/libnds/lib/libnds9.a(interrupts.o)
                0x00000000020053c4                irqSet
 .text.irqInit  0x0000000002005430       0x50 /opt/devkitpro/libnds/lib/libnds9.a(interrupts.o)
                0x0000000002005430                irqInit
 .text.irqEnable
                0x0000000002005480       0x64 /opt/devkitpro/libnds/lib/libnds9.a(interrupts.o)
                0x0000000002005480                irqEnable
 .text.systemErrorExit
                0x00000000020054e4        0x4 /opt/devkitpro/libnds/lib/libnds9.a(libnds_exit.arm.o)
                0x00000000020054e4                systemErrorExit
 .text.__libnds_exit
                0x00000000020054e8       0x5c /opt/devkitpro/libnds/lib/libnds9.a(libnds_exit.arm.o)
                0x00000000020054e8                __libnds_exit
 .text.fifo_queueBlock
                0x0000000002005544       0x44 /opt/devkitpro/libnds/lib/libnds9.a(fifosystem.o)
 .text.fifo_waitBlock
                0x0000000002005588       0x80 /opt/devkitpro/libnds/lib/libnds9.a(fifosystem.o)
 .text.fifoInternalSend.part.0
                0x0000000002005608       0xd4 /opt/devkitpro/libnds/lib/libnds9.a(fifosystem.o)
 .text.fifoInternalSendInterrupt
                0x00000000020056dc       0xa8 /opt/devkitpro/libnds/lib/libnds9.a(fifosystem.o)
 .text.fifoSetValue32Handler
                0x0000000002005784       0xd8 /opt/devkitpro/libnds/lib/libnds9.a(fifosystem.o)
                0x0000000002005784                fifoSetValue32Handler
 .text.fifoSendValue32
                0x000000000200585c       0x4c /opt/devkitpro/libnds/lib/libnds9.a(fifosystem.o)
                0x000000000200585c                fifoSendValue32
 .text.fifoGetDatamsg
                0x00000000020058a8       0xf4 /opt/devkitpro/libnds/lib/libnds9.a(fifosystem.o)
                0x00000000020058a8                fifoGetDatamsg
 .text.fifoInternalRecvInterrupt
                0x000000000200599c      0x380 /opt/devkitpro/libnds/lib/libnds9.a(fifosystem.o)
 .text.fifoSetDatamsgHandler
                0x0000000002005d1c       0x9c /opt/devkitpro/libnds/lib/libnds9.a(fifosystem.o)
                0x0000000002005d1c                fifoSetDatamsgHandler
 .text.fifoInit
                0x0000000002005db8       0xf8 /opt/devkitpro/libnds/lib/libnds9.a(fifosystem.o)
                0x0000000002005db8                fifoInit
 .text.__libnds_mpu_setup
                0x0000000002005eb0      0x174 /opt/devkitpro/libnds/lib/libnds9.a(mpu_setup.o)
                0x0000000002005eb0                __libnds_mpu_setup
 .text.memUncached
                0x0000000002006024       0x20 /opt/devkitpro/libnds/lib/libnds9.a(mpu_setup.o)
                0x0000000002006024                memUncached
 .text.swiWaitForVBlank
                0x0000000002006044        0x8 /opt/devkitpro/libnds/lib/libnds9.a(IntrWait.o)
                0x0000000002006044                swiWaitForVBlank
 .text.swiIntrWait
                0x000000000200604c       0x70 /opt/devkitpro/libnds/lib/libnds9.a(IntrWait.o)
                0x000000000200604c                swiIntrWait
 .text.setCpuClock
                0x00000000020060bc       0x50 /opt/devkitpro/libnds/lib/libnds9.a(cpu_clock.o)
                0x00000000020060bc                setCpuClock
 .text.swiSoftReset
                0x000000000200610c       0x2c /opt/devkitpro/libnds/lib/libnds9.a(swiSoftReset.o)
                0x000000000200610c                swiSoftReset
 .text.swiDelay
                0x0000000002006138        0x4 /opt/devkitpro/libnds/lib/libnds9.a(biosCalls.o)
                0x0000000002006138                swiDelay
 .text.swiCopy  0x000000000200613c        0x4 /opt/devkitpro/libnds/lib/libnds9.a(biosCalls.o)
                0x000000000200613c                swiCopy
 .text.vramDefault
                0x0000000002006140       0xd0 /opt/devkitpro/libnds/lib/libnds9.a(video.o)
                0x0000000002006140                vramDefault
 .text.systemValueHandler
                0x0000000002006210       0x48 /opt/devkitpro/libnds/lib/libnds9.a(system.o)
                0x0000000002006210                systemValueHandler
 .text.systemMsgHandler
                0x0000000002006258       0x60 /opt/devkitpro/libnds/lib/libnds9.a(system.o)
                0x0000000002006258                systemMsgHandler
 .text.powerOn  0x00000000020062b8       0x2c /opt/devkitpro/libnds/lib/libnds9.a(system.o)
                0x00000000020062b8                powerOn
 .text.atan     0x00000000020062e4      0x334 /opt/devkitpro/devkitARM/bin/../lib/gcc/arm-none-eabi/10.2.0/../../../../arm-none-eabi/lib/thumb/libm.a(lib_a-s_atan.o)
                0x00000000020062e4                atan
 .text.cos      0x0000000002006618       0xa4 /opt/devkitpro/devkitARM/bin/../lib/gcc/arm-none-eabi/10.2.0/../../../../arm-none-eabi/lib/thumb/libm.a(lib_a-s_cos.o)
                0x0000000002006618                cos
 .text.fabs     0x00000000020066bc        0x8 /opt/devkitpro/devkitARM/bin/../lib/gcc/arm-none-eabi/10.2.0/../../../../arm-none-eabi/lib/thumb/libm.a(lib_a-s_fabs.o)
                0x00000000020066bc                fabs
 .text.sin      0x00000000020066c4       0xa8 /opt/devkitpro/devkitARM/bin/../lib/gcc/arm-none-eabi/10.2.0/../../../../arm-none-eabi/lib/thumb/libm.a(lib_a-s_sin.o)
                0x00000000020066c4                sin
 .text.atan2    0x000000000200676c        0xc /opt/devkitpro/devkitARM/bin/../lib/gcc/arm-none-eabi/10.2.0/../../../../arm-none-eabi/lib/thumb/libm.a(lib_a-w_atan2.o)
                0x000000000200676c                atan2
 .text.sqrt     0x0000000002006778       0x64 /opt/devkitpro/devkitARM/bin/../lib/gcc/arm-none-eabi/10.2.0/../../../../arm-none-eabi/lib/thumb/libm.a(lib_a-w_sqrt.o)
                0x0000000002006778                sqrt
 .text.__ieee754_atan2
                0x00000000020067dc      0x17c /opt/devkitpro/devkitARM/bin/../lib/gcc/arm-none-eabi/10.2.0/../../../../arm-none-eabi/lib/thumb/libm.a(lib_a-e_atan2.o)
                0x00000000020067dc                __ieee754_atan2
 .text.__ieee754_rem_pio2
                0x0000000002006958      0x420 /opt/devkitpro/devkitARM/bin/../lib/gcc/arm-none-eabi/10.2.0/../../../../arm-none-eabi/lib/thumb/libm.a(lib_a-e_rem_pio2.o)
                0x0000000002006958                __ieee754_rem_pio2
 .text.__ieee754_sqrt
                0x0000000002006d78      0x1a4 /opt/devkitpro/devkitARM/bin/../lib/gcc/arm-none-eabi/10.2.0/../../../../arm-none-eabi/lib/thumb/libm.a(lib_a-e_sqrt.o)
                0x0000000002006d78                __ieee754_sqrt
 .text.__kernel_cos
                0x0000000002006f1c      0x234 /opt/devkitpro/devkitARM/bin/../lib/gcc/arm-none-eabi/10.2.0/../../../../arm-none-eabi/lib/thumb/libm.a(lib_a-k_cos.o)
                0x0000000002006f1c                __kernel_cos
 .text.__kernel_rem_pio2
                0x0000000002007150      0x8d8 /opt/devkitpro/devkitARM/bin/../lib/gcc/arm-none-eabi/10.2.0/../../../../arm-none-eabi/lib/thumb/libm.a(lib_a-k_rem_pio2.o)
                0x0000000002007150                __kernel_rem_pio2
 .text.__kernel_sin
                0x0000000002007a28      0x170 /opt/devkitpro/devkitARM/bin/../lib/gcc/arm-none-eabi/10.2.0/../../../../arm-none-eabi/lib/thumb/libm.a(lib_a-k_sin.o)
                0x0000000002007a28                __kernel_sin
 .text.floor    0x0000000002007b98      0x13c /opt/devkitpro/devkitARM/bin/../lib/gcc/arm-none-eabi/10.2.0/../../../../arm-none-eabi/lib/thumb/libm.a(lib_a-s_floor.o)
                0x0000000002007b98                floor
 .text.scalbn   0x0000000002007cd4       0xfc /opt/devkitpro/devkitARM/bin/../lib/gcc/arm-none-eabi/10.2.0/../../../../arm-none-eabi/lib/thumb/libm.a(lib_a-s_scalbn.o)
                0x0000000002007cd4                scalbn
 .text.__errno  0x0000000002007dd0        0xc /opt/devkitpro/devkitARM/bin/../lib/gcc/arm-none-eabi/10.2.0/../../../../arm-none-eabi/lib/thumb/libg.a(lib_a-errno.o)
                0x0000000002007dd0                __errno
 .text.__libc_init_array
                0x0000000002007ddc       0x50 /opt/devkitpro/devkitARM/bin/../lib/gcc/arm-none-eabi/10.2.0/../../../../arm-none-eabi/lib/thumb/libg.a(lib_a-init.o)
                0x0000000002007ddc                __libc_init_array
 .text.memcpy   0x0000000002007e2c       0xa8 /opt/devkitpro/devkitARM/bin/../lib/gcc/arm-none-eabi/10.2.0/../../../../arm-none-eabi/lib/thumb/libg.a(lib_a-memcpy-stub.o)
                0x0000000002007e2c                memcpy
 .text.memset   0x0000000002007ed4       0xb0 /opt/devkitpro/devkitARM/bin/../lib/gcc/arm-none-eabi/10.2.0/../../../../arm-none-eabi/lib/thumb/libg.a(lib_a-memset.o)
                0x0000000002007ed4                memset
 .text.build_argv
                0x0000000002007f84       0x4c /opt/devkitpro/devkitARM/bin/../lib/gcc/arm-none-eabi/10.2.0/../../../../arm-none-eabi/lib/thumb/libsysbase.a(build_argv.o)
                0x0000000002007f84                build_argv
 .text.__getreent
                0x0000000002007fd0       0x28 /opt/devkitpro/devkitARM/bin/../lib/gcc/arm-none-eabi/10.2.0/../../../../arm-none-eabi/lib/thumb/libsysbase.a(getreent.o)
                0x0000000002007fd0                __getreent
 .text.__getreent.__stub
                0x0000000002007ff8      0x128 linker stubs
 *(EXCLUDE_FILE(*.twl*) .gnu.warning)
 *(EXCLUDE_FILE(*.twl*) .gnu.linkonce.t*)
 *(.glue_7)
 .glue_7        0x0000000002008128        0x0 linker stubs
 *(.glue_7t)
 .glue_7t       0x0000000002008128        0x0 linker stubs
                0x0000000002008128                . = ALIGN (0x4)

.vfp11_veneer   0x0000000002008128        0x0
 .vfp11_veneer  0x0000000002008128        0x0 linker stubs

.v4_bx          0x0000000002008128        0x0
 .v4_bx         0x0000000002008128        0x0 linker stubs

.iplt           0x0000000002008128        0x0
 .iplt          0x0000000002008128        0x0 /opt/devkitpro/devkitARM/bin/../lib/gcc/arm-none-eabi/10.2.0/../../../../arm-none-eabi/lib/thumb/ds_arm9_crt0.o

.fini           0x0000000002008128        0xc
 *(.fini)
 .fini          0x0000000002008128        0x4 /opt/devkitpro/devkitARM/bin/../lib/gcc/arm-none-eabi/10.2.0/thumb/crti.o
                0x0000000002008128                _fini
 .fini          0x000000000200812c        0x8 /opt/devkitpro/devkitARM/bin/../lib/gcc/arm-none-eabi/10.2.0/thumb/crtn.o
                0x0000000002008134                __text_end = .

.rodata         0x0000000002008138    0x53de0
 *(EXCLUDE_FILE(*.twl*) .rodata)
 .rodata        0x0000000002008138     0x2080 backplate.o
                0x0000000002008138                backplateTiles
                0x0000000002009b38                backplateMap
                0x000000000200a138                backplatePal
 .rodata        0x000000000200a1b8     0xc200 crash_earth.o
                0x000000000200a1b8                crash_earthBitmap
                0x00000000020161b8                crash_earthPal
 .rodata        0x00000000020163b8     0xc200 crash_moon.o
                0x00000000020163b8                crash_moonBitmap
                0x00000000020223b8                crash_moonPal
 .rodata        0x00000000020225b8     0x4080 fusee0.o
                0x00000000020225b8                fusee0Bitmap
                0x00000000020265b8                fusee0Pal
 .rodata        0x0000000002026638     0x4080 fusee1.o
                0x0000000002026638                fusee1Bitmap
                0x000000000202a638                fusee1Pal
 .rodata        0x000000000202a6b8     0x4080 fusee2.o
                0x000000000202a6b8                fusee2Bitmap
                0x000000000202e6b8                fusee2Pal
 .rodata        0x000000000202e738     0x4080 horizon.o
                0x000000000202e738                horizonBitmap
                0x0000000002032738                horizonPal
 .rodata        0x00000000020327b8     0x5080 numbers.o
                0x00000000020327b8                numbersTiles
                0x00000000020377b8                numbersPal
 .rodata        0x0000000002037838     0xc080 planets.o
                0x0000000002037838                planetsBitmap
                0x0000000002043838                planetsPal
 .rodata        0x00000000020438b8     0xc200 splash.o
                0x00000000020438b8                splashBitmap
                0x000000000204f8b8                splashPal
 .rodata        0x000000000204fab8     0xc200 splash2.o
                0x000000000204fab8                splash2Bitmap
                0x000000000205bab8                splash2Pal
 .rodata        0x000000000205bcb8       0x14 game.o
 *all.rodata*(*)
 *(EXCLUDE_FILE(*.twl*) .roda)
 *(EXCLUDE_FILE(*.twl*) .rodata.*)
 *fill*         0x000000000205bccc        0x4 ff
 .rodata.atanhi
                0x000000000205bcd0       0x20 /opt/devkitpro/devkitARM/bin/../lib/gcc/arm-none-eabi/10.2.0/../../../../arm-none-eabi/lib/thumb/libm.a(lib_a-s_atan.o)
 .rodata.atanlo
                0x000000000205bcf0       0x20 /opt/devkitpro/devkitARM/bin/../lib/gcc/arm-none-eabi/10.2.0/../../../../arm-none-eabi/lib/thumb/libm.a(lib_a-s_atan.o)
 .rodata.CSWTCH.8
                0x000000000205bd10       0x18 /opt/devkitpro/devkitARM/bin/../lib/gcc/arm-none-eabi/10.2.0/../../../../arm-none-eabi/lib/thumb/libm.a(lib_a-e_atan2.o)
 .rodata.CSWTCH.9
                0x000000000205bd28       0x18 /opt/devkitpro/devkitARM/bin/../lib/gcc/arm-none-eabi/10.2.0/../../../../arm-none-eabi/lib/thumb/libm.a(lib_a-e_atan2.o)
 .rodata.npio2_hw
                0x000000000205bd40       0x80 /opt/devkitpro/devkitARM/bin/../lib/gcc/arm-none-eabi/10.2.0/../../../../arm-none-eabi/lib/thumb/libm.a(lib_a-e_rem_pio2.o)
 .rodata.two_over_pi
                0x000000000205bdc0      0x108 /opt/devkitpro/devkitARM/bin/../lib/gcc/arm-none-eabi/10.2.0/../../../../arm-none-eabi/lib/thumb/libm.a(lib_a-e_rem_pio2.o)
 .rodata.PIo2   0x000000000205bec8       0x40 /opt/devkitpro/devkitARM/bin/../lib/gcc/arm-none-eabi/10.2.0/../../../../arm-none-eabi/lib/thumb/libm.a(lib_a-k_rem_pio2.o)
 .rodata.init_jk
                0x000000000205bf08       0x10 /opt/devkitpro/devkitARM/bin/../lib/gcc/arm-none-eabi/10.2.0/../../../../arm-none-eabi/lib/thumb/libm.a(lib_a-k_rem_pio2.o)
 *(EXCLUDE_FILE(*.twl*) .gnu.linkonce.r*)
                0x000000000205bf18                . = ALIGN (0x4)

.ARM.extab
 *(.ARM.extab* .gnu.linkonce.armextab.*)
                0x000000000205bf18                __exidx_start = .

ARM.exidx
 *(.ARM.exidx* .gnu.linkonce.armexidx.*)
                0x000000000205bf18                __exidx_end = .
                0x000000000205bf18                . = ALIGN (0x4)
                0x000000000205bf18                PROVIDE (__preinit_array_start = .)

.preinit_array
 *(.preinit_array)
                0x000000000205bf18                PROVIDE (__preinit_array_end = .)
                0x000000000205bf18                PROVIDE (__init_array_start = .)

.init_array     0x000000000205bf18        0x4
 *(SORT_BY_NAME(.init_array.*))
 *(.init_array)
 .init_array    0x000000000205bf18        0x4 /opt/devkitpro/devkitARM/bin/../lib/gcc/arm-none-eabi/10.2.0/thumb/crtbegin.o
                0x000000000205bf1c                PROVIDE (__init_array_end = .)
                [!provide]                        PROVIDE (__fini_array_start = .)

.fini_array     0x000000000205bf1c        0x4
 *(.fini_array)
 .fini_array    0x000000000205bf1c        0x4 /opt/devkitpro/devkitARM/bin/../lib/gcc/arm-none-eabi/10.2.0/thumb/crtbegin.o
 *(SORT_BY_NAME(.fini_array.*))
                [!provide]                        PROVIDE (__fini_array_end = .)

.ctors          0x000000000205bf20        0x0
 *crtbegin.o(.ctors)
 *(EXCLUDE_FILE(*crtend.o) .ctors)
 *(SORT_BY_NAME(.ctors.*))
 *(.ctors)
                0x000000000205bf20                . = ALIGN (0x4)

.dtors          0x000000000205bf20        0x0
 *crtbegin.o(.dtors)
 *(EXCLUDE_FILE(*crtend.o) .dtors)
 *(SORT_BY_NAME(.dtors.*))
 *(.dtors)
                0x000000000205bf20                . = ALIGN (0x4)

.eh_frame       0x000000000205bf20        0x4
 *(.eh_frame)
 .eh_frame      0x000000000205bf20        0x0 /opt/devkitpro/devkitARM/bin/../lib/gcc/arm-none-eabi/10.2.0/thumb/crtbegin.o
 .eh_frame      0x000000000205bf20        0x4 /opt/devkitpro/devkitARM/bin/../lib/gcc/arm-none-eabi/10.2.0/thumb/crtend.o
                0x000000000205bf24                . = ALIGN (0x4)

.rel.dyn        0x000000000205bf24        0x0
 .rel.iplt      0x000000000205bf24        0x0 /opt/devkitpro/devkitARM/bin/../lib/gcc/arm-none-eabi/10.2.0/../../../../arm-none-eabi/lib/thumb/ds_arm9_crt0.o

.gcc_except_table
                0x000000000205bf24        0x0
 *(.gcc_except_table)
                0x000000000205bf24                . = ALIGN (0x4)

.jcr
 *(.jcr)

.got
 *(.got.plt)
 *(.got)
 *(.rel.got)

.ewram          0x000000000205bf24        0x0
                0x000000000205bf24                __ewram_start = ABSOLUTE (.)
 *(.ewram)
 *ewram.*(.text)
                0x000000000205bf24                . = ALIGN (0x4)

.data           0x000000000205bf24      0x4a4
                0x000000000205bf24                __data_start = ABSOLUTE (.)
 *(EXCLUDE_FILE(*.twl*) .data)
 .data          0x000000000205bf24       0x28 /opt/devkitpro/libnds/lib/libnds9.a(mpu_setup.o)
 *(EXCLUDE_FILE(*.twl*) .data.*)
 .data.count    0x000000000205bf4c        0x1 /opt/devkitpro/libnds/lib/libnds9.a(keys.o)
 .data.delay    0x000000000205bf4d        0x1 /opt/devkitpro/libnds/lib/libnds9.a(keys.o)
 .data.repeat   0x000000000205bf4e        0x1 /opt/devkitpro/libnds/lib/libnds9.a(keys.o)
 *fill*         0x000000000205bf4f        0x1 ff
 .data.fifo_buffer_free
                0x000000000205bf50        0x4 /opt/devkitpro/libnds/lib/libnds9.a(fifosystem.o)
                0x000000000205bf50                fifo_buffer_free
 .data.fifo_freewords
                0x000000000205bf54        0x4 /opt/devkitpro/libnds/lib/libnds9.a(fifosystem.o)
                0x000000000205bf54                fifo_freewords
 .data.fifo_receive_queue
                0x000000000205bf58        0x4 /opt/devkitpro/libnds/lib/libnds9.a(fifosystem.o)
                0x000000000205bf58                fifo_receive_queue
 .data.fifo_send_queue
                0x000000000205bf5c        0x4 /opt/devkitpro/libnds/lib/libnds9.a(fifosystem.o)
                0x000000000205bf5c                fifo_send_queue
 .data.__fdlib_version
                0x000000000205bf60        0x1 /opt/devkitpro/devkitARM/bin/../lib/gcc/arm-none-eabi/10.2.0/../../../../arm-none-eabi/lib/thumb/libm.a(lib_a-s_lib_ver.o)
                0x000000000205bf60                __fdlib_version
 *fill*         0x000000000205bf61        0x3 ff
 .data._impure_ptr
                0x000000000205bf64        0x4 /opt/devkitpro/devkitARM/bin/../lib/gcc/arm-none-eabi/10.2.0/../../../../arm-none-eabi/lib/thumb/libg.a(lib_a-impure.o)
                0x000000000205bf64                _impure_ptr
 .data.impure_data
                0x000000000205bf68      0x460 /opt/devkitpro/devkitARM/bin/../lib/gcc/arm-none-eabi/10.2.0/../../../../arm-none-eabi/lib/thumb/libg.a(lib_a-impure.o)
 *(EXCLUDE_FILE(*.twl*) .gnu.linkonce.d*)
                0x000000000205c3c8                . = ALIGN (0x4)
                0x000000000205c3c8                __data_end = ABSOLUTE (.)
                0x000000000205c3c8                __bss_vma = .

.igot.plt       0x000000000205c3c8        0x0
 .igot.plt      0x000000000205c3c8        0x0 /opt/devkitpro/devkitARM/bin/../lib/gcc/arm-none-eabi/10.2.0/../../../../arm-none-eabi/lib/thumb/ds_arm9_crt0.o

.dtcm           0x0000000002ff0000        0x0 load address 0x000000000205c3c8
                0x000000000205c3c8                __dtcm_lma = LOADADDR (.dtcm)
                0x0000000002ff0000                __dtcm_start = ABSOLUTE (.)
 *(.dtcm)
 *(.dtcm.*)
                0x0000000002ff0000                . = ALIGN (0x4)
                0x0000000002ff0000                __dtcm_end = ABSOLUTE (.)

.itcm           0x0000000001000100      0x194 load address 0x000000000205c3c8
                0x000000000205c3c8                __itcm_lma = LOADADDR (.itcm)
                0x0000000001000100                __itcm_start = ABSOLUTE (.)
 *(.itcm)
 .itcm          0x0000000001000100       0xc8 /opt/devkitpro/libnds/lib/libnds9.a(interrupts.o)
                0x0000000001000100                irqTable
 .itcm          0x00000000010001c8       0xcc /opt/devkitpro/libnds/lib/libnds9.a(interruptDispatcher.o)
                0x00000000010001c8                IntrMain
 *.itcm*(.text .stub .text.*)
                0x0000000001000294                . = ALIGN (0x4)
                0x0000000001000294                __itcm_end = ABSOLUTE (.)

.vectors        0x0000000001000000        0x0 load address 0x000000000205c55c
                0x000000000205c55c                __vectors_lma = LOADADDR (.vectors)
                0x0000000001000000                __vectors_start = ABSOLUTE (.)
 *(.vectors .vectors.*)
                0x0000000001000000                . = ALIGN (0x4)
                0x0000000001000000                __vectors_end = ABSOLUTE (.)

.sbss           0x0000000002ff0000        0x0
                0x0000000002ff0000                __sbss_start = ABSOLUTE (.)
                0x0000000002ff0000                __sbss_start__ = ABSOLUTE (.)
 *(.sbss)
                0x0000000002ff0000                . = ALIGN (0x4)
                0x0000000002ff0000                __sbss_end = ABSOLUTE (.)

.bss            0x000000000205c3c8      0xb0c
                0x000000000205c3c8                __bss_start = ABSOLUTE (.)
                0x000000000205c3c8                __bss_start__ = ABSOLUTE (.)
 *(EXCLUDE_FILE(*.twl*) .dynbss)
 *(EXCLUDE_FILE(*.twl*) .gnu.linkonce.b*)
 *(EXCLUDE_FILE(*.twl*) .bss*)
 .bss.completed.1
                0x000000000205c3c8        0x1 /opt/devkitpro/devkitARM/bin/../lib/gcc/arm-none-eabi/10.2.0/thumb/crtbegin.o
 *fill*         0x000000000205c3c9        0x3 
 .bss.object.0  0x000000000205c3cc       0x18 /opt/devkitpro/devkitARM/bin/../lib/gcc/arm-none-eabi/10.2.0/thumb/crtbegin.o
 .bss           0x000000000205c3e4        0x4 graphics_main.o
 .bss           0x000000000205c3e8        0xc graphics_sub.o
 .bss           0x000000000205c3f4       0x3c main.o
 .bss.keys      0x000000000205c430        0x2 /opt/devkitpro/libnds/lib/libnds9.a(keys.o)
 .bss.keysold   0x000000000205c432        0x2 /opt/devkitpro/libnds/lib/libnds9.a(keys.o)
 .bss.keysrepeat
                0x000000000205c434        0x2 /opt/devkitpro/libnds/lib/libnds9.a(keys.o)
 .bss.__dsimode
                0x000000000205c436        0x1 /opt/devkitpro/libnds/lib/libnds9.a(initSystem.o)
                0x000000000205c436                __dsimode
 *fill*         0x000000000205c437        0x1 
 .bss.punixTime
                0x000000000205c438        0x4 /opt/devkitpro/libnds/lib/libnds9.a(timeSupport.o)
                0x000000000205c438                punixTime
 .bss.fifo_address_data
                0x000000000205c43c       0x40 /opt/devkitpro/libnds/lib/libnds9.a(fifosystem.o)
                0x000000000205c43c                fifo_address_data
 .bss.fifo_address_func
                0x000000000205c47c       0x40 /opt/devkitpro/libnds/lib/libnds9.a(fifosystem.o)
                0x000000000205c47c                fifo_address_func
 .bss.fifo_address_queue
                0x000000000205c4bc       0x40 /opt/devkitpro/libnds/lib/libnds9.a(fifosystem.o)
                0x000000000205c4bc                fifo_address_queue
 .bss.fifo_buffer
                0x000000000205c4fc      0x800 /opt/devkitpro/libnds/lib/libnds9.a(fifosystem.o)
                0x000000000205c4fc                fifo_buffer
 .bss.fifo_data_queue
                0x000000000205ccfc       0x40 /opt/devkitpro/libnds/lib/libnds9.a(fifosystem.o)
                0x000000000205ccfc                fifo_data_queue
 .bss.fifo_datamsg_data
                0x000000000205cd3c       0x40 /opt/devkitpro/libnds/lib/libnds9.a(fifosystem.o)
                0x000000000205cd3c                fifo_datamsg_data
 .bss.fifo_datamsg_func
                0x000000000205cd7c       0x40 /opt/devkitpro/libnds/lib/libnds9.a(fifosystem.o)
                0x000000000205cd7c                fifo_datamsg_func
 .bss.fifo_value32_data
                0x000000000205cdbc       0x40 /opt/devkitpro/libnds/lib/libnds9.a(fifosystem.o)
                0x000000000205cdbc                fifo_value32_data
 .bss.fifo_value32_func
                0x000000000205cdfc       0x40 /opt/devkitpro/libnds/lib/libnds9.a(fifosystem.o)
                0x000000000205cdfc                fifo_value32_func
 .bss.fifo_value32_queue
                0x000000000205ce3c       0x40 /opt/devkitpro/libnds/lib/libnds9.a(fifosystem.o)
                0x000000000205ce3c                fifo_value32_queue
 .bss.processing
                0x000000000205ce7c        0x4 /opt/devkitpro/libnds/lib/libnds9.a(fifosystem.o)
                0x000000000205ce7c                processing
 .bss.SDcallback
                0x000000000205ce80        0x4 /opt/devkitpro/libnds/lib/libnds9.a(system.o)
 .bss.fake_heap_end
                0x000000000205ce84        0x4 /opt/devkitpro/devkitARM/bin/../lib/gcc/arm-none-eabi/10.2.0/../../../../arm-none-eabi/lib/thumb/libsysbase.a(malloc_vars.o)
                0x000000000205ce84                fake_heap_end
 .bss.fake_heap_start
                0x000000000205ce88        0x4 /opt/devkitpro/devkitARM/bin/../lib/gcc/arm-none-eabi/10.2.0/../../../../arm-none-eabi/lib/thumb/libsysbase.a(malloc_vars.o)
                0x000000000205ce88                fake_heap_start
 .bss.__syscalls
                0x000000000205ce8c       0x48 /opt/devkitpro/devkitARM/bin/../lib/gcc/arm-none-eabi/10.2.0/../../../../arm-none-eabi/lib/thumb/libsysbase.a(syscall_support.o)
                0x000000000205ce8c                __syscalls
 *(EXCLUDE_FILE(*.twl*) COMMON)
                0x000000000205ced4                . = ALIGN (0x4)
                0x000000000205ced4                __bss_end__ = ABSOLUTE (.)
                0x000000000205ced4                __end__ = ABSOLUTE (.)

.twl            0x000000000205ced4        0x0 load address 0x0000000002400000
                0x0000000002400000                __arm9i_lma__ = LOADADDR (.twl)
                0x000000000205ced4                __arm9i_start__ = ABSOLUTE (.)
 *(.twl)
 *.twl*(.text .stub .text.* .gnu.linkonce.t.*)
 *.twl*(.rodata)
 *.twl*(.roda)
 *.twl*(.rodata.*)
 *.twl*(.data)
 *.twl*(.data.*)
 *.twl*(.gnu.linkonce.d*)
                0x000000000205ced4                __arm9i_end__ = ABSOLUTE (.)

.twl_bss        0x000000000205ced4        0x0
                0x000000000205ced4                __twl_bss_start__ = ABSOLUTE (.)
 *(.twl_bss)
 *.twl*(.dynbss)
 *.twl*(.gnu.linkonce.b*)
 *.twl*(.bss*)
 *.twl*(COMMON)
                0x000000000205ced4                . = ALIGN (0x4)
                0x000000000205ced4                __twl_bss_end__ = ABSOLUTE (.)
                0x000000000205ced4                __twl_end__ = ABSOLUTE (.)

.stab
 *(.stab)

.stabstr
 *(.stabstr)

.stab.excl
 *(.stab.excl)

.stab.exclstr
 *(.stab.exclstr)

.stab.index
 *(.stab.index)

.stab.indexstr
 *(.stab.indexstr)

.comment        0x0000000000000000       0x23
 *(.comment)
 .comment       0x0000000000000000       0x23 /opt/devkitpro/devkitARM/bin/../lib/gcc/arm-none-eabi/10.2.0/thumb/crtbegin.o
                                         0x24 (size before relaxing)
 .comment       0x0000000000000023       0x24 game.o
 .comment       0x0000000000000023       0x24 graphics_main.o
 .comment       0x0000000000000023       0x24 graphics_sub.o
 .comment       0x0000000000000023       0x24 input.o
 .comment       0x0000000000000023       0x24 main.o
 .comment       0x0000000000000023       0x24 physics.o
 .comment       0x0000000000000023       0x24 /opt/devkitpro/libnds/lib/libnds9.a(touch.o)
 .comment       0x0000000000000023       0x24 /opt/devkitpro/libnds/lib/libnds9.a(keys.o)
 .comment       0x0000000000000023       0x24 /opt/devkitpro/libnds/lib/libnds9.a(initSystem.o)
 .comment       0x0000000000000023       0x24 /opt/devkitpro/libnds/lib/libnds9.a(timeSupport.o)
 .comment       0x0000000000000023       0x24 /opt/devkitpro/libnds/lib/libnds9.a(securearea.o)
 .comment       0x0000000000000023       0x24 /opt/devkitpro/libnds/lib/libnds9.a(interrupts.o)
 .comment       0x0000000000000023       0x24 /opt/devkitpro/libnds/lib/libnds9.a(libnds_exit.arm.o)
 .comment       0x0000000000000023       0x24 /opt/devkitpro/libnds/lib/libnds9.a(fifosystem.o)
 .comment       0x0000000000000023       0x24 /opt/devkitpro/libnds/lib/libnds9.a(video.o)
 .comment       0x0000000000000023       0x24 /opt/devkitpro/libnds/lib/libnds9.a(system.o)
 .comment       0x0000000000000023       0x24 /opt/devkitpro/devkitARM/bin/../lib/gcc/arm-none-eabi/10.2.0/../../../../arm-none-eabi/lib/thumb/libm.a(lib_a-s_atan.o)
 .comment       0x0000000000000023       0x24 /opt/devkitpro/devkitARM/bin/../lib/gcc/arm-none-eabi/10.2.0/../../../../arm-none-eabi/lib/thumb/libm.a(lib_a-s_cos.o)
 .comment       0x0000000000000023       0x24 /opt/devkitpro/devkitARM/bin/../lib/gcc/arm-none-eabi/10.2.0/../../../../arm-none-eabi/lib/thumb/libm.a(lib_a-s_fabs.o)
 .comment       0x0000000000000023       0x24 /opt/devkitpro/devkitARM/bin/../lib/gcc/arm-none-eabi/10.2.0/../../../../arm-none-eabi/lib/thumb/libm.a(lib_a-s_sin.o)
 .comment       0x0000000000000023       0x24 /opt/devkitpro/devkitARM/bin/../lib/gcc/arm-none-eabi/10.2.0/../../../../arm-none-eabi/lib/thumb/libm.a(lib_a-w_atan2.o)
 .comment       0x0000000000000023       0x24 /opt/devkitpro/devkitARM/bin/../lib/gcc/arm-none-eabi/10.2.0/../../../../arm-none-eabi/lib/thumb/libm.a(lib_a-w_sqrt.o)
 .comment       0x0000000000000023       0x24 /opt/devkitpro/devkitARM/bin/../lib/gcc/arm-none-eabi/10.2.0/../../../../arm-none-eabi/lib/thumb/libm.a(lib_a-e_atan2.o)
 .comment       0x0000000000000023       0x24 /opt/devkitpro/devkitARM/bin/../lib/gcc/arm-none-eabi/10.2.0/../../../../arm-none-eabi/lib/thumb/libm.a(lib_a-e_rem_pio2.o)
 .comment       0x0000000000000023       0x24 /opt/devkitpro/devkitARM/bin/../lib/gcc/arm-none-eabi/10.2.0/../../../../arm-none-eabi/lib/thumb/libm.a(lib_a-e_sqrt.o)
 .comment       0x0000000000000023       0x24 /opt/devkitpro/devkitARM/bin/../lib/gcc/arm-none-eabi/10.2.0/../../../../arm-none-eabi/lib/thumb/libm.a(lib_a-k_cos.o)
 .comment       0x0000000000000023       0x24 /opt/devkitpro/devkitARM/bin/../lib/gcc/arm-none-eabi/10.2.0/../../../../arm-none-eabi/lib/thumb/libm.a(lib_a-k_rem_pio2.o)
 .comment       0x0000000000000023       0x24 /opt/devkitpro/devkitARM/bin/../lib/gcc/arm-none-eabi/10.2.0/../../../../arm-none-eabi/lib/thumb/libm.a(lib_a-k_sin.o)
 .comment       0x0000000000000023       0x24 /opt/devkitpro/devkitARM/bin/../lib/gcc/arm-none-eabi/10.2.0/../../../../arm-none-eabi/lib/thumb/libm.a(lib_a-s_floor.o)
 .comment       0x0000000000000023       0x24 /opt/devkitpro/devkitARM/bin/../lib/gcc/arm-none-eabi/10.2.0/../../../../arm-none-eabi/lib/thumb/libm.a(lib_a-s_lib_ver.o)
 .comment       0x0000000000000023       0x24 /opt/devkitpro/devkitARM/bin/../lib/gcc/arm-none-eabi/10.2.0/../../../../arm-none-eabi/lib/thumb/libm.a(lib_a-s_scalbn.o)
 .comment       0x0000000000000023       0x24 /opt/devkitpro/devkitARM/bin/../lib/gcc/arm-none-eabi/10.2.0/../../../../arm-none-eabi/lib/thumb/libg.a(lib_a-errno.o)
 .comment       0x0000000000000023       0x24 /opt/devkitpro/devkitARM/bin/../lib/gcc/arm-none-eabi/10.2.0/../../../../arm-none-eabi/lib/thumb/libg.a(lib_a-init.o)
 .comment       0x0000000000000023       0x24 /opt/devkitpro/devkitARM/bin/../lib/gcc/arm-none-eabi/10.2.0/../../../../arm-none-eabi/lib/thumb/libg.a(lib_a-memcpy-stub.o)
 .comment       0x0000000000000023       0x24 /opt/devkitpro/devkitARM/bin/../lib/gcc/arm-none-eabi/10.2.0/../../../../arm-none-eabi/lib/thumb/libg.a(lib_a-memset.o)
 .comment       0x0000000000000023       0x24 /opt/devkitpro/devkitARM/bin/../lib/gcc/arm-none-eabi/10.2.0/../../../../arm-none-eabi/lib/thumb/libsysbase.a(malloc_vars.o)
 .comment       0x0000000000000023       0x24 /opt/devkitpro/devkitARM/bin/../lib/gcc/arm-none-eabi/10.2.0/../../../../arm-none-eabi/lib/thumb/libsysbase.a(build_argv.o)
 .comment       0x0000000000000023       0x24 /opt/devkitpro/devkitARM/bin/../lib/gcc/arm-none-eabi/10.2.0/../../../../arm-none-eabi/lib/thumb/libsysbase.a(syscall_support.o)
 .comment       0x0000000000000023       0x24 /opt/devkitpro/devkitARM/bin/../lib/gcc/arm-none-eabi/10.2.0/../../../../arm-none-eabi/lib/thumb/libsysbase.a(getreent.o)
 .comment       0x0000000000000023       0x24 /opt/devkitpro/devkitARM/bin/../lib/gcc/arm-none-eabi/10.2.0/../../../../arm-none-eabi/lib/thumb/libg.a(lib_a-impure.o)
 .comment       0x0000000000000023       0x24 /opt/devkitpro/devkitARM/bin/../lib/gcc/arm-none-eabi/10.2.0/thumb/crtend.o

.ARM.attributes
                0x0000000000000000       0x2d
 .ARM.attributes
                0x0000000000000000       0x21 /opt/devkitpro/devkitARM/bin/../lib/gcc/arm-none-eabi/10.2.0/../../../../arm-none-eabi/lib/thumb/ds_arm9_crt0.o
 .ARM.attributes
                0x0000000000000021       0x1c /opt/devkitpro/devkitARM/bin/../lib/gcc/arm-none-eabi/10.2.0/thumb/crti.o
 .ARM.attributes
                0x000000000000003d       0x2a /opt/devkitpro/devkitARM/bin/../lib/gcc/arm-none-eabi/10.2.0/thumb/crtbegin.o
 .ARM.attributes
                0x0000000000000067       0x1a backplate.o
 .ARM.attributes
                0x0000000000000081       0x1a crash_earth.o
 .ARM.attributes
                0x000000000000009b       0x1a crash_moon.o
 .ARM.attributes
                0x00000000000000b5       0x1a fusee0.o
 .ARM.attributes
                0x00000000000000cf       0x1a fusee1.o
 .ARM.attributes
                0x00000000000000e9       0x1a fusee2.o
 .ARM.attributes
                0x0000000000000103       0x1a horizon.o
 .ARM.attributes
                0x000000000000011d       0x1a numbers.o
 .ARM.attributes
                0x0000000000000137       0x1a planets.o
 .ARM.attributes
                0x0000000000000151       0x1a splash.o
 .ARM.attributes
                0x000000000000016b       0x1a splash2.o
 .ARM.attributes
                0x0000000000000185       0x27 game.o
 .ARM.attributes
                0x00000000000001ac       0x27 graphics_main.o
 .ARM.attributes
                0x00000000000001d3       0x27 graphics_sub.o
 .ARM.attributes
                0x00000000000001fa       0x27 input.o
 .ARM.attributes
                0x0000000000000221       0x27 main.o
 .ARM.attributes
                0x0000000000000248       0x27 physics.o
 .ARM.attributes
                0x000000000000026f       0x2b /opt/devkitpro/libnds/lib/libnds9.a(touch.o)
 .ARM.attributes
                0x000000000000029a       0x2b /opt/devkitpro/libnds/lib/libnds9.a(keys.o)
 .ARM.attributes
                0x00000000000002c5       0x2b /opt/devkitpro/libnds/lib/libnds9.a(initSystem.o)
 .ARM.attributes
                0x00000000000002f0       0x2b /opt/devkitpro/libnds/lib/libnds9.a(timeSupport.o)
 .ARM.attributes
                0x000000000000031b       0x2b /opt/devkitpro/libnds/lib/libnds9.a(securearea.o)
 .ARM.attributes
                0x0000000000000346       0x2b /opt/devkitpro/libnds/lib/libnds9.a(interrupts.o)
 .ARM.attributes
                0x0000000000000371       0x2b /opt/devkitpro/libnds/lib/libnds9.a(libnds_exit.arm.o)
 .ARM.attributes
                0x000000000000039c       0x2b /opt/devkitpro/libnds/lib/libnds9.a(fifosystem.o)
 .ARM.attributes
                0x00000000000003c7       0x21 /opt/devkitpro/libnds/lib/libnds9.a(mpu_setup.o)
 .ARM.attributes
                0x00000000000003e8       0x21 /opt/devkitpro/libnds/lib/libnds9.a(IntrWait.o)
 .ARM.attributes
                0x0000000000000409       0x21 /opt/devkitpro/libnds/lib/libnds9.a(cpu_clock.o)
 .ARM.attributes
                0x000000000000042a       0x1b /opt/devkitpro/libnds/lib/libnds9.a(interruptDispatcher.o)
 .ARM.attributes
                0x0000000000000445       0x21 /opt/devkitpro/libnds/lib/libnds9.a(swiSoftReset.o)
 .ARM.attributes
                0x0000000000000466       0x1b /opt/devkitpro/libnds/lib/libnds9.a(biosCalls.o)
 .ARM.attributes
                0x0000000000000481       0x2b /opt/devkitpro/libnds/lib/libnds9.a(video.o)
 .ARM.attributes
                0x00000000000004ac       0x2b /opt/devkitpro/libnds/lib/libnds9.a(system.o)
 .ARM.attributes
                0x00000000000004d7       0x2a /opt/devkitpro/devkitARM/bin/../lib/gcc/arm-none-eabi/10.2.0/../../../../arm-none-eabi/lib/thumb/libm.a(lib_a-s_atan.o)
 .ARM.attributes
                0x0000000000000501       0x2a /opt/devkitpro/devkitARM/bin/../lib/gcc/arm-none-eabi/10.2.0/../../../../arm-none-eabi/lib/thumb/libm.a(lib_a-s_cos.o)
 .ARM.attributes
                0x000000000000052b       0x2a /opt/devkitpro/devkitARM/bin/../lib/gcc/arm-none-eabi/10.2.0/../../../../arm-none-eabi/lib/thumb/libm.a(lib_a-s_fabs.o)
 .ARM.attributes
                0x0000000000000555       0x2a /opt/devkitpro/devkitARM/bin/../lib/gcc/arm-none-eabi/10.2.0/../../../../arm-none-eabi/lib/thumb/libm.a(lib_a-s_sin.o)
 .ARM.attributes
                0x000000000000057f       0x2a /opt/devkitpro/devkitARM/bin/../lib/gcc/arm-none-eabi/10.2.0/../../../../arm-none-eabi/lib/thumb/libm.a(lib_a-w_atan2.o)
 .ARM.attributes
                0x00000000000005a9       0x2a /opt/devkitpro/devkitARM/bin/../lib/gcc/arm-none-eabi/10.2.0/../../../../arm-none-eabi/lib/thumb/libm.a(lib_a-w_sqrt.o)
 .ARM.attributes
                0x00000000000005d3       0x2a /opt/devkitpro/devkitARM/bin/../lib/gcc/arm-none-eabi/10.2.0/../../../../arm-none-eabi/lib/thumb/libm.a(lib_a-e_atan2.o)
 .ARM.attributes
                0x00000000000005fd       0x2a /opt/devkitpro/devkitARM/bin/../lib/gcc/arm-none-eabi/10.2.0/../../../../arm-none-eabi/lib/thumb/libm.a(lib_a-e_rem_pio2.o)
 .ARM.attributes
                0x0000000000000627       0x2a /opt/devkitpro/devkitARM/bin/../lib/gcc/arm-none-eabi/10.2.0/../../../../arm-none-eabi/lib/thumb/libm.a(lib_a-e_sqrt.o)
 .ARM.attributes
                0x0000000000000651       0x2a /opt/devkitpro/devkitARM/bin/../lib/gcc/arm-none-eabi/10.2.0/../../../../arm-none-eabi/lib/thumb/libm.a(lib_a-k_cos.o)
 .ARM.attributes
                0x000000000000067b       0x2a /opt/devkitpro/devkitARM/bin/../lib/gcc/arm-none-eabi/10.2.0/../../../../arm-none-eabi/lib/thumb/libm.a(lib_a-k_rem_pio2.o)
 .ARM.attributes
                0x00000000000006a5       0x2a /opt/devkitpro/devkitARM/bin/../lib/gcc/arm-none-eabi/10.2.0/../../../../arm-none-eabi/lib/thumb/libm.a(lib_a-k_sin.o)
 .ARM.attributes
                0x00000000000006cf       0x2a /opt/devkitpro/devkitARM/bin/../lib/gcc/arm-none-eabi/10.2.0/../../../../arm-none-eabi/lib/thumb/libm.a(lib_a-s_floor.o)
 .ARM.attributes
                0x00000000000006f9       0x30 /opt/devkitpro/devkitARM/bin/../lib/gcc/arm-none-eabi/10.2.0/../../../../arm-none-eabi/lib/thumb/libm.a(lib_a-s_lib_ver.o)
 .ARM.attributes
                0x0000000000000729       0x2a /opt/devkitpro/devkitARM/bin/../lib/gcc/arm-none-eabi/10.2.0/../../../../arm-none-eabi/lib/thumb/libm.a(lib_a-s_scalbn.o)
 .ARM.attributes
                0x0000000000000753       0x1c /opt/devkitpro/devkitARM/bin/../lib/gcc/arm-none-eabi/10.2.0/thumb/libgcc.a(_udivsi3.o)
 .ARM.attributes
                0x000000000000076f       0x1c /opt/devkitpro/devkitARM/bin/../lib/gcc/arm-none-eabi/10.2.0/thumb/libgcc.a(_divsi3.o)
 .ARM.attributes
                0x000000000000078b       0x1c /opt/devkitpro/devkitARM/bin/../lib/gcc/arm-none-eabi/10.2.0/thumb/libgcc.a(_dvmd_tls.o)
 .ARM.attributes
                0x00000000000007a7       0x1c /opt/devkitpro/devkitARM/bin/../lib/gcc/arm-none-eabi/10.2.0/thumb/libgcc.a(_arm_addsubdf3.o)
 .ARM.attributes
                0x00000000000007c3       0x1c /opt/devkitpro/devkitARM/bin/../lib/gcc/arm-none-eabi/10.2.0/thumb/libgcc.a(_arm_muldivdf3.o)
 .ARM.attributes
                0x00000000000007df       0x1c /opt/devkitpro/devkitARM/bin/../lib/gcc/arm-none-eabi/10.2.0/thumb/libgcc.a(_arm_cmpdf2.o)
 .ARM.attributes
                0x00000000000007fb       0x1c /opt/devkitpro/devkitARM/bin/../lib/gcc/arm-none-eabi/10.2.0/thumb/libgcc.a(_arm_unorddf2.o)
 .ARM.attributes
                0x0000000000000817       0x1c /opt/devkitpro/devkitARM/bin/../lib/gcc/arm-none-eabi/10.2.0/thumb/libgcc.a(_arm_fixdfsi.o)
 .ARM.attributes
                0x0000000000000833       0x1c /opt/devkitpro/devkitARM/bin/../lib/gcc/arm-none-eabi/10.2.0/thumb/libgcc.a(_arm_fixunsdfsi.o)
 .ARM.attributes
                0x000000000000084f       0x1c /opt/devkitpro/devkitARM/bin/../lib/gcc/arm-none-eabi/10.2.0/thumb/libgcc.a(_arm_truncdfsf2.o)
 .ARM.attributes
                0x000000000000086b       0x1c /opt/devkitpro/devkitARM/bin/../lib/gcc/arm-none-eabi/10.2.0/thumb/libgcc.a(_arm_addsubsf3.o)
 .ARM.attributes
                0x0000000000000887       0x1c /opt/devkitpro/devkitARM/bin/../lib/gcc/arm-none-eabi/10.2.0/thumb/libgcc.a(_arm_muldivsf3.o)
 .ARM.attributes
                0x00000000000008a3       0x1c /opt/devkitpro/devkitARM/bin/../lib/gcc/arm-none-eabi/10.2.0/thumb/libgcc.a(_arm_cmpsf2.o)
 .ARM.attributes
                0x00000000000008bf       0x1c /opt/devkitpro/devkitARM/bin/../lib/gcc/arm-none-eabi/10.2.0/thumb/libgcc.a(_arm_fixsfsi.o)
 .ARM.attributes
                0x00000000000008db       0x1c /opt/devkitpro/devkitARM/bin/../lib/gcc/arm-none-eabi/10.2.0/thumb/libgcc.a(_arm_fixunssfsi.o)
 .ARM.attributes
                0x00000000000008f7       0x2a /opt/devkitpro/devkitARM/bin/../lib/gcc/arm-none-eabi/10.2.0/../../../../arm-none-eabi/lib/thumb/libg.a(lib_a-errno.o)
 .ARM.attributes
                0x0000000000000921       0x2a /opt/devkitpro/devkitARM/bin/../lib/gcc/arm-none-eabi/10.2.0/../../../../arm-none-eabi/lib/thumb/libg.a(lib_a-init.o)
 .ARM.attributes
                0x000000000000094b       0x2a /opt/devkitpro/devkitARM/bin/../lib/gcc/arm-none-eabi/10.2.0/../../../../arm-none-eabi/lib/thumb/libg.a(lib_a-memcpy-stub.o)
 .ARM.attributes
                0x0000000000000975       0x2a /opt/devkitpro/devkitARM/bin/../lib/gcc/arm-none-eabi/10.2.0/../../../../arm-none-eabi/lib/thumb/libg.a(lib_a-memset.o)
 .ARM.attributes
                0x000000000000099f       0x30 /opt/devkitpro/devkitARM/bin/../lib/gcc/arm-none-eabi/10.2.0/../../../../arm-none-eabi/lib/thumb/libsysbase.a(malloc_vars.o)
 .ARM.attributes
                0x00000000000009cf       0x2a /opt/devkitpro/devkitARM/bin/../lib/gcc/arm-none-eabi/10.2.0/../../../../arm-none-eabi/lib/thumb/libsysbase.a(build_argv.o)
 .ARM.attributes
                0x00000000000009f9       0x2a /opt/devkitpro/devkitARM/bin/../lib/gcc/arm-none-eabi/10.2.0/../../../../arm-none-eabi/lib/thumb/libsysbase.a(syscall_support.o)
 .ARM.attributes
                0x0000000000000a23       0x2a /opt/devkitpro/devkitARM/bin/../lib/gcc/arm-none-eabi/10.2.0/../../../../arm-none-eabi/lib/thumb/libsysbase.a(getreent.o)
 .ARM.attributes
                0x0000000000000a4d       0x30 /opt/devkitpro/devkitARM/bin/../lib/gcc/arm-none-eabi/10.2.0/../../../../arm-none-eabi/lib/thumb/libg.a(lib_a-impure.o)
 .ARM.attributes
                0x0000000000000a7d       0x30 /opt/devkitpro/devkitARM/bin/../lib/gcc/arm-none-eabi/10.2.0/thumb/crtend.o
 .ARM.attributes
                0x0000000000000aad       0x1c /opt/devkitpro/devkitARM/bin/../lib/gcc/arm-none-eabi/10.2.0/thumb/crtn.o

.debug
 *(.debug)

.line
 *(.line)

.debug_srcinfo
 *(.debug_srcinfo)

.debug_sfnames
 *(.debug_sfnames)

.debug_aranges  0x0000000000000000      0x4e8
 *(.debug_aranges)
 .debug_aranges
                0x0000000000000000       0x20 game.o
 .debug_aranges
                0x0000000000000020       0x20 graphics_main.o
 .debug_aranges
                0x0000000000000040       0x20 graphics_sub.o
 .debug_aranges
                0x0000000000000060       0x20 input.o
 .debug_aranges
                0x0000000000000080       0x20 main.o
 .debug_aranges
                0x00000000000000a0       0x20 physics.o
 .debug_aranges
                0x00000000000000c0       0x28 /opt/devkitpro/libnds/lib/libnds9.a(touch.o)
 .debug_aranges
                0x00000000000000e8       0x50 /opt/devkitpro/libnds/lib/libnds9.a(keys.o)
 .debug_aranges
                0x0000000000000138       0x20 /opt/devkitpro/libnds/lib/libnds9.a(initSystem.o)
 .debug_aranges
                0x0000000000000158       0x20 /opt/devkitpro/libnds/lib/libnds9.a(timeSupport.o)
 .debug_aranges
                0x0000000000000178       0x18 /opt/devkitpro/libnds/lib/libnds9.a(securearea.o)
 .debug_aranges
                0x0000000000000190       0x50 /opt/devkitpro/libnds/lib/libnds9.a(interrupts.o)
 .debug_aranges
                0x00000000000001e0       0x28 /opt/devkitpro/libnds/lib/libnds9.a(libnds_exit.arm.o)
 .debug_aranges
                0x0000000000000208       0xb0 /opt/devkitpro/libnds/lib/libnds9.a(fifosystem.o)
 .debug_aranges
                0x00000000000002b8       0x30 /opt/devkitpro/libnds/lib/libnds9.a(mpu_setup.o)
 .debug_aranges
                0x00000000000002e8       0x28 /opt/devkitpro/libnds/lib/libnds9.a(IntrWait.o)
 .debug_aranges
                0x0000000000000310       0x20 /opt/devkitpro/libnds/lib/libnds9.a(cpu_clock.o)
 .debug_aranges
                0x0000000000000330       0x20 /opt/devkitpro/libnds/lib/libnds9.a(interruptDispatcher.o)
 .debug_aranges
                0x0000000000000350       0x20 /opt/devkitpro/libnds/lib/libnds9.a(swiSoftReset.o)
 .debug_aranges
                0x0000000000000370       0xc8 /opt/devkitpro/libnds/lib/libnds9.a(biosCalls.o)
 .debug_aranges
                0x0000000000000438       0x48 /opt/devkitpro/libnds/lib/libnds9.a(video.o)
 .debug_aranges
                0x0000000000000480       0x68 /opt/devkitpro/libnds/lib/libnds9.a(system.o)

.debug_pubnames
 *(.debug_pubnames)

.debug_info     0x0000000000000000     0x8a95
 *(.debug_info)
 .debug_info    0x0000000000000000      0x8a5 game.o
 .debug_info    0x00000000000008a5      0x873 graphics_main.o
 .debug_info    0x0000000000001118      0xd07 graphics_sub.o
 .debug_info    0x0000000000001e1f      0x620 input.o
 .debug_info    0x000000000000243f      0x5b6 main.o
 .debug_info    0x00000000000029f5      0x5d1 physics.o
 .debug_info    0x0000000000002fc6      0x342 /opt/devkitpro/libnds/lib/libnds9.a(touch.o)
 .debug_info    0x0000000000003308      0x466 /opt/devkitpro/libnds/lib/libnds9.a(keys.o)
 .debug_info    0x000000000000376e     0x12a5 /opt/devkitpro/libnds/lib/libnds9.a(initSystem.o)
 .debug_info    0x0000000000004a13      0xa64 /opt/devkitpro/libnds/lib/libnds9.a(timeSupport.o)
 .debug_info    0x0000000000005477       0x59 /opt/devkitpro/libnds/lib/libnds9.a(securearea.o)
 .debug_info    0x00000000000054d0      0x68f /opt/devkitpro/libnds/lib/libnds9.a(interrupts.o)
 .debug_info    0x0000000000005b5f      0x378 /opt/devkitpro/libnds/lib/libnds9.a(libnds_exit.arm.o)
 .debug_info    0x0000000000005ed7     0x189c /opt/devkitpro/libnds/lib/libnds9.a(fifosystem.o)
 .debug_info    0x0000000000007773       0x22 /opt/devkitpro/libnds/lib/libnds9.a(mpu_setup.o)
 .debug_info    0x0000000000007795       0x22 /opt/devkitpro/libnds/lib/libnds9.a(IntrWait.o)
 .debug_info    0x00000000000077b7       0x26 /opt/devkitpro/libnds/lib/libnds9.a(cpu_clock.o)
 .debug_info    0x00000000000077dd       0x26 /opt/devkitpro/libnds/lib/libnds9.a(interruptDispatcher.o)
 .debug_info    0x0000000000007803       0x26 /opt/devkitpro/libnds/lib/libnds9.a(swiSoftReset.o)
 .debug_info    0x0000000000007829       0x22 /opt/devkitpro/libnds/lib/libnds9.a(biosCalls.o)
 .debug_info    0x000000000000784b      0x7c5 /opt/devkitpro/libnds/lib/libnds9.a(video.o)
 .debug_info    0x0000000000008010      0xa85 /opt/devkitpro/libnds/lib/libnds9.a(system.o)

.debug_abbrev   0x0000000000000000     0x21f2
 *(.debug_abbrev)
 .debug_abbrev  0x0000000000000000      0x1eb game.o
 .debug_abbrev  0x00000000000001eb      0x20e graphics_main.o
 .debug_abbrev  0x00000000000003f9      0x292 graphics_sub.o
 .debug_abbrev  0x000000000000068b      0x1ab input.o
 .debug_abbrev  0x0000000000000836      0x153 main.o
 .debug_abbrev  0x0000000000000989      0x144 physics.o
 .debug_abbrev  0x0000000000000acd      0x152 /opt/devkitpro/libnds/lib/libnds9.a(touch.o)
 .debug_abbrev  0x0000000000000c1f      0x1a0 /opt/devkitpro/libnds/lib/libnds9.a(keys.o)
 .debug_abbrev  0x0000000000000dbf      0x33f /opt/devkitpro/libnds/lib/libnds9.a(initSystem.o)
 .debug_abbrev  0x00000000000010fe      0x1e5 /opt/devkitpro/libnds/lib/libnds9.a(timeSupport.o)
 .debug_abbrev  0x00000000000012e3       0x47 /opt/devkitpro/libnds/lib/libnds9.a(securearea.o)
 .debug_abbrev  0x000000000000132a      0x2dd /opt/devkitpro/libnds/lib/libnds9.a(interrupts.o)
 .debug_abbrev  0x0000000000001607      0x1a8 /opt/devkitpro/libnds/lib/libnds9.a(libnds_exit.arm.o)
 .debug_abbrev  0x00000000000017af      0x491 /opt/devkitpro/libnds/lib/libnds9.a(fifosystem.o)
 .debug_abbrev  0x0000000000001c40       0x12 /opt/devkitpro/libnds/lib/libnds9.a(mpu_setup.o)
 .debug_abbrev  0x0000000000001c52       0x12 /opt/devkitpro/libnds/lib/libnds9.a(IntrWait.o)
 .debug_abbrev  0x0000000000001c64       0x14 /opt/devkitpro/libnds/lib/libnds9.a(cpu_clock.o)
 .debug_abbrev  0x0000000000001c78       0x14 /opt/devkitpro/libnds/lib/libnds9.a(interruptDispatcher.o)
 .debug_abbrev  0x0000000000001c8c       0x14 /opt/devkitpro/libnds/lib/libnds9.a(swiSoftReset.o)
 .debug_abbrev  0x0000000000001ca0       0x12 /opt/devkitpro/libnds/lib/libnds9.a(biosCalls.o)
 .debug_abbrev  0x0000000000001cb2      0x241 /opt/devkitpro/libnds/lib/libnds9.a(video.o)
 .debug_abbrev  0x0000000000001ef3      0x2ff /opt/devkitpro/libnds/lib/libnds9.a(system.o)

.debug_line     0x0000000000000000     0x53d0
 *(.debug_line)
 .debug_line    0x0000000000000000      0x356 game.o
 .debug_line    0x0000000000000356      0x3a0 graphics_main.o
 .debug_line    0x00000000000006f6      0x7ea graphics_sub.o
 .debug_line    0x0000000000000ee0      0x310 input.o
 .debug_line    0x00000000000011f0      0x1d2 main.o
 .debug_line    0x00000000000013c2      0x545 physics.o
 .debug_line    0x0000000000001907      0x33e /opt/devkitpro/libnds/lib/libnds9.a(touch.o)
 .debug_line    0x0000000000001c45      0x3ad /opt/devkitpro/libnds/lib/libnds9.a(keys.o)
 .debug_line    0x0000000000001ff2      0x58b /opt/devkitpro/libnds/lib/libnds9.a(initSystem.o)
 .debug_line    0x000000000000257d      0x1f0 /opt/devkitpro/libnds/lib/libnds9.a(timeSupport.o)
 .debug_line    0x000000000000276d       0x8f /opt/devkitpro/libnds/lib/libnds9.a(securearea.o)
 .debug_line    0x00000000000027fc      0x569 /opt/devkitpro/libnds/lib/libnds9.a(interrupts.o)
 .debug_line    0x0000000000002d65      0x252 /opt/devkitpro/libnds/lib/libnds9.a(libnds_exit.arm.o)
 .debug_line    0x0000000000002fb7     0x142b /opt/devkitpro/libnds/lib/libnds9.a(fifosystem.o)
 .debug_line    0x00000000000043e2      0x13c /opt/devkitpro/libnds/lib/libnds9.a(mpu_setup.o)
 .debug_line    0x000000000000451e       0xc7 /opt/devkitpro/libnds/lib/libnds9.a(IntrWait.o)
 .debug_line    0x00000000000045e5       0xb0 /opt/devkitpro/libnds/lib/libnds9.a(cpu_clock.o)
 .debug_line    0x0000000000004695       0xd9 /opt/devkitpro/libnds/lib/libnds9.a(interruptDispatcher.o)
 .debug_line    0x000000000000476e       0xa9 /opt/devkitpro/libnds/lib/libnds9.a(swiSoftReset.o)
 .debug_line    0x0000000000004817      0x1ff /opt/devkitpro/libnds/lib/libnds9.a(biosCalls.o)
 .debug_line    0x0000000000004a16      0x4d9 /opt/devkitpro/libnds/lib/libnds9.a(video.o)
 .debug_line    0x0000000000004eef      0x4e1 /opt/devkitpro/libnds/lib/libnds9.a(system.o)

.debug_frame    0x0000000000000000      0xb54
 *(.debug_frame)
 .debug_frame   0x0000000000000000       0xec game.o
 .debug_frame   0x00000000000000ec       0x94 graphics_main.o
 .debug_frame   0x0000000000000180      0x14c graphics_sub.o
 .debug_frame   0x00000000000002cc       0x68 input.o
 .debug_frame   0x0000000000000334       0x28 main.o
 .debug_frame   0x000000000000035c      0x1c0 physics.o
 .debug_frame   0x000000000000051c       0x3c /opt/devkitpro/libnds/lib/libnds9.a(touch.o)
 .debug_frame   0x0000000000000558       0x8c /opt/devkitpro/libnds/lib/libnds9.a(keys.o)
 .debug_frame   0x00000000000005e4       0x28 /opt/devkitpro/libnds/lib/libnds9.a(initSystem.o)
 .debug_frame   0x000000000000060c       0x28 /opt/devkitpro/libnds/lib/libnds9.a(timeSupport.o)
 .debug_frame   0x0000000000000634       0xa4 /opt/devkitpro/libnds/lib/libnds9.a(interrupts.o)
 .debug_frame   0x00000000000006d8       0x38 /opt/devkitpro/libnds/lib/libnds9.a(libnds_exit.arm.o)
 .debug_frame   0x0000000000000710      0x290 /opt/devkitpro/libnds/lib/libnds9.a(fifosystem.o)
 .debug_frame   0x00000000000009a0       0xbc /opt/devkitpro/libnds/lib/libnds9.a(video.o)
 .debug_frame   0x0000000000000a5c       0xf8 /opt/devkitpro/libnds/lib/libnds9.a(system.o)

.debug_str      0x0000000000000000     0x3665
 *(.debug_str)
 .debug_str     0x0000000000000000      0x607 game.o
                                        0x689 (size before relaxing)
 .debug_str     0x0000000000000607      0x5e4 graphics_main.o
                                        0x99d (size before relaxing)
 .debug_str     0x0000000000000beb      0x59c graphics_sub.o
                                        0xcf1 (size before relaxing)
 .debug_str     0x0000000000001187       0xbe input.o
                                        0x578 (size before relaxing)
 .debug_str     0x0000000000001245       0x6d main.o
                                        0x56c (size before relaxing)
 .debug_str     0x00000000000012b2      0x139 physics.o
                                        0x2eb (size before relaxing)
 .debug_str     0x00000000000013eb      0x21d /opt/devkitpro/libnds/lib/libnds9.a(touch.o)
                                        0x332 (size before relaxing)
 .debug_str     0x0000000000001608       0xe6 /opt/devkitpro/libnds/lib/libnds9.a(keys.o)
                                        0x420 (size before relaxing)
 .debug_str     0x00000000000016ee      0x85d /opt/devkitpro/libnds/lib/libnds9.a(initSystem.o)
                                        0xc4b (size before relaxing)
 .debug_str     0x0000000000001f4b       0x7e /opt/devkitpro/libnds/lib/libnds9.a(timeSupport.o)
                                        0x689 (size before relaxing)
 .debug_str     0x0000000000001fc9       0x7f /opt/devkitpro/libnds/lib/libnds9.a(securearea.o)
                                        0x16e (size before relaxing)
 .debug_str     0x0000000000002048      0x193 /opt/devkitpro/libnds/lib/libnds9.a(interrupts.o)
                                        0x48d (size before relaxing)
 .debug_str     0x00000000000021db      0x1db /opt/devkitpro/libnds/lib/libnds9.a(libnds_exit.arm.o)
                                        0x3e5 (size before relaxing)
 .debug_str     0x00000000000023b6      0x4b5 /opt/devkitpro/libnds/lib/libnds9.a(fifosystem.o)
                                        0x894 (size before relaxing)
 .debug_str     0x000000000000286b       0x7a /opt/devkitpro/libnds/lib/libnds9.a(mpu_setup.o)
                                         0xce (size before relaxing)
 .debug_str     0x00000000000028e5       0x6d /opt/devkitpro/libnds/lib/libnds9.a(IntrWait.o)
                                         0xcd (size before relaxing)
 .debug_str     0x0000000000002952       0x6e /opt/devkitpro/libnds/lib/libnds9.a(cpu_clock.o)
                                         0xce (size before relaxing)
 .debug_str     0x00000000000029c0       0x73 /opt/devkitpro/libnds/lib/libnds9.a(interruptDispatcher.o)
                                         0xd3 (size before relaxing)
 .debug_str     0x0000000000002a33       0x6c /opt/devkitpro/libnds/lib/libnds9.a(swiSoftReset.o)
                                         0xcc (size before relaxing)
 .debug_str     0x0000000000002a9f       0x69 /opt/devkitpro/libnds/lib/libnds9.a(biosCalls.o)
                                         0xc9 (size before relaxing)
 .debug_str     0x0000000000002b08      0x7ea /opt/devkitpro/libnds/lib/libnds9.a(video.o)
                                        0xc53 (size before relaxing)
 .debug_str     0x00000000000032f2      0x373 /opt/devkitpro/libnds/lib/libnds9.a(system.o)
                                        0x791 (size before relaxing)

.debug_loc      0x0000000000000000     0x2022
 *(.debug_loc)
 .debug_loc     0x0000000000000000       0xb3 /opt/devkitpro/libnds/lib/libnds9.a(touch.o)
 .debug_loc     0x00000000000000b3       0x15 /opt/devkitpro/libnds/lib/libnds9.a(keys.o)
 .debug_loc     0x00000000000000c8       0xf0 /opt/devkitpro/libnds/lib/libnds9.a(initSystem.o)
 .debug_loc     0x00000000000001b8       0x25 /opt/devkitpro/libnds/lib/libnds9.a(timeSupport.o)
 .debug_loc     0x00000000000001dd      0x26c /opt/devkitpro/libnds/lib/libnds9.a(interrupts.o)
 .debug_loc     0x0000000000000449       0x64 /opt/devkitpro/libnds/lib/libnds9.a(libnds_exit.arm.o)
 .debug_loc     0x00000000000004ad     0x168e /opt/devkitpro/libnds/lib/libnds9.a(fifosystem.o)
 .debug_loc     0x0000000000001b3b      0x2e5 /opt/devkitpro/libnds/lib/libnds9.a(video.o)
 .debug_loc     0x0000000000001e20      0x202 /opt/devkitpro/libnds/lib/libnds9.a(system.o)

.debug_macinfo
 *(.debug_macinfo)

.debug_weaknames
 *(.debug_weaknames)

.debug_funcnames
 *(.debug_funcnames)

.debug_typenames
 *(.debug_typenames)

.debug_varnames
 *(.debug_varnames)

.stack          0x0000000000080000        0x0
                0x0000000000080000                _stack = .
 *(.stack)
LOAD /opt/devkitpro/devkitARM/bin/../lib/gcc/arm-none-eabi/10.2.0/../../../../arm-none-eabi/lib/thumb/ds_arm9_crt0.o
LOAD /opt/devkitpro/devkitARM/bin/../lib/gcc/arm-none-eabi/10.2.0/thumb/crti.o
LOAD /opt/devkitpro/devkitARM/bin/../lib/gcc/arm-none-eabi/10.2.0/thumb/crtbegin.o
LOAD soundbank.bin.o
LOAD backplate.o
LOAD crash_earth.o
LOAD crash_moon.o
LOAD fusee0.o
LOAD fusee1.o
LOAD fusee2.o
LOAD horizon.o
LOAD numbers.o
LOAD planets.o
LOAD splash.o
LOAD splash2.o
LOAD game.o
LOAD graphics_main.o
LOAD graphics_sub.o
LOAD input.o
LOAD main.o
LOAD physics.o
LOAD /opt/devkitpro/libnds/lib/libnds9.a
LOAD /opt/devkitpro/libnds/lib/libmm9.a
LOAD /opt/devkitpro/devkitARM/bin/../lib/gcc/arm-none-eabi/10.2.0/../../../../arm-none-eabi/lib/thumb/libm.a
START GROUP
LOAD /opt/devkitpro/devkitARM/bin/../lib/gcc/arm-none-eabi/10.2.0/thumb/libgcc.a
LOAD /opt/devkitpro/devkitARM/bin/../lib/gcc/arm-none-eabi/10.2.0/../../../../arm-none-eabi/lib/thumb/libg.a
LOAD /opt/devkitpro/devkitARM/bin/../lib/gcc/arm-none-eabi/10.2.0/../../../../arm-none-eabi/lib/thumb/libc.a
LOAD /opt/devkitpro/devkitARM/bin/../lib/gcc/arm-none-eabi/10.2.0/../../../../arm-none-eabi/lib/thumb/libsysbase.a
END GROUP
LOAD /opt/devkitpro/devkitARM/bin/../lib/gcc/arm-none-eabi/10.2.0/thumb/crtend.o
LOAD /opt/devkitpro/devkitARM/bin/../lib/gcc/arm-none-eabi/10.2.0/thumb/crtn.o
OUTPUT(/Users/iacopo/Documents/EPFL/4eme/Sys_embarques_microprogrammes/projet/ksp_nds/ksp_nds.elf elf32-littlearm)
LOAD linker stubs

.debug_ranges   0x0000000000000000      0x868
 .debug_ranges  0x0000000000000000       0x60 /opt/devkitpro/libnds/lib/libnds9.a(touch.o)
 .debug_ranges  0x0000000000000060       0x58 /opt/devkitpro/libnds/lib/libnds9.a(keys.o)
 .debug_ranges  0x00000000000000b8       0x10 /opt/devkitpro/libnds/lib/libnds9.a(initSystem.o)
 .debug_ranges  0x00000000000000c8       0x10 /opt/devkitpro/libnds/lib/libnds9.a(timeSupport.o)
 .debug_ranges  0x00000000000000d8      0x100 /opt/devkitpro/libnds/lib/libnds9.a(interrupts.o)
 .debug_ranges  0x00000000000001d8       0x18 /opt/devkitpro/libnds/lib/libnds9.a(libnds_exit.arm.o)
 .debug_ranges  0x00000000000001f0      0x4c8 /opt/devkitpro/libnds/lib/libnds9.a(fifosystem.o)
 .debug_ranges  0x00000000000006b8       0x28 /opt/devkitpro/libnds/lib/libnds9.a(mpu_setup.o)
 .debug_ranges  0x00000000000006e0       0x20 /opt/devkitpro/libnds/lib/libnds9.a(IntrWait.o)
 .debug_ranges  0x0000000000000700       0xc0 /opt/devkitpro/libnds/lib/libnds9.a(biosCalls.o)
 .debug_ranges  0x00000000000007c0       0x50 /opt/devkitpro/libnds/lib/libnds9.a(video.o)
 .debug_ranges  0x0000000000000810       0x58 /opt/devkitpro/libnds/lib/libnds9.a(system.o)
