Archive member included to satisfy reference by file (symbol)

/opt/devkitpro/libnds/lib/libnds9.a(touch.o)
                              input.o (touchRead)
/opt/devkitpro/libnds/lib/libnds9.a(sprite_alloc.o)
                              graphics_main.o (oamAllocateGfx)
/opt/devkitpro/libnds/lib/libnds9.a(videoGL.o)
                              game.o (glGlobalData)
/opt/devkitpro/libnds/lib/libnds9.a(sprite.o)
                              graphics_main.o (oamInit)
/opt/devkitpro/libnds/lib/libnds9.a(keys.o)
                              input.o (scanKeys)
/opt/devkitpro/libnds/lib/libnds9.a(initSystem.o)
                              /opt/devkitpro/devkitARM/bin/../lib/gcc/arm-none-eabi/10.2.0/../../../../arm-none-eabi/lib/thumb/ds_arm9_crt0.o (initSystem)
/opt/devkitpro/libnds/lib/libnds9.a(timeSupport.o)
                              /opt/devkitpro/libnds/lib/libnds9.a(initSystem.o) (__libnds_gtod)
/opt/devkitpro/libnds/lib/libnds9.a(securearea.o)
                              /opt/devkitpro/devkitARM/bin/../lib/gcc/arm-none-eabi/10.2.0/../../../../arm-none-eabi/lib/thumb/ds_arm9_crt0.o (__secure_area__)
/opt/devkitpro/libnds/lib/libnds9.a(interrupts.o)
                              /opt/devkitpro/libnds/lib/libnds9.a(initSystem.o) (irqInit)
/opt/devkitpro/libnds/lib/libnds9.a(libnds_exit.arm.o)
                              /opt/devkitpro/devkitARM/bin/../lib/gcc/arm-none-eabi/10.2.0/../../../../arm-none-eabi/lib/thumb/ds_arm9_crt0.o (__libnds_exit)
/opt/devkitpro/libnds/lib/libnds9.a(fifosystem.o)
                              /opt/devkitpro/libnds/lib/libnds9.a(initSystem.o) (fifoSetValue32Handler)
/opt/devkitpro/libnds/lib/libnds9.a(dcache.o)
                              /opt/devkitpro/libnds/lib/libnds9.a(sprite.o) (DC_FlushRange)
/opt/devkitpro/libnds/lib/libnds9.a(mpu_setup.o)
                              /opt/devkitpro/devkitARM/bin/../lib/gcc/arm-none-eabi/10.2.0/../../../../arm-none-eabi/lib/thumb/ds_arm9_crt0.o (__libnds_mpu_setup)
/opt/devkitpro/libnds/lib/libnds9.a(IntrWait.o)
                              graphics_main.o (swiWaitForVBlank)
/opt/devkitpro/libnds/lib/libnds9.a(cpu_clock.o)
                              /opt/devkitpro/libnds/lib/libnds9.a(initSystem.o) (setCpuClock)
/opt/devkitpro/libnds/lib/libnds9.a(interruptDispatcher.o)
                              /opt/devkitpro/libnds/lib/libnds9.a(interrupts.o) (IntrMain)
/opt/devkitpro/libnds/lib/libnds9.a(swiSoftReset.o)
                              /opt/devkitpro/libnds/lib/libnds9.a(fifosystem.o) (swiSoftReset)
/opt/devkitpro/libnds/lib/libnds9.a(biosCalls.o)
                              graphics_main.o (swiCopy)
/opt/devkitpro/libnds/lib/libnds9.a(dynamicArray.o)
                              /opt/devkitpro/libnds/lib/libnds9.a(videoGL.o) (DynamicArrayInit)
/opt/devkitpro/libnds/lib/libnds9.a(video.o)
                              /opt/devkitpro/libnds/lib/libnds9.a(videoGL.o) (vramSetBanks_EFG)
/opt/devkitpro/libnds/lib/libnds9.a(system.o)
                              /opt/devkitpro/libnds/lib/libnds9.a(initSystem.o) (systemValueHandler)
/opt/devkitpro/libnds/lib/libnds9.a(trig.o)
                              /opt/devkitpro/libnds/lib/libnds9.a(videoGL.o) (sinLerp)
/opt/devkitpro/libnds/lib/libmm9.a(mm_comms.o)
                              sound.o (mmStart)
/opt/devkitpro/libnds/lib/libmm9.a(mm_memory.o)
                              sound.o (mmLoad)
/opt/devkitpro/libnds/lib/libmm9.a(mm_main9.o)
                              /opt/devkitpro/libnds/lib/libmm9.a(mm_memory.o) (mmcbMemory)
/opt/devkitpro/libnds/lib/libmm9.a(mm_soundbank.o)
                              /opt/devkitpro/libnds/lib/libmm9.a(mm_main9.o) (mmSoundBankInMemory)
/opt/devkitpro/libnds/lib/libmm9.a(mm_flusher.o)
                              /opt/devkitpro/libnds/lib/libmm9.a(mm_memory.o) (mmFlushBank)
/opt/devkitpro/devkitARM/bin/../lib/gcc/arm-none-eabi/10.2.0/../../../../arm-none-eabi/lib/thumb/libm.a(lib_a-s_atan.o)
                              graphics_sub.o (atan)
/opt/devkitpro/devkitARM/bin/../lib/gcc/arm-none-eabi/10.2.0/../../../../arm-none-eabi/lib/thumb/libm.a(lib_a-s_cos.o)
                              graphics_sub.o (cos)
/opt/devkitpro/devkitARM/bin/../lib/gcc/arm-none-eabi/10.2.0/../../../../arm-none-eabi/lib/thumb/libm.a(lib_a-s_fabs.o)
                              /opt/devkitpro/devkitARM/bin/../lib/gcc/arm-none-eabi/10.2.0/../../../../arm-none-eabi/lib/thumb/libm.a(lib_a-s_atan.o) (fabs)
/opt/devkitpro/devkitARM/bin/../lib/gcc/arm-none-eabi/10.2.0/../../../../arm-none-eabi/lib/thumb/libm.a(lib_a-s_sin.o)
                              graphics_sub.o (sin)
/opt/devkitpro/devkitARM/bin/../lib/gcc/arm-none-eabi/10.2.0/../../../../arm-none-eabi/lib/thumb/libm.a(lib_a-w_atan2.o)
                              physics.o (atan2)
/opt/devkitpro/devkitARM/bin/../lib/gcc/arm-none-eabi/10.2.0/../../../../arm-none-eabi/lib/thumb/libm.a(lib_a-w_sqrt.o)
                              graphics_sub.o (sqrt)
[...]
Memory Configuration

Name             Origin             Length             Attributes
ewram            0x0000000002000000 0x0000000000380000
dtcm             0x0000000002ff0000 0x0000000000004000
vectors          0x0000000001000000 0x0000000000000100
itcm             0x0000000001000100 0x0000000000007f00
*default*        0x0000000000000000 0xffffffffffffffff

Linker script and memory map

                0x0000000002380000                __ewram_end = (ORIGIN (ewram) + LENGTH (ewram))
                0x0000000002380000                __eheap_end = (ORIGIN (ewram) + LENGTH (ewram))
                0x0000000002ff4000                __dtcm_top = (ORIGIN (dtcm) + LENGTH (dtcm))
                0x0000000002ff3ff8                __irq_flags = (__dtcm_top - 0x8)
                0x0000000002ff3ffc                __irq_vector = (__dtcm_top - 0x4)
                0x0000000002ff3f00                __sp_svc = (__dtcm_top - 0x100)
                0x0000000002ff3e00                __sp_irq = (__sp_svc - 0x100)
                0x0000000002ff3d00                __sp_usr = (__sp_irq - 0x100)

.secure         0x0000000002000000      0x800
 *(.secure)
 .secure        0x0000000002000000      0x800 /opt/devkitpro/libnds/lib/libnds9.a(securearea.o)
                0x0000000002000000                __secure_area__

.crt0           0x0000000002000800      0x300
                0x0000000002000800                __text_start = .
 *(.crt0)
 .crt0          0x0000000002000800      0x300 /opt/devkitpro/devkitARM/bin/../lib/gcc/arm-none-eabi/10.2.0/../../../../arm-none-eabi/lib/thumb/ds_arm9_crt0.o
                0x0000000002000800                _start
                0x0000000002000b00                . = ALIGN (0x4)

.plt
 *(.plt)

.init           0x0000000002000b00        0xc
 *(SORT_NONE(.init))
 .init          0x0000000002000b00        0x4 /opt/devkitpro/devkitARM/bin/../lib/gcc/arm-none-eabi/10.2.0/thumb/crti.o
                0x0000000002000b00                _init
 .init          0x0000000002000b04        0x8 /opt/devkitpro/devkitARM/bin/../lib/gcc/arm-none-eabi/10.2.0/thumb/crtn.o

.text           0x0000000002000b10     0xbb78
 *(EXCLUDE_FILE(*.twl* *.vectors* *.itcm*) .text)
 .text          0x0000000002000b10      0x958 game.o
                0x0000000002000b10                get_rcs
                0x0000000002000b6c                update_thrust
                0x0000000002000bcc                get_rocket_type
                0x0000000002000c0c                auto_pilot
                0x0000000002000da4                game_init
                0x0000000002000e10                game_splash
                0x0000000002000e44                game_intro
                0x0000000002000e70                game_exit_intro
                0x0000000002000edc                game_ingame
                0x00000000020013b8                game_init_crash
                0x00000000020013fc                game_crash
                0x0000000002001424                game_pause
 .text          0x0000000002001468      0x540 graphics_main.o
                0x0000000002001468                graphics_main_config_sprite
                0x00000000020014c4                graphics_main_init
                0x00000000020014e0                graphics_main_config_splash
                0x000000000200155c                graphics_main_config_crash_moon
                0x00000000020015d8                graphics_main_config_crash_earth
                0x0000000002001654                graphics_main_config_crash_wall
                0x00000000020016d0                graphics_main_config_intro
                0x000000000200174c                graphics_main_config_ingame
                0x0000000002001838                graphics_main_clear_path
                0x0000000002001858                graphics_main_draw_path
                0x00000000020018e4                graphics_main_update_sprite
 .text          0x00000000020019a8     0x1500 graphics_sub.o
                0x00000000020019a8                graphics_sub_init
                0x00000000020019b8                graphics_sub_config_splash
                0x0000000002001a4c                graphics_sub_config_crash
                0x0000000002001ae0                graphics_sub_config_pause
                0x0000000002001b74                graphics_sub_config_intro
                0x0000000002001c08                graphics_sub_config_ingame
                0x0000000002001df0                graphics_sub_rocket_ingame
                0x0000000002001fc0                graphics_sub_put_speed
                0x0000000002002050                graphics_sub_put_alt
                0x00000000020020e0                graphics_sub_put_digit
                0x0000000002002220                graphics_sub_put_slider
                0x0000000002002464                graphics_sub_set_ap
                0x0000000002002758                graphics_sub_put_nav
                0x0000000002002af0                graphics_sub_put_hor
 .text          0x0000000002002ea8      0x290 input.o
                0x0000000002002ea8                input_init
                0x0000000002002ebc                input_read
 .text          0x0000000002003138       0xc0 main.o
                0x0000000002003138                main
 .text          0x00000000020031f8     0x1948 physics.o
                0x00000000020031f8                physics_predict_orbit
                0x00000000020032e4                physics_step_lin
                0x0000000002003370                physics_step_grav
                0x0000000002003468                physics_world_boundary
                0x0000000002003520                physics_get_phi_earth
                0x0000000002003598                physics_get_r_earth
                0x0000000002003620                physics_get_phi_moon
                0x0000000002003698                physics_get_r_moon
                0x0000000002003720                physics_get_vel
                0x0000000002003790                physics_get_theta
                0x00000000020037f0                physics_angle_reach
 .text          0x0000000002004b40       0x68 sound.o
                0x0000000002004b40                sound_init
                0x0000000002004b60                sound_crash
                0x0000000002004b8c                sound_ambiance
 .text          0x0000000002004ba8      0x24c /opt/devkitpro/libnds/lib/libmm9.a(mm_comms.o)
                0x0000000002004ba8                mmSetupComms
                0x0000000002004bfa                mmSendBank
                0x0000000002004c04                mmLockChannels
                0x0000000002004c0a                mmUnlockChannels
                0x0000000002004c10                mmStart
                0x0000000002004c1a                mmPause
                0x0000000002004c1e                mmResume
                0x0000000002004c22                mmStop
                0x0000000002004c26                mmPosition
                0x0000000002004c2a                mmJingle
                0x0000000002004c2e                mmSetModuleVolume
                0x0000000002004c32                mmSetJingleVolume
                0x0000000002004c36                mmSetModuleTempo
                0x0000000002004c3a                mmSetModulePitch
                0x0000000002004c3e                mmSetEffectsVolume
                0x0000000002004c42                mmSelectMode
                0x0000000002004c46                mmStreamBegin
                0x0000000002004c5a                mmStreamEnd
                0x0000000002004cb0                mmEffect
                0x0000000002004cd4                mmEffectVolume
                0x0000000002004cd8                mmEffectPanning
                0x0000000002004cdc                mmEffectRate
                0x0000000002004ce6                mmEffectScaleRate
                0x0000000002004cf0                mmEffectRelease
                0x0000000002004cf6                mmEffectCancel
                0x0000000002004cfc                mmEffectEx
                0x0000000002004d3a                mmEffectCancelAll
                0x0000000002004d3e                mmReverbEnable
                0x0000000002004d42                mmReverbDisable
                0x0000000002004d46                mmReverbConfigure
                0x0000000002004da2                mmReverbStart
                0x0000000002004da6                mmReverbStop
 .text          0x0000000002004df4      0x120 /opt/devkitpro/libnds/lib/libmm9.a(mm_memory.o)
                0x0000000002004df4                mmLoad
                0x0000000002004e44                mmUnload
                0x0000000002004e9c                mmLoadEffect
                0x0000000002004ed4                mmUnloadEffect
 .text          0x0000000002004f14      0x108 /opt/devkitpro/libnds/lib/libmm9.a(mm_main9.o)
                0x0000000002004f14                mmActive
                0x0000000002004f1a                mmSetEventHandler
                0x0000000002004f20                mmInit
                0x0000000002004f4a                mmInitDefault
                0x0000000002004f94                mmInitDefaultMem
                0x0000000002004fb6                mmSuspendIRQ_t
                0x0000000002004fd4                mmRestoreIRQ_t
 .text          0x000000000200501c      0x100 /opt/devkitpro/libnds/lib/libmm9.a(mm_soundbank.o)
                0x000000000200501c                mmSoundBankInMemory
                0x0000000002005024                mmSoundBankInFiles
                0x0000000002005036                mmSetCustomSoundBankHandler
                0x0000000002005062                mmsHandleFileOp
 .text          0x000000000200511c       0x3c /opt/devkitpro/libnds/lib/libmm9.a(mm_flusher.o)
                0x000000000200511c                mmFlushBank
 .text          0x0000000002005158      0x11c /opt/devkitpro/devkitARM/bin/../lib/gcc/arm-none-eabi/10.2.0/thumb/libgcc.a(_udivsi3.o)
                0x0000000002005158                __udivsi3
                0x0000000002005158                __aeabi_uidiv
                0x0000000002005254                __aeabi_uidivmod
 .text          0x0000000002005274      0x150 /opt/devkitpro/devkitARM/bin/../lib/gcc/arm-none-eabi/10.2.0/thumb/libgcc.a(_divsi3.o)
                0x0000000002005274                __aeabi_idiv
                0x0000000002005274                __divsi3
                0x00000000020053a4                __aeabi_idivmod
 .text          0x00000000020053c4        0x4 /opt/devkitpro/devkitARM/bin/../lib/gcc/arm-none-eabi/10.2.0/thumb/libgcc.a(_dvmd_tls.o)
                0x00000000020053c4                __aeabi_ldiv0
                0x00000000020053c4                __aeabi_idiv0
 .text          0x00000000020053c8      0x424 /opt/devkitpro/devkitARM/bin/../lib/gcc/arm-none-eabi/10.2.0/thumb/libgcc.a(_arm_addsubdf3.o)
                0x00000000020053c8                __aeabi_drsub
                0x00000000020053d0                __subdf3
                0x00000000020053d0                __aeabi_dsub
                0x00000000020053d4                __aeabi_dadd
                0x00000000020053d4                __adddf3
                0x00000000020056e4                __aeabi_ui2d
                0x00000000020056e4                __floatunsidf
                0x0000000002005708                __floatsidf
                0x0000000002005708                __aeabi_i2d
                0x0000000002005730                __extendsfdf2
                0x0000000002005730                __aeabi_f2d
                0x0000000002005778                __aeabi_ul2d
                0x0000000002005778                __floatundidf
                0x000000000200578c                __aeabi_l2d
                0x000000000200578c                __floatdidf
 .text          0x00000000020057ec      0x49c /opt/devkitpro/devkitARM/bin/../lib/gcc/arm-none-eabi/10.2.0/thumb/libgcc.a(_arm_muldivdf3.o)
                0x00000000020057ec                __aeabi_dmul
                0x00000000020057ec                __muldf3
                0x0000000002005a7c                __aeabi_ddiv
                0x0000000002005a7c                __divdf3
 .text          0x0000000002005c88      0x144 /opt/devkitpro/devkitARM/bin/../lib/gcc/arm-none-eabi/10.2.0/thumb/libgcc.a(_arm_cmpdf2.o)
                0x0000000002005c88                __gedf2
                0x0000000002005c88                __gtdf2
                0x0000000002005c90                __ledf2
                0x0000000002005c90                __ltdf2
                0x0000000002005c98                __cmpdf2
                0x0000000002005c98                __eqdf2
                0x0000000002005c98                __nedf2
                0x0000000002005d20                __aeabi_cdrcmple
                0x0000000002005d3c                __aeabi_cdcmple
                0x0000000002005d3c                __aeabi_cdcmpeq
                0x0000000002005d54                __aeabi_dcmpeq
                0x0000000002005d6c                __aeabi_dcmplt
                0x0000000002005d84                __aeabi_dcmple
                0x0000000002005d9c                __aeabi_dcmpge
                0x0000000002005db4                __aeabi_dcmpgt
 .text          0x0000000002005dcc       0x38 /opt/devkitpro/devkitARM/bin/../lib/gcc/arm-none-eabi/10.2.0/thumb/libgcc.a(_arm_unorddf2.o)
                0x0000000002005dcc                __aeabi_dcmpun
                0x0000000002005dcc                __unorddf2
 .text          0x0000000002005e04       0x5c /opt/devkitpro/devkitARM/bin/../lib/gcc/arm-none-eabi/10.2.0/thumb/libgcc.a(_arm_fixdfsi.o)
                0x0000000002005e04                __fixdfsi
                0x0000000002005e04                __aeabi_d2iz
 .text          0x0000000002005e60       0x54 /opt/devkitpro/devkitARM/bin/../lib/gcc/arm-none-eabi/10.2.0/thumb/libgcc.a(_arm_fixunsdfsi.o)
                0x0000000002005e60                __fixunsdfsi
                0x0000000002005e60                __aeabi_d2uiz
 .text          0x0000000002005eb4       0xa0 /opt/devkitpro/devkitARM/bin/../lib/gcc/arm-none-eabi/10.2.0/thumb/libgcc.a(_arm_truncdfsf2.o)
                0x0000000002005eb4                __aeabi_d2f
                0x0000000002005eb4                __truncdfsf2
 .text          0x0000000002005f54      0x2ac /opt/devkitpro/devkitARM/bin/../lib/gcc/arm-none-eabi/10.2.0/thumb/libgcc.a(_arm_addsubsf3.o)
                0x0000000002005f54                __aeabi_frsub
                0x0000000002005f5c                __aeabi_fsub
                0x0000000002005f5c                __subsf3
                0x0000000002005f60                __aeabi_fadd
                0x0000000002005f60                __addsf3
                0x000000000200611c                __aeabi_ui2f
                0x000000000200611c                __floatunsisf
                0x0000000002006124                __floatsisf
                0x0000000002006124                __aeabi_i2f
                0x0000000002006144                __aeabi_ul2f
                0x0000000002006144                __floatundisf
                0x0000000002006154                __aeabi_l2f
                0x0000000002006154                __floatdisf
 .text          0x0000000002006200      0x2f8 /opt/devkitpro/devkitARM/bin/../lib/gcc/arm-none-eabi/10.2.0/thumb/libgcc.a(_arm_muldivsf3.o)
                0x0000000002006200                __mulsf3
                0x0000000002006200                __aeabi_fmul
                0x0000000002006398                __divsf3
                0x0000000002006398                __aeabi_fdiv
 .text          0x00000000020064f8      0x114 /opt/devkitpro/devkitARM/bin/../lib/gcc/arm-none-eabi/10.2.0/thumb/libgcc.a(_arm_cmpsf2.o)
                0x00000000020064f8                __gesf2
                0x00000000020064f8                __gtsf2
                0x0000000002006500                __ltsf2
                0x0000000002006500                __lesf2
                0x0000000002006508                __nesf2
                0x0000000002006508                __eqsf2
                0x0000000002006508                __cmpsf2
                0x000000000200656c                __aeabi_cfrcmple
                0x000000000200657c                __aeabi_cfcmpeq
                0x000000000200657c                __aeabi_cfcmple
                0x0000000002006594                __aeabi_fcmpeq
                0x00000000020065ac                __aeabi_fcmplt
                0x00000000020065c4                __aeabi_fcmple
                0x00000000020065dc                __aeabi_fcmpge
                0x00000000020065f4                __aeabi_fcmpgt
 .text          0x000000000200660c       0x5c /opt/devkitpro/devkitARM/bin/../lib/gcc/arm-none-eabi/10.2.0/thumb/libgcc.a(_arm_fixsfsi.o)
                0x000000000200660c                __fixsfsi
                0x000000000200660c                __aeabi_f2iz
 .text          0x0000000002006668       0x54 /opt/devkitpro/devkitARM/bin/../lib/gcc/arm-none-eabi/10.2.0/thumb/libgcc.a(_arm_fixunssfsi.o)
                0x0000000002006668                __aeabi_f2uiz
                0x0000000002006668                __fixunssfsi
 *(EXCLUDE_FILE(*.twl* *.vectors* *.itcm*) .stub)
 *(EXCLUDE_FILE(*.twl* *.vectors* *.itcm*) .text.*)
 .text.__do_global_dtors_aux
                0x00000000020066bc       0x2c /opt/devkitpro/devkitARM/bin/../lib/gcc/arm-none-eabi/10.2.0/thumb/crtbegin.o
 .text.frame_dummy
                0x00000000020066e8       0x24 /opt/devkitpro/devkitARM/bin/../lib/gcc/arm-none-eabi/10.2.0/thumb/crtbegin.o
 .text.touchRead
                0x000000000200670c       0x24 /opt/devkitpro/libnds/lib/libnds9.a(touch.o)
                0x000000000200670c                touchRead
 .text.oamAllocReset
                0x0000000002006730       0x1c /opt/devkitpro/libnds/lib/libnds9.a(sprite_alloc.o)
                0x0000000002006730                oamAllocReset
 .text.oamAllocateGfx
                0x000000000200674c      0x510 /opt/devkitpro/libnds/lib/libnds9.a(sprite_alloc.o)
                0x000000000200674c                oamAllocateGfx
 .text.oamInit  0x0000000002006c5c      0x118 /opt/devkitpro/libnds/lib/libnds9.a(sprite.o)
                0x0000000002006c5c                oamInit
 .text.oamGetGfxPtr
                0x0000000002006d74       0x38 /opt/devkitpro/libnds/lib/libnds9.a(sprite.o)
                0x0000000002006d74                oamGetGfxPtr
 .text.oamGfxPtrToOffset
                0x0000000002006dac       0x34 /opt/devkitpro/libnds/lib/libnds9.a(sprite.o)
                0x0000000002006dac                oamGfxPtrToOffset
 .text.oamSet   0x0000000002006de0      0x11c /opt/devkitpro/libnds/lib/libnds9.a(sprite.o)
                0x0000000002006de0                oamSet
 .text.oamUpdate
                0x0000000002006efc       0x60 /opt/devkitpro/libnds/lib/libnds9.a(sprite.o)
                0x0000000002006efc                oamUpdate
 .text.oamRotateScale
                0x0000000002006f5c       0x4c /opt/devkitpro/libnds/lib/libnds9.a(sprite.o)
                0x0000000002006f5c                oamRotateScale
 .text.scanKeys
                0x0000000002006fa8       0x8c /opt/devkitpro/libnds/lib/libnds9.a(keys.o)
                0x0000000002006fa8                scanKeys
 .text.keysHeld
                0x0000000002007034        0xc /opt/devkitpro/libnds/lib/libnds9.a(keys.o)
                0x0000000002007034                keysHeld
 .text.keysDown
                0x0000000002007040       0x14 /opt/devkitpro/libnds/lib/libnds9.a(keys.o)
                0x0000000002007040                keysDown
 .text.keysDownRepeat
                0x0000000002007054       0x10 /opt/devkitpro/libnds/lib/libnds9.a(keys.o)
                0x0000000002007054                keysDownRepeat
 .text.initSystem
                0x0000000002007064      0x198 /opt/devkitpro/libnds/lib/libnds9.a(initSystem.o)
                0x0000000002007064                initSystem
 .text.__libnds_gtod
                0x00000000020071fc       0x28 /opt/devkitpro/libnds/lib/libnds9.a(timeSupport.o)
                0x00000000020071fc                __libnds_gtod
 .text.irqDummy
                0x0000000002007224        0x4 /opt/devkitpro/libnds/lib/libnds9.a(interrupts.o)
                0x0000000002007224                irqDummy
 .text.irqSet   0x0000000002007228       0x6c /opt/devkitpro/libnds/lib/libnds9.a(interrupts.o)
                0x0000000002007228                irqSet
 .text.irqInit  0x0000000002007294       0x50 /opt/devkitpro/libnds/lib/libnds9.a(interrupts.o)
                0x0000000002007294                irqInit
 .text.irqEnable
                0x00000000020072e4       0x64 /opt/devkitpro/libnds/lib/libnds9.a(interrupts.o)
                0x00000000020072e4                irqEnable
 .text.systemErrorExit
                0x0000000002007348        0x4 /opt/devkitpro/libnds/lib/libnds9.a(libnds_exit.arm.o)
                0x0000000002007348                systemErrorExit
 .text.__libnds_exit
                0x000000000200734c       0x5c /opt/devkitpro/libnds/lib/libnds9.a(libnds_exit.arm.o)
                0x000000000200734c                __libnds_exit
 .text.fifo_queueBlock
                0x00000000020073a8       0x44 /opt/devkitpro/libnds/lib/libnds9.a(fifosystem.o)
 .text.fifo_waitBlock
                0x00000000020073ec       0x80 /opt/devkitpro/libnds/lib/libnds9.a(fifosystem.o)
 .text.fifoInternalSend.part.0
                0x000000000200746c       0xd4 /opt/devkitpro/libnds/lib/libnds9.a(fifosystem.o)
 .text.fifoInternalSendInterrupt
                0x0000000002007540       0xa8 /opt/devkitpro/libnds/lib/libnds9.a(fifosystem.o)
 .text.fifoSetValue32Handler
                0x00000000020075e8       0xd8 /opt/devkitpro/libnds/lib/libnds9.a(fifosystem.o)
                0x00000000020075e8                fifoSetValue32Handler
 .text.fifoSendValue32
                0x00000000020076c0       0x4c /opt/devkitpro/libnds/lib/libnds9.a(fifosystem.o)
                0x00000000020076c0                fifoSendValue32
 .text.fifoSendDatamsg
                0x000000000200770c       0x90 /opt/devkitpro/libnds/lib/libnds9.a(fifosystem.o)
                0x000000000200770c                fifoSendDatamsg
 .text.fifoGetDatamsg
                0x000000000200779c       0xf4 /opt/devkitpro/libnds/lib/libnds9.a(fifosystem.o)
                0x000000000200779c                fifoGetDatamsg
 .text.fifoInternalRecvInterrupt
                0x0000000002007890      0x380 /opt/devkitpro/libnds/lib/libnds9.a(fifosystem.o)
 .text.fifoSetDatamsgHandler
                0x0000000002007c10       0x9c /opt/devkitpro/libnds/lib/libnds9.a(fifosystem.o)
                0x0000000002007c10                fifoSetDatamsgHandler
 .text.fifoInit
                0x0000000002007cac       0xf8 /opt/devkitpro/libnds/lib/libnds9.a(fifosystem.o)
                0x0000000002007cac                fifoInit
 .text.DC_FlushRange
                0x0000000002007da4       0x24 /opt/devkitpro/libnds/lib/libnds9.a(dcache.o)
                0x0000000002007da4                DC_FlushRange
 .text.__libnds_mpu_setup
                0x0000000002007dc8      0x174 /opt/devkitpro/libnds/lib/libnds9.a(mpu_setup.o)
                0x0000000002007dc8                __libnds_mpu_setup
 .text.memUncached
                0x0000000002007f3c       0x20 /opt/devkitpro/libnds/lib/libnds9.a(mpu_setup.o)
                0x0000000002007f3c                memUncached
 .text.swiWaitForVBlank
                0x0000000002007f5c        0x8 /opt/devkitpro/libnds/lib/libnds9.a(IntrWait.o)
                0x0000000002007f5c                swiWaitForVBlank
 .text.swiIntrWait
                0x0000000002007f64       0x70 /opt/devkitpro/libnds/lib/libnds9.a(IntrWait.o)
                0x0000000002007f64                swiIntrWait
 .text.setCpuClock
                0x0000000002007fd4       0x50 /opt/devkitpro/libnds/lib/libnds9.a(cpu_clock.o)
                0x0000000002007fd4                setCpuClock
 .text.swiSoftReset
                0x0000000002008024       0x2c /opt/devkitpro/libnds/lib/libnds9.a(swiSoftReset.o)
                0x0000000002008024                swiSoftReset
 .text.swiDelay
                0x0000000002008050        0x4 /opt/devkitpro/libnds/lib/libnds9.a(biosCalls.o)
                0x0000000002008050                swiDelay
 .text.swiCopy  0x0000000002008054        0x4 /opt/devkitpro/libnds/lib/libnds9.a(biosCalls.o)
                0x0000000002008054                swiCopy
 .text.vramDefault
                0x0000000002008058       0xd0 /opt/devkitpro/libnds/lib/libnds9.a(video.o)
                0x0000000002008058                vramDefault
 .text.systemValueHandler
                0x0000000002008128       0x48 /opt/devkitpro/libnds/lib/libnds9.a(system.o)
                0x0000000002008128                systemValueHandler
 .text.systemMsgHandler
                0x0000000002008170       0x60 /opt/devkitpro/libnds/lib/libnds9.a(system.o)
                0x0000000002008170                systemMsgHandler
 .text.powerOn  0x00000000020081d0       0x2c /opt/devkitpro/libnds/lib/libnds9.a(system.o)
                0x00000000020081d0                powerOn
 .text.sinLutLookup
                0x00000000020081fc       0x38 /opt/devkitpro/libnds/lib/libnds9.a(trig.o)
                0x00000000020081fc                sinLutLookup
 .text.sinLerp  0x0000000002008234       0x40 /opt/devkitpro/libnds/lib/libnds9.a(trig.o)
                0x0000000002008234                sinLerp
 .text.cosLerp  0x0000000002008274       0x4c /opt/devkitpro/libnds/lib/libnds9.a(trig.o)
                0x0000000002008274                cosLerp
 .text.atan     0x00000000020082c0      0x334 /opt/devkitpro/devkitARM/bin/../lib/gcc/arm-none-eabi/10.2.0/../../../../arm-none-eabi/lib/thumb/libm.a(lib_a-s_atan.o)
                0x00000000020082c0                atan
 .text.cos      0x00000000020085f4       0xa4 /opt/devkitpro/devkitARM/bin/../lib/gcc/arm-none-eabi/10.2.0/../../../../arm-none-eabi/lib/thumb/libm.a(lib_a-s_cos.o)
                0x00000000020085f4                cos
 .text.fabs     0x0000000002008698        0x8 /opt/devkitpro/devkitARM/bin/../lib/gcc/arm-none-eabi/10.2.0/../../../../arm-none-eabi/lib/thumb/libm.a(lib_a-s_fabs.o)
                0x0000000002008698                fabs
 .text.sin      0x00000000020086a0       0xa8 /opt/devkitpro/devkitARM/bin/../lib/gcc/arm-none-eabi/10.2.0/../../../../arm-none-eabi/lib/thumb/libm.a(lib_a-s_sin.o)
                0x00000000020086a0                sin
 .text.atan2    0x0000000002008748        0xc /opt/devkitpro/devkitARM/bin/../lib/gcc/arm-none-eabi/10.2.0/../../../../arm-none-eabi/lib/thumb/libm.a(lib_a-w_atan2.o)
                0x0000000002008748                atan2
 .text.sqrt     0x0000000002008754       0x64 /opt/devkitpro/devkitARM/bin/../lib/gcc/arm-none-eabi/10.2.0/../../../../arm-none-eabi/lib/thumb/libm.a(lib_a-w_sqrt.o)
                0x0000000002008754                sqrt
 .text.__ieee754_atan2
                0x00000000020087b8      0x17c /opt/devkitpro/devkitARM/bin/../lib/gcc/arm-none-eabi/10.2.0/../../../../arm-none-eabi/lib/thumb/libm.a(lib_a-e_atan2.o)
                0x00000000020087b8                __ieee754_atan2
 .text.__ieee754_rem_pio2
                0x0000000002008934      0x420 /opt/devkitpro/devkitARM/bin/../lib/gcc/arm-none-eabi/10.2.0/../../../../arm-none-eabi/lib/thumb/libm.a(lib_a-e_rem_pio2.o)
                0x0000000002008934                __ieee754_rem_pio2
 .text.__ieee754_sqrt
                0x0000000002008d54      0x1a4 /opt/devkitpro/devkitARM/bin/../lib/gcc/arm-none-eabi/10.2.0/../../../../arm-none-eabi/lib/thumb/libm.a(lib_a-e_sqrt.o)
                0x0000000002008d54                __ieee754_sqrt
 .text.__kernel_cos
                0x0000000002008ef8      0x234 /opt/devkitpro/devkitARM/bin/../lib/gcc/arm-none-eabi/10.2.0/../../../../arm-none-eabi/lib/thumb/libm.a(lib_a-k_cos.o)
                0x0000000002008ef8                __kernel_cos
 .text.__kernel_rem_pio2
                0x000000000200912c      0x8d8 /opt/devkitpro/devkitARM/bin/../lib/gcc/arm-none-eabi/10.2.0/../../../../arm-none-eabi/lib/thumb/libm.a(lib_a-k_rem_pio2.o)
                0x000000000200912c                __kernel_rem_pio2
 .text.__kernel_sin
                0x0000000002009a04      0x170 /opt/devkitpro/devkitARM/bin/../lib/gcc/arm-none-eabi/10.2.0/../../../../arm-none-eabi/lib/thumb/libm.a(lib_a-k_sin.o)
                0x0000000002009a04                __kernel_sin
 .text.floor    0x0000000002009b74      0x13c /opt/devkitpro/devkitARM/bin/../lib/gcc/arm-none-eabi/10.2.0/../../../../arm-none-eabi/lib/thumb/libm.a(lib_a-s_floor.o)
                0x0000000002009b74                floor
 .text.scalbn   0x0000000002009cb0       0xfc /opt/devkitpro/devkitARM/bin/../lib/gcc/arm-none-eabi/10.2.0/../../../../arm-none-eabi/lib/thumb/libm.a(lib_a-s_scalbn.o)
                0x0000000002009cb0                scalbn
 .text.__errno  0x0000000002009dac        0xc /opt/devkitpro/devkitARM/bin/../lib/gcc/arm-none-eabi/10.2.0/../../../../arm-none-eabi/lib/thumb/libg.a(lib_a-errno.o)
                0x0000000002009dac                __errno
 .text._fclose_r
                0x0000000002009db8       0xe8 /opt/devkitpro/devkitARM/bin/../lib/gcc/arm-none-eabi/10.2.0/../../../../arm-none-eabi/lib/thumb/libg.a(lib_a-fclose.o)
                0x0000000002009db8                _fclose_r
 .text.fclose   0x0000000002009ea0       0x14 /opt/devkitpro/devkitARM/bin/../lib/gcc/arm-none-eabi/10.2.0/../../../../arm-none-eabi/lib/thumb/libg.a(lib_a-fclose.o)
                0x0000000002009ea0                fclose
 .text.__sflush_r
                0x0000000002009eb4      0x1c0 /opt/devkitpro/devkitARM/bin/../lib/gcc/arm-none-eabi/10.2.0/../../../../arm-none-eabi/lib/thumb/libg.a(lib_a-fflush.o)
                0x0000000002009eb4                __sflush_r
 .text._fflush_r
                0x000000000200a074       0x70 /opt/devkitpro/devkitARM/bin/../lib/gcc/arm-none-eabi/10.2.0/../../../../arm-none-eabi/lib/thumb/libg.a(lib_a-fflush.o)
                0x000000000200a074                _fflush_r
 .text.fflush   0x000000000200a0e4       0x2c /opt/devkitpro/devkitARM/bin/../lib/gcc/arm-none-eabi/10.2.0/../../../../arm-none-eabi/lib/thumb/libg.a(lib_a-fflush.o)
                0x000000000200a0e4                fflush
 .text._cleanup_r
                0x000000000200a110       0x14 /opt/devkitpro/devkitARM/bin/../lib/gcc/arm-none-eabi/10.2.0/../../../../arm-none-eabi/lib/thumb/libg.a(lib_a-findfp.o)
                0x000000000200a110                _cleanup_r
 .text.__sinit  0x000000000200a124      0x124 /opt/devkitpro/devkitARM/bin/../lib/gcc/arm-none-eabi/10.2.0/../../../../arm-none-eabi/lib/thumb/libg.a(lib_a-findfp.o)
                0x000000000200a124                __sinit
 .text.__sfp    0x000000000200a248       0xdc /opt/devkitpro/devkitARM/bin/../lib/gcc/arm-none-eabi/10.2.0/../../../../arm-none-eabi/lib/thumb/libg.a(lib_a-findfp.o)
                0x000000000200a248                __sfp
 .text.__sfp_lock_acquire
                0x000000000200a324       0x14 /opt/devkitpro/devkitARM/bin/../lib/gcc/arm-none-eabi/10.2.0/../../../../arm-none-eabi/lib/thumb/libg.a(lib_a-findfp.o)
                0x000000000200a324                __sfp_lock_acquire
 .text.__sfp_lock_release
                0x000000000200a338       0x14 /opt/devkitpro/devkitARM/bin/../lib/gcc/arm-none-eabi/10.2.0/../../../../arm-none-eabi/lib/thumb/libg.a(lib_a-findfp.o)
                0x000000000200a338                __sfp_lock_release
 .text._fopen_r
                0x000000000200a34c       0xb8 /opt/devkitpro/devkitARM/bin/../lib/gcc/arm-none-eabi/10.2.0/../../../../arm-none-eabi/lib/thumb/libg.a(lib_a-fopen.o)
                0x000000000200a34c                _fopen_r
 .text.fopen    0x000000000200a404       0x18 /opt/devkitpro/devkitARM/bin/../lib/gcc/arm-none-eabi/10.2.0/../../../../arm-none-eabi/lib/thumb/libg.a(lib_a-fopen.o)
                0x000000000200a404                fopen
 .text._fread_r
                0x000000000200a41c      0x1f0 /opt/devkitpro/devkitARM/bin/../lib/gcc/arm-none-eabi/10.2.0/../../../../arm-none-eabi/lib/thumb/libg.a(lib_a-fread.o)
                0x000000000200a41c                _fread_r
 .text.fread    0x000000000200a60c       0x24 /opt/devkitpro/devkitARM/bin/../lib/gcc/arm-none-eabi/10.2.0/../../../../arm-none-eabi/lib/thumb/libg.a(lib_a-fread.o)
                0x000000000200a60c                fread
 .text._malloc_trim_r
                0x000000000200a630       0xa0 /opt/devkitpro/devkitARM/bin/../lib/gcc/arm-none-eabi/10.2.0/../../../../arm-none-eabi/lib/thumb/libg.a(lib_a-freer.o)
                0x000000000200a630                _malloc_trim_r
 .text._free_r  0x000000000200a6d0      0x1e0 /opt/devkitpro/devkitARM/bin/../lib/gcc/arm-none-eabi/10.2.0/../../../../arm-none-eabi/lib/thumb/libg.a(lib_a-freer.o)
                0x000000000200a6d0                _free_r
 .text._fseek_r
                0x000000000200a8b0       0x18 /opt/devkitpro/devkitARM/bin/../lib/gcc/arm-none-eabi/10.2.0/../../../../arm-none-eabi/lib/thumb/libg.a(lib_a-fseek.o)
                0x000000000200a8b0                _fseek_r
 .text.fseek    0x000000000200a8c8       0x24 /opt/devkitpro/devkitARM/bin/../lib/gcc/arm-none-eabi/10.2.0/../../../../arm-none-eabi/lib/thumb/libg.a(lib_a-fseek.o)
                0x000000000200a8c8                fseek
 .text._fseeko_r
                0x000000000200a8ec      0x39c /opt/devkitpro/devkitARM/bin/../lib/gcc/arm-none-eabi/10.2.0/../../../../arm-none-eabi/lib/thumb/libg.a(lib_a-fseeko.o)
                0x000000000200a8ec                _fseeko_r
 .text._ftello_r
                0x000000000200ac88      0x118 /opt/devkitpro/devkitARM/bin/../lib/gcc/arm-none-eabi/10.2.0/../../../../arm-none-eabi/lib/thumb/libg.a(lib_a-ftello.o)
                0x000000000200ac88                _ftello_r
 .text._fwalk   0x000000000200ada0       0x48 /opt/devkitpro/devkitARM/bin/../lib/gcc/arm-none-eabi/10.2.0/../../../../arm-none-eabi/lib/thumb/libg.a(lib_a-fwalk.o)
                0x000000000200ada0                _fwalk
 .text._fwalk_reent
                0x000000000200ade8       0x50 /opt/devkitpro/devkitARM/bin/../lib/gcc/arm-none-eabi/10.2.0/../../../../arm-none-eabi/lib/thumb/libg.a(lib_a-fwalk.o)
                0x000000000200ade8                _fwalk_reent
 .text.__libc_init_array
                0x000000000200ae38       0x50 /opt/devkitpro/devkitARM/bin/../lib/gcc/arm-none-eabi/10.2.0/../../../../arm-none-eabi/lib/thumb/libg.a(lib_a-init.o)
                0x000000000200ae38                __libc_init_array
 .text.__smakebuf_r
                0x000000000200ae88       0xec /opt/devkitpro/devkitARM/bin/../lib/gcc/arm-none-eabi/10.2.0/../../../../arm-none-eabi/lib/thumb/libg.a(lib_a-makebuf.o)
                0x000000000200ae88                __smakebuf_r
 .text.malloc   0x000000000200af74       0x14 /opt/devkitpro/devkitARM/bin/../lib/gcc/arm-none-eabi/10.2.0/../../../../arm-none-eabi/lib/thumb/libg.a(lib_a-malloc.o)
                0x000000000200af74                malloc
 .text.free     0x000000000200af88       0x14 /opt/devkitpro/devkitARM/bin/../lib/gcc/arm-none-eabi/10.2.0/../../../../arm-none-eabi/lib/thumb/libg.a(lib_a-malloc.o)
                0x000000000200af88                free
 .text._malloc_r
                0x000000000200af9c      0x59c /opt/devkitpro/devkitARM/bin/../lib/gcc/arm-none-eabi/10.2.0/../../../../arm-none-eabi/lib/thumb/libg.a(lib_a-mallocr.o)
                0x000000000200af9c                _malloc_r
 .text.memcpy   0x000000000200b538       0xa8 /opt/devkitpro/devkitARM/bin/../lib/gcc/arm-none-eabi/10.2.0/../../../../arm-none-eabi/lib/thumb/libg.a(lib_a-memcpy-stub.o)
                0x000000000200b538                memcpy
 .text.memset   0x000000000200b5e0       0xb0 /opt/devkitpro/devkitARM/bin/../lib/gcc/arm-none-eabi/10.2.0/../../../../arm-none-eabi/lib/thumb/libg.a(lib_a-memset.o)
                0x000000000200b5e0                memset
 .text.__malloc_lock
                0x000000000200b690       0x14 /opt/devkitpro/devkitARM/bin/../lib/gcc/arm-none-eabi/10.2.0/../../../../arm-none-eabi/lib/thumb/libg.a(lib_a-mlock.o)
                0x000000000200b690                __malloc_lock
 .text.__malloc_unlock
                0x000000000200b6a4       0x14 /opt/devkitpro/devkitARM/bin/../lib/gcc/arm-none-eabi/10.2.0/../../../../arm-none-eabi/lib/thumb/libg.a(lib_a-mlock.o)
                0x000000000200b6a4                __malloc_unlock
 .text.realloc  0x000000000200b6b8       0x18 /opt/devkitpro/devkitARM/bin/../lib/gcc/arm-none-eabi/10.2.0/../../../../arm-none-eabi/lib/thumb/libg.a(lib_a-realloc.o)
                0x000000000200b6b8                realloc
 .text._realloc_r
                0x000000000200b6d0      0x38c /opt/devkitpro/devkitARM/bin/../lib/gcc/arm-none-eabi/10.2.0/../../../../arm-none-eabi/lib/thumb/libg.a(lib_a-reallocr.o)
                0x000000000200b6d0                _realloc_r
 .text.lflush   0x000000000200ba5c       0x20 /opt/devkitpro/devkitARM/bin/../lib/gcc/arm-none-eabi/10.2.0/../../../../arm-none-eabi/lib/thumb/libg.a(lib_a-refill.o)
 .text.__srefill_r
                0x000000000200ba7c      0x118 /opt/devkitpro/devkitARM/bin/../lib/gcc/arm-none-eabi/10.2.0/../../../../arm-none-eabi/lib/thumb/libg.a(lib_a-refill.o)
                0x000000000200ba7c                __srefill_r
 .text.__sread  0x000000000200bb94       0x34 /opt/devkitpro/devkitARM/bin/../lib/gcc/arm-none-eabi/10.2.0/../../../../arm-none-eabi/lib/thumb/libg.a(lib_a-stdio.o)
                0x000000000200bb94                __sread
 .text.__swrite
                0x000000000200bbc8       0x54 /opt/devkitpro/devkitARM/bin/../lib/gcc/arm-none-eabi/10.2.0/../../../../arm-none-eabi/lib/thumb/libg.a(lib_a-stdio.o)
                0x000000000200bbc8                __swrite
 .text.__sseek  0x000000000200bc1c       0x40 /opt/devkitpro/devkitARM/bin/../lib/gcc/arm-none-eabi/10.2.0/../../../../arm-none-eabi/lib/thumb/libg.a(lib_a-stdio.o)
                0x000000000200bc1c                __sseek
 .text.__sclose
                0x000000000200bc5c       0x10 /opt/devkitpro/devkitARM/bin/../lib/gcc/arm-none-eabi/10.2.0/../../../../arm-none-eabi/lib/thumb/libg.a(lib_a-stdio.o)
                0x000000000200bc5c                __sclose
 .text.__sflags
                0x000000000200bc6c       0xa4 /opt/devkitpro/devkitARM/bin/../lib/gcc/arm-none-eabi/10.2.0/../../../../arm-none-eabi/lib/thumb/libg.a(lib_a-flags.o)
                0x000000000200bc6c                __sflags
 .text.memmove  0x000000000200bd10       0xbc /opt/devkitpro/devkitARM/bin/../lib/gcc/arm-none-eabi/10.2.0/../../../../arm-none-eabi/lib/thumb/libg.a(lib_a-memmove.o)
                0x000000000200bd10                memmove
 .text._fstat_r
                0x000000000200bdcc       0x4c /opt/devkitpro/devkitARM/bin/../lib/gcc/arm-none-eabi/10.2.0/../../../../arm-none-eabi/lib/thumb/libsysbase.a(fstat.o)
                0x000000000200bdcc                _fstat_r
 .text._isatty_r
                0x000000000200be18        0x4 /opt/devkitpro/devkitARM/bin/../lib/gcc/arm-none-eabi/10.2.0/../../../../arm-none-eabi/lib/thumb/libsysbase.a(isatty.o)
                0x000000000200be18                _isatty_r
 .text._lseek_r
                0x000000000200be1c       0x5c /opt/devkitpro/devkitARM/bin/../lib/gcc/arm-none-eabi/10.2.0/../../../../arm-none-eabi/lib/thumb/libsysbase.a(lseek.o)
                0x000000000200be1c                _lseek_r
 .text._open_r  0x000000000200be78       0x9c /opt/devkitpro/devkitARM/bin/../lib/gcc/arm-none-eabi/10.2.0/../../../../arm-none-eabi/lib/thumb/libsysbase.a(open.o)
                0x000000000200be78                _open_r
 .text._read_r  0x000000000200bf14       0x50 /opt/devkitpro/devkitARM/bin/../lib/gcc/arm-none-eabi/10.2.0/../../../../arm-none-eabi/lib/thumb/libsysbase.a(read.o)
                0x000000000200bf14                _read_r
 .text._sbrk_r  0x000000000200bf64       0x54 /opt/devkitpro/devkitARM/bin/../lib/gcc/arm-none-eabi/10.2.0/../../../../arm-none-eabi/lib/thumb/libsysbase.a(sbrk.o)
                0x000000000200bf64                _sbrk_r
 .text._write_r
                0x000000000200bfb8       0x50 /opt/devkitpro/devkitARM/bin/../lib/gcc/arm-none-eabi/10.2.0/../../../../arm-none-eabi/lib/thumb/libsysbase.a(write.o)
                0x000000000200bfb8                _write_r
 .text.build_argv
                0x000000000200c008       0x4c /opt/devkitpro/devkitARM/bin/../lib/gcc/arm-none-eabi/10.2.0/../../../../arm-none-eabi/lib/thumb/libsysbase.a(build_argv.o)
                0x000000000200c008                build_argv
 .text.__flockfile
                0x000000000200c054       0x10 /opt/devkitpro/devkitARM/bin/../lib/gcc/arm-none-eabi/10.2.0/../../../../arm-none-eabi/lib/thumb/libsysbase.a(flock.o)
                0x000000000200c054                __flockfile
 .text.__funlockfile
                0x000000000200c064       0x10 /opt/devkitpro/devkitARM/bin/../lib/gcc/arm-none-eabi/10.2.0/../../../../arm-none-eabi/lib/thumb/libsysbase.a(flock.o)
                0x000000000200c064                __funlockfile
 .text.__libc_lock_acquire
                0x000000000200c074       0x1c /opt/devkitpro/devkitARM/bin/../lib/gcc/arm-none-eabi/10.2.0/../../../../arm-none-eabi/lib/thumb/libsysbase.a(syscall_support.o)
                0x000000000200c074                __libc_lock_acquire
 .text.__libc_lock_release
                0x000000000200c090       0x1c /opt/devkitpro/devkitARM/bin/../lib/gcc/arm-none-eabi/10.2.0/../../../../arm-none-eabi/lib/thumb/libsysbase.a(syscall_support.o)
                0x000000000200c090                __libc_lock_release
 .text.__libc_lock_init_recursive
                0x000000000200c0ac       0x1c /opt/devkitpro/devkitARM/bin/../lib/gcc/arm-none-eabi/10.2.0/../../../../arm-none-eabi/lib/thumb/libsysbase.a(syscall_support.o)
                0x000000000200c0ac                __libc_lock_init_recursive
 .text.__libc_lock_acquire_recursive
                0x000000000200c0c8       0x1c /opt/devkitpro/devkitARM/bin/../lib/gcc/arm-none-eabi/10.2.0/../../../../arm-none-eabi/lib/thumb/libsysbase.a(syscall_support.o)
                0x000000000200c0c8                __libc_lock_acquire_recursive
 .text.__libc_lock_release_recursive
                0x000000000200c0e4       0x1c /opt/devkitpro/devkitARM/bin/../lib/gcc/arm-none-eabi/10.2.0/../../../../arm-none-eabi/lib/thumb/libsysbase.a(syscall_support.o)
                0x000000000200c0e4                __libc_lock_release_recursive
 .text.__libc_lock_close_recursive
                0x000000000200c100       0x1c /opt/devkitpro/devkitARM/bin/../lib/gcc/arm-none-eabi/10.2.0/../../../../arm-none-eabi/lib/thumb/libsysbase.a(syscall_support.o)
                0x000000000200c100                __libc_lock_close_recursive
 .text.__release_handle
                0x000000000200c11c       0x68 /opt/devkitpro/devkitARM/bin/../lib/gcc/arm-none-eabi/10.2.0/../../../../arm-none-eabi/lib/thumb/libsysbase.a(handle_manager.o)
                0x000000000200c11c                __release_handle
 .text.__alloc_handle
                0x000000000200c184       0x80 /opt/devkitpro/devkitARM/bin/../lib/gcc/arm-none-eabi/10.2.0/../../../../arm-none-eabi/lib/thumb/libsysbase.a(handle_manager.o)
                0x000000000200c184                __alloc_handle
 .text.__get_handle
                0x000000000200c204       0x34 /opt/devkitpro/devkitARM/bin/../lib/gcc/arm-none-eabi/10.2.0/../../../../arm-none-eabi/lib/thumb/libsysbase.a(handle_manager.o)
                0x000000000200c204                __get_handle
 .text._close_r
                0x000000000200c238       0xb8 /opt/devkitpro/devkitARM/bin/../lib/gcc/arm-none-eabi/10.2.0/../../../../arm-none-eabi/lib/thumb/libsysbase.a(handle_manager.o)
                0x000000000200c238                _close_r
 .text.__getreent
                0x000000000200c2f0       0x28 /opt/devkitpro/devkitARM/bin/../lib/gcc/arm-none-eabi/10.2.0/../../../../arm-none-eabi/lib/thumb/libsysbase.a(getreent.o)
                0x000000000200c2f0                __getreent
 .text.null_write
                0x000000000200c318        0x4 /opt/devkitpro/devkitARM/bin/../lib/gcc/arm-none-eabi/10.2.0/../../../../arm-none-eabi/lib/thumb/libsysbase.a(iosupport.o)
 .text.FindDevice
                0x000000000200c31c       0x98 /opt/devkitpro/devkitARM/bin/../lib/gcc/arm-none-eabi/10.2.0/../../../../arm-none-eabi/lib/thumb/libsysbase.a(iosupport.o)
                0x000000000200c31c                FindDevice
 .text.strchr   0x000000000200c3b4       0xc8 /opt/devkitpro/devkitARM/bin/../lib/gcc/arm-none-eabi/10.2.0/../../../../arm-none-eabi/lib/thumb/libg.a(lib_a-strchr.o)
                0x000000000200c3b4                strchr
 .text.strlen   0x000000000200c47c       0x60 /opt/devkitpro/devkitARM/bin/../lib/gcc/arm-none-eabi/10.2.0/../../../../arm-none-eabi/lib/thumb/libg.a(lib_a-strlen-stub.o)
                0x000000000200c47c                strlen
 .text.strncmp  0x000000000200c4dc       0x78 /opt/devkitpro/devkitARM/bin/../lib/gcc/arm-none-eabi/10.2.0/../../../../arm-none-eabi/lib/thumb/libg.a(lib_a-strncmp.o)
                0x000000000200c4dc                strncmp
 *fill*         0x000000000200c554        0x4 ff
 .text.strncmp.__stub
                0x000000000200c558      0x128 linker stubs
 *(EXCLUDE_FILE(*.twl*) .gnu.warning)
 *(EXCLUDE_FILE(*.twl*) .gnu.linkonce.t*)
 *(.glue_7)
 .glue_7        0x000000000200c688        0x0 linker stubs
 *(.glue_7t)
 .glue_7t       0x000000000200c688        0x0 linker stubs
                0x000000000200c688                . = ALIGN (0x4)

.vfp11_veneer   0x000000000200c688        0x0
 .vfp11_veneer  0x000000000200c688        0x0 linker stubs

.v4_bx          0x000000000200c688        0x0
 .v4_bx         0x000000000200c688        0x0 linker stubs

.iplt           0x000000000200c688        0x0
 .iplt          0x000000000200c688        0x0 /opt/devkitpro/devkitARM/bin/../lib/gcc/arm-none-eabi/10.2.0/../../../../arm-none-eabi/lib/thumb/ds_arm9_crt0.o

.fini           0x000000000200c688        0xc
 *(.fini)
 .fini          0x000000000200c688        0x4 /opt/devkitpro/devkitARM/bin/../lib/gcc/arm-none-eabi/10.2.0/thumb/crti.o
                0x000000000200c688                _fini
 .fini          0x000000000200c68c        0x8 /opt/devkitpro/devkitARM/bin/../lib/gcc/arm-none-eabi/10.2.0/thumb/crtn.o
                0x000000000200c694                __text_end = .

.rodata         0x000000000200c698    0xfbdb0
 *(EXCLUDE_FILE(*.twl*) .rodata)
 .rodata        0x000000000200c698     0x2940 backplate.o
                0x000000000200c698                backplateTiles
                0x000000000200e958                backplateMap
                0x000000000200ef58                backplatePal
 .rodata        0x000000000200efd8     0xc200 crash2.o
                0x000000000200efd8                crash2Bitmap
                0x000000000201afd8                crash2Pal
 .rodata        0x000000000201b1d8     0xc200 crash_earth.o
                0x000000000201b1d8                crash_earthBitmap
                0x00000000020271d8                crash_earthPal
 .rodata        0x00000000020273d8     0xc200 crash_moon.o
                0x00000000020273d8                crash_moonBitmap
                0x00000000020333d8                crash_moonPal
 .rodata        0x00000000020335d8     0xc200 crash_wall.o
                0x00000000020335d8                crash_wallBitmap
                0x000000000203f5d8                crash_wallPal
 .rodata        0x000000000203f7d8     0x4080 fusee0.o
                0x000000000203f7d8                fusee0Bitmap
                0x00000000020437d8                fusee0Pal
 .rodata        0x0000000002043858     0x4080 fusee1.o
                0x0000000002043858                fusee1Bitmap
                0x0000000002047858                fusee1Pal
 .rodata        0x00000000020478d8     0x4080 fusee2.o
                0x00000000020478d8                fusee2Bitmap
                0x000000000204b8d8                fusee2Pal
 .rodata        0x000000000204b958     0x4080 horizon.o
                0x000000000204b958                horizonBitmap
                0x000000000204f958                horizonPal
 .rodata        0x000000000204f9d8     0xc200 intro.o
                0x000000000204f9d8                introBitmap
                0x000000000205b9d8                introPal
 .rodata        0x000000000205bbd8     0xc200 intro2.o
                0x000000000205bbd8                intro2Bitmap
                0x0000000002067bd8                intro2Pal
 .rodata        0x0000000002067dd8     0x5080 numbers.o
                0x0000000002067dd8                numbersTiles
                0x000000000206cdd8                numbersPal
 .rodata        0x000000000206ce58     0xc200 pause.o
                0x000000000206ce58                pauseBitmap
                0x0000000002078e58                pausePal
 .rodata        0x0000000002079058     0xc080 planets.o
                0x0000000002079058                planetsBitmap
                0x0000000002085058                planetsPal
 .rodata        0x00000000020850d8      0x240 rocket.o
                0x00000000020850d8                rocketTiles
                0x0000000002085118                rocketPal
 .rodata        0x0000000002085318     0xc200 splash.o
                0x0000000002085318                splashBitmap
                0x0000000002091318                splashPal
 .rodata        0x0000000002091518     0xc200 splash2.o
                0x0000000002091518                splash2Bitmap
                0x000000000209d518                splash2Pal
 .rodata        0x000000000209d718       0x14 game.o
 .rodata        0x000000000209d72c        0x8 physics.o
 *all.rodata*(*)
 *(EXCLUDE_FILE(*.twl*) .roda)
 *(EXCLUDE_FILE(*.twl*) .rodata.*)
 .rodata.soundbank_bin
                0x000000000209d734    0x6a848 soundbank.bin.o
                0x000000000209d734                soundbank_bin
                0x0000000002107f7c                soundbank_bin_end
 .rodata.SIN_LUT
                0x0000000002107f7c      0x102 /opt/devkitpro/libnds/lib/libnds9.a(trig.o)
                0x0000000002107f7c                SIN_LUT
 *fill*         0x000000000210807e        0x2 ff
 .rodata.atanhi
                0x0000000002108080       0x20 /opt/devkitpro/devkitARM/bin/../lib/gcc/arm-none-eabi/10.2.0/../../../../arm-none-eabi/lib/thumb/libm.a(lib_a-s_atan.o)
 .rodata.atanlo
                0x00000000021080a0       0x20 /opt/devkitpro/devkitARM/bin/../lib/gcc/arm-none-eabi/10.2.0/../../../../arm-none-eabi/lib/thumb/libm.a(lib_a-s_atan.o)
 .rodata.CSWTCH.8
                0x00000000021080c0       0x18 /opt/devkitpro/devkitARM/bin/../lib/gcc/arm-none-eabi/10.2.0/../../../../arm-none-eabi/lib/thumb/libm.a(lib_a-e_atan2.o)
 .rodata.CSWTCH.9
                0x00000000021080d8       0x18 /opt/devkitpro/devkitARM/bin/../lib/gcc/arm-none-eabi/10.2.0/../../../../arm-none-eabi/lib/thumb/libm.a(lib_a-e_atan2.o)
 .rodata.npio2_hw
                0x00000000021080f0       0x80 /opt/devkitpro/devkitARM/bin/../lib/gcc/arm-none-eabi/10.2.0/../../../../arm-none-eabi/lib/thumb/libm.a(lib_a-e_rem_pio2.o)
 .rodata.two_over_pi
                0x0000000002108170      0x108 /opt/devkitpro/devkitARM/bin/../lib/gcc/arm-none-eabi/10.2.0/../../../../arm-none-eabi/lib/thumb/libm.a(lib_a-e_rem_pio2.o)
 .rodata.PIo2   0x0000000002108278       0x40 /opt/devkitpro/devkitARM/bin/../lib/gcc/arm-none-eabi/10.2.0/../../../../arm-none-eabi/lib/thumb/libm.a(lib_a-k_rem_pio2.o)
 .rodata.init_jk
                0x00000000021082b8       0x10 /opt/devkitpro/devkitARM/bin/../lib/gcc/arm-none-eabi/10.2.0/../../../../arm-none-eabi/lib/thumb/libm.a(lib_a-k_rem_pio2.o)
 .rodata._global_impure_ptr
                0x00000000021082c8        0x4 /opt/devkitpro/devkitARM/bin/../lib/gcc/arm-none-eabi/10.2.0/../../../../arm-none-eabi/lib/thumb/libg.a(lib_a-impure.o)
                0x00000000021082c8                _global_impure_ptr
 .rodata.AddDevice.str1.4
                0x00000000021082cc        0x8 /opt/devkitpro/devkitARM/bin/../lib/gcc/arm-none-eabi/10.2.0/../../../../arm-none-eabi/lib/thumb/libsysbase.a(iosupport.o)
 .rodata.dotab_stdnull
                0x00000000021082d4       0x70 /opt/devkitpro/devkitARM/bin/../lib/gcc/arm-none-eabi/10.2.0/../../../../arm-none-eabi/lib/thumb/libsysbase.a(iosupport.o)
                0x00000000021082d4                dotab_stdnull
 .rodata._ctype_
                0x0000000002108344      0x101 /opt/devkitpro/devkitARM/bin/../lib/gcc/arm-none-eabi/10.2.0/../../../../arm-none-eabi/lib/thumb/libg.a(lib_a-ctype_.o)
                0x0000000002108344                _ctype_
 *(EXCLUDE_FILE(*.twl*) .gnu.linkonce.r*)
                0x0000000002108448                . = ALIGN (0x4)
 *fill*         0x0000000002108445        0x3 ff

.ARM.extab
 *(.ARM.extab* .gnu.linkonce.armextab.*)
                0x0000000002108448                __exidx_start = .

ARM.exidx
 *(.ARM.exidx* .gnu.linkonce.armexidx.*)
                0x0000000002108448                __exidx_end = .
                0x0000000002108448                . = ALIGN (0x4)
                0x0000000002108448                PROVIDE (__preinit_array_start = .)

.preinit_array
 *(.preinit_array)
                0x0000000002108448                PROVIDE (__preinit_array_end = .)
                0x0000000002108448                PROVIDE (__init_array_start = .)

.init_array     0x0000000002108448        0x4
 *(SORT_BY_NAME(.init_array.*))
 *(.init_array)
 .init_array    0x0000000002108448        0x4 /opt/devkitpro/devkitARM/bin/../lib/gcc/arm-none-eabi/10.2.0/thumb/crtbegin.o
                0x000000000210844c                PROVIDE (__init_array_end = .)
                [!provide]                        PROVIDE (__fini_array_start = .)

.fini_array     0x000000000210844c        0x4
 *(.fini_array)
 .fini_array    0x000000000210844c        0x4 /opt/devkitpro/devkitARM/bin/../lib/gcc/arm-none-eabi/10.2.0/thumb/crtbegin.o
 *(SORT_BY_NAME(.fini_array.*))
                [!provide]                        PROVIDE (__fini_array_end = .)

.ctors          0x0000000002108450        0x0
 *crtbegin.o(.ctors)
 *(EXCLUDE_FILE(*crtend.o) .ctors)
 *(SORT_BY_NAME(.ctors.*))
 *(.ctors)
                0x0000000002108450                . = ALIGN (0x4)

.dtors          0x0000000002108450        0x0
 *crtbegin.o(.dtors)
 *(EXCLUDE_FILE(*crtend.o) .dtors)
 *(SORT_BY_NAME(.dtors.*))
 *(.dtors)
                0x0000000002108450                . = ALIGN (0x4)

.eh_frame       0x0000000002108450        0x4
 *(.eh_frame)
 .eh_frame      0x0000000002108450        0x0 /opt/devkitpro/devkitARM/bin/../lib/gcc/arm-none-eabi/10.2.0/thumb/crtbegin.o
 .eh_frame      0x0000000002108450        0x4 /opt/devkitpro/devkitARM/bin/../lib/gcc/arm-none-eabi/10.2.0/thumb/crtend.o
                0x0000000002108454                . = ALIGN (0x4)

.rel.dyn        0x0000000002108454        0x0
 .rel.iplt      0x0000000002108454        0x0 /opt/devkitpro/devkitARM/bin/../lib/gcc/arm-none-eabi/10.2.0/../../../../arm-none-eabi/lib/thumb/ds_arm9_crt0.o

.gcc_except_table
                0x0000000002108454        0x0
 *(.gcc_except_table)
                0x0000000002108454                . = ALIGN (0x4)

.jcr
 *(.jcr)

.got
 *(.got.plt)
 *(.got)
 *(.rel.got)

.ewram          0x0000000002108454        0x0
                0x0000000002108454                __ewram_start = ABSOLUTE (.)
 *(.ewram)
 *ewram.*(.text)
                0x0000000002108454                . = ALIGN (0x4)

.data           0x0000000002108454     0x19a8
                0x0000000002108454                __data_start = ABSOLUTE (.)
 *(EXCLUDE_FILE(*.twl*) .data)
 .data          0x0000000002108454       0x28 /opt/devkitpro/libnds/lib/libnds9.a(mpu_setup.o)
 *(EXCLUDE_FILE(*.twl*) .data.*)
 .data.oamMain  0x000000000210847c       0x18 /opt/devkitpro/libnds/lib/libnds9.a(sprite.o)
                0x000000000210847c                oamMain
 .data.count    0x0000000002108494        0x1 /opt/devkitpro/libnds/lib/libnds9.a(keys.o)
 .data.delay    0x0000000002108495        0x1 /opt/devkitpro/libnds/lib/libnds9.a(keys.o)
 .data.repeat   0x0000000002108496        0x1 /opt/devkitpro/libnds/lib/libnds9.a(keys.o)
 *fill*         0x0000000002108497        0x1 ff
 .data.fifo_buffer_free
                0x0000000002108498        0x4 /opt/devkitpro/libnds/lib/libnds9.a(fifosystem.o)
                0x0000000002108498                fifo_buffer_free
 .data.fifo_freewords
                0x000000000210849c        0x4 /opt/devkitpro/libnds/lib/libnds9.a(fifosystem.o)
                0x000000000210849c                fifo_freewords
 .data.fifo_receive_queue
                0x00000000021084a0        0x4 /opt/devkitpro/libnds/lib/libnds9.a(fifosystem.o)
                0x00000000021084a0                fifo_receive_queue
 .data.fifo_send_queue
                0x00000000021084a4        0x4 /opt/devkitpro/libnds/lib/libnds9.a(fifosystem.o)
                0x00000000021084a4                fifo_send_queue
 .data.__fdlib_version
                0x00000000021084a8        0x1 /opt/devkitpro/devkitARM/bin/../lib/gcc/arm-none-eabi/10.2.0/../../../../arm-none-eabi/lib/thumb/libm.a(lib_a-s_lib_ver.o)
                0x00000000021084a8                __fdlib_version
 *fill*         0x00000000021084a9        0x3 ff
 .data.__sfp_recursive_mutex
                0x00000000021084ac        0xc /opt/devkitpro/devkitARM/bin/../lib/gcc/arm-none-eabi/10.2.0/../../../../arm-none-eabi/lib/thumb/libg.a(lib_a-findfp.o)
 .data.__sinit_recursive_mutex
                0x00000000021084b8        0xc /opt/devkitpro/devkitARM/bin/../lib/gcc/arm-none-eabi/10.2.0/../../../../arm-none-eabi/lib/thumb/libg.a(lib_a-findfp.o)
 .data._impure_ptr
                0x00000000021084c4        0x4 /opt/devkitpro/devkitARM/bin/../lib/gcc/arm-none-eabi/10.2.0/../../../../arm-none-eabi/lib/thumb/libg.a(lib_a-impure.o)
                0x00000000021084c4                _impure_ptr
 .data.impure_data
                0x00000000021084c8      0x460 /opt/devkitpro/devkitARM/bin/../lib/gcc/arm-none-eabi/10.2.0/../../../../arm-none-eabi/lib/thumb/libg.a(lib_a-impure.o)
 .data.__malloc_av_
                0x0000000002108928      0x408 /opt/devkitpro/devkitARM/bin/../lib/gcc/arm-none-eabi/10.2.0/../../../../arm-none-eabi/lib/thumb/libg.a(lib_a-mallocr.o)
                0x0000000002108928                __malloc_av_
 .data.__malloc_sbrk_base
                0x0000000002108d30        0x4 /opt/devkitpro/devkitARM/bin/../lib/gcc/arm-none-eabi/10.2.0/../../../../arm-none-eabi/lib/thumb/libg.a(lib_a-mallocr.o)
                0x0000000002108d30                __malloc_sbrk_base
 .data.__malloc_trim_threshold
                0x0000000002108d34        0x4 /opt/devkitpro/devkitARM/bin/../lib/gcc/arm-none-eabi/10.2.0/../../../../arm-none-eabi/lib/thumb/libg.a(lib_a-mallocr.o)
                0x0000000002108d34                __malloc_trim_threshold
 .data.__malloc_recursive_mutex
                0x0000000002108d38        0xc /opt/devkitpro/devkitARM/bin/../lib/gcc/arm-none-eabi/10.2.0/../../../../arm-none-eabi/lib/thumb/libg.a(lib_a-mlock.o)
 .data.__hndl_lock
                0x0000000002108d44        0x4 /opt/devkitpro/devkitARM/bin/../lib/gcc/arm-none-eabi/10.2.0/../../../../arm-none-eabi/lib/thumb/libsysbase.a(handle_manager.o)
 .data.__stderr_handle
                0x0000000002108d48        0xc /opt/devkitpro/devkitARM/bin/../lib/gcc/arm-none-eabi/10.2.0/../../../../arm-none-eabi/lib/thumb/libsysbase.a(handle_manager.o)
 .data.__stdin_handle
                0x0000000002108d54        0xc /opt/devkitpro/devkitARM/bin/../lib/gcc/arm-none-eabi/10.2.0/../../../../arm-none-eabi/lib/thumb/libsysbase.a(handle_manager.o)
 .data.__stdout_handle
                0x0000000002108d60        0xc /opt/devkitpro/devkitARM/bin/../lib/gcc/arm-none-eabi/10.2.0/../../../../arm-none-eabi/lib/thumb/libsysbase.a(handle_manager.o)
 .data.handles  0x0000000002108d6c     0x1000 /opt/devkitpro/devkitARM/bin/../lib/gcc/arm-none-eabi/10.2.0/../../../../arm-none-eabi/lib/thumb/libsysbase.a(handle_manager.o)
 .data.defaultDevice
                0x0000000002109d6c        0x4 /opt/devkitpro/devkitARM/bin/../lib/gcc/arm-none-eabi/10.2.0/../../../../arm-none-eabi/lib/thumb/libsysbase.a(iosupport.o)
 .data.devoptab_list
                0x0000000002109d70       0x8c /opt/devkitpro/devkitARM/bin/../lib/gcc/arm-none-eabi/10.2.0/../../../../arm-none-eabi/lib/thumb/libsysbase.a(iosupport.o)
                0x0000000002109d70                devoptab_list
 *(EXCLUDE_FILE(*.twl*) .gnu.linkonce.d*)
                0x0000000002109dfc                . = ALIGN (0x4)
                0x0000000002109dfc                __data_end = ABSOLUTE (.)
                0x0000000002109dfc                __bss_vma = .

.igot.plt       0x0000000002109dfc        0x0
 .igot.plt      0x0000000002109dfc        0x0 /opt/devkitpro/devkitARM/bin/../lib/gcc/arm-none-eabi/10.2.0/../../../../arm-none-eabi/lib/thumb/ds_arm9_crt0.o

.dtcm           0x0000000002ff0000        0x0 load address 0x0000000002109dfc
                0x0000000002109dfc                __dtcm_lma = LOADADDR (.dtcm)
                0x0000000002ff0000                __dtcm_start = ABSOLUTE (.)
 *(.dtcm)
 *(.dtcm.*)
                0x0000000002ff0000                . = ALIGN (0x4)
                0x0000000002ff0000                __dtcm_end = ABSOLUTE (.)

.itcm           0x0000000001000100      0x194 load address 0x0000000002109dfc
                0x0000000002109dfc                __itcm_lma = LOADADDR (.itcm)
                0x0000000001000100                __itcm_start = ABSOLUTE (.)
 *(.itcm)
 .itcm          0x0000000001000100       0xc8 /opt/devkitpro/libnds/lib/libnds9.a(interrupts.o)
                0x0000000001000100                irqTable
 .itcm          0x00000000010001c8       0xcc /opt/devkitpro/libnds/lib/libnds9.a(interruptDispatcher.o)
                0x00000000010001c8                IntrMain
 *.itcm*(.text .stub .text.*)
                0x0000000001000294                . = ALIGN (0x4)
                0x0000000001000294                __itcm_end = ABSOLUTE (.)

.vectors        0x0000000001000000        0x0 load address 0x0000000002109f90
                0x0000000002109f90                __vectors_lma = LOADADDR (.vectors)
                0x0000000001000000                __vectors_start = ABSOLUTE (.)
 *(.vectors .vectors.*)
                0x0000000001000000                . = ALIGN (0x4)
                0x0000000001000000                __vectors_end = ABSOLUTE (.)

.sbss           0x0000000002ff0000        0x0
                0x0000000002ff0000                __sbss_start = ABSOLUTE (.)
                0x0000000002ff0000                __sbss_start__ = ABSOLUTE (.)
 *(.sbss)
                0x0000000002ff0000                . = ALIGN (0x4)
                0x0000000002ff0000                __sbss_end = ABSOLUTE (.)

.bss            0x0000000002109dfc      0xfe4
                0x0000000002109dfc                __bss_start = ABSOLUTE (.)
                0x0000000002109dfc                __bss_start__ = ABSOLUTE (.)
 *(EXCLUDE_FILE(*.twl*) .dynbss)
 *(EXCLUDE_FILE(*.twl*) .gnu.linkonce.b*)
 *(EXCLUDE_FILE(*.twl*) .bss*)
 .bss.completed.1
                0x0000000002109dfc        0x1 /opt/devkitpro/devkitARM/bin/../lib/gcc/arm-none-eabi/10.2.0/thumb/crtbegin.o
 *fill*         0x0000000002109dfd        0x3 
 .bss.object.0  0x0000000002109e00       0x18 /opt/devkitpro/devkitARM/bin/../lib/gcc/arm-none-eabi/10.2.0/thumb/crtbegin.o
 .bss           0x0000000002109e18        0x8 graphics_main.o
 .bss           0x0000000002109e20        0xc graphics_sub.o
 .bss           0x0000000002109e2c       0x60 main.o
 .bss.OamMemory
                0x0000000002109e8c      0x400 /opt/devkitpro/libnds/lib/libnds9.a(sprite.o)
                0x0000000002109e8c                OamMemory
 .bss.keys      0x000000000210a28c        0x2 /opt/devkitpro/libnds/lib/libnds9.a(keys.o)
 .bss.keysold   0x000000000210a28e        0x2 /opt/devkitpro/libnds/lib/libnds9.a(keys.o)
 .bss.keysrepeat
                0x000000000210a290        0x2 /opt/devkitpro/libnds/lib/libnds9.a(keys.o)
 .bss.__dsimode
                0x000000000210a292        0x1 /opt/devkitpro/libnds/lib/libnds9.a(initSystem.o)
                0x000000000210a292                __dsimode
 *fill*         0x000000000210a293        0x1 
 .bss.punixTime
                0x000000000210a294        0x4 /opt/devkitpro/libnds/lib/libnds9.a(timeSupport.o)
                0x000000000210a294                punixTime
 .bss.fifo_address_data
                0x000000000210a298       0x40 /opt/devkitpro/libnds/lib/libnds9.a(fifosystem.o)
                0x000000000210a298                fifo_address_data
 .bss.fifo_address_func
                0x000000000210a2d8       0x40 /opt/devkitpro/libnds/lib/libnds9.a(fifosystem.o)
                0x000000000210a2d8                fifo_address_func
 .bss.fifo_address_queue
                0x000000000210a318       0x40 /opt/devkitpro/libnds/lib/libnds9.a(fifosystem.o)
                0x000000000210a318                fifo_address_queue
 .bss.fifo_buffer
                0x000000000210a358      0x800 /opt/devkitpro/libnds/lib/libnds9.a(fifosystem.o)
                0x000000000210a358                fifo_buffer
 .bss.fifo_data_queue
                0x000000000210ab58       0x40 /opt/devkitpro/libnds/lib/libnds9.a(fifosystem.o)
                0x000000000210ab58                fifo_data_queue
 .bss.fifo_datamsg_data
                0x000000000210ab98       0x40 /opt/devkitpro/libnds/lib/libnds9.a(fifosystem.o)
                0x000000000210ab98                fifo_datamsg_data
 .bss.fifo_datamsg_func
                0x000000000210abd8       0x40 /opt/devkitpro/libnds/lib/libnds9.a(fifosystem.o)
                0x000000000210abd8                fifo_datamsg_func
 .bss.fifo_value32_data
                0x000000000210ac18       0x40 /opt/devkitpro/libnds/lib/libnds9.a(fifosystem.o)
                0x000000000210ac18                fifo_value32_data
 .bss.fifo_value32_func
                0x000000000210ac58       0x40 /opt/devkitpro/libnds/lib/libnds9.a(fifosystem.o)
                0x000000000210ac58                fifo_value32_func
 .bss.fifo_value32_queue
                0x000000000210ac98       0x40 /opt/devkitpro/libnds/lib/libnds9.a(fifosystem.o)
                0x000000000210ac98                fifo_value32_queue
 .bss.processing
                0x000000000210acd8        0x4 /opt/devkitpro/libnds/lib/libnds9.a(fifosystem.o)
                0x000000000210acd8                processing
 .bss.SDcallback
                0x000000000210acdc        0x4 /opt/devkitpro/libnds/lib/libnds9.a(system.o)
 .bss           0x000000000210ace0       0x18 /opt/devkitpro/libnds/lib/libmm9.a(mm_comms.o)
 .bss           0x000000000210acf8       0x19 /opt/devkitpro/libnds/lib/libmm9.a(mm_main9.o)
                0x000000000210acf8                mmcbMemory
                0x000000000210acfc                mmModuleCount
                0x000000000210ad00                mmSampleCount
                0x000000000210ad04                mmMemoryBank
                0x000000000210ad04                mmModuleBank
                0x000000000210ad08                mmSampleBank
                0x000000000210ad0c                mmCallback
                0x000000000210ad10                mmActiveStatus
 *fill*         0x000000000210ad11        0x3 
 .bss           0x000000000210ad14       0x44 /opt/devkitpro/libnds/lib/libmm9.a(mm_soundbank.o)
 .bss.__malloc_current_mallinfo
                0x000000000210ad58       0x28 /opt/devkitpro/devkitARM/bin/../lib/gcc/arm-none-eabi/10.2.0/../../../../arm-none-eabi/lib/thumb/libg.a(lib_a-mallocr.o)
                0x000000000210ad58                __malloc_current_mallinfo
 .bss.__malloc_max_sbrked_mem
                0x000000000210ad80        0x4 /opt/devkitpro/devkitARM/bin/../lib/gcc/arm-none-eabi/10.2.0/../../../../arm-none-eabi/lib/thumb/libg.a(lib_a-mallocr.o)
                0x000000000210ad80                __malloc_max_sbrked_mem
 .bss.__malloc_max_total_mem
                0x000000000210ad84        0x4 /opt/devkitpro/devkitARM/bin/../lib/gcc/arm-none-eabi/10.2.0/../../../../arm-none-eabi/lib/thumb/libg.a(lib_a-mallocr.o)
                0x000000000210ad84                __malloc_max_total_mem
 .bss.__malloc_top_pad
                0x000000000210ad88        0x4 /opt/devkitpro/devkitARM/bin/../lib/gcc/arm-none-eabi/10.2.0/../../../../arm-none-eabi/lib/thumb/libg.a(lib_a-mallocr.o)
                0x000000000210ad88                __malloc_top_pad
 .bss.heap_start.0
                0x000000000210ad8c        0x4 /opt/devkitpro/devkitARM/bin/../lib/gcc/arm-none-eabi/10.2.0/../../../../arm-none-eabi/lib/thumb/libsysbase.a(sbrk.o)
 .bss.fake_heap_end
                0x000000000210ad90        0x4 /opt/devkitpro/devkitARM/bin/../lib/gcc/arm-none-eabi/10.2.0/../../../../arm-none-eabi/lib/thumb/libsysbase.a(malloc_vars.o)
                0x000000000210ad90                fake_heap_end
 .bss.fake_heap_start
                0x000000000210ad94        0x4 /opt/devkitpro/devkitARM/bin/../lib/gcc/arm-none-eabi/10.2.0/../../../../arm-none-eabi/lib/thumb/libsysbase.a(malloc_vars.o)
                0x000000000210ad94                fake_heap_start
 .bss.__syscalls
                0x000000000210ad98       0x48 /opt/devkitpro/devkitARM/bin/../lib/gcc/arm-none-eabi/10.2.0/../../../../arm-none-eabi/lib/thumb/libsysbase.a(syscall_support.o)
                0x000000000210ad98                __syscalls
 *(EXCLUDE_FILE(*.twl*) COMMON)
                0x000000000210ade0                . = ALIGN (0x4)
                0x000000000210ade0                __bss_end__ = ABSOLUTE (.)
                0x000000000210ade0                __end__ = ABSOLUTE (.)

.twl            0x000000000210ade0        0x0 load address 0x0000000002400000
                0x0000000002400000                __arm9i_lma__ = LOADADDR (.twl)
                0x000000000210ade0                __arm9i_start__ = ABSOLUTE (.)
 *(.twl)
 *.twl*(.text .stub .text.* .gnu.linkonce.t.*)
 *.twl*(.rodata)
 *.twl*(.roda)
 *.twl*(.rodata.*)
 *.twl*(.data)
 *.twl*(.data.*)
 *.twl*(.gnu.linkonce.d*)
                0x000000000210ade0                __arm9i_end__ = ABSOLUTE (.)

.twl_bss        0x000000000210ade0        0x0
                0x000000000210ade0                __twl_bss_start__ = ABSOLUTE (.)
 *(.twl_bss)
 *.twl*(.dynbss)
 *.twl*(.gnu.linkonce.b*)
 *.twl*(.bss*)
 *.twl*(COMMON)
                0x000000000210ade0                . = ALIGN (0x4)
                0x000000000210ade0                __twl_bss_end__ = ABSOLUTE (.)
                0x000000000210ade0                __twl_end__ = ABSOLUTE (.)

.stab
 *(.stab)

.stabstr
 *(.stabstr)

.stab.excl
 *(.stab.excl)

.stab.exclstr
 *(.stab.exclstr)

.stab.index
 *(.stab.index)

.stab.indexstr
 *(.stab.indexstr)

.comment        0x0000000000000000      0x118
 *(.comment)
 .comment       0x0000000000000000       0x23 /opt/devkitpro/devkitARM/bin/../lib/gcc/arm-none-eabi/10.2.0/thumb/crtbegin.o
                                         0x24 (size before relaxing)
 .comment       0x0000000000000023       0x23 game.o
 .comment       0x0000000000000046       0x23 graphics_main.o
 .comment       0x0000000000000069       0x23 graphics_sub.o
 .comment       0x000000000000008c       0x23 input.o
 .comment       0x00000000000000af       0x23 main.o
 .comment       0x00000000000000d2       0x23 physics.o
 .comment       0x00000000000000f5       0x23 sound.o
 .comment       0x0000000000000118       0x24 /opt/devkitpro/libnds/lib/libnds9.a(touch.o)
 .comment       0x0000000000000118       0x24 /opt/devkitpro/libnds/lib/libnds9.a(sprite_alloc.o)
 .comment       0x0000000000000118       0x24 /opt/devkitpro/libnds/lib/libnds9.a(sprite.o)
 .comment       0x0000000000000118       0x24 /opt/devkitpro/libnds/lib/libnds9.a(keys.o)
 .comment       0x0000000000000118       0x24 /opt/devkitpro/libnds/lib/libnds9.a(initSystem.o)
 .comment       0x0000000000000118       0x24 /opt/devkitpro/libnds/lib/libnds9.a(timeSupport.o)
 .comment       0x0000000000000118       0x24 /opt/devkitpro/libnds/lib/libnds9.a(securearea.o)
 .comment       0x0000000000000118       0x24 /opt/devkitpro/libnds/lib/libnds9.a(interrupts.o)
 .comment       0x0000000000000118       0x24 /opt/devkitpro/libnds/lib/libnds9.a(libnds_exit.arm.o)
 .comment       0x0000000000000118       0x24 /opt/devkitpro/libnds/lib/libnds9.a(fifosystem.o)
 .comment       0x0000000000000118       0x24 /opt/devkitpro/libnds/lib/libnds9.a(video.o)
 .comment       0x0000000000000118       0x24 /opt/devkitpro/libnds/lib/libnds9.a(system.o)
 .comment       0x0000000000000118       0x24 /opt/devkitpro/libnds/lib/libnds9.a(trig.o)
 .comment       0x0000000000000118       0x24 /opt/devkitpro/devkitARM/bin/../lib/gcc/arm-none-eabi/10.2.0/../../../../arm-none-eabi/lib/thumb/libm.a(lib_a-s_atan.o)
 .comment       0x0000000000000118       0x24 /opt/devkitpro/devkitARM/bin/../lib/gcc/arm-none-eabi/10.2.0/../../../../arm-none-eabi/lib/thumb/libm.a(lib_a-s_cos.o)
 .comment       0x0000000000000118       0x24 /opt/devkitpro/devkitARM/bin/../lib/gcc/arm-none-eabi/10.2.0/../../../../arm-none-eabi/lib/thumb/libm.a(lib_a-s_fabs.o)
 .comment       0x0000000000000118       0x24 /opt/devkitpro/devkitARM/bin/../lib/gcc/arm-none-eabi/10.2.0/../../../../arm-none-eabi/lib/thumb/libm.a(lib_a-s_sin.o)
 .comment       0x0000000000000118       0x24 /opt/devkitpro/devkitARM/bin/../lib/gcc/arm-none-eabi/10.2.0/../../../../arm-none-eabi/lib/thumb/libm.a(lib_a-w_atan2.o)
 .comment       0x0000000000000118       0x24 /opt/devkitpro/devkitARM/bin/../lib/gcc/arm-none-eabi/10.2.0/../../../../arm-none-eabi/lib/thumb/libm.a(lib_a-w_sqrt.o)
 .comment       0x0000000000000118       0x24 /opt/devkitpro/devkitARM/bin/../lib/gcc/arm-none-eabi/10.2.0/../../../../arm-none-eabi/lib/thumb/libm.a(lib_a-e_atan2.o)
 .comment       0x0000000000000118       0x24 /opt/devkitpro/devkitARM/bin/../lib/gcc/arm-none-eabi/10.2.0/../../../../arm-none-eabi/lib/thumb/libm.a(lib_a-e_rem_pio2.o)
 .comment       0x0000000000000118       0x24 /opt/devkitpro/devkitARM/bin/../lib/gcc/arm-none-eabi/10.2.0/../../../../arm-none-eabi/lib/thumb/libm.a(lib_a-e_sqrt.o)
 .comment       0x0000000000000118       0x24 /opt/devkitpro/devkitARM/bin/../lib/gcc/arm-none-eabi/10.2.0/../../../../arm-none-eabi/lib/thumb/libm.a(lib_a-k_cos.o)
 .comment       0x0000000000000118       0x24 /opt/devkitpro/devkitARM/bin/../lib/gcc/arm-none-eabi/10.2.0/../../../../arm-none-eabi/lib/thumb/libm.a(lib_a-k_rem_pio2.o)
 .comment       0x0000000000000118       0x24 /opt/devkitpro/devkitARM/bin/../lib/gcc/arm-none-eabi/10.2.0/../../../../arm-none-eabi/lib/thumb/libm.a(lib_a-k_sin.o)
 .comment       0x0000000000000118       0x24 /opt/devkitpro/devkitARM/bin/../lib/gcc/arm-none-eabi/10.2.0/../../../../arm-none-eabi/lib/thumb/libm.a(lib_a-s_floor.o)
 .comment       0x0000000000000118       0x24 /opt/devkitpro/devkitARM/bin/../lib/gcc/arm-none-eabi/10.2.0/../../../../arm-none-eabi/lib/thumb/libm.a(lib_a-s_lib_ver.o)
 .comment       0x0000000000000118       0x24 /opt/devkitpro/devkitARM/bin/../lib/gcc/arm-none-eabi/10.2.0/../../../../arm-none-eabi/lib/thumb/libm.a(lib_a-s_scalbn.o)
 .comment       0x0000000000000118       0x24 /opt/devkitpro/devkitARM/bin/../lib/gcc/arm-none-eabi/10.2.0/../../../../arm-none-eabi/lib/thumb/libg.a(lib_a-errno.o)
 .comment       0x0000000000000118       0x24 /opt/devkitpro/devkitARM/bin/../lib/gcc/arm-none-eabi/10.2.0/../../../../arm-none-eabi/lib/thumb/libg.a(lib_a-fclose.o)
 .comment       0x0000000000000118       0x24 /opt/devkitpro/devkitARM/bin/../lib/gcc/arm-none-eabi/10.2.0/../../../../arm-none-eabi/lib/thumb/libg.a(lib_a-fflush.o)
 .comment       0x0000000000000118       0x24 /opt/devkitpro/devkitARM/bin/../lib/gcc/arm-none-eabi/10.2.0/../../../../arm-none-eabi/lib/thumb/libg.a(lib_a-findfp.o)
 .comment       0x0000000000000118       0x24 /opt/devkitpro/devkitARM/bin/../lib/gcc/arm-none-eabi/10.2.0/../../../../arm-none-eabi/lib/thumb/libg.a(lib_a-fopen.o)
 .comment       0x0000000000000118       0x24 /opt/devkitpro/devkitARM/bin/../lib/gcc/arm-none-eabi/10.2.0/../../../../arm-none-eabi/lib/thumb/libg.a(lib_a-fread.o)
 .comment       0x0000000000000118       0x24 /opt/devkitpro/devkitARM/bin/../lib/gcc/arm-none-eabi/10.2.0/../../../../arm-none-eabi/lib/thumb/libg.a(lib_a-freer.o)
 .comment       0x0000000000000118       0x24 /opt/devkitpro/devkitARM/bin/../lib/gcc/arm-none-eabi/10.2.0/../../../../arm-none-eabi/lib/thumb/libg.a(lib_a-fseek.o)
 .comment       0x0000000000000118       0x24 /opt/devkitpro/devkitARM/bin/../lib/gcc/arm-none-eabi/10.2.0/../../../../arm-none-eabi/lib/thumb/libg.a(lib_a-fseeko.o)
 .comment       0x0000000000000118       0x24 /opt/devkitpro/devkitARM/bin/../lib/gcc/arm-none-eabi/10.2.0/../../../../arm-none-eabi/lib/thumb/libg.a(lib_a-ftello.o)
 .comment       0x0000000000000118       0x24 /opt/devkitpro/devkitARM/bin/../lib/gcc/arm-none-eabi/10.2.0/../../../../arm-none-eabi/lib/thumb/libg.a(lib_a-fwalk.o)
 .comment       0x0000000000000118       0x24 /opt/devkitpro/devkitARM/bin/../lib/gcc/arm-none-eabi/10.2.0/../../../../arm-none-eabi/lib/thumb/libg.a(lib_a-impure.o)
 .comment       0x0000000000000118       0x24 /opt/devkitpro/devkitARM/bin/../lib/gcc/arm-none-eabi/10.2.0/../../../../arm-none-eabi/lib/thumb/libg.a(lib_a-init.o)
 .comment       0x0000000000000118       0x24 /opt/devkitpro/devkitARM/bin/../lib/gcc/arm-none-eabi/10.2.0/../../../../arm-none-eabi/lib/thumb/libg.a(lib_a-makebuf.o)
 .comment       0x0000000000000118       0x24 /opt/devkitpro/devkitARM/bin/../lib/gcc/arm-none-eabi/10.2.0/../../../../arm-none-eabi/lib/thumb/libg.a(lib_a-malloc.o)
 .comment       0x0000000000000118       0x24 /opt/devkitpro/devkitARM/bin/../lib/gcc/arm-none-eabi/10.2.0/../../../../arm-none-eabi/lib/thumb/libg.a(lib_a-mallocr.o)
 .comment       0x0000000000000118       0x24 /opt/devkitpro/devkitARM/bin/../lib/gcc/arm-none-eabi/10.2.0/../../../../arm-none-eabi/lib/thumb/libg.a(lib_a-memcpy-stub.o)
 .comment       0x0000000000000118       0x24 /opt/devkitpro/devkitARM/bin/../lib/gcc/arm-none-eabi/10.2.0/../../../../arm-none-eabi/lib/thumb/libg.a(lib_a-memset.o)
 .comment       0x0000000000000118       0x24 /opt/devkitpro/devkitARM/bin/../lib/gcc/arm-none-eabi/10.2.0/../../../../arm-none-eabi/lib/thumb/libg.a(lib_a-mlock.o)
 .comment       0x0000000000000118       0x24 /opt/devkitpro/devkitARM/bin/../lib/gcc/arm-none-eabi/10.2.0/../../../../arm-none-eabi/lib/thumb/libg.a(lib_a-realloc.o)
 .comment       0x0000000000000118       0x24 /opt/devkitpro/devkitARM/bin/../lib/gcc/arm-none-eabi/10.2.0/../../../../arm-none-eabi/lib/thumb/libg.a(lib_a-reallocr.o)
 .comment       0x0000000000000118       0x24 /opt/devkitpro/devkitARM/bin/../lib/gcc/arm-none-eabi/10.2.0/../../../../arm-none-eabi/lib/thumb/libg.a(lib_a-refill.o)
 .comment       0x0000000000000118       0x24 /opt/devkitpro/devkitARM/bin/../lib/gcc/arm-none-eabi/10.2.0/../../../../arm-none-eabi/lib/thumb/libg.a(lib_a-stdio.o)
 .comment       0x0000000000000118       0x24 /opt/devkitpro/devkitARM/bin/../lib/gcc/arm-none-eabi/10.2.0/../../../../arm-none-eabi/lib/thumb/libg.a(lib_a-flags.o)
 .comment       0x0000000000000118       0x24 /opt/devkitpro/devkitARM/bin/../lib/gcc/arm-none-eabi/10.2.0/../../../../arm-none-eabi/lib/thumb/libg.a(lib_a-memmove.o)
 .comment       0x0000000000000118       0x24 /opt/devkitpro/devkitARM/bin/../lib/gcc/arm-none-eabi/10.2.0/../../../../arm-none-eabi/lib/thumb/libsysbase.a(fstat.o)
 .comment       0x0000000000000118       0x24 /opt/devkitpro/devkitARM/bin/../lib/gcc/arm-none-eabi/10.2.0/../../../../arm-none-eabi/lib/thumb/libsysbase.a(isatty.o)
 .comment       0x0000000000000118       0x24 /opt/devkitpro/devkitARM/bin/../lib/gcc/arm-none-eabi/10.2.0/../../../../arm-none-eabi/lib/thumb/libsysbase.a(lseek.o)
 .comment       0x0000000000000118       0x24 /opt/devkitpro/devkitARM/bin/../lib/gcc/arm-none-eabi/10.2.0/../../../../arm-none-eabi/lib/thumb/libsysbase.a(open.o)
 .comment       0x0000000000000118       0x24 /opt/devkitpro/devkitARM/bin/../lib/gcc/arm-none-eabi/10.2.0/../../../../arm-none-eabi/lib/thumb/libsysbase.a(read.o)
 .comment       0x0000000000000118       0x24 /opt/devkitpro/devkitARM/bin/../lib/gcc/arm-none-eabi/10.2.0/../../../../arm-none-eabi/lib/thumb/libsysbase.a(sbrk.o)
 .comment       0x0000000000000118       0x24 /opt/devkitpro/devkitARM/bin/../lib/gcc/arm-none-eabi/10.2.0/../../../../arm-none-eabi/lib/thumb/libsysbase.a(write.o)
 .comment       0x0000000000000118       0x24 /opt/devkitpro/devkitARM/bin/../lib/gcc/arm-none-eabi/10.2.0/../../../../arm-none-eabi/lib/thumb/libsysbase.a(malloc_vars.o)
 .comment       0x0000000000000118       0x24 /opt/devkitpro/devkitARM/bin/../lib/gcc/arm-none-eabi/10.2.0/../../../../arm-none-eabi/lib/thumb/libsysbase.a(build_argv.o)
 .comment       0x0000000000000118       0x24 /opt/devkitpro/devkitARM/bin/../lib/gcc/arm-none-eabi/10.2.0/../../../../arm-none-eabi/lib/thumb/libsysbase.a(flock.o)
 .comment       0x0000000000000118       0x24 /opt/devkitpro/devkitARM/bin/../lib/gcc/arm-none-eabi/10.2.0/../../../../arm-none-eabi/lib/thumb/libsysbase.a(syscall_support.o)
 .comment       0x0000000000000118       0x24 /opt/devkitpro/devkitARM/bin/../lib/gcc/arm-none-eabi/10.2.0/../../../../arm-none-eabi/lib/thumb/libsysbase.a(handle_manager.o)
 .comment       0x0000000000000118       0x24 /opt/devkitpro/devkitARM/bin/../lib/gcc/arm-none-eabi/10.2.0/../../../../arm-none-eabi/lib/thumb/libsysbase.a(getreent.o)
 .comment       0x0000000000000118       0x24 /opt/devkitpro/devkitARM/bin/../lib/gcc/arm-none-eabi/10.2.0/../../../../arm-none-eabi/lib/thumb/libsysbase.a(iosupport.o)
 .comment       0x0000000000000118       0x24 /opt/devkitpro/devkitARM/bin/../lib/gcc/arm-none-eabi/10.2.0/../../../../arm-none-eabi/lib/thumb/libg.a(lib_a-ctype_.o)
 .comment       0x0000000000000118       0x24 /opt/devkitpro/devkitARM/bin/../lib/gcc/arm-none-eabi/10.2.0/../../../../arm-none-eabi/lib/thumb/libg.a(lib_a-strchr.o)
 .comment       0x0000000000000118       0x24 /opt/devkitpro/devkitARM/bin/../lib/gcc/arm-none-eabi/10.2.0/../../../../arm-none-eabi/lib/thumb/libg.a(lib_a-strlen-stub.o)
 .comment       0x0000000000000118       0x24 /opt/devkitpro/devkitARM/bin/../lib/gcc/arm-none-eabi/10.2.0/../../../../arm-none-eabi/lib/thumb/libg.a(lib_a-strncmp.o)
 .comment       0x0000000000000118       0x24 /opt/devkitpro/devkitARM/bin/../lib/gcc/arm-none-eabi/10.2.0/thumb/crtend.o

.ARM.attributes
                0x0000000000000000       0x2d
 .ARM.attributes
                0x0000000000000000       0x21 /opt/devkitpro/devkitARM/bin/../lib/gcc/arm-none-eabi/10.2.0/../../../../arm-none-eabi/lib/thumb/ds_arm9_crt0.o
 .ARM.attributes
                0x0000000000000021       0x1c /opt/devkitpro/devkitARM/bin/../lib/gcc/arm-none-eabi/10.2.0/thumb/crti.o
 .ARM.attributes
                0x000000000000003d       0x2a /opt/devkitpro/devkitARM/bin/../lib/gcc/arm-none-eabi/10.2.0/thumb/crtbegin.o
 .ARM.attributes
                0x0000000000000067       0x14 soundbank.bin.o
 .ARM.attributes
                0x000000000000007b       0x1a backplate.o
 .ARM.attributes
                0x0000000000000095       0x1a crash2.o
 .ARM.attributes
                0x00000000000000af       0x1a crash_earth.o
 .ARM.attributes
                0x00000000000000c9       0x1a crash_moon.o
 .ARM.attributes
                0x00000000000000e3       0x1a crash_wall.o
 .ARM.attributes
                0x00000000000000fd       0x1a fusee0.o
 .ARM.attributes
                0x0000000000000117       0x1a fusee1.o
 .ARM.attributes
                0x0000000000000131       0x1a fusee2.o
 .ARM.attributes
                0x000000000000014b       0x1a horizon.o
 .ARM.attributes
                0x0000000000000165       0x1a intro.o
 .ARM.attributes
                0x000000000000017f       0x1a intro2.o
 .ARM.attributes
                0x0000000000000199       0x1a numbers.o
 .ARM.attributes
                0x00000000000001b3       0x1a pause.o
 .ARM.attributes
                0x00000000000001cd       0x1a planets.o
 .ARM.attributes
                0x00000000000001e7       0x1a rocket.o
 .ARM.attributes
                0x0000000000000201       0x1a splash.o
 .ARM.attributes
                0x000000000000021b       0x1a splash2.o
 .ARM.attributes
                0x0000000000000235       0x25 game.o
 .ARM.attributes
                0x000000000000025a       0x25 graphics_main.o
 .ARM.attributes
                0x000000000000027f       0x25 graphics_sub.o
 .ARM.attributes
                0x00000000000002a4       0x25 input.o
 .ARM.attributes
                0x00000000000002c9       0x25 main.o
 .ARM.attributes
                0x00000000000002ee       0x25 physics.o
 .ARM.attributes
                0x0000000000000313       0x25 sound.o
 .ARM.attributes
                0x0000000000000338       0x2b /opt/devkitpro/libnds/lib/libnds9.a(touch.o)
 .ARM.attributes
                0x0000000000000363       0x2b /opt/devkitpro/libnds/lib/libnds9.a(sprite_alloc.o)
 .ARM.attributes
                0x000000000000038e       0x2b /opt/devkitpro/libnds/lib/libnds9.a(sprite.o)
 .ARM.attributes
                0x00000000000003b9       0x2b /opt/devkitpro/libnds/lib/libnds9.a(keys.o)
 .ARM.attributes
                0x00000000000003e4       0x2b /opt/devkitpro/libnds/lib/libnds9.a(initSystem.o)
 .ARM.attributes
                0x000000000000040f       0x2b /opt/devkitpro/libnds/lib/libnds9.a(timeSupport.o)
 .ARM.attributes
                0x000000000000043a       0x2b /opt/devkitpro/libnds/lib/libnds9.a(securearea.o)
 .ARM.attributes
                0x0000000000000465       0x2b /opt/devkitpro/libnds/lib/libnds9.a(interrupts.o)
 .ARM.attributes
                0x0000000000000490       0x2b /opt/devkitpro/libnds/lib/libnds9.a(libnds_exit.arm.o)
 .ARM.attributes
                0x00000000000004bb       0x2b /opt/devkitpro/libnds/lib/libnds9.a(fifosystem.o)
 .ARM.attributes
                0x00000000000004e6       0x1b /opt/devkitpro/libnds/lib/libnds9.a(dcache.o)
 .ARM.attributes
                0x0000000000000501       0x21 /opt/devkitpro/libnds/lib/libnds9.a(mpu_setup.o)
 .ARM.attributes
                0x0000000000000522       0x21 /opt/devkitpro/libnds/lib/libnds9.a(IntrWait.o)
 .ARM.attributes
                0x0000000000000543       0x21 /opt/devkitpro/libnds/lib/libnds9.a(cpu_clock.o)
 .ARM.attributes
                0x0000000000000564       0x1b /opt/devkitpro/libnds/lib/libnds9.a(interruptDispatcher.o)
 .ARM.attributes
                0x000000000000057f       0x21 /opt/devkitpro/libnds/lib/libnds9.a(swiSoftReset.o)
 .ARM.attributes
                0x00000000000005a0       0x1b /opt/devkitpro/libnds/lib/libnds9.a(biosCalls.o)
 .ARM.attributes
                0x00000000000005bb       0x2b /opt/devkitpro/libnds/lib/libnds9.a(video.o)
 .ARM.attributes
                0x00000000000005e6       0x2b /opt/devkitpro/libnds/lib/libnds9.a(system.o)
 .ARM.attributes
                0x0000000000000611       0x2b /opt/devkitpro/libnds/lib/libnds9.a(trig.o)
 .ARM.attributes
                0x000000000000063c       0x1b /opt/devkitpro/libnds/lib/libmm9.a(mm_comms.o)
 .ARM.attributes
                0x0000000000000657       0x1b /opt/devkitpro/libnds/lib/libmm9.a(mm_memory.o)
 .ARM.attributes
                0x0000000000000672       0x1b /opt/devkitpro/libnds/lib/libmm9.a(mm_main9.o)
 .ARM.attributes
                0x000000000000068d       0x1b /opt/devkitpro/libnds/lib/libmm9.a(mm_soundbank.o)
 .ARM.attributes
                0x00000000000006a8       0x1b /opt/devkitpro/libnds/lib/libmm9.a(mm_flusher.o)
 .ARM.attributes
                0x00000000000006c3       0x2a /opt/devkitpro/devkitARM/bin/../lib/gcc/arm-none-eabi/10.2.0/../../../../arm-none-eabi/lib/thumb/libm.a(lib_a-s_atan.o)
 .ARM.attributes
                0x00000000000006ed       0x2a /opt/devkitpro/devkitARM/bin/../lib/gcc/arm-none-eabi/10.2.0/../../../../arm-none-eabi/lib/thumb/libm.a(lib_a-s_cos.o)
 .ARM.attributes
                0x0000000000000717       0x2a /opt/devkitpro/devkitARM/bin/../lib/gcc/arm-none-eabi/10.2.0/../../../../arm-none-eabi/lib/thumb/libm.a(lib_a-s_fabs.o)
 .ARM.attributes
                0x0000000000000741       0x2a /opt/devkitpro/devkitARM/bin/../lib/gcc/arm-none-eabi/10.2.0/../../../../arm-none-eabi/lib/thumb/libm.a(lib_a-s_sin.o)
 .ARM.attributes
                0x000000000000076b       0x2a /opt/devkitpro/devkitARM/bin/../lib/gcc/arm-none-eabi/10.2.0/../../../../arm-none-eabi/lib/thumb/libm.a(lib_a-w_atan2.o)
 .ARM.attributes
                0x0000000000000795       0x2a /opt/devkitpro/devkitARM/bin/../lib/gcc/arm-none-eabi/10.2.0/../../../../arm-none-eabi/lib/thumb/libm.a(lib_a-w_sqrt.o)
 .ARM.attributes
                0x00000000000007bf       0x2a /opt/devkitpro/devkitARM/bin/../lib/gcc/arm-none-eabi/10.2.0/../../../../arm-none-eabi/lib/thumb/libm.a(lib_a-e_atan2.o)
 .ARM.attributes
                0x00000000000007e9       0x2a /opt/devkitpro/devkitARM/bin/../lib/gcc/arm-none-eabi/10.2.0/../../../../arm-none-eabi/lib/thumb/libm.a(lib_a-e_rem_pio2.o)
 .ARM.attributes
                0x0000000000000813       0x2a /opt/devkitpro/devkitARM/bin/../lib/gcc/arm-none-eabi/10.2.0/../../../../arm-none-eabi/lib/thumb/libm.a(lib_a-e_sqrt.o)
 .ARM.attributes
                0x000000000000083d       0x2a /opt/devkitpro/devkitARM/bin/../lib/gcc/arm-none-eabi/10.2.0/../../../../arm-none-eabi/lib/thumb/libm.a(lib_a-k_cos.o)
 .ARM.attributes
                0x0000000000000867       0x2a /opt/devkitpro/devkitARM/bin/../lib/gcc/arm-none-eabi/10.2.0/../../../../arm-none-eabi/lib/thumb/libm.a(lib_a-k_rem_pio2.o)
 .ARM.attributes
                0x0000000000000891       0x2a /opt/devkitpro/devkitARM/bin/../lib/gcc/arm-none-eabi/10.2.0/../../../../arm-none-eabi/lib/thumb/libm.a(lib_a-k_sin.o)
 .ARM.attributes
                0x00000000000008bb       0x2a /opt/devkitpro/devkitARM/bin/../lib/gcc/arm-none-eabi/10.2.0/../../../../arm-none-eabi/lib/thumb/libm.a(lib_a-s_floor.o)
 .ARM.attributes
                0x00000000000008e5       0x30 /opt/devkitpro/devkitARM/bin/../lib/gcc/arm-none-eabi/10.2.0/../../../../arm-none-eabi/lib/thumb/libm.a(lib_a-s_lib_ver.o)
 .ARM.attributes
                0x0000000000000915       0x2a /opt/devkitpro/devkitARM/bin/../lib/gcc/arm-none-eabi/10.2.0/../../../../arm-none-eabi/lib/thumb/libm.a(lib_a-s_scalbn.o)
 .ARM.attributes
                0x000000000000093f       0x1c /opt/devkitpro/devkitARM/bin/../lib/gcc/arm-none-eabi/10.2.0/thumb/libgcc.a(_udivsi3.o)
 .ARM.attributes
                0x000000000000095b       0x1c /opt/devkitpro/devkitARM/bin/../lib/gcc/arm-none-eabi/10.2.0/thumb/libgcc.a(_divsi3.o)
 .ARM.attributes
                0x0000000000000977       0x1c /opt/devkitpro/devkitARM/bin/../lib/gcc/arm-none-eabi/10.2.0/thumb/libgcc.a(_dvmd_tls.o)
 .ARM.attributes
                0x0000000000000993       0x1c /opt/devkitpro/devkitARM/bin/../lib/gcc/arm-none-eabi/10.2.0/thumb/libgcc.a(_arm_addsubdf3.o)
 .ARM.attributes
                0x00000000000009af       0x1c /opt/devkitpro/devkitARM/bin/../lib/gcc/arm-none-eabi/10.2.0/thumb/libgcc.a(_arm_muldivdf3.o)
 .ARM.attributes
                0x00000000000009cb       0x1c /opt/devkitpro/devkitARM/bin/../lib/gcc/arm-none-eabi/10.2.0/thumb/libgcc.a(_arm_cmpdf2.o)
 .ARM.attributes
                0x00000000000009e7       0x1c /opt/devkitpro/devkitARM/bin/../lib/gcc/arm-none-eabi/10.2.0/thumb/libgcc.a(_arm_unorddf2.o)
 .ARM.attributes
                0x0000000000000a03       0x1c /opt/devkitpro/devkitARM/bin/../lib/gcc/arm-none-eabi/10.2.0/thumb/libgcc.a(_arm_fixdfsi.o)
 .ARM.attributes
                0x0000000000000a1f       0x1c /opt/devkitpro/devkitARM/bin/../lib/gcc/arm-none-eabi/10.2.0/thumb/libgcc.a(_arm_fixunsdfsi.o)
 .ARM.attributes
                0x0000000000000a3b       0x1c /opt/devkitpro/devkitARM/bin/../lib/gcc/arm-none-eabi/10.2.0/thumb/libgcc.a(_arm_truncdfsf2.o)
 .ARM.attributes
                0x0000000000000a57       0x1c /opt/devkitpro/devkitARM/bin/../lib/gcc/arm-none-eabi/10.2.0/thumb/libgcc.a(_arm_addsubsf3.o)
 .ARM.attributes
                0x0000000000000a73       0x1c /opt/devkitpro/devkitARM/bin/../lib/gcc/arm-none-eabi/10.2.0/thumb/libgcc.a(_arm_muldivsf3.o)
 .ARM.attributes
                0x0000000000000a8f       0x1c /opt/devkitpro/devkitARM/bin/../lib/gcc/arm-none-eabi/10.2.0/thumb/libgcc.a(_arm_cmpsf2.o)
 .ARM.attributes
                0x0000000000000aab       0x1c /opt/devkitpro/devkitARM/bin/../lib/gcc/arm-none-eabi/10.2.0/thumb/libgcc.a(_arm_fixsfsi.o)
 .ARM.attributes
                0x0000000000000ac7       0x1c /opt/devkitpro/devkitARM/bin/../lib/gcc/arm-none-eabi/10.2.0/thumb/libgcc.a(_arm_fixunssfsi.o)
 .ARM.attributes
                0x0000000000000ae3       0x2a /opt/devkitpro/devkitARM/bin/../lib/gcc/arm-none-eabi/10.2.0/../../../../arm-none-eabi/lib/thumb/libg.a(lib_a-errno.o)
 .ARM.attributes
                0x0000000000000b0d       0x2a /opt/devkitpro/devkitARM/bin/../lib/gcc/arm-none-eabi/10.2.0/../../../../arm-none-eabi/lib/thumb/libg.a(lib_a-fclose.o)
 .ARM.attributes
                0x0000000000000b37       0x2a /opt/devkitpro/devkitARM/bin/../lib/gcc/arm-none-eabi/10.2.0/../../../../arm-none-eabi/lib/thumb/libg.a(lib_a-fflush.o)
 .ARM.attributes
                0x0000000000000b61       0x2a /opt/devkitpro/devkitARM/bin/../lib/gcc/arm-none-eabi/10.2.0/../../../../arm-none-eabi/lib/thumb/libg.a(lib_a-findfp.o)
 .ARM.attributes
                0x0000000000000b8b       0x2a /opt/devkitpro/devkitARM/bin/../lib/gcc/arm-none-eabi/10.2.0/../../../../arm-none-eabi/lib/thumb/libg.a(lib_a-fopen.o)
 .ARM.attributes
                0x0000000000000bb5       0x2a /opt/devkitpro/devkitARM/bin/../lib/gcc/arm-none-eabi/10.2.0/../../../../arm-none-eabi/lib/thumb/libg.a(lib_a-fread.o)
 .ARM.attributes
                0x0000000000000bdf       0x2a /opt/devkitpro/devkitARM/bin/../lib/gcc/arm-none-eabi/10.2.0/../../../../arm-none-eabi/lib/thumb/libg.a(lib_a-freer.o)
 .ARM.attributes
                0x0000000000000c09       0x2a /opt/devkitpro/devkitARM/bin/../lib/gcc/arm-none-eabi/10.2.0/../../../../arm-none-eabi/lib/thumb/libg.a(lib_a-fseek.o)
 .ARM.attributes
                0x0000000000000c33       0x2a /opt/devkitpro/devkitARM/bin/../lib/gcc/arm-none-eabi/10.2.0/../../../../arm-none-eabi/lib/thumb/libg.a(lib_a-fseeko.o)
 .ARM.attributes
                0x0000000000000c5d       0x2a /opt/devkitpro/devkitARM/bin/../lib/gcc/arm-none-eabi/10.2.0/../../../../arm-none-eabi/lib/thumb/libg.a(lib_a-ftello.o)
 .ARM.attributes