Archive member included to satisfy reference by file (symbol)

/opt/devkitpro/libnds/lib/libnds9.a(touch.o)
                              input.o (touchRead)
/opt/devkitpro/libnds/lib/libnds9.a(videoGL.o)
                              game.o (glGlobalData)
/opt/devkitpro/libnds/lib/libnds9.a(keys.o)
                              input.o (scanKeys)
/opt/devkitpro/libnds/lib/libnds9.a(initSystem.o)
                              /opt/devkitpro/devkitARM/bin/../lib/gcc/arm-none-eabi/10.2.0/../../../../arm-none-eabi/lib/thumb/ds_arm9_crt0.o (initSystem)
/opt/devkitpro/libnds/lib/libnds9.a(timeSupport.o)
                              /opt/devkitpro/libnds/lib/libnds9.a(initSystem.o) (__libnds_gtod)
/opt/devkitpro/libnds/lib/libnds9.a(securearea.o)
                              /opt/devkitpro/devkitARM/bin/../lib/gcc/arm-none-eabi/10.2.0/../../../../arm-none-eabi/lib/thumb/ds_arm9_crt0.o (__secure_area__)
/opt/devkitpro/libnds/lib/libnds9.a(interrupts.o)
                              /opt/devkitpro/libnds/lib/libnds9.a(initSystem.o) (irqInit)
/opt/devkitpro/libnds/lib/libnds9.a(libnds_exit.arm.o)
                              /opt/devkitpro/devkitARM/bin/../lib/gcc/arm-none-eabi/10.2.0/../../../../arm-none-eabi/lib/thumb/ds_arm9_crt0.o (__libnds_exit)
/opt/devkitpro/libnds/lib/libnds9.a(fifosystem.o)
                              /opt/devkitpro/libnds/lib/libnds9.a(initSystem.o) (fifoSetValue32Handler)
/opt/devkitpro/libnds/lib/libnds9.a(mpu_setup.o)
                              /opt/devkitpro/devkitARM/bin/../lib/gcc/arm-none-eabi/10.2.0/../../../../arm-none-eabi/lib/thumb/ds_arm9_crt0.o (__libnds_mpu_setup)
/opt/devkitpro/libnds/lib/libnds9.a(IntrWait.o)
                              main.o (swiWaitForVBlank)
/opt/devkitpro/libnds/lib/libnds9.a(cpu_clock.o)
                              /opt/devkitpro/libnds/lib/libnds9.a(initSystem.o) (setCpuClock)
/opt/devkitpro/libnds/lib/libnds9.a(interruptDispatcher.o)
                              /opt/devkitpro/libnds/lib/libnds9.a(interrupts.o) (IntrMain)
/opt/devkitpro/libnds/lib/libnds9.a(swiSoftReset.o)
                              /opt/devkitpro/libnds/lib/libnds9.a(fifosystem.o) (swiSoftReset)
/opt/devkitpro/libnds/lib/libnds9.a(biosCalls.o)
                              graphics_main.o (swiCopy)
/opt/devkitpro/libnds/lib/libnds9.a(dynamicArray.o)
                              /opt/devkitpro/libnds/lib/libnds9.a(videoGL.o) (DynamicArrayInit)
/opt/devkitpro/libnds/lib/libnds9.a(video.o)
                              /opt/devkitpro/libnds/lib/libnds9.a(videoGL.o) (vramSetBanks_EFG)
/opt/devkitpro/libnds/lib/libnds9.a(system.o)
                              /opt/devkitpro/libnds/lib/libnds9.a(initSystem.o) (systemValueHandler)
/opt/devkitpro/libnds/lib/libnds9.a(trig.o)
                              /opt/devkitpro/libnds/lib/libnds9.a(videoGL.o) (sinLerp)
/opt/devkitpro/devkitARM/bin/../lib/gcc/arm-none-eabi/10.2.0/../../../../arm-none-eabi/lib/thumb/libm.a(lib_a-s_atan.o)
                              graphics_sub.o (atan)
/opt/devkitpro/devkitARM/bin/../lib/gcc/arm-none-eabi/10.2.0/../../../../arm-none-eabi/lib/thumb/libm.a(lib_a-s_cos.o)
                              graphics_sub.o (cos)
/opt/devkitpro/devkitARM/bin/../lib/gcc/arm-none-eabi/10.2.0/../../../../arm-none-eabi/lib/thumb/libm.a(lib_a-s_fabs.o)
                              /opt/devkitpro/devkitARM/bin/../lib/gcc/arm-none-eabi/10.2.0/../../../../arm-none-eabi/lib/thumb/libm.a(lib_a-s_atan.o) (fabs)
/opt/devkitpro/devkitARM/bin/../lib/gcc/arm-none-eabi/10.2.0/../../../../arm-none-eabi/lib/thumb/libm.a(lib_a-s_sin.o)
                              graphics_sub.o (sin)
/opt/devkitpro/devkitARM/bin/../lib/gcc/arm-none-eabi/10.2.0/../../../../arm-none-eabi/lib/thumb/libm.a(lib_a-w_atan2.o)
                              physics.o (atan2)
/opt/devkitpro/devkitARM/bin/../lib/gcc/arm-none-eabi/10.2.0/../../../../arm-none-eabi/lib/thumb/libm.a(lib_a-w_sqrt.o)
                              graphics_sub.o (sqrt)
/opt/devkitpro/devkitARM/bin/../lib/gcc/arm-none-eabi/10.2.0/../../../../arm-none-eabi/lib/thumb/libm.a(lib_a-e_atan2.o)
                              /opt/devkitpro/devkitARM/bin/../lib/gcc/arm-none-eabi/10.2.0/../../../../arm-none-eabi/lib/thumb/libm.a(lib_a-w_atan2.o) (__ieee754_atan2)
/opt/devkitpro/devkitARM/bin/../lib/gcc/arm-none-eabi/10.2.0/../../../../arm-none-eabi/lib/thumb/libm.a(lib_a-e_rem_pio2.o)
                              /opt/devkitpro/devkitARM/bin/../lib/gcc/arm-none-eabi/10.2.0/../../../../arm-none-eabi/lib/thumb/libm.a(lib_a-s_cos.o) (__ieee754_rem_pio2)
/opt/devkitpro/devkitARM/bin/../lib/gcc/arm-none-eabi/10.2.0/../../../../arm-none-eabi/lib/thumb/libm.a(lib_a-e_sqrt.o)
                              /opt/devkitpro/devkitARM/bin/../lib/gcc/arm-none-eabi/10.2.0/../../../../arm-none-eabi/lib/thumb/libm.a(lib_a-w_sqrt.o) (__ieee754_sqrt)
/opt/devkitpro/devkitARM/bin/../lib/gcc/arm-none-eabi/10.2.0/../../../../arm-none-eabi/lib/thumb/libm.a(lib_a-k_cos.o)
[...]
Memory Configuration

Name             Origin             Length             Attributes
ewram            0x0000000002000000 0x0000000000380000
dtcm             0x0000000002ff0000 0x0000000000004000
vectors          0x0000000001000000 0x0000000000000100
itcm             0x0000000001000100 0x0000000000007f00
*default*        0x0000000000000000 0xffffffffffffffff

Linker script and memory map

                0x0000000002380000                __ewram_end = (ORIGIN (ewram) + LENGTH (ewram))
                0x0000000002380000                __eheap_end = (ORIGIN (ewram) + LENGTH (ewram))
                0x0000000002ff4000                __dtcm_top = (ORIGIN (dtcm) + LENGTH (dtcm))
                0x0000000002ff3ff8                __irq_flags = (__dtcm_top - 0x8)
                0x0000000002ff3ffc                __irq_vector = (__dtcm_top - 0x4)
                0x0000000002ff3f00                __sp_svc = (__dtcm_top - 0x100)
                0x0000000002ff3e00                __sp_irq = (__sp_svc - 0x100)
                0x0000000002ff3d00                __sp_usr = (__sp_irq - 0x100)

.secure         0x0000000002000000      0x800
 *(.secure)
 .secure        0x0000000002000000      0x800 /opt/devkitpro/libnds/lib/libnds9.a(securearea.o)
                0x0000000002000000                __secure_area__

.crt0           0x0000000002000800      0x300
                0x0000000002000800                __text_start = .
 *(.crt0)
 .crt0          0x0000000002000800      0x300 /opt/devkitpro/devkitARM/bin/../lib/gcc/arm-none-eabi/10.2.0/../../../../arm-none-eabi/lib/thumb/ds_arm9_crt0.o
                0x0000000002000800                _start
                0x0000000002000b00                . = ALIGN (0x4)

.plt
 *(.plt)

.init           0x0000000002000b00        0xc
 *(SORT_NONE(.init))
 .init          0x0000000002000b00        0x4 /opt/devkitpro/devkitARM/bin/../lib/gcc/arm-none-eabi/10.2.0/thumb/crti.o
                0x0000000002000b00                _init
 .init          0x0000000002000b04        0x8 /opt/devkitpro/devkitARM/bin/../lib/gcc/arm-none-eabi/10.2.0/thumb/crtn.o

.text           0x0000000002000b10     0x6b28
 *(EXCLUDE_FILE(*.twl* *.vectors* *.itcm*) .text)
 .text          0x0000000002000b10      0x2a8 game.o
                0x0000000002000b10                get_rcs
                0x0000000002000b62                update_thrust
                0x0000000002000bbe                game_init
                0x0000000002000c18                game_splash
                0x0000000002000c40                game_ingame
                0x0000000002000d9c                game_end
 .text          0x0000000002000db8      0x174 graphics_main.o
                0x0000000002000db8                graphics_main_init
                0x0000000002000dd4                graphics_main_config_splash
                0x0000000002000e3c                graphics_main_config_ingame
                0x0000000002000ebc                graphics_main_path
 .text          0x0000000002000f2c     0x1120 graphics_sub.o
                0x0000000002000f2c                graphics_sub_init
                0x0000000002000f48                graphics_sub_config_splash
                0x0000000002000fb4                graphics_sub_config_ingame
                0x00000000020011e0                graphics_sub_put_speed
                0x000000000200125a                graphics_sub_put_alt
                0x00000000020012d4                graphics_sub_put_digit
                0x000000000200141c                graphics_sub_put_slider
                0x0000000002001664                graphics_sub_set_ap
                0x00000000020019a8                graphics_sub_put_nav
                0x0000000002001cec                graphics_sub_put_hor
 .text          0x000000000200204c      0x1da input.o
                0x000000000200204c                input_init
                0x0000000002002050                input_read
 *fill*         0x0000000002002226        0x2 ff
 .text          0x0000000002002228       0x68 main.o
                0x0000000002002228                main
 .text          0x0000000002002290      0xe64 physics.o
                0x0000000002002290                physics_predict_orbit
                0x0000000002002358                physics_step_lin
                0x00000000020023bc                physics_step_grav
                0x0000000002002420                physics_world_boundary
                0x00000000020024d0                physics_get_phi
 .text          0x00000000020030f4      0x11c /opt/devkitpro/devkitARM/bin/../lib/gcc/arm-none-eabi/10.2.0/thumb/libgcc.a(_udivsi3.o)
                0x00000000020030f4                __udivsi3
                0x00000000020030f4                __aeabi_uidiv
                0x00000000020031f0                __aeabi_uidivmod
 .text          0x0000000002003210      0x150 /opt/devkitpro/devkitARM/bin/../lib/gcc/arm-none-eabi/10.2.0/thumb/libgcc.a(_divsi3.o)
                0x0000000002003210                __aeabi_idiv
                0x0000000002003210                __divsi3
                0x0000000002003340                __aeabi_idivmod
 .text          0x0000000002003360        0x4 /opt/devkitpro/devkitARM/bin/../lib/gcc/arm-none-eabi/10.2.0/thumb/libgcc.a(_dvmd_tls.o)
                0x0000000002003360                __aeabi_ldiv0
                0x0000000002003360                __aeabi_idiv0
 .text          0x0000000002003364      0x424 /opt/devkitpro/devkitARM/bin/../lib/gcc/arm-none-eabi/10.2.0/thumb/libgcc.a(_arm_addsubdf3.o)
                0x0000000002003364                __aeabi_drsub
                0x000000000200336c                __subdf3
                0x000000000200336c                __aeabi_dsub
                0x0000000002003370                __aeabi_dadd
                0x0000000002003370                __adddf3
                0x0000000002003680                __aeabi_ui2d
                0x0000000002003680                __floatunsidf
                0x00000000020036a4                __floatsidf
                0x00000000020036a4                __aeabi_i2d
                0x00000000020036cc                __extendsfdf2
                0x00000000020036cc                __aeabi_f2d
                0x0000000002003714                __aeabi_ul2d
                0x0000000002003714                __floatundidf
                0x0000000002003728                __aeabi_l2d
                0x0000000002003728                __floatdidf
 .text          0x0000000002003788      0x49c /opt/devkitpro/devkitARM/bin/../lib/gcc/arm-none-eabi/10.2.0/thumb/libgcc.a(_arm_muldivdf3.o)
                0x0000000002003788                __aeabi_dmul
                0x0000000002003788                __muldf3
                0x0000000002003a18                __aeabi_ddiv
                0x0000000002003a18                __divdf3
 .text          0x0000000002003c24      0x144 /opt/devkitpro/devkitARM/bin/../lib/gcc/arm-none-eabi/10.2.0/thumb/libgcc.a(_arm_cmpdf2.o)
                0x0000000002003c24                __gedf2
                0x0000000002003c24                __gtdf2
                0x0000000002003c2c                __ledf2
                0x0000000002003c2c                __ltdf2
                0x0000000002003c34                __cmpdf2
                0x0000000002003c34                __eqdf2
                0x0000000002003c34                __nedf2
                0x0000000002003cbc                __aeabi_cdrcmple
                0x0000000002003cd8                __aeabi_cdcmple
                0x0000000002003cd8                __aeabi_cdcmpeq
                0x0000000002003cf0                __aeabi_dcmpeq
                0x0000000002003d08                __aeabi_dcmplt
                0x0000000002003d20                __aeabi_dcmple
                0x0000000002003d38                __aeabi_dcmpge
                0x0000000002003d50                __aeabi_dcmpgt
 .text          0x0000000002003d68       0x38 /opt/devkitpro/devkitARM/bin/../lib/gcc/arm-none-eabi/10.2.0/thumb/libgcc.a(_arm_unorddf2.o)
                0x0000000002003d68                __aeabi_dcmpun
                0x0000000002003d68                __unorddf2
 .text          0x0000000002003da0       0x5c /opt/devkitpro/devkitARM/bin/../lib/gcc/arm-none-eabi/10.2.0/thumb/libgcc.a(_arm_fixdfsi.o)
                0x0000000002003da0                __fixdfsi
                0x0000000002003da0                __aeabi_d2iz
 .text          0x0000000002003dfc       0x54 /opt/devkitpro/devkitARM/bin/../lib/gcc/arm-none-eabi/10.2.0/thumb/libgcc.a(_arm_fixunsdfsi.o)
                0x0000000002003dfc                __fixunsdfsi
                0x0000000002003dfc                __aeabi_d2uiz
 .text          0x0000000002003e50       0xa0 /opt/devkitpro/devkitARM/bin/../lib/gcc/arm-none-eabi/10.2.0/thumb/libgcc.a(_arm_truncdfsf2.o)
                0x0000000002003e50                __aeabi_d2f
                0x0000000002003e50                __truncdfsf2
 .text          0x0000000002003ef0      0x2ac /opt/devkitpro/devkitARM/bin/../lib/gcc/arm-none-eabi/10.2.0/thumb/libgcc.a(_arm_addsubsf3.o)
                0x0000000002003ef0                __aeabi_frsub
                0x0000000002003ef8                __aeabi_fsub
                0x0000000002003ef8                __subsf3
                0x0000000002003efc                __aeabi_fadd
                0x0000000002003efc                __addsf3
                0x00000000020040b8                __aeabi_ui2f
                0x00000000020040b8                __floatunsisf
                0x00000000020040c0                __floatsisf
                0x00000000020040c0                __aeabi_i2f
                0x00000000020040e0                __aeabi_ul2f
                0x00000000020040e0                __floatundisf
                0x00000000020040f0                __aeabi_l2f
                0x00000000020040f0                __floatdisf
 .text          0x000000000200419c      0x2f8 /opt/devkitpro/devkitARM/bin/../lib/gcc/arm-none-eabi/10.2.0/thumb/libgcc.a(_arm_muldivsf3.o)
                0x000000000200419c                __mulsf3
                0x000000000200419c                __aeabi_fmul
                0x0000000002004334                __divsf3
                0x0000000002004334                __aeabi_fdiv
 .text          0x0000000002004494      0x114 /opt/devkitpro/devkitARM/bin/../lib/gcc/arm-none-eabi/10.2.0/thumb/libgcc.a(_arm_cmpsf2.o)
                0x0000000002004494                __gesf2
                0x0000000002004494                __gtsf2
                0x000000000200449c                __ltsf2
                0x000000000200449c                __lesf2
                0x00000000020044a4                __nesf2
                0x00000000020044a4                __eqsf2
                0x00000000020044a4                __cmpsf2
                0x0000000002004508                __aeabi_cfrcmple
                0x0000000002004518                __aeabi_cfcmpeq
                0x0000000002004518                __aeabi_cfcmple
                0x0000000002004530                __aeabi_fcmpeq
                0x0000000002004548                __aeabi_fcmplt
                0x0000000002004560                __aeabi_fcmple
                0x0000000002004578                __aeabi_fcmpge
                0x0000000002004590                __aeabi_fcmpgt
 .text          0x00000000020045a8       0x5c /opt/devkitpro/devkitARM/bin/../lib/gcc/arm-none-eabi/10.2.0/thumb/libgcc.a(_arm_fixsfsi.o)
                0x00000000020045a8                __fixsfsi
                0x00000000020045a8                __aeabi_f2iz
 *(EXCLUDE_FILE(*.twl* *.vectors* *.itcm*) .stub)
 *(EXCLUDE_FILE(*.twl* *.vectors* *.itcm*) .text.*)
 .text.__do_global_dtors_aux
                0x0000000002004604       0x2c /opt/devkitpro/devkitARM/bin/../lib/gcc/arm-none-eabi/10.2.0/thumb/crtbegin.o
 .text.frame_dummy
                0x0000000002004630       0x24 /opt/devkitpro/devkitARM/bin/../lib/gcc/arm-none-eabi/10.2.0/thumb/crtbegin.o
 .text.touchRead
                0x0000000002004654       0x24 /opt/devkitpro/libnds/lib/libnds9.a(touch.o)
                0x0000000002004654                touchRead
 .text.scanKeys
                0x0000000002004678       0x8c /opt/devkitpro/libnds/lib/libnds9.a(keys.o)
                0x0000000002004678                scanKeys
 .text.keysHeld
                0x0000000002004704        0xc /opt/devkitpro/libnds/lib/libnds9.a(keys.o)
                0x0000000002004704                keysHeld
 .text.keysDown
                0x0000000002004710       0x14 /opt/devkitpro/libnds/lib/libnds9.a(keys.o)
                0x0000000002004710                keysDown
 .text.initSystem
                0x0000000002004724      0x198 /opt/devkitpro/libnds/lib/libnds9.a(initSystem.o)
                0x0000000002004724                initSystem
 .text.__libnds_gtod
                0x00000000020048bc       0x28 /opt/devkitpro/libnds/lib/libnds9.a(timeSupport.o)
                0x00000000020048bc                __libnds_gtod
 .text.irqDummy
                0x00000000020048e4        0x4 /opt/devkitpro/libnds/lib/libnds9.a(interrupts.o)
                0x00000000020048e4                irqDummy
 .text.irqSet   0x00000000020048e8       0x6c /opt/devkitpro/libnds/lib/libnds9.a(interrupts.o)
                0x00000000020048e8                irqSet
 .text.irqInit  0x0000000002004954       0x50 /opt/devkitpro/libnds/lib/libnds9.a(interrupts.o)
                0x0000000002004954                irqInit
 .text.irqEnable
                0x00000000020049a4       0x64 /opt/devkitpro/libnds/lib/libnds9.a(interrupts.o)
                0x00000000020049a4                irqEnable
 .text.systemErrorExit
                0x0000000002004a08        0x4 /opt/devkitpro/libnds/lib/libnds9.a(libnds_exit.arm.o)
                0x0000000002004a08                systemErrorExit
 .text.__libnds_exit
                0x0000000002004a0c       0x5c /opt/devkitpro/libnds/lib/libnds9.a(libnds_exit.arm.o)
                0x0000000002004a0c                __libnds_exit
 .text.fifo_queueBlock
                0x0000000002004a68       0x44 /opt/devkitpro/libnds/lib/libnds9.a(fifosystem.o)
 .text.fifo_waitBlock
                0x0000000002004aac       0x80 /opt/devkitpro/libnds/lib/libnds9.a(fifosystem.o)
 .text.fifoInternalSend.part.0
                0x0000000002004b2c       0xd4 /opt/devkitpro/libnds/lib/libnds9.a(fifosystem.o)
 .text.fifoInternalSendInterrupt
                0x0000000002004c00       0xa8 /opt/devkitpro/libnds/lib/libnds9.a(fifosystem.o)
 .text.fifoSetValue32Handler
                0x0000000002004ca8       0xd8 /opt/devkitpro/libnds/lib/libnds9.a(fifosystem.o)
                0x0000000002004ca8                fifoSetValue32Handler
 .text.fifoSendValue32
                0x0000000002004d80       0x4c /opt/devkitpro/libnds/lib/libnds9.a(fifosystem.o)
                0x0000000002004d80                fifoSendValue32
 .text.fifoGetDatamsg
                0x0000000002004dcc       0xf4 /opt/devkitpro/libnds/lib/libnds9.a(fifosystem.o)
                0x0000000002004dcc                fifoGetDatamsg
 .text.fifoInternalRecvInterrupt
                0x0000000002004ec0      0x380 /opt/devkitpro/libnds/lib/libnds9.a(fifosystem.o)
 .text.fifoSetDatamsgHandler
                0x0000000002005240       0x9c /opt/devkitpro/libnds/lib/libnds9.a(fifosystem.o)
                0x0000000002005240                fifoSetDatamsgHandler
 .text.fifoInit
                0x00000000020052dc       0xf8 /opt/devkitpro/libnds/lib/libnds9.a(fifosystem.o)
                0x00000000020052dc                fifoInit
 .text.__libnds_mpu_setup
                0x00000000020053d4      0x174 /opt/devkitpro/libnds/lib/libnds9.a(mpu_setup.o)
                0x00000000020053d4                __libnds_mpu_setup
 .text.memUncached
                0x0000000002005548       0x20 /opt/devkitpro/libnds/lib/libnds9.a(mpu_setup.o)
                0x0000000002005548                memUncached
 .text.swiWaitForVBlank
                0x0000000002005568        0x8 /opt/devkitpro/libnds/lib/libnds9.a(IntrWait.o)
                0x0000000002005568                swiWaitForVBlank
 .text.swiIntrWait
                0x0000000002005570       0x70 /opt/devkitpro/libnds/lib/libnds9.a(IntrWait.o)
                0x0000000002005570                swiIntrWait
 .text.setCpuClock
                0x00000000020055e0       0x50 /opt/devkitpro/libnds/lib/libnds9.a(cpu_clock.o)
                0x00000000020055e0                setCpuClock
 .text.swiSoftReset
                0x0000000002005630       0x2c /opt/devkitpro/libnds/lib/libnds9.a(swiSoftReset.o)
                0x0000000002005630                swiSoftReset
 .text.swiDelay
                0x000000000200565c        0x4 /opt/devkitpro/libnds/lib/libnds9.a(biosCalls.o)
                0x000000000200565c                swiDelay
 .text.swiCopy  0x0000000002005660        0x4 /opt/devkitpro/libnds/lib/libnds9.a(biosCalls.o)
                0x0000000002005660                swiCopy
 .text.vramDefault
                0x0000000002005664       0xd0 /opt/devkitpro/libnds/lib/libnds9.a(video.o)
                0x0000000002005664                vramDefault
 .text.systemValueHandler
                0x0000000002005734       0x48 /opt/devkitpro/libnds/lib/libnds9.a(system.o)
                0x0000000002005734                systemValueHandler
 .text.systemMsgHandler
                0x000000000200577c       0x60 /opt/devkitpro/libnds/lib/libnds9.a(system.o)
                0x000000000200577c                systemMsgHandler
 .text.powerOn  0x00000000020057dc       0x2c /opt/devkitpro/libnds/lib/libnds9.a(system.o)
                0x00000000020057dc                powerOn
 .text.atan     0x0000000002005808      0x334 /opt/devkitpro/devkitARM/bin/../lib/gcc/arm-none-eabi/10.2.0/../../../../arm-none-eabi/lib/thumb/libm.a(lib_a-s_atan.o)
                0x0000000002005808                atan
 .text.cos      0x0000000002005b3c       0xa4 /opt/devkitpro/devkitARM/bin/../lib/gcc/arm-none-eabi/10.2.0/../../../../arm-none-eabi/lib/thumb/libm.a(lib_a-s_cos.o)
                0x0000000002005b3c                cos
 .text.fabs     0x0000000002005be0        0x8 /opt/devkitpro/devkitARM/bin/../lib/gcc/arm-none-eabi/10.2.0/../../../../arm-none-eabi/lib/thumb/libm.a(lib_a-s_fabs.o)
                0x0000000002005be0                fabs
 .text.sin      0x0000000002005be8       0xa8 /opt/devkitpro/devkitARM/bin/../lib/gcc/arm-none-eabi/10.2.0/../../../../arm-none-eabi/lib/thumb/libm.a(lib_a-s_sin.o)
                0x0000000002005be8                sin
 .text.atan2    0x0000000002005c90        0xc /opt/devkitpro/devkitARM/bin/../lib/gcc/arm-none-eabi/10.2.0/../../../../arm-none-eabi/lib/thumb/libm.a(lib_a-w_atan2.o)
                0x0000000002005c90                atan2
 .text.sqrt     0x0000000002005c9c       0x64 /opt/devkitpro/devkitARM/bin/../lib/gcc/arm-none-eabi/10.2.0/../../../../arm-none-eabi/lib/thumb/libm.a(lib_a-w_sqrt.o)
                0x0000000002005c9c                sqrt
 .text.__ieee754_atan2
                0x0000000002005d00      0x17c /opt/devkitpro/devkitARM/bin/../lib/gcc/arm-none-eabi/10.2.0/../../../../arm-none-eabi/lib/thumb/libm.a(lib_a-e_atan2.o)
                0x0000000002005d00                __ieee754_atan2
 .text.__ieee754_rem_pio2
                0x0000000002005e7c      0x420 /opt/devkitpro/devkitARM/bin/../lib/gcc/arm-none-eabi/10.2.0/../../../../arm-none-eabi/lib/thumb/libm.a(lib_a-e_rem_pio2.o)
                0x0000000002005e7c                __ieee754_rem_pio2
 .text.__ieee754_sqrt
                0x000000000200629c      0x1a4 /opt/devkitpro/devkitARM/bin/../lib/gcc/arm-none-eabi/10.2.0/../../../../arm-none-eabi/lib/thumb/libm.a(lib_a-e_sqrt.o)
                0x000000000200629c                __ieee754_sqrt
 .text.__kernel_cos
                0x0000000002006440      0x234 /opt/devkitpro/devkitARM/bin/../lib/gcc/arm-none-eabi/10.2.0/../../../../arm-none-eabi/lib/thumb/libm.a(lib_a-k_cos.o)
                0x0000000002006440                __kernel_cos
 .text.__kernel_rem_pio2
                0x0000000002006674      0x8d8 /opt/devkitpro/devkitARM/bin/../lib/gcc/arm-none-eabi/10.2.0/../../../../arm-none-eabi/lib/thumb/libm.a(lib_a-k_rem_pio2.o)
                0x0000000002006674                __kernel_rem_pio2
 .text.__kernel_sin
                0x0000000002006f4c      0x170 /opt/devkitpro/devkitARM/bin/../lib/gcc/arm-none-eabi/10.2.0/../../../../arm-none-eabi/lib/thumb/libm.a(lib_a-k_sin.o)
                0x0000000002006f4c                __kernel_sin
 .text.floor    0x00000000020070bc      0x13c /opt/devkitpro/devkitARM/bin/../lib/gcc/arm-none-eabi/10.2.0/../../../../arm-none-eabi/lib/thumb/libm.a(lib_a-s_floor.o)
                0x00000000020070bc                floor
 .text.scalbn   0x00000000020071f8       0xfc /opt/devkitpro/devkitARM/bin/../lib/gcc/arm-none-eabi/10.2.0/../../../../arm-none-eabi/lib/thumb/libm.a(lib_a-s_scalbn.o)
                0x00000000020071f8                scalbn
 .text.__errno  0x00000000020072f4        0xc /opt/devkitpro/devkitARM/bin/../lib/gcc/arm-none-eabi/10.2.0/../../../../arm-none-eabi/lib/thumb/libg.a(lib_a-errno.o)
                0x00000000020072f4                __errno
 .text.__libc_init_array
                0x0000000002007300       0x50 /opt/devkitpro/devkitARM/bin/../lib/gcc/arm-none-eabi/10.2.0/../../../../arm-none-eabi/lib/thumb/libg.a(lib_a-init.o)
                0x0000000002007300                __libc_init_array
 .text.memcpy   0x0000000002007350       0xa8 /opt/devkitpro/devkitARM/bin/../lib/gcc/arm-none-eabi/10.2.0/../../../../arm-none-eabi/lib/thumb/libg.a(lib_a-memcpy-stub.o)
                0x0000000002007350                memcpy
 .text.memset   0x00000000020073f8       0xb0 /opt/devkitpro/devkitARM/bin/../lib/gcc/arm-none-eabi/10.2.0/../../../../arm-none-eabi/lib/thumb/libg.a(lib_a-memset.o)
                0x00000000020073f8                memset
 .text.build_argv
                0x00000000020074a8       0x4c /opt/devkitpro/devkitARM/bin/../lib/gcc/arm-none-eabi/10.2.0/../../../../arm-none-eabi/lib/thumb/libsysbase.a(build_argv.o)
                0x00000000020074a8                build_argv
 .text.__getreent
                0x00000000020074f4       0x28 /opt/devkitpro/devkitARM/bin/../lib/gcc/arm-none-eabi/10.2.0/../../../../arm-none-eabi/lib/thumb/libsysbase.a(getreent.o)
                0x00000000020074f4                __getreent
 *fill*         0x000000000200751c        0x4 ff
 .text.__getreent.__stub
                0x0000000002007520      0x110 linker stubs
 *(EXCLUDE_FILE(*.twl*) .gnu.warning)
 *(EXCLUDE_FILE(*.twl*) .gnu.linkonce.t*)
 *(.glue_7)
 .glue_7        0x0000000002007638        0x0 linker stubs
 *(.glue_7t)
 .glue_7t       0x0000000002007638        0x0 linker stubs
                0x0000000002007638                . = ALIGN (0x4)

.vfp11_veneer   0x0000000002007638        0x0
 .vfp11_veneer  0x0000000002007638        0x0 linker stubs

.v4_bx          0x0000000002007638        0x0
 .v4_bx         0x0000000002007638        0x0 linker stubs

.iplt           0x0000000002007638        0x0
 .iplt          0x0000000002007638        0x0 /opt/devkitpro/devkitARM/bin/../lib/gcc/arm-none-eabi/10.2.0/../../../../arm-none-eabi/lib/thumb/ds_arm9_crt0.o

.fini           0x0000000002007638        0xc
 *(.fini)
 .fini          0x0000000002007638        0x4 /opt/devkitpro/devkitARM/bin/../lib/gcc/arm-none-eabi/10.2.0/thumb/crti.o
                0x0000000002007638                _fini
 .fini          0x000000000200763c        0x8 /opt/devkitpro/devkitARM/bin/../lib/gcc/arm-none-eabi/10.2.0/thumb/crtn.o
                0x0000000002007644                __text_end = .

.rodata         0x0000000002007648    0x27848
 *(EXCLUDE_FILE(*.twl*) .rodata)
 .rodata        0x0000000002007648     0x2080 backplate.o
                0x0000000002007648                backplateTiles
                0x0000000002009048                backplateMap
                0x0000000002009648                backplatePal
 .rodata        0x00000000020096c8     0x4080 fusee.o
                0x00000000020096c8                fuseeBitmap
                0x000000000200d6c8                fuseePal
 .rodata        0x000000000200d748     0x4080 horizon.o
                0x000000000200d748                horizonBitmap
                0x0000000002011748                horizonPal
 .rodata        0x00000000020117c8     0x5080 numbers.o
                0x00000000020117c8                numbersTiles
                0x00000000020167c8                numbersPal
 .rodata        0x0000000002016848     0xc200 splash.o
                0x0000000002016848                splashBitmap
                0x0000000002022848                splashPal
 .rodata        0x0000000002022a48     0xc200 splash2.o
                0x0000000002022a48                splash2Bitmap
                0x000000000202ea48                splash2Pal
 *all.rodata*(*)
 *(EXCLUDE_FILE(*.twl*) .roda)
 *(EXCLUDE_FILE(*.twl*) .rodata.*)
 .rodata.atanhi
                0x000000000202ec48       0x20 /opt/devkitpro/devkitARM/bin/../lib/gcc/arm-none-eabi/10.2.0/../../../../arm-none-eabi/lib/thumb/libm.a(lib_a-s_atan.o)
 .rodata.atanlo
                0x000000000202ec68       0x20 /opt/devkitpro/devkitARM/bin/../lib/gcc/arm-none-eabi/10.2.0/../../../../arm-none-eabi/lib/thumb/libm.a(lib_a-s_atan.o)
 .rodata.CSWTCH.8
                0x000000000202ec88       0x18 /opt/devkitpro/devkitARM/bin/../lib/gcc/arm-none-eabi/10.2.0/../../../../arm-none-eabi/lib/thumb/libm.a(lib_a-e_atan2.o)
 .rodata.CSWTCH.9
                0x000000000202eca0       0x18 /opt/devkitpro/devkitARM/bin/../lib/gcc/arm-none-eabi/10.2.0/../../../../arm-none-eabi/lib/thumb/libm.a(lib_a-e_atan2.o)
 .rodata.npio2_hw
                0x000000000202ecb8       0x80 /opt/devkitpro/devkitARM/bin/../lib/gcc/arm-none-eabi/10.2.0/../../../../arm-none-eabi/lib/thumb/libm.a(lib_a-e_rem_pio2.o)
 .rodata.two_over_pi
                0x000000000202ed38      0x108 /opt/devkitpro/devkitARM/bin/../lib/gcc/arm-none-eabi/10.2.0/../../../../arm-none-eabi/lib/thumb/libm.a(lib_a-e_rem_pio2.o)
 .rodata.PIo2   0x000000000202ee40       0x40 /opt/devkitpro/devkitARM/bin/../lib/gcc/arm-none-eabi/10.2.0/../../../../arm-none-eabi/lib/thumb/libm.a(lib_a-k_rem_pio2.o)
 .rodata.init_jk
                0x000000000202ee80       0x10 /opt/devkitpro/devkitARM/bin/../lib/gcc/arm-none-eabi/10.2.0/../../../../arm-none-eabi/lib/thumb/libm.a(lib_a-k_rem_pio2.o)
 *(EXCLUDE_FILE(*.twl*) .gnu.linkonce.r*)
                0x000000000202ee90                . = ALIGN (0x4)

.ARM.extab
 *(.ARM.extab* .gnu.linkonce.armextab.*)
                0x000000000202ee90                __exidx_start = .

ARM.exidx
 *(.ARM.exidx* .gnu.linkonce.armexidx.*)
                0x000000000202ee90                __exidx_end = .
                0x000000000202ee90                . = ALIGN (0x4)
                0x000000000202ee90                PROVIDE (__preinit_array_start = .)

.preinit_array
 *(.preinit_array)
                0x000000000202ee90                PROVIDE (__preinit_array_end = .)
                0x000000000202ee90                PROVIDE (__init_array_start = .)

.init_array     0x000000000202ee90        0x4
 *(SORT_BY_NAME(.init_array.*))
 *(.init_array)
 .init_array    0x000000000202ee90        0x4 /opt/devkitpro/devkitARM/bin/../lib/gcc/arm-none-eabi/10.2.0/thumb/crtbegin.o
                0x000000000202ee94                PROVIDE (__init_array_end = .)
                [!provide]                        PROVIDE (__fini_array_start = .)

.fini_array     0x000000000202ee94        0x4
 *(.fini_array)
 .fini_array    0x000000000202ee94        0x4 /opt/devkitpro/devkitARM/bin/../lib/gcc/arm-none-eabi/10.2.0/thumb/crtbegin.o
 *(SORT_BY_NAME(.fini_array.*))
                [!provide]                        PROVIDE (__fini_array_end = .)

.ctors          0x000000000202ee98        0x0
 *crtbegin.o(.ctors)
 *(EXCLUDE_FILE(*crtend.o) .ctors)
 *(SORT_BY_NAME(.ctors.*))
 *(.ctors)
                0x000000000202ee98                . = ALIGN (0x4)

.dtors          0x000000000202ee98        0x0
 *crtbegin.o(.dtors)
 *(EXCLUDE_FILE(*crtend.o) .dtors)
 *(SORT_BY_NAME(.dtors.*))
 *(.dtors)
                0x000000000202ee98                . = ALIGN (0x4)

.eh_frame       0x000000000202ee98        0x4
 *(.eh_frame)
 .eh_frame      0x000000000202ee98        0x0 /opt/devkitpro/devkitARM/bin/../lib/gcc/arm-none-eabi/10.2.0/thumb/crtbegin.o
 .eh_frame      0x000000000202ee98        0x4 /opt/devkitpro/devkitARM/bin/../lib/gcc/arm-none-eabi/10.2.0/thumb/crtend.o
                0x000000000202ee9c                . = ALIGN (0x4)

.rel.dyn        0x000000000202ee9c        0x0
 .rel.iplt      0x000000000202ee9c        0x0 /opt/devkitpro/devkitARM/bin/../lib/gcc/arm-none-eabi/10.2.0/../../../../arm-none-eabi/lib/thumb/ds_arm9_crt0.o

.gcc_except_table
                0x000000000202ee9c        0x0
 *(.gcc_except_table)
                0x000000000202ee9c                . = ALIGN (0x4)

.jcr
 *(.jcr)

.got
 *(.got.plt)
 *(.got)
 *(.rel.got)

.ewram          0x000000000202ee9c        0x0
                0x000000000202ee9c                __ewram_start = ABSOLUTE (.)
 *(.ewram)
 *ewram.*(.text)
                0x000000000202ee9c                . = ALIGN (0x4)

.data           0x000000000202ee9c      0x4a4
                0x000000000202ee9c                __data_start = ABSOLUTE (.)
 *(EXCLUDE_FILE(*.twl*) .data)
 .data          0x000000000202ee9c       0x28 /opt/devkitpro/libnds/lib/libnds9.a(mpu_setup.o)
 *(EXCLUDE_FILE(*.twl*) .data.*)
 .data.count    0x000000000202eec4        0x1 /opt/devkitpro/libnds/lib/libnds9.a(keys.o)
 .data.delay    0x000000000202eec5        0x1 /opt/devkitpro/libnds/lib/libnds9.a(keys.o)
 .data.repeat   0x000000000202eec6        0x1 /opt/devkitpro/libnds/lib/libnds9.a(keys.o)
 *fill*         0x000000000202eec7        0x1 ff
 .data.fifo_buffer_free
                0x000000000202eec8        0x4 /opt/devkitpro/libnds/lib/libnds9.a(fifosystem.o)
                0x000000000202eec8                fifo_buffer_free
 .data.fifo_freewords
                0x000000000202eecc        0x4 /opt/devkitpro/libnds/lib/libnds9.a(fifosystem.o)
                0x000000000202eecc                fifo_freewords
 .data.fifo_receive_queue
                0x000000000202eed0        0x4 /opt/devkitpro/libnds/lib/libnds9.a(fifosystem.o)
                0x000000000202eed0                fifo_receive_queue
 .data.fifo_send_queue
                0x000000000202eed4        0x4 /opt/devkitpro/libnds/lib/libnds9.a(fifosystem.o)
                0x000000000202eed4                fifo_send_queue
 .data.__fdlib_version
                0x000000000202eed8        0x1 /opt/devkitpro/devkitARM/bin/../lib/gcc/arm-none-eabi/10.2.0/../../../../arm-none-eabi/lib/thumb/libm.a(lib_a-s_lib_ver.o)
                0x000000000202eed8                __fdlib_version
 *fill*         0x000000000202eed9        0x3 ff
 .data._impure_ptr
                0x000000000202eedc        0x4 /opt/devkitpro/devkitARM/bin/../lib/gcc/arm-none-eabi/10.2.0/../../../../arm-none-eabi/lib/thumb/libg.a(lib_a-impure.o)
                0x000000000202eedc                _impure_ptr
 .data.impure_data
                0x000000000202eee0      0x460 /opt/devkitpro/devkitARM/bin/../lib/gcc/arm-none-eabi/10.2.0/../../../../arm-none-eabi/lib/thumb/libg.a(lib_a-impure.o)
 *(EXCLUDE_FILE(*.twl*) .gnu.linkonce.d*)
                0x000000000202f340                . = ALIGN (0x4)
                0x000000000202f340                __data_end = ABSOLUTE (.)
                0x000000000202f340                __bss_vma = .

.igot.plt       0x000000000202f340        0x0
 .igot.plt      0x000000000202f340        0x0 /opt/devkitpro/devkitARM/bin/../lib/gcc/arm-none-eabi/10.2.0/../../../../arm-none-eabi/lib/thumb/ds_arm9_crt0.o

.dtcm           0x0000000002ff0000        0x0 load address 0x000000000202f340
                0x000000000202f340                __dtcm_lma = LOADADDR (.dtcm)
                0x0000000002ff0000                __dtcm_start = ABSOLUTE (.)
 *(.dtcm)
 *(.dtcm.*)
                0x0000000002ff0000                . = ALIGN (0x4)
                0x0000000002ff0000                __dtcm_end = ABSOLUTE (.)

.itcm           0x0000000001000100      0x194 load address 0x000000000202f340
                0x000000000202f340                __itcm_lma = LOADADDR (.itcm)
                0x0000000001000100                __itcm_start = ABSOLUTE (.)
 *(.itcm)
 .itcm          0x0000000001000100       0xc8 /opt/devkitpro/libnds/lib/libnds9.a(interrupts.o)
                0x0000000001000100                irqTable
 .itcm          0x00000000010001c8       0xcc /opt/devkitpro/libnds/lib/libnds9.a(interruptDispatcher.o)
                0x00000000010001c8                IntrMain
 *.itcm*(.text .stub .text.*)
                0x0000000001000294                . = ALIGN (0x4)
                0x0000000001000294                __itcm_end = ABSOLUTE (.)

.vectors        0x0000000001000000        0x0 load address 0x000000000202f4d4
                0x000000000202f4d4                __vectors_lma = LOADADDR (.vectors)
                0x0000000001000000                __vectors_start = ABSOLUTE (.)
 *(.vectors .vectors.*)
                0x0000000001000000                . = ALIGN (0x4)
                0x0000000001000000                __vectors_end = ABSOLUTE (.)

.sbss           0x0000000002ff0000        0x0
                0x0000000002ff0000                __sbss_start = ABSOLUTE (.)
                0x0000000002ff0000                __sbss_start__ = ABSOLUTE (.)
 *(.sbss)
                0x0000000002ff0000                . = ALIGN (0x4)
                0x0000000002ff0000                __sbss_end = ABSOLUTE (.)

.bss            0x000000000202f340      0xb04
                0x000000000202f340                __bss_start = ABSOLUTE (.)
                0x000000000202f340                __bss_start__ = ABSOLUTE (.)
 *(EXCLUDE_FILE(*.twl*) .dynbss)
 *(EXCLUDE_FILE(*.twl*) .gnu.linkonce.b*)
 *(EXCLUDE_FILE(*.twl*) .bss*)
 .bss.completed.1
                0x000000000202f340        0x1 /opt/devkitpro/devkitARM/bin/../lib/gcc/arm-none-eabi/10.2.0/thumb/crtbegin.o
 *fill*         0x000000000202f341        0x3 
 .bss.object.0  0x000000000202f344       0x18 /opt/devkitpro/devkitARM/bin/../lib/gcc/arm-none-eabi/10.2.0/thumb/crtbegin.o
 .bss           0x000000000202f35c        0x4 graphics_main.o
 .bss           0x000000000202f360        0x8 graphics_sub.o
 .bss           0x000000000202f368       0x38 main.o
 .bss.keys      0x000000000202f3a0        0x2 /opt/devkitpro/libnds/lib/libnds9.a(keys.o)
 .bss.keysold   0x000000000202f3a2        0x2 /opt/devkitpro/libnds/lib/libnds9.a(keys.o)
 .bss.keysrepeat
                0x000000000202f3a4        0x2 /opt/devkitpro/libnds/lib/libnds9.a(keys.o)
 .bss.__dsimode
                0x000000000202f3a6        0x1 /opt/devkitpro/libnds/lib/libnds9.a(initSystem.o)
                0x000000000202f3a6                __dsimode
 *fill*         0x000000000202f3a7        0x1 
 .bss.punixTime
                0x000000000202f3a8        0x4 /opt/devkitpro/libnds/lib/libnds9.a(timeSupport.o)
                0x000000000202f3a8                punixTime
 .bss.fifo_address_data
                0x000000000202f3ac       0x40 /opt/devkitpro/libnds/lib/libnds9.a(fifosystem.o)
                0x000000000202f3ac                fifo_address_data
 .bss.fifo_address_func
                0x000000000202f3ec       0x40 /opt/devkitpro/libnds/lib/libnds9.a(fifosystem.o)
                0x000000000202f3ec                fifo_address_func
 .bss.fifo_address_queue
                0x000000000202f42c       0x40 /opt/devkitpro/libnds/lib/libnds9.a(fifosystem.o)
                0x000000000202f42c                fifo_address_queue
 .bss.fifo_buffer
                0x000000000202f46c      0x800 /opt/devkitpro/libnds/lib/libnds9.a(fifosystem.o)
                0x000000000202f46c                fifo_buffer
 .bss.fifo_data_queue
                0x000000000202fc6c       0x40 /opt/devkitpro/libnds/lib/libnds9.a(fifosystem.o)
                0x000000000202fc6c                fifo_data_queue
 .bss.fifo_datamsg_data
                0x000000000202fcac       0x40 /opt/devkitpro/libnds/lib/libnds9.a(fifosystem.o)
                0x000000000202fcac                fifo_datamsg_data
 .bss.fifo_datamsg_func
                0x000000000202fcec       0x40 /opt/devkitpro/libnds/lib/libnds9.a(fifosystem.o)
                0x000000000202fcec                fifo_datamsg_func
 .bss.fifo_value32_data
                0x000000000202fd2c       0x40 /opt/devkitpro/libnds/lib/libnds9.a(fifosystem.o)
                0x000000000202fd2c                fifo_value32_data
 .bss.fifo_value32_func
                0x000000000202fd6c       0x40 /opt/devkitpro/libnds/lib/libnds9.a(fifosystem.o)
                0x000000000202fd6c                fifo_value32_func
 .bss.fifo_value32_queue
                0x000000000202fdac       0x40 /opt/devkitpro/libnds/lib/libnds9.a(fifosystem.o)
                0x000000000202fdac                fifo_value32_queue
 .bss.processing
                0x000000000202fdec        0x4 /opt/devkitpro/libnds/lib/libnds9.a(fifosystem.o)
                0x000000000202fdec                processing
 .bss.SDcallback
                0x000000000202fdf0        0x4 /opt/devkitpro/libnds/lib/libnds9.a(system.o)
 .bss.fake_heap_end
                0x000000000202fdf4        0x4 /opt/devkitpro/devkitARM/bin/../lib/gcc/arm-none-eabi/10.2.0/../../../../arm-none-eabi/lib/thumb/libsysbase.a(malloc_vars.o)
                0x000000000202fdf4                fake_heap_end
 .bss.fake_heap_start
                0x000000000202fdf8        0x4 /opt/devkitpro/devkitARM/bin/../lib/gcc/arm-none-eabi/10.2.0/../../../../arm-none-eabi/lib/thumb/libsysbase.a(malloc_vars.o)
                0x000000000202fdf8                fake_heap_start
 .bss.__syscalls
                0x000000000202fdfc       0x48 /opt/devkitpro/devkitARM/bin/../lib/gcc/arm-none-eabi/10.2.0/../../../../arm-none-eabi/lib/thumb/libsysbase.a(syscall_support.o)
                0x000000000202fdfc                __syscalls
 *(EXCLUDE_FILE(*.twl*) COMMON)
                0x000000000202fe44                . = ALIGN (0x4)
                0x000000000202fe44                __bss_end__ = ABSOLUTE (.)
                0x000000000202fe44                __end__ = ABSOLUTE (.)

.twl            0x000000000202fe44        0x0 load address 0x0000000002400000
                0x0000000002400000                __arm9i_lma__ = LOADADDR (.twl)
                0x000000000202fe44                __arm9i_start__ = ABSOLUTE (.)
 *(.twl)
 *.twl*(.text .stub .text.* .gnu.linkonce.t.*)
 *.twl*(.rodata)
 *.twl*(.roda)
 *.twl*(.rodata.*)
 *.twl*(.data)
 *.twl*(.data.*)
 *.twl*(.gnu.linkonce.d*)
                0x000000000202fe44                __arm9i_end__ = ABSOLUTE (.)

.twl_bss        0x000000000202fe44        0x0
                0x000000000202fe44                __twl_bss_start__ = ABSOLUTE (.)
 *(.twl_bss)
 *.twl*(.dynbss)
 *.twl*(.gnu.linkonce.b*)
 *.twl*(.bss*)
 *.twl*(COMMON)
                0x000000000202fe44                . = ALIGN (0x4)
                0x000000000202fe44                __twl_bss_end__ = ABSOLUTE (.)
                0x000000000202fe44                __twl_end__ = ABSOLUTE (.)

.stab
 *(.stab)

.stabstr
 *(.stabstr)

.stab.excl
 *(.stab.excl)

.stab.exclstr
 *(.stab.exclstr)

.stab.index
 *(.stab.index)

.stab.indexstr
 *(.stab.indexstr)

.comment        0x0000000000000000       0x23
 *(.comment)
 .comment       0x0000000000000000       0x23 /opt/devkitpro/devkitARM/bin/../lib/gcc/arm-none-eabi/10.2.0/thumb/crtbegin.o
                                         0x24 (size before relaxing)
 .comment       0x0000000000000023       0x24 game.o
 .comment       0x0000000000000023       0x24 graphics_main.o
 .comment       0x0000000000000023       0x24 graphics_sub.o
 .comment       0x0000000000000023       0x24 input.o
 .comment       0x0000000000000023       0x24 main.o
 .comment       0x0000000000000023       0x24 physics.o
 .comment       0x0000000000000023       0x24 /opt/devkitpro/libnds/lib/libnds9.a(touch.o)
 .comment       0x0000000000000023       0x24 /opt/devkitpro/libnds/lib/libnds9.a(keys.o)
 .comment       0x0000000000000023       0x24 /opt/devkitpro/libnds/lib/libnds9.a(initSystem.o)
 .comment       0x0000000000000023       0x24 /opt/devkitpro/libnds/lib/libnds9.a(timeSupport.o)
 .comment       0x0000000000000023       0x24 /opt/devkitpro/libnds/lib/libnds9.a(securearea.o)
 .comment       0x0000000000000023       0x24 /opt/devkitpro/libnds/lib/libnds9.a(interrupts.o)
 .comment       0x0000000000000023       0x24 /opt/devkitpro/libnds/lib/libnds9.a(libnds_exit.arm.o)
 .comment       0x0000000000000023       0x24 /opt/devkitpro/libnds/lib/libnds9.a(fifosystem.o)
 .comment       0x0000000000000023       0x24 /opt/devkitpro/libnds/lib/libnds9.a(video.o)
 .comment       0x0000000000000023       0x24 /opt/devkitpro/libnds/lib/libnds9.a(system.o)
 .comment       0x0000000000000023       0x24 /opt/devkitpro/devkitARM/bin/../lib/gcc/arm-none-eabi/10.2.0/../../../../arm-none-eabi/lib/thumb/libm.a(lib_a-s_atan.o)
 .comment       0x0000000000000023       0x24 /opt/devkitpro/devkitARM/bin/../lib/gcc/arm-none-eabi/10.2.0/../../../../arm-none-eabi/lib/thumb/libm.a(lib_a-s_cos.o)
 .comment       0x0000000000000023       0x24 /opt/devkitpro/devkitARM/bin/../lib/gcc/arm-none-eabi/10.2.0/../../../../arm-none-eabi/lib/thumb/libm.a(lib_a-s_fabs.o)
 .comment       0x0000000000000023       0x24 /opt/devkitpro/devkitARM/bin/../lib/gcc/arm-none-eabi/10.2.0/../../../../arm-none-eabi/lib/thumb/libm.a(lib_a-s_sin.o)
 .comment       0x0000000000000023       0x24 /opt/devkitpro/devkitARM/bin/../lib/gcc/arm-none-eabi/10.2.0/../../../../arm-none-eabi/lib/thumb/libm.a(lib_a-w_atan2.o)
 .comment       0x0000000000000023       0x24 /opt/devkitpro/devkitARM/bin/../lib/gcc/arm-none-eabi/10.2.0/../../../../arm-none-eabi/lib/thumb/libm.a(lib_a-w_sqrt.o)
 .comment       0x0000000000000023       0x24 /opt/devkitpro/devkitARM/bin/../lib/gcc/arm-none-eabi/10.2.0/../../../../arm-none-eabi/lib/thumb/libm.a(lib_a-e_atan2.o)
 .comment       0x0000000000000023       0x24 /opt/devkitpro/devkitARM/bin/../lib/gcc/arm-none-eabi/10.2.0/../../../../arm-none-eabi/lib/thumb/libm.a(lib_a-e_rem_pio2.o)
 .comment       0x0000000000000023       0x24 /opt/devkitpro/devkitARM/bin/../lib/gcc/arm-none-eabi/10.2.0/../../../../arm-none-eabi/lib/thumb/libm.a(lib_a-e_sqrt.o)
 .comment       0x0000000000000023       0x24 /opt/devkitpro/devkitARM/bin/../lib/gcc/arm-none-eabi/10.2.0/../../../../arm-none-eabi/lib/thumb/libm.a(lib_a-k_cos.o)
 .comment       0x0000000000000023       0x24 /opt/devkitpro/devkitARM/bin/../lib/gcc/arm-none-eabi/10.2.0/../../../../arm-none-eabi/lib/thumb/libm.a(lib_a-k_rem_pio2.o)
 .comment       0x0000000000000023       0x24 /opt/devkitpro/devkitARM/bin/../lib/gcc/arm-none-eabi/10.2.0/../../../../arm-none-eabi/lib/thumb/libm.a(lib_a-k_sin.o)
 .comment       0x0000000000000023       0x24 /opt/devkitpro/devkitARM/bin/../lib/gcc/arm-none-eabi/10.2.0/../../../../arm-none-eabi/lib/thumb/libm.a(lib_a-s_floor.o)
 .comment       0x0000000000000023       0x24 /opt/devkitpro/devkitARM/bin/../lib/gcc/arm-none-eabi/10.2.0/../../../../arm-none-eabi/lib/thumb/libm.a(lib_a-s_lib_ver.o)
 .comment       0x0000000000000023       0x24 /opt/devkitpro/devkitARM/bin/../lib/gcc/arm-none-eabi/10.2.0/../../../../arm-none-eabi/lib/thumb/libm.a(lib_a-s_scalbn.o)
 .comment       0x0000000000000023       0x24 /opt/devkitpro/devkitARM/bin/../lib/gcc/arm-none-eabi/10.2.0/../../../../arm-none-eabi/lib/thumb/libg.a(lib_a-errno.o)
 .comment       0x0000000000000023       0x24 /opt/devkitpro/devkitARM/bin/../lib/gcc/arm-none-eabi/10.2.0/../../../../arm-none-eabi/lib/thumb/libg.a(lib_a-init.o)
 .comment       0x0000000000000023       0x24 /opt/devkitpro/devkitARM/bin/../lib/gcc/arm-none-eabi/10.2.0/../../../../arm-none-eabi/lib/thumb/libg.a(lib_a-memcpy-stub.o)
 .comment       0x0000000000000023       0x24 /opt/devkitpro/devkitARM/bin/../lib/gcc/arm-none-eabi/10.2.0/../../../../arm-none-eabi/lib/thumb/libg.a(lib_a-memset.o)
 .comment       0x0000000000000023       0x24 /opt/devkitpro/devkitARM/bin/../lib/gcc/arm-none-eabi/10.2.0/../../../../arm-none-eabi/lib/thumb/libsysbase.a(malloc_vars.o)
 .comment       0x0000000000000023       0x24 /opt/devkitpro/devkitARM/bin/../lib/gcc/arm-none-eabi/10.2.0/../../../../arm-none-eabi/lib/thumb/libsysbase.a(build_argv.o)
 .comment       0x0000000000000023       0x24 /opt/devkitpro/devkitARM/bin/../lib/gcc/arm-none-eabi/10.2.0/../../../../arm-none-eabi/lib/thumb/libsysbase.a(syscall_support.o)
 .comment       0x0000000000000023       0x24 /opt/devkitpro/devkitARM/bin/../lib/gcc/arm-none-eabi/10.2.0/../../../../arm-none-eabi/lib/thumb/libsysbase.a(getreent.o)
 .comment       0x0000000000000023       0x24 /opt/devkitpro/devkitARM/bin/../lib/gcc/arm-none-eabi/10.2.0/../../../../arm-none-eabi/lib/thumb/libg.a(lib_a-impure.o)
 .comment       0x0000000000000023       0x24 /opt/devkitpro/devkitARM/bin/../lib/gcc/arm-none-eabi/10.2.0/thumb/crtend.o

.ARM.attributes
                0x0000000000000000       0x2d
 .ARM.attributes
                0x0000000000000000       0x21 /opt/devkitpro/devkitARM/bin/../lib/gcc/arm-none-eabi/10.2.0/../../../../arm-none-eabi/lib/thumb/ds_arm9_crt0.o
 .ARM.attributes
                0x0000000000000021       0x1c /opt/devkitpro/devkitARM/bin/../lib/gcc/arm-none-eabi/10.2.0/thumb/crti.o
 .ARM.attributes
                0x000000000000003d       0x2a /opt/devkitpro/devkitARM/bin/../lib/gcc/arm-none-eabi/10.2.0/thumb/crtbegin.o
 .ARM.attributes
                0x0000000000000067       0x1a backplate.o
 .ARM.attributes
                0x0000000000000081       0x1a fusee.o
 .ARM.attributes
                0x000000000000009b       0x1a horizon.o
 .ARM.attributes
                0x00000000000000b5       0x1a numbers.o
 .ARM.attributes
                0x00000000000000cf       0x1a splash.o
 .ARM.attributes
                0x00000000000000e9       0x1a splash2.o
 .ARM.attributes
                0x0000000000000103       0x27 game.o
 .ARM.attributes
                0x000000000000012a       0x27 graphics_main.o
 .ARM.attributes
                0x0000000000000151       0x27 graphics_sub.o
 .ARM.attributes
                0x0000000000000178       0x27 input.o
 .ARM.attributes
                0x000000000000019f       0x27 main.o
 .ARM.attributes
                0x00000000000001c6       0x27 physics.o
 .ARM.attributes
                0x00000000000001ed       0x2b /opt/devkitpro/libnds/lib/libnds9.a(touch.o)
 .ARM.attributes
                0x0000000000000218       0x2b /opt/devkitpro/libnds/lib/libnds9.a(keys.o)
 .ARM.attributes
                0x0000000000000243       0x2b /opt/devkitpro/libnds/lib/libnds9.a(initSystem.o)
 .ARM.attributes
                0x000000000000026e       0x2b /opt/devkitpro/libnds/lib/libnds9.a(timeSupport.o)
 .ARM.attributes
                0x0000000000000299       0x2b /opt/devkitpro/libnds/lib/libnds9.a(securearea.o)
 .ARM.attributes
                0x00000000000002c4       0x2b /opt/devkitpro/libnds/lib/libnds9.a(interrupts.o)
 .ARM.attributes
                0x00000000000002ef       0x2b /opt/devkitpro/libnds/lib/libnds9.a(libnds_exit.arm.o)
 .ARM.attributes
                0x000000000000031a       0x2b /opt/devkitpro/libnds/lib/libnds9.a(fifosystem.o)
 .ARM.attributes
                0x0000000000000345       0x21 /opt/devkitpro/libnds/lib/libnds9.a(mpu_setup.o)
 .ARM.attributes
                0x0000000000000366       0x21 /opt/devkitpro/libnds/lib/libnds9.a(IntrWait.o)
 .ARM.attributes
                0x0000000000000387       0x21 /opt/devkitpro/libnds/lib/libnds9.a(cpu_clock.o)
 .ARM.attributes
                0x00000000000003a8       0x1b /opt/devkitpro/libnds/lib/libnds9.a(interruptDispatcher.o)
 .ARM.attributes
                0x00000000000003c3       0x21 /opt/devkitpro/libnds/lib/libnds9.a(swiSoftReset.o)
 .ARM.attributes
                0x00000000000003e4       0x1b /opt/devkitpro/libnds/lib/libnds9.a(biosCalls.o)
 .ARM.attributes
                0x00000000000003ff       0x2b /opt/devkitpro/libnds/lib/libnds9.a(video.o)
 .ARM.attributes
                0x000000000000042a       0x2b /opt/devkitpro/libnds/lib/libnds9.a(system.o)
 .ARM.attributes
                0x0000000000000455       0x2a /opt/devkitpro/devkitARM/bin/../lib/gcc/arm-none-eabi/10.2.0/../../../../arm-none-eabi/lib/thumb/libm.a(lib_a-s_atan.o)
 .ARM.attributes
                0x000000000000047f       0x2a /opt/devkitpro/devkitARM/bin/../lib/gcc/arm-none-eabi/10.2.0/../../../../arm-none-eabi/lib/thumb/libm.a(lib_a-s_cos.o)
 .ARM.attributes
                0x00000000000004a9       0x2a /opt/devkitpro/devkitARM/bin/../lib/gcc/arm-none-eabi/10.2.0/../../../../arm-none-eabi/lib/thumb/libm.a(lib_a-s_fabs.o)
 .ARM.attributes
                0x00000000000004d3       0x2a /opt/devkitpro/devkitARM/bin/../lib/gcc/arm-none-eabi/10.2.0/../../../../arm-none-eabi/lib/thumb/libm.a(lib_a-s_sin.o)
 .ARM.attributes
                0x00000000000004fd       0x2a /opt/devkitpro/devkitARM/bin/../lib/gcc/arm-none-eabi/10.2.0/../../../../arm-none-eabi/lib/thumb/libm.a(lib_a-w_atan2.o)
 .ARM.attributes
                0x0000000000000527       0x2a /opt/devkitpro/devkitARM/bin/../lib/gcc/arm-none-eabi/10.2.0/../../../../arm-none-eabi/lib/thumb/libm.a(lib_a-w_sqrt.o)
 .ARM.attributes
                0x0000000000000551       0x2a /opt/devkitpro/devkitARM/bin/../lib/gcc/arm-none-eabi/10.2.0/../../../../arm-none-eabi/lib/thumb/libm.a(lib_a-e_atan2.o)
 .ARM.attributes
                0x000000000000057b       0x2a /opt/devkitpro/devkitARM/bin/../lib/gcc/arm-none-eabi/10.2.0/../../../../arm-none-eabi/lib/thumb/libm.a(lib_a-e_rem_pio2.o)
 .ARM.attributes
                0x00000000000005a5       0x2a /opt/devkitpro/devkitARM/bin/../lib/gcc/arm-none-eabi/10.2.0/../../../../arm-none-eabi/lib/thumb/libm.a(lib_a-e_sqrt.o)
 .ARM.attributes
                0x00000000000005cf       0x2a /opt/devkitpro/devkitARM/bin/../lib/gcc/arm-none-eabi/10.2.0/../../../../arm-none-eabi/lib/thumb/libm.a(lib_a-k_cos.o)
 .ARM.attributes
                0x00000000000005f9       0x2a /opt/devkitpro/devkitARM/bin/../lib/gcc/arm-none-eabi/10.2.0/../../../../arm-none-eabi/lib/thumb/libm.a(lib_a-k_rem_pio2.o)
 .ARM.attributes
                0x0000000000000623       0x2a /opt/devkitpro/devkitARM/bin/../lib/gcc/arm-none-eabi/10.2.0/../../../../arm-none-eabi/lib/thumb/libm.a(lib_a-k_sin.o)
 .ARM.attributes
                0x000000000000064d       0x2a /opt/devkitpro/devkitARM/bin/../lib/gcc/arm-none-eabi/10.2.0/../../../../arm-none-eabi/lib/thumb/libm.a(lib_a-s_floor.o)
 .ARM.attributes
                0x0000000000000677       0x30 /opt/devkitpro/devkitARM/bin/../lib/gcc/arm-none-eabi/10.2.0/../../../../arm-none-eabi/lib/thumb/libm.a(lib_a-s_lib_ver.o)
 .ARM.attributes
                0x00000000000006a7       0x2a /opt/devkitpro/devkitARM/bin/../lib/gcc/arm-none-eabi/10.2.0/../../../../arm-none-eabi/lib/thumb/libm.a(lib_a-s_scalbn.o)
 .ARM.attributes
                0x00000000000006d1       0x1c /opt/devkitpro/devkitARM/bin/../lib/gcc/arm-none-eabi/10.2.0/thumb/libgcc.a(_udivsi3.o)
 .ARM.attributes
                0x00000000000006ed       0x1c /opt/devkitpro/devkitARM/bin/../lib/gcc/arm-none-eabi/10.2.0/thumb/libgcc.a(_divsi3.o)
 .ARM.attributes
                0x0000000000000709       0x1c /opt/devkitpro/devkitARM/bin/../lib/gcc/arm-none-eabi/10.2.0/thumb/libgcc.a(_dvmd_tls.o)
 .ARM.attributes
                0x0000000000000725       0x1c /opt/devkitpro/devkitARM/bin/../lib/gcc/arm-none-eabi/10.2.0/thumb/libgcc.a(_arm_addsubdf3.o)
 .ARM.attributes
                0x0000000000000741       0x1c /opt/devkitpro/devkitARM/bin/../lib/gcc/arm-none-eabi/10.2.0/thumb/libgcc.a(_arm_muldivdf3.o)
 .ARM.attributes
                0x000000000000075d       0x1c /opt/devkitpro/devkitARM/bin/../lib/gcc/arm-none-eabi/10.2.0/thumb/libgcc.a(_arm_cmpdf2.o)
 .ARM.attributes
                0x0000000000000779       0x1c /opt/devkitpro/devkitARM/bin/../lib/gcc/arm-none-eabi/10.2.0/thumb/libgcc.a(_arm_unorddf2.o)
 .ARM.attributes
                0x0000000000000795       0x1c /opt/devkitpro/devkitARM/bin/../lib/gcc/arm-none-eabi/10.2.0/thumb/libgcc.a(_arm_fixdfsi.o)
 .ARM.attributes
                0x00000000000007b1       0x1c /opt/devkitpro/devkitARM/bin/../lib/gcc/arm-none-eabi/10.2.0/thumb/libgcc.a(_arm_fixunsdfsi.o)
 .ARM.attributes
                0x00000000000007cd       0x1c /opt/devkitpro/devkitARM/bin/../lib/gcc/arm-none-eabi/10.2.0/thumb/libgcc.a(_arm_truncdfsf2.o)
 .ARM.attributes
                0x00000000000007e9       0x1c /opt/devkitpro/devkitARM/bin/../lib/gcc/arm-none-eabi/10.2.0/thumb/libgcc.a(_arm_addsubsf3.o)
 .ARM.attributes
                0x0000000000000805       0x1c /opt/devkitpro/devkitARM/bin/../lib/gcc/arm-none-eabi/10.2.0/thumb/libgcc.a(_arm_muldivsf3.o)
 .ARM.attributes
                0x0000000000000821       0x1c /opt/devkitpro/devkitARM/bin/../lib/gcc/arm-none-eabi/10.2.0/thumb/libgcc.a(_arm_cmpsf2.o)
 .ARM.attributes
                0x000000000000083d       0x1c /opt/devkitpro/devkitARM/bin/../lib/gcc/arm-none-eabi/10.2.0/thumb/libgcc.a(_arm_fixsfsi.o)
 .ARM.attributes
                0x0000000000000859       0x2a /opt/devkitpro/devkitARM/bin/../lib/gcc/arm-none-eabi/10.2.0/../../../../arm-none-eabi/lib/thumb/libg.a(lib_a-errno.o)
 .ARM.attributes
                0x0000000000000883       0x2a /opt/devkitpro/devkitARM/bin/../lib/gcc/arm-none-eabi/10.2.0/../../../../arm-none-eabi/lib/thumb/libg.a(lib_a-init.o)
 .ARM.attributes
                0x00000000000008ad       0x2a /opt/devkitpro/devkitARM/bin/../lib/gcc/arm-none-eabi/10.2.0/../../../../arm-none-eabi/lib/thumb/libg.a(lib_a-memcpy-stub.o)
 .ARM.attributes
                0x00000000000008d7       0x2a /opt/devkitpro/devkitARM/bin/../lib/gcc/arm-none-eabi/10.2.0/../../../../arm-none-eabi/lib/thumb/libg.a(lib_a-memset.o)
 .ARM.attributes
                0x0000000000000901       0x30 /opt/devkitpro/devkitARM/bin/../lib/gcc/arm-none-eabi/10.2.0/../../../../arm-none-eabi/lib/thumb/libsysbase.a(malloc_vars.o)
 .ARM.attributes
                0x0000000000000931       0x2a /opt/devkitpro/devkitARM/bin/../lib/gcc/arm-none-eabi/10.2.0/../../../../arm-none-eabi/lib/thumb/libsysbase.a(build_argv.o)
 .ARM.attributes
                0x000000000000095b       0x2a /opt/devkitpro/devkitARM/bin/../lib/gcc/arm-none-eabi/10.2.0/../../../../arm-none-eabi/lib/thumb/libsysbase.a(syscall_support.o)
 .ARM.attributes
                0x0000000000000985       0x2a /opt/devkitpro/devkitARM/bin/../lib/gcc/arm-none-eabi/10.2.0/../../../../arm-none-eabi/lib/thumb/libsysbase.a(getreent.o)
 .ARM.attributes
                0x00000000000009af       0x30 /opt/devkitpro/devkitARM/bin/../lib/gcc/arm-none-eabi/10.2.0/../../../../arm-none-eabi/lib/thumb/libg.a(lib_a-impure.o)
 .ARM.attributes
                0x00000000000009df       0x30 /opt/devkitpro/devkitARM/bin/../lib/gcc/arm-none-eabi/10.2.0/thumb/crtend.o
 .ARM.attributes
                0x0000000000000a0f       0x1c /opt/devkitpro/devkitARM/bin/../lib/gcc/arm-none-eabi/10.2.0/thumb/crtn.o

.debug
 *(.debug)

.line
 *(.line)

.debug_srcinfo
 *(.debug_srcinfo)

.debug_sfnames
 *(.debug_sfnames)

.debug_aranges  0x0000000000000000      0x4e8
 *(.debug_aranges)
 .debug_aranges
                0x0000000000000000       0x20 game.o
 .debug_aranges
                0x0000000000000020       0x20 graphics_main.o
 .debug_aranges
                0x0000000000000040       0x20 graphics_sub.o
 .debug_aranges
                0x0000000000000060       0x20 input.o
 .debug_aranges
                0x0000000000000080       0x20 main.o
 .debug_aranges
                0x00000000000000a0       0x20 physics.o
 .debug_aranges
                0x00000000000000c0       0x28 /opt/devkitpro/libnds/lib/libnds9.a(touch.o)
 .debug_aranges
                0x00000000000000e8       0x50 /opt/devkitpro/libnds/lib/libnds9.a(keys.o)
 .debug_aranges
                0x0000000000000138       0x20 /opt/devkitpro/libnds/lib/libnds9.a(initSystem.o)
 .debug_aranges
                0x0000000000000158       0x20 /opt/devkitpro/libnds/lib/libnds9.a(timeSupport.o)
 .debug_aranges
                0x0000000000000178       0x18 /opt/devkitpro/libnds/lib/libnds9.a(securearea.o)
 .debug_aranges
                0x0000000000000190       0x50 /opt/devkitpro/libnds/lib/libnds9.a(interrupts.o)
 .debug_aranges
                0x00000000000001e0       0x28 /opt/devkitpro/libnds/lib/libnds9.a(libnds_exit.arm.o)
 .debug_aranges
                0x0000000000000208       0xb0 /opt/devkitpro/libnds/lib/libnds9.a(fifosystem.o)
 .debug_aranges
                0x00000000000002b8       0x30 /opt/devkitpro/libnds/lib/libnds9.a(mpu_setup.o)
 .debug_aranges
                0x00000000000002e8       0x28 /opt/devkitpro/libnds/lib/libnds9.a(IntrWait.o)
 .debug_aranges
                0x0000000000000310       0x20 /opt/devkitpro/libnds/lib/libnds9.a(cpu_clock.o)
 .debug_aranges
                0x0000000000000330       0x20 /opt/devkitpro/libnds/lib/libnds9.a(interruptDispatcher.o)
 .debug_aranges
                0x0000000000000350       0x20 /opt/devkitpro/libnds/lib/libnds9.a(swiSoftReset.o)
 .debug_aranges
                0x0000000000000370       0xc8 /opt/devkitpro/libnds/lib/libnds9.a(biosCalls.o)
 .debug_aranges
                0x0000000000000438       0x48 /opt/devkitpro/libnds/lib/libnds9.a(video.o)
 .debug_aranges
                0x0000000000000480       0x68 /opt/devkitpro/libnds/lib/libnds9.a(system.o)

.debug_pubnames
 *(.debug_pubnames)

.debug_info     0x0000000000000000     0x8708
 *(.debug_info)
 .debug_info    0x0000000000000000      0x783 game.o
 .debug_info    0x0000000000000783      0x7f2 graphics_main.o
 .debug_info    0x0000000000000f75      0xc42 graphics_sub.o
 .debug_info    0x0000000000001bb7      0x604 input.o
 .debug_info    0x00000000000021bb      0x5a9 main.o
 .debug_info    0x0000000000002764      0x4d5 physics.o
 .debug_info    0x0000000000002c39      0x342 /opt/devkitpro/libnds/lib/libnds9.a(touch.o)
 .debug_info    0x0000000000002f7b      0x466 /opt/devkitpro/libnds/lib/libnds9.a(keys.o)
 .debug_info    0x00000000000033e1     0x12a5 /opt/devkitpro/libnds/lib/libnds9.a(initSystem.o)
 .debug_info    0x0000000000004686      0xa64 /opt/devkitpro/libnds/lib/libnds9.a(timeSupport.o)
 .debug_info    0x00000000000050ea       0x59 /opt/devkitpro/libnds/lib/libnds9.a(securearea.o)
 .debug_info    0x0000000000005143      0x68f /opt/devkitpro/libnds/lib/libnds9.a(interrupts.o)
 .debug_info    0x00000000000057d2      0x378 /opt/devkitpro/libnds/lib/libnds9.a(libnds_exit.arm.o)
 .debug_info    0x0000000000005b4a     0x189c /opt/devkitpro/libnds/lib/libnds9.a(fifosystem.o)
 .debug_info    0x00000000000073e6       0x22 /opt/devkitpro/libnds/lib/libnds9.a(mpu_setup.o)
 .debug_info    0x0000000000007408       0x22 /opt/devkitpro/libnds/lib/libnds9.a(IntrWait.o)
 .debug_info    0x000000000000742a       0x26 /opt/devkitpro/libnds/lib/libnds9.a(cpu_clock.o)
 .debug_info    0x0000000000007450       0x26 /opt/devkitpro/libnds/lib/libnds9.a(interruptDispatcher.o)
 .debug_info    0x0000000000007476       0x26 /opt/devkitpro/libnds/lib/libnds9.a(swiSoftReset.o)
 .debug_info    0x000000000000749c       0x22 /opt/devkitpro/libnds/lib/libnds9.a(biosCalls.o)
 .debug_info    0x00000000000074be      0x7c5 /opt/devkitpro/libnds/lib/libnds9.a(video.o)
 .debug_info    0x0000000000007c83      0xa85 /opt/devkitpro/libnds/lib/libnds9.a(system.o)

.debug_abbrev   0x0000000000000000     0x216c
 *(.debug_abbrev)
 .debug_abbrev  0x0000000000000000      0x1af game.o
 .debug_abbrev  0x00000000000001af      0x20e graphics_main.o
 .debug_abbrev  0x00000000000003bd      0x259 graphics_sub.o
 .debug_abbrev  0x0000000000000616      0x1ab input.o
 .debug_abbrev  0x00000000000007c1      0x153 main.o
 .debug_abbrev  0x0000000000000914      0x133 physics.o
 .debug_abbrev  0x0000000000000a47      0x152 /opt/devkitpro/libnds/lib/libnds9.a(touch.o)
 .debug_abbrev  0x0000000000000b99      0x1a0 /opt/devkitpro/libnds/lib/libnds9.a(keys.o)
 .debug_abbrev  0x0000000000000d39      0x33f /opt/devkitpro/libnds/lib/libnds9.a(initSystem.o)
 .debug_abbrev  0x0000000000001078      0x1e5 /opt/devkitpro/libnds/lib/libnds9.a(timeSupport.o)
 .debug_abbrev  0x000000000000125d       0x47 /opt/devkitpro/libnds/lib/libnds9.a(securearea.o)
 .debug_abbrev  0x00000000000012a4      0x2dd /opt/devkitpro/libnds/lib/libnds9.a(interrupts.o)
 .debug_abbrev  0x0000000000001581      0x1a8 /opt/devkitpro/libnds/lib/libnds9.a(libnds_exit.arm.o)
 .debug_abbrev  0x0000000000001729      0x491 /opt/devkitpro/libnds/lib/libnds9.a(fifosystem.o)
 .debug_abbrev  0x0000000000001bba       0x12 /opt/devkitpro/libnds/lib/libnds9.a(mpu_setup.o)
 .debug_abbrev  0x0000000000001bcc       0x12 /opt/devkitpro/libnds/lib/libnds9.a(IntrWait.o)
 .debug_abbrev  0x0000000000001bde       0x14 /opt/devkitpro/libnds/lib/libnds9.a(cpu_clock.o)
 .debug_abbrev  0x0000000000001bf2       0x14 /opt/devkitpro/libnds/lib/libnds9.a(interruptDispatcher.o)
 .debug_abbrev  0x0000000000001c06       0x14 /opt/devkitpro/libnds/lib/libnds9.a(swiSoftReset.o)
 .debug_abbrev  0x0000000000001c1a       0x12 /opt/devkitpro/libnds/lib/libnds9.a(biosCalls.o)
 .debug_abbrev  0x0000000000001c2c      0x241 /opt/devkitpro/libnds/lib/libnds9.a(video.o)
 .debug_abbrev  0x0000000000001e6d      0x2ff /opt/devkitpro/libnds/lib/libnds9.a(system.o)

.debug_line     0x0000000000000000     0x5139
 *(.debug_line)
 .debug_line    0x0000000000000000      0x297 game.o
 .debug_line    0x0000000000000297      0x2f7 graphics_main.o
 .debug_line    0x000000000000058e      0x753 graphics_sub.o
 .debug_line    0x0000000000000ce1      0x30e input.o
 .debug_line    0x0000000000000fef      0x1d2 main.o
 .debug_line    0x00000000000011c1      0x4af physics.o
 .debug_line    0x0000000000001670      0x33e /opt/devkitpro/libnds/lib/libnds9.a(touch.o)
 .debug_line    0x00000000000019ae      0x3ad /opt/devkitpro/libnds/lib/libnds9.a(keys.o)
 .debug_line    0x0000000000001d5b      0x58b /opt/devkitpro/libnds/lib/libnds9.a(initSystem.o)
 .debug_line    0x00000000000022e6      0x1f0 /opt/devkitpro/libnds/lib/libnds9.a(timeSupport.o)
 .debug_line    0x00000000000024d6       0x8f /opt/devkitpro/libnds/lib/libnds9.a(securearea.o)
 .debug_line    0x0000000000002565      0x569 /opt/devkitpro/libnds/lib/libnds9.a(interrupts.o)
 .debug_line    0x0000000000002ace      0x252 /opt/devkitpro/libnds/lib/libnds9.a(libnds_exit.arm.o)
 .debug_line    0x0000000000002d20     0x142b /opt/devkitpro/libnds/lib/libnds9.a(fifosystem.o)
 .debug_line    0x000000000000414b      0x13c /opt/devkitpro/libnds/lib/libnds9.a(mpu_setup.o)
 .debug_line    0x0000000000004287       0xc7 /opt/devkitpro/libnds/lib/libnds9.a(IntrWait.o)
 .debug_line    0x000000000000434e       0xb0 /opt/devkitpro/libnds/lib/libnds9.a(cpu_clock.o)
 .debug_line    0x00000000000043fe       0xd9 /opt/devkitpro/libnds/lib/libnds9.a(interruptDispatcher.o)
 .debug_line    0x00000000000044d7       0xa9 /opt/devkitpro/libnds/lib/libnds9.a(swiSoftReset.o)
 .debug_line    0x0000000000004580      0x1ff /opt/devkitpro/libnds/lib/libnds9.a(biosCalls.o)
 .debug_line    0x000000000000477f      0x4d9 /opt/devkitpro/libnds/lib/libnds9.a(video.o)
 .debug_line    0x0000000000004c58      0x4e1 /opt/devkitpro/libnds/lib/libnds9.a(system.o)

.debug_frame    0x0000000000000000      0xa3c
 *(.debug_frame)
 .debug_frame   0x0000000000000000       0xb0 game.o
 .debug_frame   0x00000000000000b0       0x6c graphics_main.o
 .debug_frame   0x000000000000011c      0x120 graphics_sub.o
 .debug_frame   0x000000000000023c       0x68 input.o
 .debug_frame   0x00000000000002a4       0x28 main.o
 .debug_frame   0x00000000000002cc      0x138 physics.o
 .debug_frame   0x0000000000000404       0x3c /opt/devkitpro/libnds/lib/libnds9.a(touch.o)
 .debug_frame   0x0000000000000440       0x8c /opt/devkitpro/libnds/lib/libnds9.a(keys.o)
 .debug_frame   0x00000000000004cc       0x28 /opt/devkitpro/libnds/lib/libnds9.a(initSystem.o)
 .debug_frame   0x00000000000004f4       0x28 /opt/devkitpro/libnds/lib/libnds9.a(timeSupport.o)
 .debug_frame   0x000000000000051c       0xa4 /opt/devkitpro/libnds/lib/libnds9.a(interrupts.o)
 .debug_frame   0x00000000000005c0       0x38 /opt/devkitpro/libnds/lib/libnds9.a(libnds_exit.arm.o)
 .debug_frame   0x00000000000005f8      0x290 /opt/devkitpro/libnds/lib/libnds9.a(fifosystem.o)
 .debug_frame   0x0000000000000888       0xbc /opt/devkitpro/libnds/lib/libnds9.a(video.o)
 .debug_frame   0x0000000000000944       0xf8 /opt/devkitpro/libnds/lib/libnds9.a(system.o)

.debug_str      0x0000000000000000     0x34e2
 *(.debug_str)
 .debug_str     0x0000000000000000      0x5cb game.o
                                        0x63b (size before relaxing)
 .debug_str     0x00000000000005cb      0x54a graphics_main.o
                                        0x903 (size before relaxing)
 .debug_str     0x0000000000000b15      0x529 graphics_sub.o
                                        0xc72 (size before relaxing)
 .debug_str     0x000000000000103e       0xbe input.o
                                        0x571 (size before relaxing)
 .debug_str     0x00000000000010fc       0x6d main.o
                                        0x565 (size before relaxing)
 .debug_str     0x0000000000001169       0xed physics.o
                                        0x292 (size before relaxing)
 .debug_str     0x0000000000001256      0x21d /opt/devkitpro/libnds/lib/libnds9.a(touch.o)
                                        0x332 (size before relaxing)
 .debug_str     0x0000000000001473       0xe6 /opt/devkitpro/libnds/lib/libnds9.a(keys.o)
                                        0x420 (size before relaxing)
 .debug_str     0x0000000000001559      0x86a /opt/devkitpro/libnds/lib/libnds9.a(initSystem.o)
                                        0xc4b (size before relaxing)
 .debug_str     0x0000000000001dc3       0x7e /opt/devkitpro/libnds/lib/libnds9.a(timeSupport.o)
                                        0x689 (size before relaxing)
 .debug_str     0x0000000000001e41       0x7f /opt/devkitpro/libnds/lib/libnds9.a(securearea.o)
                                        0x16e (size before relaxing)
 .debug_str     0x0000000000001ec0      0x193 /opt/devkitpro/libnds/lib/libnds9.a(interrupts.o)
                                        0x48d (size before relaxing)
 .debug_str     0x0000000000002053      0x1db /opt/devkitpro/libnds/lib/libnds9.a(libnds_exit.arm.o)
                                        0x3e5 (size before relaxing)
 .debug_str     0x000000000000222e      0x4b5 /opt/devkitpro/libnds/lib/libnds9.a(fifosystem.o)
                                        0x894 (size before relaxing)
 .debug_str     0x00000000000026e3       0x7a /opt/devkitpro/libnds/lib/libnds9.a(mpu_setup.o)
                                         0xce (size before relaxing)
 .debug_str     0x000000000000275d       0x6d /opt/devkitpro/libnds/lib/libnds9.a(IntrWait.o)
                                         0xcd (size before relaxing)
 .debug_str     0x00000000000027ca       0x6e /opt/devkitpro/libnds/lib/libnds9.a(cpu_clock.o)
                                         0xce (size before relaxing)
 .debug_str     0x0000000000002838       0x73 /opt/devkitpro/libnds/lib/libnds9.a(interruptDispatcher.o)
                                         0xd3 (size before relaxing)
 .debug_str     0x00000000000028ab       0x6c /opt/devkitpro/libnds/lib/libnds9.a(swiSoftReset.o)
                                         0xcc (size before relaxing)
 .debug_str     0x0000000000002917       0x69 /opt/devkitpro/libnds/lib/libnds9.a(biosCalls.o)
                                         0xc9 (size before relaxing)
 .debug_str     0x0000000000002980      0x7ea /opt/devkitpro/libnds/lib/libnds9.a(video.o)
                                        0xc53 (size before relaxing)
 .debug_str     0x000000000000316a      0x378 /opt/devkitpro/libnds/lib/libnds9.a(system.o)
                                        0x791 (size before relaxing)

.debug_loc      0x0000000000000000     0x2022
 *(.debug_loc)
 .debug_loc     0x0000000000000000       0xb3 /opt/devkitpro/libnds/lib/libnds9.a(touch.o)
 .debug_loc     0x00000000000000b3       0x15 /opt/devkitpro/libnds/lib/libnds9.a(keys.o)
 .debug_loc     0x00000000000000c8       0xf0 /opt/devkitpro/libnds/lib/libnds9.a(initSystem.o)
 .debug_loc     0x00000000000001b8       0x25 /opt/devkitpro/libnds/lib/libnds9.a(timeSupport.o)
 .debug_loc     0x00000000000001dd      0x26c /opt/devkitpro/libnds/lib/libnds9.a(interrupts.o)
 .debug_loc     0x0000000000000449       0x64 /opt/devkitpro/libnds/lib/libnds9.a(libnds_exit.arm.o)
 .debug_loc     0x00000000000004ad     0x168e /opt/devkitpro/libnds/lib/libnds9.a(fifosystem.o)
 .debug_loc     0x0000000000001b3b      0x2e5 /opt/devkitpro/libnds/lib/libnds9.a(video.o)
 .debug_loc     0x0000000000001e20      0x202 /opt/devkitpro/libnds/lib/libnds9.a(system.o)

.debug_macinfo
 *(.debug_macinfo)

.debug_weaknames
 *(.debug_weaknames)

.debug_funcnames
 *(.debug_funcnames)

.debug_typenames
 *(.debug_typenames)

.debug_varnames
 *(.debug_varnames)

.stack          0x0000000000080000        0x0
                0x0000000000080000                _stack = .
 *(.stack)
LOAD /opt/devkitpro/devkitARM/bin/../lib/gcc/arm-none-eabi/10.2.0/../../../../arm-none-eabi/lib/thumb/ds_arm9_crt0.o
LOAD /opt/devkitpro/devkitARM/bin/../lib/gcc/arm-none-eabi/10.2.0/thumb/crti.o
LOAD /opt/devkitpro/devkitARM/bin/../lib/gcc/arm-none-eabi/10.2.0/thumb/crtbegin.o
LOAD soundbank.bin.o
LOAD backplate.o
LOAD fusee.o
LOAD horizon.o
LOAD numbers.o
LOAD splash.o
LOAD splash2.o
LOAD game.o
LOAD graphics_main.o
LOAD graphics_sub.o
LOAD input.o
LOAD main.o
LOAD physics.o
LOAD /opt/devkitpro/libnds/lib/libnds9.a
LOAD /opt/devkitpro/libnds/lib/libmm9.a
LOAD /opt/devkitpro/devkitARM/bin/../lib/gcc/arm-none-eabi/10.2.0/../../../../arm-none-eabi/lib/thumb/libm.a
START GROUP
LOAD /opt/devkitpro/devkitARM/bin/../lib/gcc/arm-none-eabi/10.2.0/thumb/libgcc.a
LOAD /opt/devkitpro/devkitARM/bin/../lib/gcc/arm-none-eabi/10.2.0/../../../../arm-none-eabi/lib/thumb/libg.a
LOAD /opt/devkitpro/devkitARM/bin/../lib/gcc/arm-none-eabi/10.2.0/../../../../arm-none-eabi/lib/thumb/libc.a
LOAD /opt/devkitpro/devkitARM/bin/../lib/gcc/arm-none-eabi/10.2.0/../../../../arm-none-eabi/lib/thumb/libsysbase.a
END GROUP
LOAD /opt/devkitpro/devkitARM/bin/../lib/gcc/arm-none-eabi/10.2.0/thumb/crtend.o
LOAD /opt/devkitpro/devkitARM/bin/../lib/gcc/arm-none-eabi/10.2.0/thumb/crtn.o
OUTPUT(/Users/iacopo/Documents/EPFL/4eme/Sys_embarques_microprogrammes/projet/ksp_nds/ksp_nds.elf elf32-littlearm)
LOAD linker stubs

.debug_ranges   0x0000000000000000      0x868
 .debug_ranges  0x0000000000000000       0x60 /opt/devkitpro/libnds/lib/libnds9.a(touch.o)
 .debug_ranges  0x0000000000000060       0x58 /opt/devkitpro/libnds/lib/libnds9.a(keys.o)
 .debug_ranges  0x00000000000000b8       0x10 /opt/devkitpro/libnds/lib/libnds9.a(initSystem.o)
 .debug_ranges  0x00000000000000c8       0x10 /opt/devkitpro/libnds/lib/libnds9.a(timeSupport.o)
 .debug_ranges  0x00000000000000d8      0x100 /opt/devkitpro/libnds/lib/libnds9.a(interrupts.o)
 .debug_ranges  0x00000000000001d8       0x18 /opt/devkitpro/libnds/lib/libnds9.a(libnds_exit.arm.o)
 .debug_ranges  0x00000000000001f0      0x4c8 /opt/devkitpro/libnds/lib/libnds9.a(fifosystem.o)
 .debug_ranges  0x00000000000006b8       0x28 /opt/devkitpro/libnds/lib/libnds9.a(mpu_setup.o)
 .debug_ranges  0x00000000000006e0       0x20 /opt/devkitpro/libnds/lib/libnds9.a(IntrWait.o)
 .debug_ranges  0x0000000000000700       0xc0 /opt/devkitpro/libnds/lib/libnds9.a(biosCalls.o)
 .debug_ranges  0x00000000000007c0       0x50 /opt/devkitpro/libnds/lib/libnds9.a(video.o)
 .debug_ranges  0x0000000000000810       0x58 /opt/devkitpro/libnds/lib/libnds9.a(system.o)
