Archive member included to satisfy reference by file (symbol)

/opt/devkitpro/libnds/lib/libnds9.a(touch.o)
                              input.o (touchRead)
/opt/devkitpro/libnds/lib/libnds9.a(sprite_alloc.o)
                              graphics_main.o (oamAllocateGfx)
/opt/devkitpro/libnds/lib/libnds9.a(videoGL.o)
                              game.o (glGlobalData)
/opt/devkitpro/libnds/lib/libnds9.a(sprite.o)
                              graphics_main.o (oamInit)
/opt/devkitpro/libnds/lib/libnds9.a(keys.o)
                              input.o (scanKeys)
/opt/devkitpro/libnds/lib/libnds9.a(initSystem.o)
                              /opt/devkitpro/devkitARM/bin/../lib/gcc/arm-none-eabi/10.2.0/../../../../arm-none-eabi/lib/thumb/ds_arm9_crt0.o (initSystem)
/opt/devkitpro/libnds/lib/libnds9.a(timeSupport.o)
                              /opt/devkitpro/libnds/lib/libnds9.a(initSystem.o) (__libnds_gtod)
/opt/devkitpro/libnds/lib/libnds9.a(securearea.o)
                              /opt/devkitpro/devkitARM/bin/../lib/gcc/arm-none-eabi/10.2.0/../../../../arm-none-eabi/lib/thumb/ds_arm9_crt0.o (__secure_area__)
/opt/devkitpro/libnds/lib/libnds9.a(interrupts.o)
                              /opt/devkitpro/libnds/lib/libnds9.a(initSystem.o) (irqInit)
/opt/devkitpro/libnds/lib/libnds9.a(libnds_exit.arm.o)
                              /opt/devkitpro/devkitARM/bin/../lib/gcc/arm-none-eabi/10.2.0/../../../../arm-none-eabi/lib/thumb/ds_arm9_crt0.o (__libnds_exit)
/opt/devkitpro/libnds/lib/libnds9.a(fifosystem.o)
                              /opt/devkitpro/libnds/lib/libnds9.a(initSystem.o) (fifoSetValue32Handler)
/opt/devkitpro/libnds/lib/libnds9.a(dcache.o)
                              /opt/devkitpro/libnds/lib/libnds9.a(sprite.o) (DC_FlushRange)
/opt/devkitpro/libnds/lib/libnds9.a(mpu_setup.o)
                              /opt/devkitpro/devkitARM/bin/../lib/gcc/arm-none-eabi/10.2.0/../../../../arm-none-eabi/lib/thumb/ds_arm9_crt0.o (__libnds_mpu_setup)
/opt/devkitpro/libnds/lib/libnds9.a(IntrWait.o)
                              graphics_main.o (swiWaitForVBlank)
/opt/devkitpro/libnds/lib/libnds9.a(cpu_clock.o)
                              /opt/devkitpro/libnds/lib/libnds9.a(initSystem.o) (setCpuClock)
/opt/devkitpro/libnds/lib/libnds9.a(interruptDispatcher.o)
                              /opt/devkitpro/libnds/lib/libnds9.a(interrupts.o) (IntrMain)
/opt/devkitpro/libnds/lib/libnds9.a(swiSoftReset.o)
                              /opt/devkitpro/libnds/lib/libnds9.a(fifosystem.o) (swiSoftReset)
/opt/devkitpro/libnds/lib/libnds9.a(biosCalls.o)
                              graphics_main.o (swiCopy)
/opt/devkitpro/libnds/lib/libnds9.a(dynamicArray.o)
                              /opt/devkitpro/libnds/lib/libnds9.a(videoGL.o) (DynamicArrayInit)
/opt/devkitpro/libnds/lib/libnds9.a(video.o)
                              /opt/devkitpro/libnds/lib/libnds9.a(videoGL.o) (vramSetBanks_EFG)
/opt/devkitpro/libnds/lib/libnds9.a(system.o)
                              /opt/devkitpro/libnds/lib/libnds9.a(initSystem.o) (systemValueHandler)
/opt/devkitpro/libnds/lib/libnds9.a(trig.o)
                              /opt/devkitpro/libnds/lib/libnds9.a(videoGL.o) (sinLerp)
/opt/devkitpro/devkitARM/bin/../lib/gcc/arm-none-eabi/10.2.0/../../../../arm-none-eabi/lib/thumb/libm.a(lib_a-s_atan.o)
                              graphics_sub.o (atan)
/opt/devkitpro/devkitARM/bin/../lib/gcc/arm-none-eabi/10.2.0/../../../../arm-none-eabi/lib/thumb/libm.a(lib_a-s_cos.o)
                              graphics_sub.o (cos)
/opt/devkitpro/devkitARM/bin/../lib/gcc/arm-none-eabi/10.2.0/../../../../arm-none-eabi/lib/thumb/libm.a(lib_a-s_fabs.o)
                              /opt/devkitpro/devkitARM/bin/../lib/gcc/arm-none-eabi/10.2.0/../../../../arm-none-eabi/lib/thumb/libm.a(lib_a-s_atan.o) (fabs)
/opt/devkitpro/devkitARM/bin/../lib/gcc/arm-none-eabi/10.2.0/../../../../arm-none-eabi/lib/thumb/libm.a(lib_a-s_sin.o)
                              graphics_sub.o (sin)
/opt/devkitpro/devkitARM/bin/../lib/gcc/arm-none-eabi/10.2.0/../../../../arm-none-eabi/lib/thumb/libm.a(lib_a-w_atan2.o)
                              physics.o (atan2)
/opt/devkitpro/devkitARM/bin/../lib/gcc/arm-none-eabi/10.2.0/../../../../arm-none-eabi/lib/thumb/libm.a(lib_a-w_sqrt.o)
                              graphics_sub.o (sqrt)
/opt/devkitpro/devkitARM/bin/../lib/gcc/arm-none-eabi/10.2.0/../../../../arm-none-eabi/lib/thumb/libm.a(lib_a-e_atan2.o)
                              /opt/devkitpro/devkitARM/bin/../lib/gcc/arm-none-eabi/10.2.0/../../../../arm-none-eabi/lib/thumb/libm.a(lib_a-w_atan2.o) (__ieee754_atan2)
/opt/devkitpro/devkitARM/bin/../lib/gcc/arm-none-eabi/10.2.0/../../../../arm-none-eabi/lib/thumb/libm.a(lib_a-e_rem_pio2.o)
                              /opt/devkitpro/devkitARM/bin/../lib/gcc/arm-none-eabi/10.2.0/../../../../arm-none-eabi/lib/thumb/libm.a(lib_a-s_cos.o) (__ieee754_rem_pio2)
[...]
Memory Configuration

Name             Origin             Length             Attributes
ewram            0x0000000002000000 0x0000000000380000
dtcm             0x0000000002ff0000 0x0000000000004000
vectors          0x0000000001000000 0x0000000000000100
itcm             0x0000000001000100 0x0000000000007f00
*default*        0x0000000000000000 0xffffffffffffffff

Linker script and memory map

                0x0000000002380000                __ewram_end = (ORIGIN (ewram) + LENGTH (ewram))
                0x0000000002380000                __eheap_end = (ORIGIN (ewram) + LENGTH (ewram))
                0x0000000002ff4000                __dtcm_top = (ORIGIN (dtcm) + LENGTH (dtcm))
                0x0000000002ff3ff8                __irq_flags = (__dtcm_top - 0x8)
                0x0000000002ff3ffc                __irq_vector = (__dtcm_top - 0x4)
                0x0000000002ff3f00                __sp_svc = (__dtcm_top - 0x100)
                0x0000000002ff3e00                __sp_irq = (__sp_svc - 0x100)
                0x0000000002ff3d00                __sp_usr = (__sp_irq - 0x100)

.secure         0x0000000002000000      0x800
 *(.secure)
 .secure        0x0000000002000000      0x800 /opt/devkitpro/libnds/lib/libnds9.a(securearea.o)
                0x0000000002000000                __secure_area__

.crt0           0x0000000002000800      0x300
                0x0000000002000800                __text_start = .
 *(.crt0)
 .crt0          0x0000000002000800      0x300 /opt/devkitpro/devkitARM/bin/../lib/gcc/arm-none-eabi/10.2.0/../../../../arm-none-eabi/lib/thumb/ds_arm9_crt0.o
                0x0000000002000800                _start
                0x0000000002000b00                . = ALIGN (0x4)

.plt
 *(.plt)

.init           0x0000000002000b00        0xc
 *(SORT_NONE(.init))
 .init          0x0000000002000b00        0x4 /opt/devkitpro/devkitARM/bin/../lib/gcc/arm-none-eabi/10.2.0/thumb/crti.o
                0x0000000002000b00                _init
 .init          0x0000000002000b04        0x8 /opt/devkitpro/devkitARM/bin/../lib/gcc/arm-none-eabi/10.2.0/thumb/crtn.o

.text           0x0000000002000b10     0x97d0
 *(EXCLUDE_FILE(*.twl* *.vectors* *.itcm*) .text)
 .text          0x0000000002000b10      0x89c game.o
                0x0000000002000b10                get_rcs
                0x0000000002000b62                update_thrust
                0x0000000002000bbe                get_rocket_type
                0x0000000002000bf0                auto_pilot
                0x0000000002000d64                game_init
                0x0000000002000dc8                game_splash
                0x0000000002000e10                game_intro
                0x0000000002000ec0                game_ingame
                0x00000000020012dc                game_crash
                0x0000000002001350                game_pause
 .text          0x00000000020013ac      0x4e8 graphics_main.o
                0x00000000020013ac                graphics_main_config_sprite
                0x000000000200140c                graphics_main_init
                0x000000000200141c                graphics_main_config_splash
                0x0000000002001490                graphics_main_config_crash_moon
                0x0000000002001504                graphics_main_config_crash_earth
                0x0000000002001578                graphics_main_config_crash_wall
                0x00000000020015ec                graphics_main_config_intro
                0x0000000002001660                graphics_main_config_ingame
                0x0000000002001754                graphics_main_draw_path
                0x00000000020017b8                graphics_main_update_sprite
 .text          0x0000000002001894     0x13e4 graphics_sub.o
                0x00000000020018d4                graphics_sub_init
                0x00000000020018e4                graphics_sub_config_splash
                0x0000000002001970                graphics_sub_config_crash
                0x00000000020019fc                graphics_sub_config_pause
                0x0000000002001a74                graphics_sub_config_intro
                0x0000000002001aec                graphics_sub_config_ingame
                0x0000000002001cb8                graphics_sub_rocket_ingame
                0x0000000002001e0c                graphics_sub_put_speed
                0x0000000002001e86                graphics_sub_put_alt
                0x0000000002001f00                graphics_sub_put_digit
                0x0000000002002048                graphics_sub_put_slider
                0x0000000002002290                graphics_sub_set_ap
                0x00000000020025d4                graphics_sub_put_nav
                0x0000000002002918                graphics_sub_put_hor
 .text          0x0000000002002c78      0x1e8 input.o
                0x0000000002002c78                input_init
                0x0000000002002c7c                input_read
 .text          0x0000000002002e60       0x88 main.o
                0x0000000002002e60                main
 .text          0x0000000002002ee8     0x177c physics.o
                0x0000000002002ee8                physics_predict_orbit
                0x0000000002002fb0                physics_step_lin
                0x0000000002003014                physics_step_grav
                0x00000000020030c8                physics_world_boundary
                0x0000000002003178                physics_get_phi_earth
                0x00000000020031e8                physics_get_r_earth
                0x0000000002003270                physics_get_phi_moon
                0x00000000020032e4                physics_get_r_moon
                0x000000000200336c                physics_get_vel
                0x00000000020033dc                physics_get_theta
                0x0000000002003434                physics_angle_reach
 .text          0x0000000002004664      0x11c /opt/devkitpro/devkitARM/bin/../lib/gcc/arm-none-eabi/10.2.0/thumb/libgcc.a(_udivsi3.o)
                0x0000000002004664                __udivsi3
                0x0000000002004664                __aeabi_uidiv
                0x0000000002004760                __aeabi_uidivmod
 .text          0x0000000002004780      0x150 /opt/devkitpro/devkitARM/bin/../lib/gcc/arm-none-eabi/10.2.0/thumb/libgcc.a(_divsi3.o)
                0x0000000002004780                __aeabi_idiv
                0x0000000002004780                __divsi3
                0x00000000020048b0                __aeabi_idivmod
 .text          0x00000000020048d0        0x4 /opt/devkitpro/devkitARM/bin/../lib/gcc/arm-none-eabi/10.2.0/thumb/libgcc.a(_dvmd_tls.o)
                0x00000000020048d0                __aeabi_ldiv0
                0x00000000020048d0                __aeabi_idiv0
 .text          0x00000000020048d4      0x424 /opt/devkitpro/devkitARM/bin/../lib/gcc/arm-none-eabi/10.2.0/thumb/libgcc.a(_arm_addsubdf3.o)
                0x00000000020048d4                __aeabi_drsub
                0x00000000020048dc                __subdf3
                0x00000000020048dc                __aeabi_dsub
                0x00000000020048e0                __aeabi_dadd
                0x00000000020048e0                __adddf3
                0x0000000002004bf0                __aeabi_ui2d
                0x0000000002004bf0                __floatunsidf
                0x0000000002004c14                __floatsidf
                0x0000000002004c14                __aeabi_i2d
                0x0000000002004c3c                __extendsfdf2
                0x0000000002004c3c                __aeabi_f2d
                0x0000000002004c84                __aeabi_ul2d
                0x0000000002004c84                __floatundidf
                0x0000000002004c98                __aeabi_l2d
                0x0000000002004c98                __floatdidf
 .text          0x0000000002004cf8      0x49c /opt/devkitpro/devkitARM/bin/../lib/gcc/arm-none-eabi/10.2.0/thumb/libgcc.a(_arm_muldivdf3.o)
                0x0000000002004cf8                __aeabi_dmul
                0x0000000002004cf8                __muldf3
                0x0000000002004f88                __aeabi_ddiv
                0x0000000002004f88                __divdf3
 .text          0x0000000002005194      0x144 /opt/devkitpro/devkitARM/bin/../lib/gcc/arm-none-eabi/10.2.0/thumb/libgcc.a(_arm_cmpdf2.o)
                0x0000000002005194                __gedf2
                0x0000000002005194                __gtdf2
                0x000000000200519c                __ledf2
                0x000000000200519c                __ltdf2
                0x00000000020051a4                __cmpdf2
                0x00000000020051a4                __eqdf2
                0x00000000020051a4                __nedf2
                0x000000000200522c                __aeabi_cdrcmple
                0x0000000002005248                __aeabi_cdcmple
                0x0000000002005248                __aeabi_cdcmpeq
                0x0000000002005260                __aeabi_dcmpeq
                0x0000000002005278                __aeabi_dcmplt
                0x0000000002005290                __aeabi_dcmple
                0x00000000020052a8                __aeabi_dcmpge
                0x00000000020052c0                __aeabi_dcmpgt
 .text          0x00000000020052d8       0x38 /opt/devkitpro/devkitARM/bin/../lib/gcc/arm-none-eabi/10.2.0/thumb/libgcc.a(_arm_unorddf2.o)
                0x00000000020052d8                __aeabi_dcmpun
                0x00000000020052d8                __unorddf2
 .text          0x0000000002005310       0x5c /opt/devkitpro/devkitARM/bin/../lib/gcc/arm-none-eabi/10.2.0/thumb/libgcc.a(_arm_fixdfsi.o)
                0x0000000002005310                __fixdfsi
                0x0000000002005310                __aeabi_d2iz
 .text          0x000000000200536c       0x54 /opt/devkitpro/devkitARM/bin/../lib/gcc/arm-none-eabi/10.2.0/thumb/libgcc.a(_arm_fixunsdfsi.o)
                0x000000000200536c                __fixunsdfsi
                0x000000000200536c                __aeabi_d2uiz
 .text          0x00000000020053c0       0xa0 /opt/devkitpro/devkitARM/bin/../lib/gcc/arm-none-eabi/10.2.0/thumb/libgcc.a(_arm_truncdfsf2.o)
                0x00000000020053c0                __aeabi_d2f
                0x00000000020053c0                __truncdfsf2
 .text          0x0000000002005460      0x2ac /opt/devkitpro/devkitARM/bin/../lib/gcc/arm-none-eabi/10.2.0/thumb/libgcc.a(_arm_addsubsf3.o)
                0x0000000002005460                __aeabi_frsub
                0x0000000002005468                __aeabi_fsub
                0x0000000002005468                __subsf3
                0x000000000200546c                __aeabi_fadd
                0x000000000200546c                __addsf3
                0x0000000002005628                __aeabi_ui2f
                0x0000000002005628                __floatunsisf
                0x0000000002005630                __floatsisf
                0x0000000002005630                __aeabi_i2f
                0x0000000002005650                __aeabi_ul2f
                0x0000000002005650                __floatundisf
                0x0000000002005660                __aeabi_l2f
                0x0000000002005660                __floatdisf
 .text          0x000000000200570c      0x2f8 /opt/devkitpro/devkitARM/bin/../lib/gcc/arm-none-eabi/10.2.0/thumb/libgcc.a(_arm_muldivsf3.o)
                0x000000000200570c                __mulsf3
                0x000000000200570c                __aeabi_fmul
                0x00000000020058a4                __divsf3
                0x00000000020058a4                __aeabi_fdiv
 .text          0x0000000002005a04      0x114 /opt/devkitpro/devkitARM/bin/../lib/gcc/arm-none-eabi/10.2.0/thumb/libgcc.a(_arm_cmpsf2.o)
                0x0000000002005a04                __gesf2
                0x0000000002005a04                __gtsf2
                0x0000000002005a0c                __ltsf2
                0x0000000002005a0c                __lesf2
                0x0000000002005a14                __nesf2
                0x0000000002005a14                __eqsf2
                0x0000000002005a14                __cmpsf2
                0x0000000002005a78                __aeabi_cfrcmple
                0x0000000002005a88                __aeabi_cfcmpeq
                0x0000000002005a88                __aeabi_cfcmple
                0x0000000002005aa0                __aeabi_fcmpeq
                0x0000000002005ab8                __aeabi_fcmplt
                0x0000000002005ad0                __aeabi_fcmple
                0x0000000002005ae8                __aeabi_fcmpge
                0x0000000002005b00                __aeabi_fcmpgt
 .text          0x0000000002005b18       0x5c /opt/devkitpro/devkitARM/bin/../lib/gcc/arm-none-eabi/10.2.0/thumb/libgcc.a(_arm_fixsfsi.o)
                0x0000000002005b18                __fixsfsi
                0x0000000002005b18                __aeabi_f2iz
 .text          0x0000000002005b74       0x54 /opt/devkitpro/devkitARM/bin/../lib/gcc/arm-none-eabi/10.2.0/thumb/libgcc.a(_arm_fixunssfsi.o)
                0x0000000002005b74                __aeabi_f2uiz
                0x0000000002005b74                __fixunssfsi
 *(EXCLUDE_FILE(*.twl* *.vectors* *.itcm*) .stub)
 *(EXCLUDE_FILE(*.twl* *.vectors* *.itcm*) .text.*)
 .text.__do_global_dtors_aux
                0x0000000002005bc8       0x2c /opt/devkitpro/devkitARM/bin/../lib/gcc/arm-none-eabi/10.2.0/thumb/crtbegin.o
 .text.frame_dummy
                0x0000000002005bf4       0x24 /opt/devkitpro/devkitARM/bin/../lib/gcc/arm-none-eabi/10.2.0/thumb/crtbegin.o
 .text.touchRead
                0x0000000002005c18       0x24 /opt/devkitpro/libnds/lib/libnds9.a(touch.o)
                0x0000000002005c18                touchRead
 .text.oamAllocReset
                0x0000000002005c3c       0x1c /opt/devkitpro/libnds/lib/libnds9.a(sprite_alloc.o)
                0x0000000002005c3c                oamAllocReset
 .text.oamAllocateGfx
                0x0000000002005c58      0x510 /opt/devkitpro/libnds/lib/libnds9.a(sprite_alloc.o)
                0x0000000002005c58                oamAllocateGfx
 .text.oamInit  0x0000000002006168      0x118 /opt/devkitpro/libnds/lib/libnds9.a(sprite.o)
                0x0000000002006168                oamInit
 .text.oamGetGfxPtr
                0x0000000002006280       0x38 /opt/devkitpro/libnds/lib/libnds9.a(sprite.o)
                0x0000000002006280                oamGetGfxPtr
 .text.oamGfxPtrToOffset
                0x00000000020062b8       0x34 /opt/devkitpro/libnds/lib/libnds9.a(sprite.o)
                0x00000000020062b8                oamGfxPtrToOffset
 .text.oamSet   0x00000000020062ec      0x11c /opt/devkitpro/libnds/lib/libnds9.a(sprite.o)
                0x00000000020062ec                oamSet
 .text.oamUpdate
                0x0000000002006408       0x60 /opt/devkitpro/libnds/lib/libnds9.a(sprite.o)
                0x0000000002006408                oamUpdate
 .text.oamRotateScale
                0x0000000002006468       0x4c /opt/devkitpro/libnds/lib/libnds9.a(sprite.o)
                0x0000000002006468                oamRotateScale
 .text.scanKeys
                0x00000000020064b4       0x8c /opt/devkitpro/libnds/lib/libnds9.a(keys.o)
                0x00000000020064b4                scanKeys
 .text.keysHeld
                0x0000000002006540        0xc /opt/devkitpro/libnds/lib/libnds9.a(keys.o)
                0x0000000002006540                keysHeld
 .text.keysDown
                0x000000000200654c       0x14 /opt/devkitpro/libnds/lib/libnds9.a(keys.o)
                0x000000000200654c                keysDown
 .text.keysDownRepeat
                0x0000000002006560       0x10 /opt/devkitpro/libnds/lib/libnds9.a(keys.o)
                0x0000000002006560                keysDownRepeat
 .text.initSystem
                0x0000000002006570      0x198 /opt/devkitpro/libnds/lib/libnds9.a(initSystem.o)
                0x0000000002006570                initSystem
 .text.__libnds_gtod
                0x0000000002006708       0x28 /opt/devkitpro/libnds/lib/libnds9.a(timeSupport.o)
                0x0000000002006708                __libnds_gtod
 .text.irqDummy
                0x0000000002006730        0x4 /opt/devkitpro/libnds/lib/libnds9.a(interrupts.o)
                0x0000000002006730                irqDummy
 .text.irqSet   0x0000000002006734       0x6c /opt/devkitpro/libnds/lib/libnds9.a(interrupts.o)
                0x0000000002006734                irqSet
 .text.irqInit  0x00000000020067a0       0x50 /opt/devkitpro/libnds/lib/libnds9.a(interrupts.o)
                0x00000000020067a0                irqInit
 .text.irqEnable
                0x00000000020067f0       0x64 /opt/devkitpro/libnds/lib/libnds9.a(interrupts.o)
                0x00000000020067f0                irqEnable
 .text.systemErrorExit
                0x0000000002006854        0x4 /opt/devkitpro/libnds/lib/libnds9.a(libnds_exit.arm.o)
                0x0000000002006854                systemErrorExit
 .text.__libnds_exit
                0x0000000002006858       0x5c /opt/devkitpro/libnds/lib/libnds9.a(libnds_exit.arm.o)
                0x0000000002006858                __libnds_exit
 .text.fifo_queueBlock
                0x00000000020068b4       0x44 /opt/devkitpro/libnds/lib/libnds9.a(fifosystem.o)
 .text.fifo_waitBlock
                0x00000000020068f8       0x80 /opt/devkitpro/libnds/lib/libnds9.a(fifosystem.o)
 .text.fifoInternalSend.part.0
                0x0000000002006978       0xd4 /opt/devkitpro/libnds/lib/libnds9.a(fifosystem.o)
 .text.fifoInternalSendInterrupt
                0x0000000002006a4c       0xa8 /opt/devkitpro/libnds/lib/libnds9.a(fifosystem.o)
 .text.fifoSetValue32Handler
                0x0000000002006af4       0xd8 /opt/devkitpro/libnds/lib/libnds9.a(fifosystem.o)
                0x0000000002006af4                fifoSetValue32Handler
 .text.fifoSendValue32
                0x0000000002006bcc       0x4c /opt/devkitpro/libnds/lib/libnds9.a(fifosystem.o)
                0x0000000002006bcc                fifoSendValue32
 .text.fifoGetDatamsg
                0x0000000002006c18       0xf4 /opt/devkitpro/libnds/lib/libnds9.a(fifosystem.o)
                0x0000000002006c18                fifoGetDatamsg
 .text.fifoInternalRecvInterrupt
                0x0000000002006d0c      0x380 /opt/devkitpro/libnds/lib/libnds9.a(fifosystem.o)
 .text.fifoSetDatamsgHandler
                0x000000000200708c       0x9c /opt/devkitpro/libnds/lib/libnds9.a(fifosystem.o)
                0x000000000200708c                fifoSetDatamsgHandler
 .text.fifoInit
                0x0000000002007128       0xf8 /opt/devkitpro/libnds/lib/libnds9.a(fifosystem.o)
                0x0000000002007128                fifoInit
 .text.DC_FlushRange
                0x0000000002007220       0x24 /opt/devkitpro/libnds/lib/libnds9.a(dcache.o)
                0x0000000002007220                DC_FlushRange
 .text.__libnds_mpu_setup
                0x0000000002007244      0x174 /opt/devkitpro/libnds/lib/libnds9.a(mpu_setup.o)
                0x0000000002007244                __libnds_mpu_setup
 .text.memUncached
                0x00000000020073b8       0x20 /opt/devkitpro/libnds/lib/libnds9.a(mpu_setup.o)
                0x00000000020073b8                memUncached
 .text.swiWaitForVBlank
                0x00000000020073d8        0x8 /opt/devkitpro/libnds/lib/libnds9.a(IntrWait.o)
                0x00000000020073d8                swiWaitForVBlank
 .text.swiIntrWait
                0x00000000020073e0       0x70 /opt/devkitpro/libnds/lib/libnds9.a(IntrWait.o)
                0x00000000020073e0                swiIntrWait
 .text.setCpuClock
                0x0000000002007450       0x50 /opt/devkitpro/libnds/lib/libnds9.a(cpu_clock.o)
                0x0000000002007450                setCpuClock
 .text.swiSoftReset
                0x00000000020074a0       0x2c /opt/devkitpro/libnds/lib/libnds9.a(swiSoftReset.o)
                0x00000000020074a0                swiSoftReset
 .text.swiDelay
                0x00000000020074cc        0x4 /opt/devkitpro/libnds/lib/libnds9.a(biosCalls.o)
                0x00000000020074cc                swiDelay
 .text.swiCopy  0x00000000020074d0        0x4 /opt/devkitpro/libnds/lib/libnds9.a(biosCalls.o)
                0x00000000020074d0                swiCopy
 .text.vramDefault
                0x00000000020074d4       0xd0 /opt/devkitpro/libnds/lib/libnds9.a(video.o)
                0x00000000020074d4                vramDefault
 .text.systemValueHandler
                0x00000000020075a4       0x48 /opt/devkitpro/libnds/lib/libnds9.a(system.o)
                0x00000000020075a4                systemValueHandler
 .text.systemMsgHandler
                0x00000000020075ec       0x60 /opt/devkitpro/libnds/lib/libnds9.a(system.o)
                0x00000000020075ec                systemMsgHandler
 .text.powerOn  0x000000000200764c       0x2c /opt/devkitpro/libnds/lib/libnds9.a(system.o)
                0x000000000200764c                powerOn
 .text.sinLutLookup
                0x0000000002007678       0x38 /opt/devkitpro/libnds/lib/libnds9.a(trig.o)
                0x0000000002007678                sinLutLookup
 .text.sinLerp  0x00000000020076b0       0x40 /opt/devkitpro/libnds/lib/libnds9.a(trig.o)
                0x00000000020076b0                sinLerp
 .text.cosLerp  0x00000000020076f0       0x4c /opt/devkitpro/libnds/lib/libnds9.a(trig.o)
                0x00000000020076f0                cosLerp
 .text.atan     0x000000000200773c      0x334 /opt/devkitpro/devkitARM/bin/../lib/gcc/arm-none-eabi/10.2.0/../../../../arm-none-eabi/lib/thumb/libm.a(lib_a-s_atan.o)
                0x000000000200773c                atan
 .text.cos      0x0000000002007a70       0xa4 /opt/devkitpro/devkitARM/bin/../lib/gcc/arm-none-eabi/10.2.0/../../../../arm-none-eabi/lib/thumb/libm.a(lib_a-s_cos.o)
                0x0000000002007a70                cos
 .text.fabs     0x0000000002007b14        0x8 /opt/devkitpro/devkitARM/bin/../lib/gcc/arm-none-eabi/10.2.0/../../../../arm-none-eabi/lib/thumb/libm.a(lib_a-s_fabs.o)
                0x0000000002007b14                fabs
 .text.sin      0x0000000002007b1c       0xa8 /opt/devkitpro/devkitARM/bin/../lib/gcc/arm-none-eabi/10.2.0/../../../../arm-none-eabi/lib/thumb/libm.a(lib_a-s_sin.o)
                0x0000000002007b1c                sin
 .text.atan2    0x0000000002007bc4        0xc /opt/devkitpro/devkitARM/bin/../lib/gcc/arm-none-eabi/10.2.0/../../../../arm-none-eabi/lib/thumb/libm.a(lib_a-w_atan2.o)
                0x0000000002007bc4                atan2
 .text.sqrt     0x0000000002007bd0       0x64 /opt/devkitpro/devkitARM/bin/../lib/gcc/arm-none-eabi/10.2.0/../../../../arm-none-eabi/lib/thumb/libm.a(lib_a-w_sqrt.o)
                0x0000000002007bd0                sqrt
 .text.__ieee754_atan2
                0x0000000002007c34      0x17c /opt/devkitpro/devkitARM/bin/../lib/gcc/arm-none-eabi/10.2.0/../../../../arm-none-eabi/lib/thumb/libm.a(lib_a-e_atan2.o)
                0x0000000002007c34                __ieee754_atan2
 .text.__ieee754_rem_pio2
                0x0000000002007db0      0x420 /opt/devkitpro/devkitARM/bin/../lib/gcc/arm-none-eabi/10.2.0/../../../../arm-none-eabi/lib/thumb/libm.a(lib_a-e_rem_pio2.o)
                0x0000000002007db0                __ieee754_rem_pio2
 .text.__ieee754_sqrt
                0x00000000020081d0      0x1a4 /opt/devkitpro/devkitARM/bin/../lib/gcc/arm-none-eabi/10.2.0/../../../../arm-none-eabi/lib/thumb/libm.a(lib_a-e_sqrt.o)
                0x00000000020081d0                __ieee754_sqrt
 .text.__kernel_cos
                0x0000000002008374      0x234 /opt/devkitpro/devkitARM/bin/../lib/gcc/arm-none-eabi/10.2.0/../../../../arm-none-eabi/lib/thumb/libm.a(lib_a-k_cos.o)
                0x0000000002008374                __kernel_cos
 .text.__kernel_rem_pio2
                0x00000000020085a8      0x8d8 /opt/devkitpro/devkitARM/bin/../lib/gcc/arm-none-eabi/10.2.0/../../../../arm-none-eabi/lib/thumb/libm.a(lib_a-k_rem_pio2.o)
                0x00000000020085a8                __kernel_rem_pio2
 .text.__kernel_sin
                0x0000000002008e80      0x170 /opt/devkitpro/devkitARM/bin/../lib/gcc/arm-none-eabi/10.2.0/../../../../arm-none-eabi/lib/thumb/libm.a(lib_a-k_sin.o)
                0x0000000002008e80                __kernel_sin
 .text.floor    0x0000000002008ff0      0x13c /opt/devkitpro/devkitARM/bin/../lib/gcc/arm-none-eabi/10.2.0/../../../../arm-none-eabi/lib/thumb/libm.a(lib_a-s_floor.o)
                0x0000000002008ff0                floor
 .text.scalbn   0x000000000200912c       0xfc /opt/devkitpro/devkitARM/bin/../lib/gcc/arm-none-eabi/10.2.0/../../../../arm-none-eabi/lib/thumb/libm.a(lib_a-s_scalbn.o)
                0x000000000200912c                scalbn
 .text.__errno  0x0000000002009228        0xc /opt/devkitpro/devkitARM/bin/../lib/gcc/arm-none-eabi/10.2.0/../../../../arm-none-eabi/lib/thumb/libg.a(lib_a-errno.o)
                0x0000000002009228                __errno
 .text.__libc_init_array
                0x0000000002009234       0x50 /opt/devkitpro/devkitARM/bin/../lib/gcc/arm-none-eabi/10.2.0/../../../../arm-none-eabi/lib/thumb/libg.a(lib_a-init.o)
                0x0000000002009234                __libc_init_array
 .text.malloc   0x0000000002009284       0x14 /opt/devkitpro/devkitARM/bin/../lib/gcc/arm-none-eabi/10.2.0/../../../../arm-none-eabi/lib/thumb/libg.a(lib_a-malloc.o)
                0x0000000002009284                malloc
 .text.free     0x0000000002009298       0x14 /opt/devkitpro/devkitARM/bin/../lib/gcc/arm-none-eabi/10.2.0/../../../../arm-none-eabi/lib/thumb/libg.a(lib_a-malloc.o)
                0x0000000002009298                free
 .text._malloc_r
                0x00000000020092ac      0x59c /opt/devkitpro/devkitARM/bin/../lib/gcc/arm-none-eabi/10.2.0/../../../../arm-none-eabi/lib/thumb/libg.a(lib_a-mallocr.o)
                0x00000000020092ac                _malloc_r
 .text.memcpy   0x0000000002009848       0xa8 /opt/devkitpro/devkitARM/bin/../lib/gcc/arm-none-eabi/10.2.0/../../../../arm-none-eabi/lib/thumb/libg.a(lib_a-memcpy-stub.o)
                0x0000000002009848                memcpy
 .text.memset   0x00000000020098f0       0xb0 /opt/devkitpro/devkitARM/bin/../lib/gcc/arm-none-eabi/10.2.0/../../../../arm-none-eabi/lib/thumb/libg.a(lib_a-memset.o)
                0x00000000020098f0                memset
 .text.__malloc_lock
                0x00000000020099a0       0x14 /opt/devkitpro/devkitARM/bin/../lib/gcc/arm-none-eabi/10.2.0/../../../../arm-none-eabi/lib/thumb/libg.a(lib_a-mlock.o)
                0x00000000020099a0                __malloc_lock
 .text.__malloc_unlock
                0x00000000020099b4       0x14 /opt/devkitpro/devkitARM/bin/../lib/gcc/arm-none-eabi/10.2.0/../../../../arm-none-eabi/lib/thumb/libg.a(lib_a-mlock.o)
                0x00000000020099b4                __malloc_unlock
 .text.realloc  0x00000000020099c8       0x18 /opt/devkitpro/devkitARM/bin/../lib/gcc/arm-none-eabi/10.2.0/../../../../arm-none-eabi/lib/thumb/libg.a(lib_a-realloc.o)
                0x00000000020099c8                realloc
 .text._realloc_r
                0x00000000020099e0      0x38c /opt/devkitpro/devkitARM/bin/../lib/gcc/arm-none-eabi/10.2.0/../../../../arm-none-eabi/lib/thumb/libg.a(lib_a-reallocr.o)
                0x00000000020099e0                _realloc_r
 .text._malloc_trim_r
                0x0000000002009d6c       0xa0 /opt/devkitpro/devkitARM/bin/../lib/gcc/arm-none-eabi/10.2.0/../../../../arm-none-eabi/lib/thumb/libg.a(lib_a-freer.o)
                0x0000000002009d6c                _malloc_trim_r
 .text._free_r  0x0000000002009e0c      0x1e0 /opt/devkitpro/devkitARM/bin/../lib/gcc/arm-none-eabi/10.2.0/../../../../arm-none-eabi/lib/thumb/libg.a(lib_a-freer.o)
                0x0000000002009e0c                _free_r
 .text.memmove  0x0000000002009fec       0xbc /opt/devkitpro/devkitARM/bin/../lib/gcc/arm-none-eabi/10.2.0/../../../../arm-none-eabi/lib/thumb/libg.a(lib_a-memmove.o)
                0x0000000002009fec                memmove
 .text._sbrk_r  0x000000000200a0a8       0x54 /opt/devkitpro/devkitARM/bin/../lib/gcc/arm-none-eabi/10.2.0/../../../../arm-none-eabi/lib/thumb/libsysbase.a(sbrk.o)
                0x000000000200a0a8                _sbrk_r
 .text.build_argv
                0x000000000200a0fc       0x4c /opt/devkitpro/devkitARM/bin/../lib/gcc/arm-none-eabi/10.2.0/../../../../arm-none-eabi/lib/thumb/libsysbase.a(build_argv.o)
                0x000000000200a0fc                build_argv
 .text.__libc_lock_acquire_recursive
                0x000000000200a148       0x1c /opt/devkitpro/devkitARM/bin/../lib/gcc/arm-none-eabi/10.2.0/../../../../arm-none-eabi/lib/thumb/libsysbase.a(syscall_support.o)
                0x000000000200a148                __libc_lock_acquire_recursive
 .text.__libc_lock_release_recursive
                0x000000000200a164       0x1c /opt/devkitpro/devkitARM/bin/../lib/gcc/arm-none-eabi/10.2.0/../../../../arm-none-eabi/lib/thumb/libsysbase.a(syscall_support.o)
                0x000000000200a164                __libc_lock_release_recursive
 .text.__getreent
                0x000000000200a180       0x28 /opt/devkitpro/devkitARM/bin/../lib/gcc/arm-none-eabi/10.2.0/../../../../arm-none-eabi/lib/thumb/libsysbase.a(getreent.o)
                0x000000000200a180                __getreent
 .text.__getreent.__stub
                0x000000000200a1a8      0x130 linker stubs
 *(EXCLUDE_FILE(*.twl*) .gnu.warning)
 *(EXCLUDE_FILE(*.twl*) .gnu.linkonce.t*)
 *(.glue_7)
 .glue_7        0x000000000200a2e0        0x0 linker stubs
 *(.glue_7t)
 .glue_7t       0x000000000200a2e0        0x0 linker stubs
                0x000000000200a2e0                . = ALIGN (0x4)

.vfp11_veneer   0x000000000200a2e0        0x0
 .vfp11_veneer  0x000000000200a2e0        0x0 linker stubs

.v4_bx          0x000000000200a2e0        0x0
 .v4_bx         0x000000000200a2e0        0x0 linker stubs

.iplt           0x000000000200a2e0        0x0
 .iplt          0x000000000200a2e0        0x0 /opt/devkitpro/devkitARM/bin/../lib/gcc/arm-none-eabi/10.2.0/../../../../arm-none-eabi/lib/thumb/ds_arm9_crt0.o

.fini           0x000000000200a2e0        0xc
 *(.fini)
 .fini          0x000000000200a2e0        0x4 /opt/devkitpro/devkitARM/bin/../lib/gcc/arm-none-eabi/10.2.0/thumb/crti.o
                0x000000000200a2e0                _fini
 .fini          0x000000000200a2e4        0x8 /opt/devkitpro/devkitARM/bin/../lib/gcc/arm-none-eabi/10.2.0/thumb/crtn.o
                0x000000000200a2ec                __text_end = .

.rodata         0x000000000200a2f0    0x54120
 *(EXCLUDE_FILE(*.twl*) .rodata)
 .rodata        0x000000000200a2f0     0x2080 backplate.o
                0x000000000200a2f0                backplateTiles
                0x000000000200bcf0                backplateMap
                0x000000000200c2f0                backplatePal
 .rodata        0x000000000200c370     0xc200 crash_earth.o
                0x000000000200c370                crash_earthBitmap
                0x0000000002018370                crash_earthPal
 .rodata        0x0000000002018570     0xc200 crash_moon.o
                0x0000000002018570                crash_moonBitmap
                0x0000000002024570                crash_moonPal
 .rodata        0x0000000002024770     0x4080 fusee0.o
                0x0000000002024770                fusee0Bitmap
                0x0000000002028770                fusee0Pal
 .rodata        0x00000000020287f0     0x4080 fusee1.o
                0x00000000020287f0                fusee1Bitmap
                0x000000000202c7f0                fusee1Pal
 .rodata        0x000000000202c870     0x4080 fusee2.o
                0x000000000202c870                fusee2Bitmap
                0x0000000002030870                fusee2Pal
 .rodata        0x00000000020308f0     0x4080 horizon.o
                0x00000000020308f0                horizonBitmap
                0x00000000020348f0                horizonPal
 .rodata        0x0000000002034970     0x5080 numbers.o
                0x0000000002034970                numbersTiles
                0x0000000002039970                numbersPal
 .rodata        0x00000000020399f0     0xc080 planets.o
                0x00000000020399f0                planetsBitmap
                0x00000000020459f0                planetsPal
 .rodata        0x0000000002045a70      0x240 rocket.o
                0x0000000002045a70                rocketTiles
                0x0000000002045ab0                rocketPal
 .rodata        0x0000000002045cb0     0xc200 splash.o
                0x0000000002045cb0                splashBitmap
                0x0000000002051cb0                splashPal
 .rodata        0x0000000002051eb0     0xc200 splash2.o
                0x0000000002051eb0                splash2Bitmap
                0x000000000205deb0                splash2Pal
 .rodata        0x000000000205e0b0       0x14 game.o
 *all.rodata*(*)
 *(EXCLUDE_FILE(*.twl*) .roda)
 *(EXCLUDE_FILE(*.twl*) .rodata.*)
 .rodata.SIN_LUT
                0x000000000205e0c4      0x102 /opt/devkitpro/libnds/lib/libnds9.a(trig.o)
                0x000000000205e0c4                SIN_LUT
 *fill*         0x000000000205e1c6        0x2 ff
 .rodata.atanhi
                0x000000000205e1c8       0x20 /opt/devkitpro/devkitARM/bin/../lib/gcc/arm-none-eabi/10.2.0/../../../../arm-none-eabi/lib/thumb/libm.a(lib_a-s_atan.o)
 .rodata.atanlo
                0x000000000205e1e8       0x20 /opt/devkitpro/devkitARM/bin/../lib/gcc/arm-none-eabi/10.2.0/../../../../arm-none-eabi/lib/thumb/libm.a(lib_a-s_atan.o)
 .rodata.CSWTCH.8
                0x000000000205e208       0x18 /opt/devkitpro/devkitARM/bin/../lib/gcc/arm-none-eabi/10.2.0/../../../../arm-none-eabi/lib/thumb/libm.a(lib_a-e_atan2.o)
 .rodata.CSWTCH.9
                0x000000000205e220       0x18 /opt/devkitpro/devkitARM/bin/../lib/gcc/arm-none-eabi/10.2.0/../../../../arm-none-eabi/lib/thumb/libm.a(lib_a-e_atan2.o)
 .rodata.npio2_hw
                0x000000000205e238       0x80 /opt/devkitpro/devkitARM/bin/../lib/gcc/arm-none-eabi/10.2.0/../../../../arm-none-eabi/lib/thumb/libm.a(lib_a-e_rem_pio2.o)
 .rodata.two_over_pi
                0x000000000205e2b8      0x108 /opt/devkitpro/devkitARM/bin/../lib/gcc/arm-none-eabi/10.2.0/../../../../arm-none-eabi/lib/thumb/libm.a(lib_a-e_rem_pio2.o)
 .rodata.PIo2   0x000000000205e3c0       0x40 /opt/devkitpro/devkitARM/bin/../lib/gcc/arm-none-eabi/10.2.0/../../../../arm-none-eabi/lib/thumb/libm.a(lib_a-k_rem_pio2.o)
 .rodata.init_jk
                0x000000000205e400       0x10 /opt/devkitpro/devkitARM/bin/../lib/gcc/arm-none-eabi/10.2.0/../../../../arm-none-eabi/lib/thumb/libm.a(lib_a-k_rem_pio2.o)
 *(EXCLUDE_FILE(*.twl*) .gnu.linkonce.r*)
                0x000000000205e410                . = ALIGN (0x4)

.ARM.extab
 *(.ARM.extab* .gnu.linkonce.armextab.*)
                0x000000000205e410                __exidx_start = .

ARM.exidx
 *(.ARM.exidx* .gnu.linkonce.armexidx.*)
                0x000000000205e410                __exidx_end = .
                0x000000000205e410                . = ALIGN (0x4)
                0x000000000205e410                PROVIDE (__preinit_array_start = .)

.preinit_array
 *(.preinit_array)
                0x000000000205e410                PROVIDE (__preinit_array_end = .)
                0x000000000205e410                PROVIDE (__init_array_start = .)

.init_array     0x000000000205e410        0x4
 *(SORT_BY_NAME(.init_array.*))
 *(.init_array)
 .init_array    0x000000000205e410        0x4 /opt/devkitpro/devkitARM/bin/../lib/gcc/arm-none-eabi/10.2.0/thumb/crtbegin.o
                0x000000000205e414                PROVIDE (__init_array_end = .)
                [!provide]                        PROVIDE (__fini_array_start = .)

.fini_array     0x000000000205e414        0x4
 *(.fini_array)
 .fini_array    0x000000000205e414        0x4 /opt/devkitpro/devkitARM/bin/../lib/gcc/arm-none-eabi/10.2.0/thumb/crtbegin.o
 *(SORT_BY_NAME(.fini_array.*))
                [!provide]                        PROVIDE (__fini_array_end = .)

.ctors          0x000000000205e418        0x0
 *crtbegin.o(.ctors)
 *(EXCLUDE_FILE(*crtend.o) .ctors)
 *(SORT_BY_NAME(.ctors.*))
 *(.ctors)
                0x000000000205e418                . = ALIGN (0x4)

.dtors          0x000000000205e418        0x0
 *crtbegin.o(.dtors)
 *(EXCLUDE_FILE(*crtend.o) .dtors)
 *(SORT_BY_NAME(.dtors.*))
 *(.dtors)
                0x000000000205e418                . = ALIGN (0x4)

.eh_frame       0x000000000205e418        0x4
 *(.eh_frame)
 .eh_frame      0x000000000205e418        0x0 /opt/devkitpro/devkitARM/bin/../lib/gcc/arm-none-eabi/10.2.0/thumb/crtbegin.o
 .eh_frame      0x000000000205e418        0x4 /opt/devkitpro/devkitARM/bin/../lib/gcc/arm-none-eabi/10.2.0/thumb/crtend.o
                0x000000000205e41c                . = ALIGN (0x4)

.rel.dyn        0x000000000205e41c        0x0
 .rel.iplt      0x000000000205e41c        0x0 /opt/devkitpro/devkitARM/bin/../lib/gcc/arm-none-eabi/10.2.0/../../../../arm-none-eabi/lib/thumb/ds_arm9_crt0.o

.gcc_except_table
                0x000000000205e41c        0x0
 *(.gcc_except_table)
                0x000000000205e41c                . = ALIGN (0x4)

.jcr
 *(.jcr)

.got
 *(.got.plt)
 *(.got)
 *(.rel.got)

.ewram          0x000000000205e41c        0x0
                0x000000000205e41c                __ewram_start = ABSOLUTE (.)
 *(.ewram)
 *ewram.*(.text)
                0x000000000205e41c                . = ALIGN (0x4)

.data           0x000000000205e41c      0x8dc
                0x000000000205e41c                __data_start = ABSOLUTE (.)
 *(EXCLUDE_FILE(*.twl*) .data)
 .data          0x000000000205e41c       0x28 /opt/devkitpro/libnds/lib/libnds9.a(mpu_setup.o)
 *(EXCLUDE_FILE(*.twl*) .data.*)
 .data.oamMain  0x000000000205e444       0x18 /opt/devkitpro/libnds/lib/libnds9.a(sprite.o)
                0x000000000205e444                oamMain
 .data.count    0x000000000205e45c        0x1 /opt/devkitpro/libnds/lib/libnds9.a(keys.o)
 .data.delay    0x000000000205e45d        0x1 /opt/devkitpro/libnds/lib/libnds9.a(keys.o)
 .data.repeat   0x000000000205e45e        0x1 /opt/devkitpro/libnds/lib/libnds9.a(keys.o)
 *fill*         0x000000000205e45f        0x1 ff
 .data.fifo_buffer_free
                0x000000000205e460        0x4 /opt/devkitpro/libnds/lib/libnds9.a(fifosystem.o)
                0x000000000205e460                fifo_buffer_free
 .data.fifo_freewords
                0x000000000205e464        0x4 /opt/devkitpro/libnds/lib/libnds9.a(fifosystem.o)
                0x000000000205e464                fifo_freewords
 .data.fifo_receive_queue
                0x000000000205e468        0x4 /opt/devkitpro/libnds/lib/libnds9.a(fifosystem.o)
                0x000000000205e468                fifo_receive_queue
 .data.fifo_send_queue
                0x000000000205e46c        0x4 /opt/devkitpro/libnds/lib/libnds9.a(fifosystem.o)
                0x000000000205e46c                fifo_send_queue
 .data.__fdlib_version
                0x000000000205e470        0x1 /opt/devkitpro/devkitARM/bin/../lib/gcc/arm-none-eabi/10.2.0/../../../../arm-none-eabi/lib/thumb/libm.a(lib_a-s_lib_ver.o)
                0x000000000205e470                __fdlib_version
 *fill*         0x000000000205e471        0x3 ff
 .data.__malloc_av_
                0x000000000205e474      0x408 /opt/devkitpro/devkitARM/bin/../lib/gcc/arm-none-eabi/10.2.0/../../../../arm-none-eabi/lib/thumb/libg.a(lib_a-mallocr.o)
                0x000000000205e474                __malloc_av_
 .data.__malloc_sbrk_base
                0x000000000205e87c        0x4 /opt/devkitpro/devkitARM/bin/../lib/gcc/arm-none-eabi/10.2.0/../../../../arm-none-eabi/lib/thumb/libg.a(lib_a-mallocr.o)
                0x000000000205e87c                __malloc_sbrk_base
 .data.__malloc_trim_threshold
                0x000000000205e880        0x4 /opt/devkitpro/devkitARM/bin/../lib/gcc/arm-none-eabi/10.2.0/../../../../arm-none-eabi/lib/thumb/libg.a(lib_a-mallocr.o)
                0x000000000205e880                __malloc_trim_threshold
 .data.__malloc_recursive_mutex
                0x000000000205e884        0xc /opt/devkitpro/devkitARM/bin/../lib/gcc/arm-none-eabi/10.2.0/../../../../arm-none-eabi/lib/thumb/libg.a(lib_a-mlock.o)
 .data._impure_ptr
                0x000000000205e890        0x4 /opt/devkitpro/devkitARM/bin/../lib/gcc/arm-none-eabi/10.2.0/../../../../arm-none-eabi/lib/thumb/libg.a(lib_a-impure.o)
                0x000000000205e890                _impure_ptr
 *fill*         0x000000000205e894        0x4 ff
 .data.impure_data
                0x000000000205e898      0x460 /opt/devkitpro/devkitARM/bin/../lib/gcc/arm-none-eabi/10.2.0/../../../../arm-none-eabi/lib/thumb/libg.a(lib_a-impure.o)
 *(EXCLUDE_FILE(*.twl*) .gnu.linkonce.d*)
                0x000000000205ecf8                . = ALIGN (0x4)
                0x000000000205ecf8                __data_end = ABSOLUTE (.)
                0x000000000205ecf8                __bss_vma = .

.igot.plt       0x000000000205ecf8        0x0
 .igot.plt      0x000000000205ecf8        0x0 /opt/devkitpro/devkitARM/bin/../lib/gcc/arm-none-eabi/10.2.0/../../../../arm-none-eabi/lib/thumb/ds_arm9_crt0.o

.dtcm           0x0000000002ff0000        0x0 load address 0x000000000205ecf8
                0x000000000205ecf8                __dtcm_lma = LOADADDR (.dtcm)
                0x0000000002ff0000                __dtcm_start = ABSOLUTE (.)
 *(.dtcm)
 *(.dtcm.*)
                0x0000000002ff0000                . = ALIGN (0x4)
                0x0000000002ff0000                __dtcm_end = ABSOLUTE (.)

.itcm           0x0000000001000100      0x194 load address 0x000000000205ecf8
                0x000000000205ecf8                __itcm_lma = LOADADDR (.itcm)
                0x0000000001000100                __itcm_start = ABSOLUTE (.)
 *(.itcm)
 .itcm          0x0000000001000100       0xc8 /opt/devkitpro/libnds/lib/libnds9.a(interrupts.o)
                0x0000000001000100                irqTable
 .itcm          0x00000000010001c8       0xcc /opt/devkitpro/libnds/lib/libnds9.a(interruptDispatcher.o)
                0x00000000010001c8                IntrMain
 *.itcm*(.text .stub .text.*)
                0x0000000001000294                . = ALIGN (0x4)
                0x0000000001000294                __itcm_end = ABSOLUTE (.)

.vectors        0x0000000001000000        0x0 load address 0x000000000205ee8c
                0x000000000205ee8c                __vectors_lma = LOADADDR (.vectors)
                0x0000000001000000                __vectors_start = ABSOLUTE (.)
 *(.vectors .vectors.*)
                0x0000000001000000                . = ALIGN (0x4)
                0x0000000001000000                __vectors_end = ABSOLUTE (.)

.sbss           0x0000000002ff0000        0x0
                0x0000000002ff0000                __sbss_start = ABSOLUTE (.)
                0x0000000002ff0000                __sbss_start__ = ABSOLUTE (.)
 *(.sbss)
                0x0000000002ff0000                . = ALIGN (0x4)
                0x0000000002ff0000                __sbss_end = ABSOLUTE (.)

.bss            0x000000000205ecf8      0xf6c
                0x000000000205ecf8                __bss_start = ABSOLUTE (.)
                0x000000000205ecf8                __bss_start__ = ABSOLUTE (.)
 *(EXCLUDE_FILE(*.twl*) .dynbss)
 *(EXCLUDE_FILE(*.twl*) .gnu.linkonce.b*)
 *(EXCLUDE_FILE(*.twl*) .bss*)
 .bss.completed.1
                0x000000000205ecf8        0x1 /opt/devkitpro/devkitARM/bin/../lib/gcc/arm-none-eabi/10.2.0/thumb/crtbegin.o
 *fill*         0x000000000205ecf9        0x3 
 .bss.object.0  0x000000000205ecfc       0x18 /opt/devkitpro/devkitARM/bin/../lib/gcc/arm-none-eabi/10.2.0/thumb/crtbegin.o
 .bss           0x000000000205ed14        0x8 graphics_main.o
 .bss           0x000000000205ed1c        0xc graphics_sub.o
 .bss           0x000000000205ed28       0x60 main.o
 .bss.OamMemory
                0x000000000205ed88      0x400 /opt/devkitpro/libnds/lib/libnds9.a(sprite.o)
                0x000000000205ed88                OamMemory
 .bss.keys      0x000000000205f188        0x2 /opt/devkitpro/libnds/lib/libnds9.a(keys.o)
 .bss.keysold   0x000000000205f18a        0x2 /opt/devkitpro/libnds/lib/libnds9.a(keys.o)
 .bss.keysrepeat
                0x000000000205f18c        0x2 /opt/devkitpro/libnds/lib/libnds9.a(keys.o)
 .bss.__dsimode
                0x000000000205f18e        0x1 /opt/devkitpro/libnds/lib/libnds9.a(initSystem.o)
                0x000000000205f18e                __dsimode
 *fill*         0x000000000205f18f        0x1 
 .bss.punixTime
                0x000000000205f190        0x4 /opt/devkitpro/libnds/lib/libnds9.a(timeSupport.o)
                0x000000000205f190                punixTime
 .bss.fifo_address_data
                0x000000000205f194       0x40 /opt/devkitpro/libnds/lib/libnds9.a(fifosystem.o)
                0x000000000205f194                fifo_address_data
 .bss.fifo_address_func
                0x000000000205f1d4       0x40 /opt/devkitpro/libnds/lib/libnds9.a(fifosystem.o)
                0x000000000205f1d4                fifo_address_func
 .bss.fifo_address_queue
                0x000000000205f214       0x40 /opt/devkitpro/libnds/lib/libnds9.a(fifosystem.o)
                0x000000000205f214                fifo_address_queue
 .bss.fifo_buffer
                0x000000000205f254      0x800 /opt/devkitpro/libnds/lib/libnds9.a(fifosystem.o)
                0x000000000205f254                fifo_buffer
 .bss.fifo_data_queue
                0x000000000205fa54       0x40 /opt/devkitpro/libnds/lib/libnds9.a(fifosystem.o)
                0x000000000205fa54                fifo_data_queue
 .bss.fifo_datamsg_data
                0x000000000205fa94       0x40 /opt/devkitpro/libnds/lib/libnds9.a(fifosystem.o)
                0x000000000205fa94                fifo_datamsg_data
 .bss.fifo_datamsg_func
                0x000000000205fad4       0x40 /opt/devkitpro/libnds/lib/libnds9.a(fifosystem.o)
                0x000000000205fad4                fifo_datamsg_func
 .bss.fifo_value32_data
                0x000000000205fb14       0x40 /opt/devkitpro/libnds/lib/libnds9.a(fifosystem.o)
                0x000000000205fb14                fifo_value32_data
 .bss.fifo_value32_func
                0x000000000205fb54       0x40 /opt/devkitpro/libnds/lib/libnds9.a(fifosystem.o)
                0x000000000205fb54                fifo_value32_func
 .bss.fifo_value32_queue
                0x000000000205fb94       0x40 /opt/devkitpro/libnds/lib/libnds9.a(fifosystem.o)
                0x000000000205fb94                fifo_value32_queue
 .bss.processing
                0x000000000205fbd4        0x4 /opt/devkitpro/libnds/lib/libnds9.a(fifosystem.o)
                0x000000000205fbd4                processing
 .bss.SDcallback
                0x000000000205fbd8        0x4 /opt/devkitpro/libnds/lib/libnds9.a(system.o)
 .bss.__malloc_current_mallinfo
                0x000000000205fbdc       0x28 /opt/devkitpro/devkitARM/bin/../lib/gcc/arm-none-eabi/10.2.0/../../../../arm-none-eabi/lib/thumb/libg.a(lib_a-mallocr.o)
                0x000000000205fbdc                __malloc_current_mallinfo
 .bss.__malloc_max_sbrked_mem
                0x000000000205fc04        0x4 /opt/devkitpro/devkitARM/bin/../lib/gcc/arm-none-eabi/10.2.0/../../../../arm-none-eabi/lib/thumb/libg.a(lib_a-mallocr.o)
                0x000000000205fc04                __malloc_max_sbrked_mem
 .bss.__malloc_max_total_mem
                0x000000000205fc08        0x4 /opt/devkitpro/devkitARM/bin/../lib/gcc/arm-none-eabi/10.2.0/../../../../arm-none-eabi/lib/thumb/libg.a(lib_a-mallocr.o)
                0x000000000205fc08                __malloc_max_total_mem
 .bss.__malloc_top_pad
                0x000000000205fc0c        0x4 /opt/devkitpro/devkitARM/bin/../lib/gcc/arm-none-eabi/10.2.0/../../../../arm-none-eabi/lib/thumb/libg.a(lib_a-mallocr.o)
                0x000000000205fc0c                __malloc_top_pad
 .bss.heap_start.0
                0x000000000205fc10        0x4 /opt/devkitpro/devkitARM/bin/../lib/gcc/arm-none-eabi/10.2.0/../../../../arm-none-eabi/lib/thumb/libsysbase.a(sbrk.o)
 .bss.fake_heap_end
                0x000000000205fc14        0x4 /opt/devkitpro/devkitARM/bin/../lib/gcc/arm-none-eabi/10.2.0/../../../../arm-none-eabi/lib/thumb/libsysbase.a(malloc_vars.o)
                0x000000000205fc14                fake_heap_end
 .bss.fake_heap_start
                0x000000000205fc18        0x4 /opt/devkitpro/devkitARM/bin/../lib/gcc/arm-none-eabi/10.2.0/../../../../arm-none-eabi/lib/thumb/libsysbase.a(malloc_vars.o)
                0x000000000205fc18                fake_heap_start
 .bss.__syscalls
                0x000000000205fc1c       0x48 /opt/devkitpro/devkitARM/bin/../lib/gcc/arm-none-eabi/10.2.0/../../../../arm-none-eabi/lib/thumb/libsysbase.a(syscall_support.o)
                0x000000000205fc1c                __syscalls
 *(EXCLUDE_FILE(*.twl*) COMMON)
                0x000000000205fc64                . = ALIGN (0x4)
                0x000000000205fc64                __bss_end__ = ABSOLUTE (.)
                0x000000000205fc64                __end__ = ABSOLUTE (.)

.twl            0x000000000205fc64        0x0 load address 0x0000000002400000
                0x0000000002400000                __arm9i_lma__ = LOADADDR (.twl)
                0x000000000205fc64                __arm9i_start__ = ABSOLUTE (.)
 *(.twl)
 *.twl*(.text .stub .text.* .gnu.linkonce.t.*)
 *.twl*(.rodata)
 *.twl*(.roda)
 *.twl*(.rodata.*)
 *.twl*(.data)
 *.twl*(.data.*)
 *.twl*(.gnu.linkonce.d*)
                0x000000000205fc64                __arm9i_end__ = ABSOLUTE (.)

.twl_bss        0x000000000205fc64        0x0
                0x000000000205fc64                __twl_bss_start__ = ABSOLUTE (.)
 *(.twl_bss)
 *.twl*(.dynbss)
 *.twl*(.gnu.linkonce.b*)
 *.twl*(.bss*)
 *.twl*(COMMON)
                0x000000000205fc64                . = ALIGN (0x4)
                0x000000000205fc64                __twl_bss_end__ = ABSOLUTE (.)
                0x000000000205fc64                __twl_end__ = ABSOLUTE (.)

.stab
 *(.stab)

.stabstr
 *(.stabstr)

.stab.excl
 *(.stab.excl)

.stab.exclstr
 *(.stab.exclstr)

.stab.index
 *(.stab.index)

.stab.indexstr
 *(.stab.indexstr)

.comment        0x0000000000000000       0x23
 *(.comment)
 .comment       0x0000000000000000       0x23 /opt/devkitpro/devkitARM/bin/../lib/gcc/arm-none-eabi/10.2.0/thumb/crtbegin.o
                                         0x24 (size before relaxing)
 .comment       0x0000000000000023       0x24 game.o
 .comment       0x0000000000000023       0x24 graphics_main.o
 .comment       0x0000000000000023       0x24 graphics_sub.o
 .comment       0x0000000000000023       0x24 input.o
 .comment       0x0000000000000023       0x24 main.o
 .comment       0x0000000000000023       0x24 physics.o
 .comment       0x0000000000000023       0x24 /opt/devkitpro/libnds/lib/libnds9.a(touch.o)
 .comment       0x0000000000000023       0x24 /opt/devkitpro/libnds/lib/libnds9.a(sprite_alloc.o)
 .comment       0x0000000000000023       0x24 /opt/devkitpro/libnds/lib/libnds9.a(sprite.o)
 .comment       0x0000000000000023       0x24 /opt/devkitpro/libnds/lib/libnds9.a(keys.o)
 .comment       0x0000000000000023       0x24 /opt/devkitpro/libnds/lib/libnds9.a(initSystem.o)
 .comment       0x0000000000000023       0x24 /opt/devkitpro/libnds/lib/libnds9.a(timeSupport.o)
 .comment       0x0000000000000023       0x24 /opt/devkitpro/libnds/lib/libnds9.a(securearea.o)
 .comment       0x0000000000000023       0x24 /opt/devkitpro/libnds/lib/libnds9.a(interrupts.o)
 .comment       0x0000000000000023       0x24 /opt/devkitpro/libnds/lib/libnds9.a(libnds_exit.arm.o)
 .comment       0x0000000000000023       0x24 /opt/devkitpro/libnds/lib/libnds9.a(fifosystem.o)
 .comment       0x0000000000000023       0x24 /opt/devkitpro/libnds/lib/libnds9.a(video.o)
 .comment       0x0000000000000023       0x24 /opt/devkitpro/libnds/lib/libnds9.a(system.o)
 .comment       0x0000000000000023       0x24 /opt/devkitpro/libnds/lib/libnds9.a(trig.o)
 .comment       0x0000000000000023       0x24 /opt/devkitpro/devkitARM/bin/../lib/gcc/arm-none-eabi/10.2.0/../../../../arm-none-eabi/lib/thumb/libm.a(lib_a-s_atan.o)
 .comment       0x0000000000000023       0x24 /opt/devkitpro/devkitARM/bin/../lib/gcc/arm-none-eabi/10.2.0/../../../../arm-none-eabi/lib/thumb/libm.a(lib_a-s_cos.o)
 .comment       0x0000000000000023       0x24 /opt/devkitpro/devkitARM/bin/../lib/gcc/arm-none-eabi/10.2.0/../../../../arm-none-eabi/lib/thumb/libm.a(lib_a-s_fabs.o)
 .comment       0x0000000000000023       0x24 /opt/devkitpro/devkitARM/bin/../lib/gcc/arm-none-eabi/10.2.0/../../../../arm-none-eabi/lib/thumb/libm.a(lib_a-s_sin.o)
 .comment       0x0000000000000023       0x24 /opt/devkitpro/devkitARM/bin/../lib/gcc/arm-none-eabi/10.2.0/../../../../arm-none-eabi/lib/thumb/libm.a(lib_a-w_atan2.o)
 .comment       0x0000000000000023       0x24 /opt/devkitpro/devkitARM/bin/../lib/gcc/arm-none-eabi/10.2.0/../../../../arm-none-eabi/lib/thumb/libm.a(lib_a-w_sqrt.o)
 .comment       0x0000000000000023       0x24 /opt/devkitpro/devkitARM/bin/../lib/gcc/arm-none-eabi/10.2.0/../../../../arm-none-eabi/lib/thumb/libm.a(lib_a-e_atan2.o)
 .comment       0x0000000000000023       0x24 /opt/devkitpro/devkitARM/bin/../lib/gcc/arm-none-eabi/10.2.0/../../../../arm-none-eabi/lib/thumb/libm.a(lib_a-e_rem_pio2.o)
 .comment       0x0000000000000023       0x24 /opt/devkitpro/devkitARM/bin/../lib/gcc/arm-none-eabi/10.2.0/../../../../arm-none-eabi/lib/thumb/libm.a(lib_a-e_sqrt.o)
 .comment       0x0000000000000023       0x24 /opt/devkitpro/devkitARM/bin/../lib/gcc/arm-none-eabi/10.2.0/../../../../arm-none-eabi/lib/thumb/libm.a(lib_a-k_cos.o)
 .comment       0x0000000000000023       0x24 /opt/devkitpro/devkitARM/bin/../lib/gcc/arm-none-eabi/10.2.0/../../../../arm-none-eabi/lib/thumb/libm.a(lib_a-k_rem_pio2.o)
 .comment       0x0000000000000023       0x24 /opt/devkitpro/devkitARM/bin/../lib/gcc/arm-none-eabi/10.2.0/../../../../arm-none-eabi/lib/thumb/libm.a(lib_a-k_sin.o)
 .comment       0x0000000000000023       0x24 /opt/devkitpro/devkitARM/bin/../lib/gcc/arm-none-eabi/10.2.0/../../../../arm-none-eabi/lib/thumb/libm.a(lib_a-s_floor.o)
 .comment       0x0000000000000023       0x24 /opt/devkitpro/devkitARM/bin/../lib/gcc/arm-none-eabi/10.2.0/../../../../arm-none-eabi/lib/thumb/libm.a(lib_a-s_lib_ver.o)
 .comment       0x0000000000000023       0x24 /opt/devkitpro/devkitARM/bin/../lib/gcc/arm-none-eabi/10.2.0/../../../../arm-none-eabi/lib/thumb/libm.a(lib_a-s_scalbn.o)
 .comment       0x0000000000000023       0x24 /opt/devkitpro/devkitARM/bin/../lib/gcc/arm-none-eabi/10.2.0/../../../../arm-none-eabi/lib/thumb/libg.a(lib_a-errno.o)
 .comment       0x0000000000000023       0x24 /opt/devkitpro/devkitARM/bin/../lib/gcc/arm-none-eabi/10.2.0/../../../../arm-none-eabi/lib/thumb/libg.a(lib_a-init.o)
 .comment       0x0000000000000023       0x24 /opt/devkitpro/devkitARM/bin/../lib/gcc/arm-none-eabi/10.2.0/../../../../arm-none-eabi/lib/thumb/libg.a(lib_a-malloc.o)
 .comment       0x0000000000000023       0x24 /opt/devkitpro/devkitARM/bin/../lib/gcc/arm-none-eabi/10.2.0/../../../../arm-none-eabi/lib/thumb/libg.a(lib_a-mallocr.o)
 .comment       0x0000000000000023       0x24 /opt/devkitpro/devkitARM/bin/../lib/gcc/arm-none-eabi/10.2.0/../../../../arm-none-eabi/lib/thumb/libg.a(lib_a-memcpy-stub.o)
 .comment       0x0000000000000023       0x24 /opt/devkitpro/devkitARM/bin/../lib/gcc/arm-none-eabi/10.2.0/../../../../arm-none-eabi/lib/thumb/libg.a(lib_a-memset.o)
 .comment       0x0000000000000023       0x24 /opt/devkitpro/devkitARM/bin/../lib/gcc/arm-none-eabi/10.2.0/../../../../arm-none-eabi/lib/thumb/libg.a(lib_a-mlock.o)
 .comment       0x0000000000000023       0x24 /opt/devkitpro/devkitARM/bin/../lib/gcc/arm-none-eabi/10.2.0/../../../../arm-none-eabi/lib/thumb/libg.a(lib_a-realloc.o)
 .comment       0x0000000000000023       0x24 /opt/devkitpro/devkitARM/bin/../lib/gcc/arm-none-eabi/10.2.0/../../../../arm-none-eabi/lib/thumb/libg.a(lib_a-reallocr.o)
 .comment       0x0000000000000023       0x24 /opt/devkitpro/devkitARM/bin/../lib/gcc/arm-none-eabi/10.2.0/../../../../arm-none-eabi/lib/thumb/libg.a(lib_a-freer.o)
 .comment       0x0000000000000023       0x24 /opt/devkitpro/devkitARM/bin/../lib/gcc/arm-none-eabi/10.2.0/../../../../arm-none-eabi/lib/thumb/libg.a(lib_a-memmove.o)
 .comment       0x0000000000000023       0x24 /opt/devkitpro/devkitARM/bin/../lib/gcc/arm-none-eabi/10.2.0/../../../../arm-none-eabi/lib/thumb/libsysbase.a(sbrk.o)
 .comment       0x0000000000000023       0x24 /opt/devkitpro/devkitARM/bin/../lib/gcc/arm-none-eabi/10.2.0/../../../../arm-none-eabi/lib/thumb/libsysbase.a(malloc_vars.o)
 .comment       0x0000000000000023       0x24 /opt/devkitpro/devkitARM/bin/../lib/gcc/arm-none-eabi/10.2.0/../../../../arm-none-eabi/lib/thumb/libsysbase.a(build_argv.o)
 .comment       0x0000000000000023       0x24 /opt/devkitpro/devkitARM/bin/../lib/gcc/arm-none-eabi/10.2.0/../../../../arm-none-eabi/lib/thumb/libsysbase.a(syscall_support.o)
 .comment       0x0000000000000023       0x24 /opt/devkitpro/devkitARM/bin/../lib/gcc/arm-none-eabi/10.2.0/../../../../arm-none-eabi/lib/thumb/libsysbase.a(getreent.o)
 .comment       0x0000000000000023       0x24 /opt/devkitpro/devkitARM/bin/../lib/gcc/arm-none-eabi/10.2.0/../../../../arm-none-eabi/lib/thumb/libg.a(lib_a-impure.o)
 .comment       0x0000000000000023       0x24 /opt/devkitpro/devkitARM/bin/../lib/gcc/arm-none-eabi/10.2.0/thumb/crtend.o

.ARM.attributes
                0x0000000000000000       0x2d
 .ARM.attributes
                0x0000000000000000       0x21 /opt/devkitpro/devkitARM/bin/../lib/gcc/arm-none-eabi/10.2.0/../../../../arm-none-eabi/lib/thumb/ds_arm9_crt0.o
 .ARM.attributes
                0x0000000000000021       0x1c /opt/devkitpro/devkitARM/bin/../lib/gcc/arm-none-eabi/10.2.0/thumb/crti.o
 .ARM.attributes
                0x000000000000003d       0x2a /opt/devkitpro/devkitARM/bin/../lib/gcc/arm-none-eabi/10.2.0/thumb/crtbegin.o
 .ARM.attributes
                0x0000000000000067       0x1a backplate.o
 .ARM.attributes
                0x0000000000000081       0x1a crash_earth.o
 .ARM.attributes
                0x000000000000009b       0x1a crash_moon.o
 .ARM.attributes
                0x00000000000000b5       0x1a fusee0.o
 .ARM.attributes
                0x00000000000000cf       0x1a fusee1.o
 .ARM.attributes
                0x00000000000000e9       0x1a fusee2.o
 .ARM.attributes
                0x0000000000000103       0x1a horizon.o
 .ARM.attributes
                0x000000000000011d       0x1a numbers.o
 .ARM.attributes
                0x0000000000000137       0x1a planets.o
 .ARM.attributes
                0x0000000000000151       0x1a rocket.o
 .ARM.attributes
                0x000000000000016b       0x1a splash.o
 .ARM.attributes
                0x0000000000000185       0x1a splash2.o
 .ARM.attributes
                0x000000000000019f       0x27 game.o
 .ARM.attributes
                0x00000000000001c6       0x27 graphics_main.o
 .ARM.attributes
                0x00000000000001ed       0x27 graphics_sub.o
 .ARM.attributes
                0x0000000000000214       0x27 input.o
 .ARM.attributes
                0x000000000000023b       0x27 main.o
 .ARM.attributes
                0x0000000000000262       0x27 physics.o
 .ARM.attributes
                0x0000000000000289       0x2b /opt/devkitpro/libnds/lib/libnds9.a(touch.o)
 .ARM.attributes
                0x00000000000002b4       0x2b /opt/devkitpro/libnds/lib/libnds9.a(sprite_alloc.o)
 .ARM.attributes
                0x00000000000002df       0x2b /opt/devkitpro/libnds/lib/libnds9.a(sprite.o)
 .ARM.attributes
                0x000000000000030a       0x2b /opt/devkitpro/libnds/lib/libnds9.a(keys.o)
 .ARM.attributes
                0x0000000000000335       0x2b /opt/devkitpro/libnds/lib/libnds9.a(initSystem.o)
 .ARM.attributes
                0x0000000000000360       0x2b /opt/devkitpro/libnds/lib/libnds9.a(timeSupport.o)
 .ARM.attributes
                0x000000000000038b       0x2b /opt/devkitpro/libnds/lib/libnds9.a(securearea.o)
 .ARM.attributes
                0x00000000000003b6       0x2b /opt/devkitpro/libnds/lib/libnds9.a(interrupts.o)
 .ARM.attributes
                0x00000000000003e1       0x2b /opt/devkitpro/libnds/lib/libnds9.a(libnds_exit.arm.o)
 .ARM.attributes
                0x000000000000040c       0x2b /opt/devkitpro/libnds/lib/libnds9.a(fifosystem.o)
 .ARM.attributes
                0x0000000000000437       0x1b /opt/devkitpro/libnds/lib/libnds9.a(dcache.o)
 .ARM.attributes
                0x0000000000000452       0x21 /opt/devkitpro/libnds/lib/libnds9.a(mpu_setup.o)
 .ARM.attributes
                0x0000000000000473       0x21 /opt/devkitpro/libnds/lib/libnds9.a(IntrWait.o)
 .ARM.attributes
                0x0000000000000494       0x21 /opt/devkitpro/libnds/lib/libnds9.a(cpu_clock.o)
 .ARM.attributes
                0x00000000000004b5       0x1b /opt/devkitpro/libnds/lib/libnds9.a(interruptDispatcher.o)
 .ARM.attributes
                0x00000000000004d0       0x21 /opt/devkitpro/libnds/lib/libnds9.a(swiSoftReset.o)
 .ARM.attributes
                0x00000000000004f1       0x1b /opt/devkitpro/libnds/lib/libnds9.a(biosCalls.o)
 .ARM.attributes
                0x000000000000050c       0x2b /opt/devkitpro/libnds/lib/libnds9.a(video.o)
 .ARM.attributes
                0x0000000000000537       0x2b /opt/devkitpro/libnds/lib/libnds9.a(system.o)
 .ARM.attributes
                0x0000000000000562       0x2b /opt/devkitpro/libnds/lib/libnds9.a(trig.o)
 .ARM.attributes
                0x000000000000058d       0x2a /opt/devkitpro/devkitARM/bin/../lib/gcc/arm-none-eabi/10.2.0/../../../../arm-none-eabi/lib/thumb/libm.a(lib_a-s_atan.o)
 .ARM.attributes
                0x00000000000005b7       0x2a /opt/devkitpro/devkitARM/bin/../lib/gcc/arm-none-eabi/10.2.0/../../../../arm-none-eabi/lib/thumb/libm.a(lib_a-s_cos.o)
 .ARM.attributes
                0x00000000000005e1       0x2a /opt/devkitpro/devkitARM/bin/../lib/gcc/arm-none-eabi/10.2.0/../../../../arm-none-eabi/lib/thumb/libm.a(lib_a-s_fabs.o)
 .ARM.attributes
                0x000000000000060b       0x2a /opt/devkitpro/devkitARM/bin/../lib/gcc/arm-none-eabi/10.2.0/../../../../arm-none-eabi/lib/thumb/libm.a(lib_a-s_sin.o)
 .ARM.attributes
                0x0000000000000635       0x2a /opt/devkitpro/devkitARM/bin/../lib/gcc/arm-none-eabi/10.2.0/../../../../arm-none-eabi/lib/thumb/libm.a(lib_a-w_atan2.o)
 .ARM.attributes
                0x000000000000065f       0x2a /opt/devkitpro/devkitARM/bin/../lib/gcc/arm-none-eabi/10.2.0/../../../../arm-none-eabi/lib/thumb/libm.a(lib_a-w_sqrt.o)
 .ARM.attributes
                0x0000000000000689       0x2a /opt/devkitpro/devkitARM/bin/../lib/gcc/arm-none-eabi/10.2.0/../../../../arm-none-eabi/lib/thumb/libm.a(lib_a-e_atan2.o)
 .ARM.attributes
                0x00000000000006b3       0x2a /opt/devkitpro/devkitARM/bin/../lib/gcc/arm-none-eabi/10.2.0/../../../../arm-none-eabi/lib/thumb/libm.a(lib_a-e_rem_pio2.o)
 .ARM.attributes
                0x00000000000006dd       0x2a /opt/devkitpro/devkitARM/bin/../lib/gcc/arm-none-eabi/10.2.0/../../../../arm-none-eabi/lib/thumb/libm.a(lib_a-e_sqrt.o)
 .ARM.attributes
                0x0000000000000707       0x2a /opt/devkitpro/devkitARM/bin/../lib/gcc/arm-none-eabi/10.2.0/../../../../arm-none-eabi/lib/thumb/libm.a(lib_a-k_cos.o)
 .ARM.attributes
                0x0000000000000731       0x2a /opt/devkitpro/devkitARM/bin/../lib/gcc/arm-none-eabi/10.2.0/../../../../arm-none-eabi/lib/thumb/libm.a(lib_a-k_rem_pio2.o)
 .ARM.attributes
                0x000000000000075b       0x2a /opt/devkitpro/devkitARM/bin/../lib/gcc/arm-none-eabi/10.2.0/../../../../arm-none-eabi/lib/thumb/libm.a(lib_a-k_sin.o)
 .ARM.attributes
                0x0000000000000785       0x2a /opt/devkitpro/devkitARM/bin/../lib/gcc/arm-none-eabi/10.2.0/../../../../arm-none-eabi/lib/thumb/libm.a(lib_a-s_floor.o)
 .ARM.attributes
                0x00000000000007af       0x30 /opt/devkitpro/devkitARM/bin/../lib/gcc/arm-none-eabi/10.2.0/../../../../arm-none-eabi/lib/thumb/libm.a(lib_a-s_lib_ver.o)
 .ARM.attributes
                0x00000000000007df       0x2a /opt/devkitpro/devkitARM/bin/../lib/gcc/arm-none-eabi/10.2.0/../../../../arm-none-eabi/lib/thumb/libm.a(lib_a-s_scalbn.o)
 .ARM.attributes
                0x0000000000000809       0x1c /opt/devkitpro/devkitARM/bin/../lib/gcc/arm-none-eabi/10.2.0/thumb/libgcc.a(_udivsi3.o)
 .ARM.attributes
                0x0000000000000825       0x1c /opt/devkitpro/devkitARM/bin/../lib/gcc/arm-none-eabi/10.2.0/thumb/libgcc.a(_divsi3.o)
 .ARM.attributes
                0x0000000000000841       0x1c /opt/devkitpro/devkitARM/bin/../lib/gcc/arm-none-eabi/10.2.0/thumb/libgcc.a(_dvmd_tls.o)
 .ARM.attributes
                0x000000000000085d       0x1c /opt/devkitpro/devkitARM/bin/../lib/gcc/arm-none-eabi/10.2.0/thumb/libgcc.a(_arm_addsubdf3.o)
 .ARM.attributes
                0x0000000000000879       0x1c /opt/devkitpro/devkitARM/bin/../lib/gcc/arm-none-eabi/10.2.0/thumb/libgcc.a(_arm_muldivdf3.o)
 .ARM.attributes
                0x0000000000000895       0x1c /opt/devkitpro/devkitARM/bin/../lib/gcc/arm-none-eabi/10.2.0/thumb/libgcc.a(_arm_cmpdf2.o)
 .ARM.attributes
                0x00000000000008b1       0x1c /opt/devkitpro/devkitARM/bin/../lib/gcc/arm-none-eabi/10.2.0/thumb/libgcc.a(_arm_unorddf2.o)
 .ARM.attributes
                0x00000000000008cd       0x1c /opt/devkitpro/devkitARM/bin/../lib/gcc/arm-none-eabi/10.2.0/thumb/libgcc.a(_arm_fixdfsi.o)
 .ARM.attributes
                0x00000000000008e9       0x1c /opt/devkitpro/devkitARM/bin/../lib/gcc/arm-none-eabi/10.2.0/thumb/libgcc.a(_arm_fixunsdfsi.o)
 .ARM.attributes
                0x0000000000000905       0x1c /opt/devkitpro/devkitARM/bin/../lib/gcc/arm-none-eabi/10.2.0/thumb/libgcc.a(_arm_truncdfsf2.o)
 .ARM.attributes
                0x0000000000000921       0x1c /opt/devkitpro/devkitARM/bin/../lib/gcc/arm-none-eabi/10.2.0/thumb/libgcc.a(_arm_addsubsf3.o)
 .ARM.attributes
                0x000000000000093d       0x1c /opt/devkitpro/devkitARM/bin/../lib/gcc/arm-none-eabi/10.2.0/thumb/libgcc.a(_arm_muldivsf3.o)
 .ARM.attributes
                0x0000000000000959       0x1c /opt/devkitpro/devkitARM/bin/../lib/gcc/arm-none-eabi/10.2.0/thumb/libgcc.a(_arm_cmpsf2.o)
 .ARM.attributes
                0x0000000000000975       0x1c /opt/devkitpro/devkitARM/bin/../lib/gcc/arm-none-eabi/10.2.0/thumb/libgcc.a(_arm_fixsfsi.o)
 .ARM.attributes
                0x0000000000000991       0x1c /opt/devkitpro/devkitARM/bin/../lib/gcc/arm-none-eabi/10.2.0/thumb/libgcc.a(_arm_fixunssfsi.o)
 .ARM.attributes
                0x00000000000009ad       0x2a /opt/devkitpro/devkitARM/bin/../lib/gcc/arm-none-eabi/10.2.0/../../../../arm-none-eabi/lib/thumb/libg.a(lib_a-errno.o)
 .ARM.attributes
                0x00000000000009d7       0x2a /opt/devkitpro/devkitARM/bin/../lib/gcc/arm-none-eabi/10.2.0/../../../../arm-none-eabi/lib/thumb/libg.a(lib_a-init.o)
 .ARM.attributes
                0x0000000000000a01       0x2a /opt/devkitpro/devkitARM/bin/../lib/gcc/arm-none-eabi/10.2.0/../../../../arm-none-eabi/lib/thumb/libg.a(lib_a-malloc.o)
 .ARM.attributes
                0x0000000000000a2b       0x2a /opt/devkitpro/devkitARM/bin/../lib/gcc/arm-none-eabi/10.2.0/../../../../arm-none-eabi/lib/thumb/libg.a(lib_a-mallocr.o)
 .ARM.attributes
                0x0000000000000a55       0x2a /opt/devkitpro/devkitARM/bin/../lib/gcc/arm-none-eabi/10.2.0/../../../../arm-none-eabi/lib/thumb/libg.a(lib_a-memcpy-stub.o)
 .ARM.attributes
                0x0000000000000a7f       0x2a /opt/devkitpro/devkitARM/bin/../lib/gcc/arm-none-eabi/10.2.0/../../../../arm-none-eabi/lib/thumb/libg.a(lib_a-memset.o)
 .ARM.attributes
                0x0000000000000aa9       0x2a /opt/devkitpro/devkitARM/bin/../lib/gcc/arm-none-eabi/10.2.0/../../../../arm-none-eabi/lib/thumb/libg.a(lib_a-mlock.o)
 .ARM.attributes
                0x0000000000000ad3       0x2a /opt/devkitpro/devkitARM/bin/../lib/gcc/arm-none-eabi/10.2.0/../../../../arm-none-eabi/lib/thumb/libg.a(lib_a-realloc.o)
 .ARM.attributes
                0x0000000000000afd       0x2a /opt/devkitpro/devkitARM/bin/../lib/gcc/arm-none-eabi/10.2.0/../../../../arm-none-eabi/lib/thumb/libg.a(lib_a-reallocr.o)
 .ARM.attributes
                0x0000000000000b27       0x2a /opt/devkitpro/devkitARM/bin/../lib/gcc/arm-none-eabi/10.2.0/../../../../arm-none-eabi/lib/thumb/libg.a(lib_a-freer.o)
 .ARM.attributes
                0x0000000000000b51       0x2a /opt/devkitpro/devkitARM/bin/../lib/gcc/arm-none-eabi/10.2.0/../../../../arm-none-eabi/lib/thumb/libg.a(lib_a-memmove.o)
 .ARM.attributes
                0x0000000000000b7b       0x2a /opt/devkitpro/devkitARM/bin/../lib/gcc/arm-none-eabi/10.2.0/../../../../arm-none-eabi/lib/thumb/libsysbase.a(sbrk.o)
 .ARM.attributes
                0x0000000000000ba5       0x30 /opt/devkitpro/devkitARM/bin/../lib/gcc/arm-none-eabi/10.2.0/../../../../arm-none-eabi/lib/thumb/libsysbase.a(malloc_vars.o)
 .ARM.attributes
                0x0000000000000bd5       0x2a /opt/devkitpro/devkitARM/bin/../lib/gcc/arm-none-eabi/10.2.0/../../../../arm-none-eabi/lib/thumb/libsysbase.a(build_argv.o)
 .ARM.attributes
                0x0000000000000bff       0x2a /opt/devkitpro/devkitARM/bin/../lib/gcc/arm-none-eabi/10.2.0/../../../../arm-none-eabi/lib/thumb/libsysbase.a(syscall_support.o)
 .ARM.attributes
                0x0000000000000c29       0x2a /opt/devkitpro/devkitARM/bin/../lib/gcc/arm-none-eabi/10.2.0/../../../../arm-none-eabi/lib/thumb/libsysbase.a(getreent.o)
 .ARM.attributes
                0x0000000000000c53       0x30 /opt/devkitpro/devkitARM/bin/../lib/gcc/arm-none-eabi/10.2.0/../../../../arm-none-eabi/lib/thumb/libg.a(lib_a-impure.o)
 .ARM.attributes
                0x0000000000000c83       0x30 /opt/devkitpro/devkitARM/bin/../lib/gcc/arm-none-eabi/10.2.0/thumb/crtend.o
 .ARM.attributes
                0x0000000000000cb3       0x1c /opt/devkitpro/devkitARM/bin/../lib/gcc/arm-none-eabi/10.2.0/thumb/crtn.o

.debug
 *(.debug)

.line
 *(.line)

.debug_srcinfo
 *(.debug_srcinfo)

.debug_sfnames
 *(.debug_sfnames)

.debug_aranges  0x0000000000000000      0x618
 *(.debug_aranges)
 .debug_aranges
                0x0000000000000000       0x20 game.o
 .debug_aranges
                0x0000000000000020       0x20 graphics_main.o
 .debug_aranges
                0x0000000000000040       0x20 graphics_sub.o
 .debug_aranges
                0x0000000000000060       0x20 input.o
 .debug_aranges
                0x0000000000000080       0x20 main.o
 .debug_aranges
                0x00000000000000a0       0x20 physics.o
 .debug_aranges
                0x00000000000000c0       0x28 /opt/devkitpro/libnds/lib/libnds9.a(touch.o)
 .debug_aranges
                0x00000000000000e8       0x38 /opt/devkitpro/libnds/lib/libnds9.a(sprite_alloc.o)
 .debug_aranges
                0x0000000000000120       0x60 /opt/devkitpro/libnds/lib/libnds9.a(sprite.o)
 .debug_aranges
                0x0000000000000180       0x50 /opt/devkitpro/libnds/lib/libnds9.a(keys.o)
 .debug_aranges
                0x00000000000001d0       0x20 /opt/devkitpro/libnds/lib/libnds9.a(initSystem.o)
 .debug_aranges
                0x00000000000001f0       0x20 /opt/devkitpro/libnds/lib/libnds9.a(timeSupport.o)
 .debug_aranges
                0x0000000000000210       0x18 /opt/devkitpro/libnds/lib/libnds9.a(securearea.o)
 .debug_aranges
                0x0000000000000228       0x50 /opt/devkitpro/libnds/lib/libnds9.a(interrupts.o)
 .debug_aranges
                0x0000000000000278       0x28 /opt/devkitpro/libnds/lib/libnds9.a(libnds_exit.arm.o)
 .debug_aranges
                0x00000000000002a0       0xb0 /opt/devkitpro/libnds/lib/libnds9.a(fifosystem.o)
 .debug_aranges
                0x0000000000000350       0x38 /opt/devkitpro/libnds/lib/libnds9.a(dcache.o)
 .debug_aranges
                0x0000000000000388       0x30 /opt/devkitpro/libnds/lib/libnds9.a(mpu_setup.o)
 .debug_aranges
                0x00000000000003b8       0x28 /opt/devkitpro/libnds/lib/libnds9.a(IntrWait.o)
 .debug_aranges
                0x00000000000003e0       0x20 /opt/devkitpro/libnds/lib/libnds9.a(cpu_clock.o)
 .debug_aranges
                0x0000000000000400       0x20 /opt/devkitpro/libnds/lib/libnds9.a(interruptDispatcher.o)
 .debug_aranges
                0x0000000000000420       0x20 /opt/devkitpro/libnds/lib/libnds9.a(swiSoftReset.o)
 .debug_aranges
                0x0000000000000440       0xc8 /opt/devkitpro/libnds/lib/libnds9.a(biosCalls.o)
 .debug_aranges
                0x0000000000000508       0x48 /opt/devkitpro/libnds/lib/libnds9.a(video.o)
 .debug_aranges
                0x0000000000000550       0x68 /opt/devkitpro/libnds/lib/libnds9.a(system.o)
 .debug_aranges
                0x00000000000005b8       0x60 /opt/devkitpro/libnds/lib/libnds9.a(trig.o)

.debug_pubnames
 *(.debug_pubnames)

.debug_info     0x0000000000000000     0xc97a
 *(.debug_info)
 .debug_info    0x0000000000000000      0x973 game.o
 .debug_info    0x0000000000000973      0xe3f graphics_main.o
 .debug_info    0x00000000000017b2      0xd3e graphics_sub.o
 .debug_info    0x00000000000024f0      0x620 input.o
 .debug_info    0x0000000000002b10      0x66f main.o
 .debug_info    0x000000000000317f      0xa3e physics.o
 .debug_info    0x0000000000003bbd      0x342 /opt/devkitpro/libnds/lib/libnds9.a(touch.o)
 .debug_info    0x0000000000003eff     0x1d8b /opt/devkitpro/libnds/lib/libnds9.a(sprite_alloc.o)
 .debug_info    0x0000000000005c8a      0xda6 /opt/devkitpro/libnds/lib/libnds9.a(sprite.o)
 .debug_info    0x0000000000006a30      0x466 /opt/devkitpro/libnds/lib/libnds9.a(keys.o)
 .debug_info    0x0000000000006e96     0x12a5 /opt/devkitpro/libnds/lib/libnds9.a(initSystem.o)
 .debug_info    0x000000000000813b      0xa64 /opt/devkitpro/libnds/lib/libnds9.a(timeSupport.o)
 .debug_info    0x0000000000008b9f       0x59 /opt/devkitpro/libnds/lib/libnds9.a(securearea.o)
 .debug_info    0x0000000000008bf8      0x68f /opt/devkitpro/libnds/lib/libnds9.a(interrupts.o)
 .debug_info    0x0000000000009287      0x378 /opt/devkitpro/libnds/lib/libnds9.a(libnds_exit.arm.o)
 .debug_info    0x00000000000095ff     0x189c /opt/devkitpro/libnds/lib/libnds9.a(fifosystem.o)
 .debug_info    0x000000000000ae9b       0x22 /opt/devkitpro/libnds/lib/libnds9.a(dcache.o)
 .debug_info    0x000000000000aebd       0x22 /opt/devkitpro/libnds/lib/libnds9.a(mpu_setup.o)
 .debug_info    0x000000000000aedf       0x22 /opt/devkitpro/libnds/lib/libnds9.a(IntrWait.o)
 .debug_info    0x000000000000af01       0x26 /opt/devkitpro/libnds/lib/libnds9.a(cpu_clock.o)
 .debug_info    0x000000000000af27       0x26 /opt/devkitpro/libnds/lib/libnds9.a(interruptDispatcher.o)
 .debug_info    0x000000000000af4d       0x26 /opt/devkitpro/libnds/lib/libnds9.a(swiSoftReset.o)
 .debug_info    0x000000000000af73       0x22 /opt/devkitpro/libnds/lib/libnds9.a(biosCalls.o)
 .debug_info    0x000000000000af95      0x7c5 /opt/devkitpro/libnds/lib/libnds9.a(video.o)
 .debug_info    0x000000000000b75a      0xa85 /opt/devkitpro/libnds/lib/libnds9.a(system.o)
 .debug_info    0x000000000000c1df      0x79b /opt/devkitpro/libnds/lib/libnds9.a(trig.o)

.debug_abbrev   0x0000000000000000     0x2c56
 *(.debug_abbrev)
 .debug_abbrev  0x0000000000000000      0x218 game.o
 .debug_abbrev  0x0000000000000218      0x2b7 graphics_main.o
 .debug_abbrev  0x00000000000004cf      0x26d graphics_sub.o
 .debug_abbrev  0x000000000000073c      0x1ab input.o
 .debug_abbrev  0x00000000000008e7      0x14a main.o
 .debug_abbrev  0x0000000000000a31      0x1e5 physics.o
 .debug_abbrev  0x0000000000000c16      0x152 /opt/devkitpro/libnds/lib/libnds9.a(touch.o)
 .debug_abbrev  0x0000000000000d68      0x361 /opt/devkitpro/libnds/lib/libnds9.a(sprite_alloc.o)
 .debug_abbrev  0x00000000000010c9      0x384 /opt/devkitpro/libnds/lib/libnds9.a(sprite.o)
 .debug_abbrev  0x000000000000144d      0x1a0 /opt/devkitpro/libnds/lib/libnds9.a(keys.o)
 .debug_abbrev  0x00000000000015ed      0x33f /opt/devkitpro/libnds/lib/libnds9.a(initSystem.o)
 .debug_abbrev  0x000000000000192c      0x1e5 /opt/devkitpro/libnds/lib/libnds9.a(timeSupport.o)
 .debug_abbrev  0x0000000000001b11       0x47 /opt/devkitpro/libnds/lib/libnds9.a(securearea.o)
 .debug_abbrev  0x0000000000001b58      0x2dd /opt/devkitpro/libnds/lib/libnds9.a(interrupts.o)
 .debug_abbrev  0x0000000000001e35      0x1a8 /opt/devkitpro/libnds/lib/libnds9.a(libnds_exit.arm.o)
 .debug_abbrev  0x0000000000001fdd      0x491 /opt/devkitpro/libnds/lib/libnds9.a(fifosystem.o)
 .debug_abbrev  0x000000000000246e       0x12 /opt/devkitpro/libnds/lib/libnds9.a(dcache.o)
 .debug_abbrev  0x0000000000002480       0x12 /opt/devkitpro/libnds/lib/libnds9.a(mpu_setup.o)
 .debug_abbrev  0x0000000000002492       0x12 /opt/devkitpro/libnds/lib/libnds9.a(IntrWait.o)
 .debug_abbrev  0x00000000000024a4       0x14 /opt/devkitpro/libnds/lib/libnds9.a(cpu_clock.o)
 .debug_abbrev  0x00000000000024b8       0x14 /opt/devkitpro/libnds/lib/libnds9.a(interruptDispatcher.o)
 .debug_abbrev  0x00000000000024cc       0x14 /opt/devkitpro/libnds/lib/libnds9.a(swiSoftReset.o)
 .debug_abbrev  0x00000000000024e0       0x12 /opt/devkitpro/libnds/lib/libnds9.a(biosCalls.o)
 .debug_abbrev  0x00000000000024f2      0x241 /opt/devkitpro/libnds/lib/libnds9.a(video.o)
 .debug_abbrev  0x0000000000002733      0x2ff /opt/devkitpro/libnds/lib/libnds9.a(system.o)
 .debug_abbrev  0x0000000000002a32      0x224 /opt/devkitpro/libnds/lib/libnds9.a(trig.o)

.debug_line     0x0000000000000000     0x7f46
 *(.debug_line)
 .debug_line    0x0000000000000000      0x4f5 game.o
 .debug_line    0x00000000000004f5      0x429 graphics_main.o
 .debug_line    0x000000000000091e      0x881 graphics_sub.o
 .debug_line    0x000000000000119f      0x310 input.o
 .debug_line    0x00000000000014af      0x1d6 main.o
 .debug_line    0x0000000000001685      0x708 physics.o
 .debug_line    0x0000000000001d8d      0x33e /opt/devkitpro/libnds/lib/libnds9.a(touch.o)
 .debug_line    0x00000000000020cb     0x16fc /opt/devkitpro/libnds/lib/libnds9.a(sprite_alloc.o)
 .debug_line    0x00000000000037c7      0x797 /opt/devkitpro/libnds/lib/libnds9.a(sprite.o)
 .debug_line    0x0000000000003f5e      0x3ad /opt/devkitpro/libnds/lib/libnds9.a(keys.o)
 .debug_line    0x000000000000430b      0x58b /opt/devkitpro/libnds/lib/libnds9.a(initSystem.o)
 .debug_line    0x0000000000004896      0x1f0 /opt/devkitpro/libnds/lib/libnds9.a(timeSupport.o)
 .debug_line    0x0000000000004a86       0x8f /opt/devkitpro/libnds/lib/libnds9.a(securearea.o)
 .debug_line    0x0000000000004b15      0x569 /opt/devkitpro/libnds/lib/libnds9.a(interrupts.o)
 .debug_line    0x000000000000507e      0x252 /opt/devkitpro/libnds/lib/libnds9.a(libnds_exit.arm.o)
 .debug_line    0x00000000000052d0     0x142b /opt/devkitpro/libnds/lib/libnds9.a(fifosystem.o)
 .debug_line    0x00000000000066fb       0xe0 /opt/devkitpro/libnds/lib/libnds9.a(dcache.o)
 .debug_line    0x00000000000067db      0x13c /opt/devkitpro/libnds/lib/libnds9.a(mpu_setup.o)
 .debug_line    0x0000000000006917       0xc7 /opt/devkitpro/libnds/lib/libnds9.a(IntrWait.o)
 .debug_line    0x00000000000069de       0xb0 /opt/devkitpro/libnds/lib/libnds9.a(cpu_clock.o)
 .debug_line    0x0000000000006a8e       0xd9 /opt/devkitpro/libnds/lib/libnds9.a(interruptDispatcher.o)
 .debug_line    0x0000000000006b67       0xa9 /opt/devkitpro/libnds/lib/libnds9.a(swiSoftReset.o)
 .debug_line    0x0000000000006c10      0x1ff /opt/devkitpro/libnds/lib/libnds9.a(biosCalls.o)
 .debug_line    0x0000000000006e0f      0x4d9 /opt/devkitpro/libnds/lib/libnds9.a(video.o)
 .debug_line    0x00000000000072e8      0x4e1 /opt/devkitpro/libnds/lib/libnds9.a(system.o)
 .debug_line    0x00000000000077c9      0x77d /opt/devkitpro/libnds/lib/libnds9.a(trig.o)

.debug_frame    0x0000000000000000      0xef4
 *(.debug_frame)
 .debug_frame   0x0000000000000000      0x118 game.o
 .debug_frame   0x0000000000000118       0xf8 graphics_main.o
 .debug_frame   0x0000000000000210      0x194 graphics_sub.o
 .debug_frame   0x00000000000003a4       0x68 input.o
 .debug_frame   0x000000000000040c       0x28 main.o
 .debug_frame   0x0000000000000434      0x224 physics.o
 .debug_frame   0x0000000000000658       0x3c /opt/devkitpro/libnds/lib/libnds9.a(touch.o)
 .debug_frame   0x0000000000000694       0x9c /opt/devkitpro/libnds/lib/libnds9.a(sprite_alloc.o)
 .debug_frame   0x0000000000000730       0xf0 /opt/devkitpro/libnds/lib/libnds9.a(sprite.o)
 .debug_frame   0x0000000000000820       0x8c /opt/devkitpro/libnds/lib/libnds9.a(keys.o)
 .debug_frame   0x00000000000008ac       0x28 /opt/devkitpro/libnds/lib/libnds9.a(initSystem.o)
 .debug_frame   0x00000000000008d4       0x28 /opt/devkitpro/libnds/lib/libnds9.a(timeSupport.o)
 .debug_frame   0x00000000000008fc       0xa4 /opt/devkitpro/libnds/lib/libnds9.a(interrupts.o)
 .debug_frame   0x00000000000009a0       0x38 /opt/devkitpro/libnds/lib/libnds9.a(libnds_exit.arm.o)
 .debug_frame   0x00000000000009d8      0x290 /opt/devkitpro/libnds/lib/libnds9.a(fifosystem.o)
 .debug_frame   0x0000000000000c68       0xbc /opt/devkitpro/libnds/lib/libnds9.a(video.o)
 .debug_frame   0x0000000000000d24       0xf8 /opt/devkitpro/libnds/lib/libnds9.a(system.o)
 .debug_frame   0x0000000000000e1c       0xd8 /opt/devkitpro/libnds/lib/libnds9.a(trig.o)

.debug_str      0x0000000000000000     0x3fca
 *(.debug_str)
 .debug_str     0x0000000000000000      0x657 game.o
                                        0x70b (size before relaxing)
 .debug_str     0x0000000000000657      0xb54 graphics_main.o
                                        0xf2b (size before relaxing)
 .debug_str     0x00000000000011ab      0x5de graphics_sub.o
                                        0xd3f (size before relaxing)
 .debug_str     0x0000000000001789       0xbe input.o
                                        0x578 (size before relaxing)
 .debug_str     0x0000000000001847       0x6d main.o
                                        0x5d6 (size before relaxing)
 .debug_str     0x00000000000018b4      0x185 physics.o
                                        0x575 (size before relaxing)
 .debug_str     0x0000000000001a39      0x21d /opt/devkitpro/libnds/lib/libnds9.a(touch.o)
                                        0x332 (size before relaxing)
 .debug_str     0x0000000000001c56      0x182 /opt/devkitpro/libnds/lib/libnds9.a(sprite_alloc.o)
                                        0x7d7 (size before relaxing)
 .debug_str     0x0000000000001dd8      0x17d /opt/devkitpro/libnds/lib/libnds9.a(sprite.o)
                                        0x870 (size before relaxing)
 .debug_str     0x0000000000001f55       0xe6 /opt/devkitpro/libnds/lib/libnds9.a(keys.o)
                                        0x420 (size before relaxing)
 .debug_str     0x000000000000203b      0x850 /opt/devkitpro/libnds/lib/libnds9.a(initSystem.o)
                                        0xc4b (size before relaxing)
 .debug_str     0x000000000000288b       0x7e /opt/devkitpro/libnds/lib/libnds9.a(timeSupport.o)
                                        0x689 (size before relaxing)
 .debug_str     0x0000000000002909       0x7f /opt/devkitpro/libnds/lib/libnds9.a(securearea.o)
                                        0x16e (size before relaxing)
 .debug_str     0x0000000000002988      0x193 /opt/devkitpro/libnds/lib/libnds9.a(interrupts.o)
                                        0x48d (size before relaxing)
 .debug_str     0x0000000000002b1b      0x1db /opt/devkitpro/libnds/lib/libnds9.a(libnds_exit.arm.o)
                                        0x3e5 (size before relaxing)
 .debug_str     0x0000000000002cf6      0x4af /opt/devkitpro/libnds/lib/libnds9.a(fifosystem.o)
                                        0x894 (size before relaxing)
 .debug_str     0x00000000000031a5       0x70 /opt/devkitpro/libnds/lib/libnds9.a(dcache.o)
                                         0xc4 (size before relaxing)
 .debug_str     0x0000000000003215       0x6e /opt/devkitpro/libnds/lib/libnds9.a(mpu_setup.o)
                                         0xce (size before relaxing)
 .debug_str     0x0000000000003283       0x6d /opt/devkitpro/libnds/lib/libnds9.a(IntrWait.o)
                                         0xcd (size before relaxing)
 .debug_str     0x00000000000032f0       0x6e /opt/devkitpro/libnds/lib/libnds9.a(cpu_clock.o)
                                         0xce (size before relaxing)
 .debug_str     0x000000000000335e       0x73 /opt/devkitpro/libnds/lib/libnds9.a(interruptDispatcher.o)
                                         0xd3 (size before relaxing)
 .debug_str     0x00000000000033d1       0x6c /opt/devkitpro/libnds/lib/libnds9.a(swiSoftReset.o)
                                         0xcc (size before relaxing)
 .debug_str     0x000000000000343d       0x69 /opt/devkitpro/libnds/lib/libnds9.a(biosCalls.o)
                                         0xc9 (size before relaxing)
 .debug_str     0x00000000000034a6      0x6b6 /opt/devkitpro/libnds/lib/libnds9.a(video.o)
                                        0xc53 (size before relaxing)
 .debug_str     0x0000000000003b5c      0x36c /opt/devkitpro/libnds/lib/libnds9.a(system.o)
                                        0x791 (size before relaxing)
 .debug_str     0x0000000000003ec8      0x102 /opt/devkitpro/libnds/lib/libnds9.a(trig.o)
                                        0x2e7 (size before relaxing)

.debug_loc      0x0000000000000000     0x50cc
 *(.debug_loc)
 .debug_loc     0x0000000000000000       0xb3 /opt/devkitpro/libnds/lib/libnds9.a(touch.o)
 .debug_loc     0x00000000000000b3     0x1c9e /opt/devkitpro/libnds/lib/libnds9.a(sprite_alloc.o)
 .debug_loc     0x0000000000001d51      0x826 /opt/devkitpro/libnds/lib/libnds9.a(sprite.o)
 .debug_loc     0x0000000000002577       0x15 /opt/devkitpro/libnds/lib/libnds9.a(keys.o)
 .debug_loc     0x000000000000258c       0xf0 /opt/devkitpro/libnds/lib/libnds9.a(initSystem.o)
 .debug_loc     0x000000000000267c       0x25 /opt/devkitpro/libnds/lib/libnds9.a(timeSupport.o)
 .debug_loc     0x00000000000026a1      0x26c /opt/devkitpro/libnds/lib/libnds9.a(interrupts.o)
 .debug_loc     0x000000000000290d       0x64 /opt/devkitpro/libnds/lib/libnds9.a(libnds_exit.arm.o)
 .debug_loc     0x0000000000002971     0x168e /opt/devkitpro/libnds/lib/libnds9.a(fifosystem.o)
 .debug_loc     0x0000000000003fff      0x2e5 /opt/devkitpro/libnds/lib/libnds9.a(video.o)
 .debug_loc     0x00000000000042e4      0x202 /opt/devkitpro/libnds/lib/libnds9.a(system.o)
 .debug_loc     0x00000000000044e6      0xbe6 /opt/devkitpro/libnds/lib/libnds9.a(trig.o)

.debug_macinfo
 *(.debug_macinfo)

.debug_weaknames
 *(.debug_weaknames)

.debug_funcnames
 *(.debug_funcnames)

.debug_typenames
 *(.debug_typenames)

.debug_varnames
 *(.debug_varnames)

.stack          0x0000000000080000        0x0
                0x0000000000080000                _stack = .
 *(.stack)
LOAD /opt/devkitpro/devkitARM/bin/../lib/gcc/arm-none-eabi/10.2.0/../../../../arm-none-eabi/lib/thumb/ds_arm9_crt0.o
LOAD /opt/devkitpro/devkitARM/bin/../lib/gcc/arm-none-eabi/10.2.0/thumb/crti.o
LOAD /opt/devkitpro/devkitARM/bin/../lib/gcc/arm-none-eabi/10.2.0/thumb/crtbegin.o
LOAD soundbank.bin.o
LOAD backplate.o
LOAD crash_earth.o
LOAD crash_moon.o
LOAD fusee0.o
LOAD fusee1.o
LOAD fusee2.o
LOAD horizon.o
LOAD numbers.o
LOAD planets.o
LOAD rocket.o
LOAD splash.o
LOAD splash2.o
LOAD game.o
LOAD graphics_main.o
LOAD graphics_sub.o
LOAD input.o
LOAD main.o
LOAD physics.o
LOAD physics_fixed.o
LOAD /opt/devkitpro/libnds/lib/libnds9.a
LOAD /opt/devkitpro/libnds/lib/libmm9.a
LOAD /opt/devkitpro/devkitARM/bin/../lib/gcc/arm-none-eabi/10.2.0/../../../../arm-none-eabi/lib/thumb/libm.a
START GROUP
LOAD /opt/devkitpro/devkitARM/bin/../lib/gcc/arm-none-eabi/10.2.0/thumb/libgcc.a
LOAD /opt/devkitpro/devkitARM/bin/../lib/gcc/arm-none-eabi/10.2.0/../../../../arm-none-eabi/lib/thumb/libg.a
LOAD /opt/devkitpro/devkitARM/bin/../lib/gcc/arm-none-eabi/10.2.0/../../../../arm-none-eabi/lib/thumb/libc.a
LOAD /opt/devkitpro/devkitARM/bin/../lib/gcc/arm-none-eabi/10.2.0/../../../../arm-none-eabi/lib/thumb/libsysbase.a
END GROUP
LOAD /opt/devkitpro/devkitARM/bin/../lib/gcc/arm-none-eabi/10.2.0/thumb/crtend.o
LOAD /opt/devkitpro/devkitARM/bin/../lib/gcc/arm-none-eabi/10.2.0/thumb/crtn.o
OUTPUT(/Users/iacopo/Documents/EPFL/4eme/Sys_embarques_microprogrammes/projet/ksp_nds/ksp_nds.elf elf32-littlearm)
LOAD linker stubs

.debug_ranges   0x0000000000000000     0x1810
 .debug_ranges  0x0000000000000000       0x60 /opt/devkitpro/libnds/lib/libnds9.a(touch.o)
 .debug_ranges  0x0000000000000060      0xde0 /opt/devkitpro/libnds/lib/libnds9.a(sprite_alloc.o)
 .debug_ranges  0x0000000000000e40       0xa8 /opt/devkitpro/libnds/lib/libnds9.a(sprite.o)
 .debug_ranges  0x0000000000000ee8       0x58 /opt/devkitpro/libnds/lib/libnds9.a(keys.o)
 .debug_ranges  0x0000000000000f40       0x10 /opt/devkitpro/libnds/lib/libnds9.a(initSystem.o)
 .debug_ranges  0x0000000000000f50       0x10 /opt/devkitpro/libnds/lib/libnds9.a(timeSupport.o)
 .debug_ranges  0x0000000000000f60      0x100 /opt/devkitpro/libnds/lib/libnds9.a(interrupts.o)
 .debug_ranges  0x0000000000001060       0x18 /opt/devkitpro/libnds/lib/libnds9.a(libnds_exit.arm.o)
 .debug_ranges  0x0000000000001078      0x4c8 /opt/devkitpro/libnds/lib/libnds9.a(fifosystem.o)
 .debug_ranges  0x0000000000001540       0x30 /opt/devkitpro/libnds/lib/libnds9.a(dcache.o)
 .debug_ranges  0x0000000000001570       0x28 /opt/devkitpro/libnds/lib/libnds9.a(mpu_setup.o)
 .debug_ranges  0x0000000000001598       0x20 /opt/devkitpro/libnds/lib/libnds9.a(IntrWait.o)
 .debug_ranges  0x00000000000015b8       0xc0 /opt/devkitpro/libnds/lib/libnds9.a(biosCalls.o)
 .debug_ranges  0x0000000000001678       0x50 /opt/devkitpro/libnds/lib/libnds9.a(video.o)
 .debug_ranges  0x00000000000016c8       0x58 /opt/devkitpro/libnds/lib/libnds9.a(system.o)
 .debug_ranges  0x0000000000001720       0xf0 /opt/devkitpro/libnds/lib/libnds9.a(trig.o)
