Archive member included to satisfy reference by file (symbol)

/opt/devkitpro/libnds/lib/libnds9.a(touch.o)
                              input.o (touchRead)
/opt/devkitpro/libnds/lib/libnds9.a(sprite_alloc.o)
                              graphics_main.o (oamAllocateGfx)
/opt/devkitpro/libnds/lib/libnds9.a(videoGL.o)
                              game.o (glGlobalData)
/opt/devkitpro/libnds/lib/libnds9.a(sprite.o)
                              graphics_main.o (oamInit)
/opt/devkitpro/libnds/lib/libnds9.a(keys.o)
                              input.o (scanKeys)
/opt/devkitpro/libnds/lib/libnds9.a(initSystem.o)
                              /opt/devkitpro/devkitARM/bin/../lib/gcc/arm-none-eabi/10.2.0/../../../../arm-none-eabi/lib/thumb/ds_arm9_crt0.o (initSystem)
/opt/devkitpro/libnds/lib/libnds9.a(timeSupport.o)
                              /opt/devkitpro/libnds/lib/libnds9.a(initSystem.o) (__libnds_gtod)
/opt/devkitpro/libnds/lib/libnds9.a(securearea.o)
                              /opt/devkitpro/devkitARM/bin/../lib/gcc/arm-none-eabi/10.2.0/../../../../arm-none-eabi/lib/thumb/ds_arm9_crt0.o (__secure_area__)
/opt/devkitpro/libnds/lib/libnds9.a(interrupts.o)
                              /opt/devkitpro/libnds/lib/libnds9.a(initSystem.o) (irqInit)
/opt/devkitpro/libnds/lib/libnds9.a(libnds_exit.arm.o)
                              /opt/devkitpro/devkitARM/bin/../lib/gcc/arm-none-eabi/10.2.0/../../../../arm-none-eabi/lib/thumb/ds_arm9_crt0.o (__libnds_exit)
/opt/devkitpro/libnds/lib/libnds9.a(fifosystem.o)
                              /opt/devkitpro/libnds/lib/libnds9.a(initSystem.o) (fifoSetValue32Handler)
/opt/devkitpro/libnds/lib/libnds9.a(dcache.o)
                              /opt/devkitpro/libnds/lib/libnds9.a(sprite.o) (DC_FlushRange)
/opt/devkitpro/libnds/lib/libnds9.a(mpu_setup.o)
                              /opt/devkitpro/devkitARM/bin/../lib/gcc/arm-none-eabi/10.2.0/../../../../arm-none-eabi/lib/thumb/ds_arm9_crt0.o (__libnds_mpu_setup)
/opt/devkitpro/libnds/lib/libnds9.a(IntrWait.o)
                              graphics_main.o (swiWaitForVBlank)
/opt/devkitpro/libnds/lib/libnds9.a(cpu_clock.o)
                              /opt/devkitpro/libnds/lib/libnds9.a(initSystem.o) (setCpuClock)
/opt/devkitpro/libnds/lib/libnds9.a(interruptDispatcher.o)
                              /opt/devkitpro/libnds/lib/libnds9.a(interrupts.o) (IntrMain)
/opt/devkitpro/libnds/lib/libnds9.a(swiSoftReset.o)
                              /opt/devkitpro/libnds/lib/libnds9.a(fifosystem.o) (swiSoftReset)
/opt/devkitpro/libnds/lib/libnds9.a(biosCalls.o)
                              graphics_main.o (swiCopy)
/opt/devkitpro/libnds/lib/libnds9.a(dynamicArray.o)
                              /opt/devkitpro/libnds/lib/libnds9.a(videoGL.o) (DynamicArrayInit)
/opt/devkitpro/libnds/lib/libnds9.a(video.o)
                              /opt/devkitpro/libnds/lib/libnds9.a(videoGL.o) (vramSetBanks_EFG)
/opt/devkitpro/libnds/lib/libnds9.a(system.o)
                              /opt/devkitpro/libnds/lib/libnds9.a(initSystem.o) (systemValueHandler)
/opt/devkitpro/libnds/lib/libnds9.a(trig.o)
                              /opt/devkitpro/libnds/lib/libnds9.a(videoGL.o) (sinLerp)
/opt/devkitpro/devkitARM/bin/../lib/gcc/arm-none-eabi/10.2.0/../../../../arm-none-eabi/lib/thumb/libm.a(lib_a-s_atan.o)
                              graphics_sub.o (atan)
/opt/devkitpro/devkitARM/bin/../lib/gcc/arm-none-eabi/10.2.0/../../../../arm-none-eabi/lib/thumb/libm.a(lib_a-s_cos.o)
                              graphics_sub.o (cos)
/opt/devkitpro/devkitARM/bin/../lib/gcc/arm-none-eabi/10.2.0/../../../../arm-none-eabi/lib/thumb/libm.a(lib_a-s_fabs.o)
                              /opt/devkitpro/devkitARM/bin/../lib/gcc/arm-none-eabi/10.2.0/../../../../arm-none-eabi/lib/thumb/libm.a(lib_a-s_atan.o) (fabs)
/opt/devkitpro/devkitARM/bin/../lib/gcc/arm-none-eabi/10.2.0/../../../../arm-none-eabi/lib/thumb/libm.a(lib_a-s_sin.o)
                              graphics_sub.o (sin)
/opt/devkitpro/devkitARM/bin/../lib/gcc/arm-none-eabi/10.2.0/../../../../arm-none-eabi/lib/thumb/libm.a(lib_a-w_atan2.o)
                              physics.o (atan2)
/opt/devkitpro/devkitARM/bin/../lib/gcc/arm-none-eabi/10.2.0/../../../../arm-none-eabi/lib/thumb/libm.a(lib_a-w_sqrt.o)
                              graphics_sub.o (sqrt)
/opt/devkitpro/devkitARM/bin/../lib/gcc/arm-none-eabi/10.2.0/../../../../arm-none-eabi/lib/thumb/libm.a(lib_a-e_atan2.o)
                              /opt/devkitpro/devkitARM/bin/../lib/gcc/arm-none-eabi/10.2.0/../../../../arm-none-eabi/lib/thumb/libm.a(lib_a-w_atan2.o) (__ieee754_atan2)
/opt/devkitpro/devkitARM/bin/../lib/gcc/arm-none-eabi/10.2.0/../../../../arm-none-eabi/lib/thumb/libm.a(lib_a-e_rem_pio2.o)
                              /opt/devkitpro/devkitARM/bin/../lib/gcc/arm-none-eabi/10.2.0/../../../../arm-none-eabi/lib/thumb/libm.a(lib_a-s_cos.o) (__ieee754_rem_pio2)
[...]
Memory Configuration

Name             Origin             Length             Attributes
ewram            0x0000000002000000 0x0000000000380000
dtcm             0x0000000002ff0000 0x0000000000004000
vectors          0x0000000001000000 0x0000000000000100
itcm             0x0000000001000100 0x0000000000007f00
*default*        0x0000000000000000 0xffffffffffffffff

Linker script and memory map

                0x0000000002380000                __ewram_end = (ORIGIN (ewram) + LENGTH (ewram))
                0x0000000002380000                __eheap_end = (ORIGIN (ewram) + LENGTH (ewram))
                0x0000000002ff4000                __dtcm_top = (ORIGIN (dtcm) + LENGTH (dtcm))
                0x0000000002ff3ff8                __irq_flags = (__dtcm_top - 0x8)
                0x0000000002ff3ffc                __irq_vector = (__dtcm_top - 0x4)
                0x0000000002ff3f00                __sp_svc = (__dtcm_top - 0x100)
                0x0000000002ff3e00                __sp_irq = (__sp_svc - 0x100)
                0x0000000002ff3d00                __sp_usr = (__sp_irq - 0x100)

.secure         0x0000000002000000      0x800
 *(.secure)
 .secure        0x0000000002000000      0x800 /opt/devkitpro/libnds/lib/libnds9.a(securearea.o)
                0x0000000002000000                __secure_area__

.crt0           0x0000000002000800      0x300
                0x0000000002000800                __text_start = .
 *(.crt0)
 .crt0          0x0000000002000800      0x300 /opt/devkitpro/devkitARM/bin/../lib/gcc/arm-none-eabi/10.2.0/../../../../arm-none-eabi/lib/thumb/ds_arm9_crt0.o
                0x0000000002000800                _start
                0x0000000002000b00                . = ALIGN (0x4)

.plt
 *(.plt)

.init           0x0000000002000b00        0xc
 *(SORT_NONE(.init))
 .init          0x0000000002000b00        0x4 /opt/devkitpro/devkitARM/bin/../lib/gcc/arm-none-eabi/10.2.0/thumb/crti.o
                0x0000000002000b00                _init
 .init          0x0000000002000b04        0x8 /opt/devkitpro/devkitARM/bin/../lib/gcc/arm-none-eabi/10.2.0/thumb/crtn.o

.text           0x0000000002000b10     0x9700
 *(EXCLUDE_FILE(*.twl* *.vectors* *.itcm*) .text)
 .text          0x0000000002000b10      0x78c game.o
                0x0000000002000b10                get_rcs
                0x0000000002000b62                update_thrust
                0x0000000002000bbe                get_rocket_type
                0x0000000002000bf0                auto_pilot
                0x0000000002000d64                game_init
                0x0000000002000dc8                game_splash
                0x0000000002000df0                game_intro
                0x0000000002000e16                game_ingame
                0x0000000002001210                game_crash
                0x0000000002001264                game_pause
 .text          0x000000000200129c      0x4e8 graphics_main.o
                0x000000000200129c                graphics_main_config_sprite
                0x00000000020012fc                graphics_main_init
                0x000000000200130c                graphics_main_config_splash
                0x0000000002001380                graphics_main_config_crash_moon
                0x00000000020013f4                graphics_main_config_crash_earth
                0x0000000002001468                graphics_main_config_crash_wall
                0x00000000020014dc                graphics_main_config_intro
                0x0000000002001550                graphics_main_config_ingame
                0x0000000002001644                graphics_main_draw_path
                0x00000000020016a8                graphics_main_update_sprite
 .text          0x0000000002001784     0x13e4 graphics_sub.o
                0x00000000020017c4                graphics_sub_init
                0x00000000020017d4                graphics_sub_config_splash
                0x0000000002001860                graphics_sub_config_crash
                0x00000000020018ec                graphics_sub_config_pause
                0x0000000002001964                graphics_sub_config_intro
                0x00000000020019dc                graphics_sub_config_ingame
                0x0000000002001ba8                graphics_sub_rocket_ingame
                0x0000000002001cfc                graphics_sub_put_speed
                0x0000000002001d76                graphics_sub_put_alt
                0x0000000002001df0                graphics_sub_put_digit
                0x0000000002001f38                graphics_sub_put_slider
                0x0000000002002180                graphics_sub_set_ap
                0x00000000020024c4                graphics_sub_put_nav
                0x0000000002002808                graphics_sub_put_hor
 .text          0x0000000002002b68      0x20e input.o
                0x0000000002002b68                input_init
                0x0000000002002b78                input_read
 *fill*         0x0000000002002d76        0x2 ff
 .text          0x0000000002002d78       0x9c main.o
                0x0000000002002d78                main
 .text          0x0000000002002e14     0x177c physics.o
                0x0000000002002e14                physics_predict_orbit
                0x0000000002002edc                physics_step_lin
                0x0000000002002f40                physics_step_grav
                0x0000000002002ff4                physics_world_boundary
                0x00000000020030a4                physics_get_phi_earth
                0x0000000002003114                physics_get_r_earth
                0x000000000200319c                physics_get_phi_moon
                0x0000000002003210                physics_get_r_moon
                0x0000000002003298                physics_get_vel
                0x0000000002003308                physics_get_theta
                0x0000000002003360                physics_angle_reach
 .text          0x0000000002004590      0x11c /opt/devkitpro/devkitARM/bin/../lib/gcc/arm-none-eabi/10.2.0/thumb/libgcc.a(_udivsi3.o)
                0x0000000002004590                __udivsi3
                0x0000000002004590                __aeabi_uidiv
                0x000000000200468c                __aeabi_uidivmod
 .text          0x00000000020046ac      0x150 /opt/devkitpro/devkitARM/bin/../lib/gcc/arm-none-eabi/10.2.0/thumb/libgcc.a(_divsi3.o)
                0x00000000020046ac                __aeabi_idiv
                0x00000000020046ac                __divsi3
                0x00000000020047dc                __aeabi_idivmod
 .text          0x00000000020047fc        0x4 /opt/devkitpro/devkitARM/bin/../lib/gcc/arm-none-eabi/10.2.0/thumb/libgcc.a(_dvmd_tls.o)
                0x00000000020047fc                __aeabi_ldiv0
                0x00000000020047fc                __aeabi_idiv0
 .text          0x0000000002004800      0x424 /opt/devkitpro/devkitARM/bin/../lib/gcc/arm-none-eabi/10.2.0/thumb/libgcc.a(_arm_addsubdf3.o)
                0x0000000002004800                __aeabi_drsub
                0x0000000002004808                __subdf3
                0x0000000002004808                __aeabi_dsub
                0x000000000200480c                __aeabi_dadd
                0x000000000200480c                __adddf3
                0x0000000002004b1c                __aeabi_ui2d
                0x0000000002004b1c                __floatunsidf
                0x0000000002004b40                __floatsidf
                0x0000000002004b40                __aeabi_i2d
                0x0000000002004b68                __extendsfdf2
                0x0000000002004b68                __aeabi_f2d
                0x0000000002004bb0                __aeabi_ul2d
                0x0000000002004bb0                __floatundidf
                0x0000000002004bc4                __aeabi_l2d
                0x0000000002004bc4                __floatdidf
 .text          0x0000000002004c24      0x49c /opt/devkitpro/devkitARM/bin/../lib/gcc/arm-none-eabi/10.2.0/thumb/libgcc.a(_arm_muldivdf3.o)
                0x0000000002004c24                __aeabi_dmul
                0x0000000002004c24                __muldf3
                0x0000000002004eb4                __aeabi_ddiv
                0x0000000002004eb4                __divdf3
 .text          0x00000000020050c0      0x144 /opt/devkitpro/devkitARM/bin/../lib/gcc/arm-none-eabi/10.2.0/thumb/libgcc.a(_arm_cmpdf2.o)
                0x00000000020050c0                __gedf2
                0x00000000020050c0                __gtdf2
                0x00000000020050c8                __ledf2
                0x00000000020050c8                __ltdf2
                0x00000000020050d0                __cmpdf2
                0x00000000020050d0                __eqdf2
                0x00000000020050d0                __nedf2
                0x0000000002005158                __aeabi_cdrcmple
                0x0000000002005174                __aeabi_cdcmple
                0x0000000002005174                __aeabi_cdcmpeq
                0x000000000200518c                __aeabi_dcmpeq
                0x00000000020051a4                __aeabi_dcmplt
                0x00000000020051bc                __aeabi_dcmple
                0x00000000020051d4                __aeabi_dcmpge
                0x00000000020051ec                __aeabi_dcmpgt
 .text          0x0000000002005204       0x38 /opt/devkitpro/devkitARM/bin/../lib/gcc/arm-none-eabi/10.2.0/thumb/libgcc.a(_arm_unorddf2.o)
                0x0000000002005204                __aeabi_dcmpun
                0x0000000002005204                __unorddf2
 .text          0x000000000200523c       0x5c /opt/devkitpro/devkitARM/bin/../lib/gcc/arm-none-eabi/10.2.0/thumb/libgcc.a(_arm_fixdfsi.o)
                0x000000000200523c                __fixdfsi
                0x000000000200523c                __aeabi_d2iz
 .text          0x0000000002005298       0x54 /opt/devkitpro/devkitARM/bin/../lib/gcc/arm-none-eabi/10.2.0/thumb/libgcc.a(_arm_fixunsdfsi.o)
                0x0000000002005298                __fixunsdfsi
                0x0000000002005298                __aeabi_d2uiz
 .text          0x00000000020052ec       0xa0 /opt/devkitpro/devkitARM/bin/../lib/gcc/arm-none-eabi/10.2.0/thumb/libgcc.a(_arm_truncdfsf2.o)
                0x00000000020052ec                __aeabi_d2f
                0x00000000020052ec                __truncdfsf2
 .text          0x000000000200538c      0x2ac /opt/devkitpro/devkitARM/bin/../lib/gcc/arm-none-eabi/10.2.0/thumb/libgcc.a(_arm_addsubsf3.o)
                0x000000000200538c                __aeabi_frsub
                0x0000000002005394                __aeabi_fsub
                0x0000000002005394                __subsf3
                0x0000000002005398                __aeabi_fadd
                0x0000000002005398                __addsf3
                0x0000000002005554                __aeabi_ui2f
                0x0000000002005554                __floatunsisf
                0x000000000200555c                __floatsisf
                0x000000000200555c                __aeabi_i2f
                0x000000000200557c                __aeabi_ul2f
                0x000000000200557c                __floatundisf
                0x000000000200558c                __aeabi_l2f
                0x000000000200558c                __floatdisf
 .text          0x0000000002005638      0x2f8 /opt/devkitpro/devkitARM/bin/../lib/gcc/arm-none-eabi/10.2.0/thumb/libgcc.a(_arm_muldivsf3.o)
                0x0000000002005638                __mulsf3
                0x0000000002005638                __aeabi_fmul
                0x00000000020057d0                __divsf3
                0x00000000020057d0                __aeabi_fdiv
 .text          0x0000000002005930      0x114 /opt/devkitpro/devkitARM/bin/../lib/gcc/arm-none-eabi/10.2.0/thumb/libgcc.a(_arm_cmpsf2.o)
                0x0000000002005930                __gesf2
                0x0000000002005930                __gtsf2
                0x0000000002005938                __ltsf2
                0x0000000002005938                __lesf2
                0x0000000002005940                __nesf2
                0x0000000002005940                __eqsf2
                0x0000000002005940                __cmpsf2
                0x00000000020059a4                __aeabi_cfrcmple
                0x00000000020059b4                __aeabi_cfcmpeq
                0x00000000020059b4                __aeabi_cfcmple
                0x00000000020059cc                __aeabi_fcmpeq
                0x00000000020059e4                __aeabi_fcmplt
                0x00000000020059fc                __aeabi_fcmple
                0x0000000002005a14                __aeabi_fcmpge
                0x0000000002005a2c                __aeabi_fcmpgt
 .text          0x0000000002005a44       0x5c /opt/devkitpro/devkitARM/bin/../lib/gcc/arm-none-eabi/10.2.0/thumb/libgcc.a(_arm_fixsfsi.o)
                0x0000000002005a44                __fixsfsi
                0x0000000002005a44                __aeabi_f2iz
 .text          0x0000000002005aa0       0x54 /opt/devkitpro/devkitARM/bin/../lib/gcc/arm-none-eabi/10.2.0/thumb/libgcc.a(_arm_fixunssfsi.o)
                0x0000000002005aa0                __aeabi_f2uiz
                0x0000000002005aa0                __fixunssfsi
 *(EXCLUDE_FILE(*.twl* *.vectors* *.itcm*) .stub)
 *(EXCLUDE_FILE(*.twl* *.vectors* *.itcm*) .text.*)
 .text.__do_global_dtors_aux
                0x0000000002005af4       0x2c /opt/devkitpro/devkitARM/bin/../lib/gcc/arm-none-eabi/10.2.0/thumb/crtbegin.o
 .text.frame_dummy
                0x0000000002005b20       0x24 /opt/devkitpro/devkitARM/bin/../lib/gcc/arm-none-eabi/10.2.0/thumb/crtbegin.o
 .text.touchRead
                0x0000000002005b44       0x24 /opt/devkitpro/libnds/lib/libnds9.a(touch.o)
                0x0000000002005b44                touchRead
 .text.oamAllocReset
                0x0000000002005b68       0x1c /opt/devkitpro/libnds/lib/libnds9.a(sprite_alloc.o)
                0x0000000002005b68                oamAllocReset
 .text.oamAllocateGfx
                0x0000000002005b84      0x510 /opt/devkitpro/libnds/lib/libnds9.a(sprite_alloc.o)
                0x0000000002005b84                oamAllocateGfx
 .text.oamInit  0x0000000002006094      0x118 /opt/devkitpro/libnds/lib/libnds9.a(sprite.o)
                0x0000000002006094                oamInit
 .text.oamGetGfxPtr
                0x00000000020061ac       0x38 /opt/devkitpro/libnds/lib/libnds9.a(sprite.o)
                0x00000000020061ac                oamGetGfxPtr
 .text.oamGfxPtrToOffset
                0x00000000020061e4       0x34 /opt/devkitpro/libnds/lib/libnds9.a(sprite.o)
                0x00000000020061e4                oamGfxPtrToOffset
 .text.oamSet   0x0000000002006218      0x11c /opt/devkitpro/libnds/lib/libnds9.a(sprite.o)
                0x0000000002006218                oamSet
 .text.oamUpdate
                0x0000000002006334       0x60 /opt/devkitpro/libnds/lib/libnds9.a(sprite.o)
                0x0000000002006334                oamUpdate
 .text.oamRotateScale
                0x0000000002006394       0x4c /opt/devkitpro/libnds/lib/libnds9.a(sprite.o)
                0x0000000002006394                oamRotateScale
 .text.scanKeys
                0x00000000020063e0       0x8c /opt/devkitpro/libnds/lib/libnds9.a(keys.o)
                0x00000000020063e0                scanKeys
 .text.keysHeld
                0x000000000200646c        0xc /opt/devkitpro/libnds/lib/libnds9.a(keys.o)
                0x000000000200646c                keysHeld
 .text.keysDown
                0x0000000002006478       0x14 /opt/devkitpro/libnds/lib/libnds9.a(keys.o)
                0x0000000002006478                keysDown
 .text.keysDownRepeat
                0x000000000200648c       0x10 /opt/devkitpro/libnds/lib/libnds9.a(keys.o)
                0x000000000200648c                keysDownRepeat
 .text.initSystem
                0x000000000200649c      0x198 /opt/devkitpro/libnds/lib/libnds9.a(initSystem.o)
                0x000000000200649c                initSystem
 .text.__libnds_gtod
                0x0000000002006634       0x28 /opt/devkitpro/libnds/lib/libnds9.a(timeSupport.o)
                0x0000000002006634                __libnds_gtod
 .text.irqDummy
                0x000000000200665c        0x4 /opt/devkitpro/libnds/lib/libnds9.a(interrupts.o)
                0x000000000200665c                irqDummy
 .text.irqSet   0x0000000002006660       0x6c /opt/devkitpro/libnds/lib/libnds9.a(interrupts.o)
                0x0000000002006660                irqSet
 .text.irqInit  0x00000000020066cc       0x50 /opt/devkitpro/libnds/lib/libnds9.a(interrupts.o)
                0x00000000020066cc                irqInit
 .text.irqEnable
                0x000000000200671c       0x64 /opt/devkitpro/libnds/lib/libnds9.a(interrupts.o)
                0x000000000200671c                irqEnable
 .text.systemErrorExit
                0x0000000002006780        0x4 /opt/devkitpro/libnds/lib/libnds9.a(libnds_exit.arm.o)
                0x0000000002006780                systemErrorExit
 .text.__libnds_exit
                0x0000000002006784       0x5c /opt/devkitpro/libnds/lib/libnds9.a(libnds_exit.arm.o)
                0x0000000002006784                __libnds_exit
 .text.fifo_queueBlock
                0x00000000020067e0       0x44 /opt/devkitpro/libnds/lib/libnds9.a(fifosystem.o)
 .text.fifo_waitBlock
                0x0000000002006824       0x80 /opt/devkitpro/libnds/lib/libnds9.a(fifosystem.o)
 .text.fifoInternalSend.part.0
                0x00000000020068a4       0xd4 /opt/devkitpro/libnds/lib/libnds9.a(fifosystem.o)
 .text.fifoInternalSendInterrupt
                0x0000000002006978       0xa8 /opt/devkitpro/libnds/lib/libnds9.a(fifosystem.o)
 .text.fifoSetValue32Handler
                0x0000000002006a20       0xd8 /opt/devkitpro/libnds/lib/libnds9.a(fifosystem.o)
                0x0000000002006a20                fifoSetValue32Handler
 .text.fifoSendValue32
                0x0000000002006af8       0x4c /opt/devkitpro/libnds/lib/libnds9.a(fifosystem.o)
                0x0000000002006af8                fifoSendValue32
 .text.fifoGetDatamsg
                0x0000000002006b44       0xf4 /opt/devkitpro/libnds/lib/libnds9.a(fifosystem.o)
                0x0000000002006b44                fifoGetDatamsg
 .text.fifoInternalRecvInterrupt
                0x0000000002006c38      0x380 /opt/devkitpro/libnds/lib/libnds9.a(fifosystem.o)
 .text.fifoSetDatamsgHandler
                0x0000000002006fb8       0x9c /opt/devkitpro/libnds/lib/libnds9.a(fifosystem.o)
                0x0000000002006fb8                fifoSetDatamsgHandler
 .text.fifoInit
                0x0000000002007054       0xf8 /opt/devkitpro/libnds/lib/libnds9.a(fifosystem.o)
                0x0000000002007054                fifoInit
 .text.DC_FlushRange
                0x000000000200714c       0x24 /opt/devkitpro/libnds/lib/libnds9.a(dcache.o)
                0x000000000200714c                DC_FlushRange
 .text.__libnds_mpu_setup
                0x0000000002007170      0x174 /opt/devkitpro/libnds/lib/libnds9.a(mpu_setup.o)
                0x0000000002007170                __libnds_mpu_setup
 .text.memUncached
                0x00000000020072e4       0x20 /opt/devkitpro/libnds/lib/libnds9.a(mpu_setup.o)
                0x00000000020072e4                memUncached
 .text.swiWaitForVBlank
                0x0000000002007304        0x8 /opt/devkitpro/libnds/lib/libnds9.a(IntrWait.o)
                0x0000000002007304                swiWaitForVBlank
 .text.swiIntrWait
                0x000000000200730c       0x70 /opt/devkitpro/libnds/lib/libnds9.a(IntrWait.o)
                0x000000000200730c                swiIntrWait
 .text.setCpuClock
                0x000000000200737c       0x50 /opt/devkitpro/libnds/lib/libnds9.a(cpu_clock.o)
                0x000000000200737c                setCpuClock
 .text.swiSoftReset
                0x00000000020073cc       0x2c /opt/devkitpro/libnds/lib/libnds9.a(swiSoftReset.o)
                0x00000000020073cc                swiSoftReset
 .text.swiDelay
                0x00000000020073f8        0x4 /opt/devkitpro/libnds/lib/libnds9.a(biosCalls.o)
                0x00000000020073f8                swiDelay
 .text.swiCopy  0x00000000020073fc        0x4 /opt/devkitpro/libnds/lib/libnds9.a(biosCalls.o)
                0x00000000020073fc                swiCopy
 .text.vramDefault
                0x0000000002007400       0xd0 /opt/devkitpro/libnds/lib/libnds9.a(video.o)
                0x0000000002007400                vramDefault
 .text.systemValueHandler
                0x00000000020074d0       0x48 /opt/devkitpro/libnds/lib/libnds9.a(system.o)
                0x00000000020074d0                systemValueHandler
 .text.systemMsgHandler
                0x0000000002007518       0x60 /opt/devkitpro/libnds/lib/libnds9.a(system.o)
                0x0000000002007518                systemMsgHandler
 .text.powerOn  0x0000000002007578       0x2c /opt/devkitpro/libnds/lib/libnds9.a(system.o)
                0x0000000002007578                powerOn
 .text.sinLutLookup
                0x00000000020075a4       0x38 /opt/devkitpro/libnds/lib/libnds9.a(trig.o)
                0x00000000020075a4                sinLutLookup
 .text.sinLerp  0x00000000020075dc       0x40 /opt/devkitpro/libnds/lib/libnds9.a(trig.o)
                0x00000000020075dc                sinLerp
 .text.cosLerp  0x000000000200761c       0x4c /opt/devkitpro/libnds/lib/libnds9.a(trig.o)
                0x000000000200761c                cosLerp
 .text.atan     0x0000000002007668      0x334 /opt/devkitpro/devkitARM/bin/../lib/gcc/arm-none-eabi/10.2.0/../../../../arm-none-eabi/lib/thumb/libm.a(lib_a-s_atan.o)
                0x0000000002007668                atan
 .text.cos      0x000000000200799c       0xa4 /opt/devkitpro/devkitARM/bin/../lib/gcc/arm-none-eabi/10.2.0/../../../../arm-none-eabi/lib/thumb/libm.a(lib_a-s_cos.o)
                0x000000000200799c                cos
 .text.fabs     0x0000000002007a40        0x8 /opt/devkitpro/devkitARM/bin/../lib/gcc/arm-none-eabi/10.2.0/../../../../arm-none-eabi/lib/thumb/libm.a(lib_a-s_fabs.o)
                0x0000000002007a40                fabs
 .text.sin      0x0000000002007a48       0xa8 /opt/devkitpro/devkitARM/bin/../lib/gcc/arm-none-eabi/10.2.0/../../../../arm-none-eabi/lib/thumb/libm.a(lib_a-s_sin.o)
                0x0000000002007a48                sin
 .text.atan2    0x0000000002007af0        0xc /opt/devkitpro/devkitARM/bin/../lib/gcc/arm-none-eabi/10.2.0/../../../../arm-none-eabi/lib/thumb/libm.a(lib_a-w_atan2.o)
                0x0000000002007af0                atan2
 .text.sqrt     0x0000000002007afc       0x64 /opt/devkitpro/devkitARM/bin/../lib/gcc/arm-none-eabi/10.2.0/../../../../arm-none-eabi/lib/thumb/libm.a(lib_a-w_sqrt.o)
                0x0000000002007afc                sqrt
 .text.__ieee754_atan2
                0x0000000002007b60      0x17c /opt/devkitpro/devkitARM/bin/../lib/gcc/arm-none-eabi/10.2.0/../../../../arm-none-eabi/lib/thumb/libm.a(lib_a-e_atan2.o)
                0x0000000002007b60                __ieee754_atan2
 .text.__ieee754_rem_pio2
                0x0000000002007cdc      0x420 /opt/devkitpro/devkitARM/bin/../lib/gcc/arm-none-eabi/10.2.0/../../../../arm-none-eabi/lib/thumb/libm.a(lib_a-e_rem_pio2.o)
                0x0000000002007cdc                __ieee754_rem_pio2
 .text.__ieee754_sqrt
                0x00000000020080fc      0x1a4 /opt/devkitpro/devkitARM/bin/../lib/gcc/arm-none-eabi/10.2.0/../../../../arm-none-eabi/lib/thumb/libm.a(lib_a-e_sqrt.o)
                0x00000000020080fc                __ieee754_sqrt
 .text.__kernel_cos
                0x00000000020082a0      0x234 /opt/devkitpro/devkitARM/bin/../lib/gcc/arm-none-eabi/10.2.0/../../../../arm-none-eabi/lib/thumb/libm.a(lib_a-k_cos.o)
                0x00000000020082a0                __kernel_cos
 .text.__kernel_rem_pio2
                0x00000000020084d4      0x8d8 /opt/devkitpro/devkitARM/bin/../lib/gcc/arm-none-eabi/10.2.0/../../../../arm-none-eabi/lib/thumb/libm.a(lib_a-k_rem_pio2.o)
                0x00000000020084d4                __kernel_rem_pio2
 .text.__kernel_sin
                0x0000000002008dac      0x170 /opt/devkitpro/devkitARM/bin/../lib/gcc/arm-none-eabi/10.2.0/../../../../arm-none-eabi/lib/thumb/libm.a(lib_a-k_sin.o)
                0x0000000002008dac                __kernel_sin
 .text.floor    0x0000000002008f1c      0x13c /opt/devkitpro/devkitARM/bin/../lib/gcc/arm-none-eabi/10.2.0/../../../../arm-none-eabi/lib/thumb/libm.a(lib_a-s_floor.o)
                0x0000000002008f1c                floor
 .text.scalbn   0x0000000002009058       0xfc /opt/devkitpro/devkitARM/bin/../lib/gcc/arm-none-eabi/10.2.0/../../../../arm-none-eabi/lib/thumb/libm.a(lib_a-s_scalbn.o)
                0x0000000002009058                scalbn
 .text.__errno  0x0000000002009154        0xc /opt/devkitpro/devkitARM/bin/../lib/gcc/arm-none-eabi/10.2.0/../../../../arm-none-eabi/lib/thumb/libg.a(lib_a-errno.o)
                0x0000000002009154                __errno
 .text.__libc_init_array
                0x0000000002009160       0x50 /opt/devkitpro/devkitARM/bin/../lib/gcc/arm-none-eabi/10.2.0/../../../../arm-none-eabi/lib/thumb/libg.a(lib_a-init.o)
                0x0000000002009160                __libc_init_array
 .text.malloc   0x00000000020091b0       0x14 /opt/devkitpro/devkitARM/bin/../lib/gcc/arm-none-eabi/10.2.0/../../../../arm-none-eabi/lib/thumb/libg.a(lib_a-malloc.o)
                0x00000000020091b0                malloc
 .text.free     0x00000000020091c4       0x14 /opt/devkitpro/devkitARM/bin/../lib/gcc/arm-none-eabi/10.2.0/../../../../arm-none-eabi/lib/thumb/libg.a(lib_a-malloc.o)
                0x00000000020091c4                free
 .text._malloc_r
                0x00000000020091d8      0x59c /opt/devkitpro/devkitARM/bin/../lib/gcc/arm-none-eabi/10.2.0/../../../../arm-none-eabi/lib/thumb/libg.a(lib_a-mallocr.o)
                0x00000000020091d8                _malloc_r
 .text.memcpy   0x0000000002009774       0xa8 /opt/devkitpro/devkitARM/bin/../lib/gcc/arm-none-eabi/10.2.0/../../../../arm-none-eabi/lib/thumb/libg.a(lib_a-memcpy-stub.o)
                0x0000000002009774                memcpy
 .text.memset   0x000000000200981c       0xb0 /opt/devkitpro/devkitARM/bin/../lib/gcc/arm-none-eabi/10.2.0/../../../../arm-none-eabi/lib/thumb/libg.a(lib_a-memset.o)
                0x000000000200981c                memset
 .text.__malloc_lock
                0x00000000020098cc       0x14 /opt/devkitpro/devkitARM/bin/../lib/gcc/arm-none-eabi/10.2.0/../../../../arm-none-eabi/lib/thumb/libg.a(lib_a-mlock.o)
                0x00000000020098cc                __malloc_lock
 .text.__malloc_unlock
                0x00000000020098e0       0x14 /opt/devkitpro/devkitARM/bin/../lib/gcc/arm-none-eabi/10.2.0/../../../../arm-none-eabi/lib/thumb/libg.a(lib_a-mlock.o)
                0x00000000020098e0                __malloc_unlock
 .text.realloc  0x00000000020098f4       0x18 /opt/devkitpro/devkitARM/bin/../lib/gcc/arm-none-eabi/10.2.0/../../../../arm-none-eabi/lib/thumb/libg.a(lib_a-realloc.o)
                0x00000000020098f4                realloc
 .text._realloc_r
                0x000000000200990c      0x38c /opt/devkitpro/devkitARM/bin/../lib/gcc/arm-none-eabi/10.2.0/../../../../arm-none-eabi/lib/thumb/libg.a(lib_a-reallocr.o)
                0x000000000200990c                _realloc_r
 .text._malloc_trim_r
                0x0000000002009c98       0xa0 /opt/devkitpro/devkitARM/bin/../lib/gcc/arm-none-eabi/10.2.0/../../../../arm-none-eabi/lib/thumb/libg.a(lib_a-freer.o)
                0x0000000002009c98                _malloc_trim_r
 .text._free_r  0x0000000002009d38      0x1e0 /opt/devkitpro/devkitARM/bin/../lib/gcc/arm-none-eabi/10.2.0/../../../../arm-none-eabi/lib/thumb/libg.a(lib_a-freer.o)
                0x0000000002009d38                _free_r
 .text.memmove  0x0000000002009f18       0xbc /opt/devkitpro/devkitARM/bin/../lib/gcc/arm-none-eabi/10.2.0/../../../../arm-none-eabi/lib/thumb/libg.a(lib_a-memmove.o)
                0x0000000002009f18                memmove
 .text._sbrk_r  0x0000000002009fd4       0x54 /opt/devkitpro/devkitARM/bin/../lib/gcc/arm-none-eabi/10.2.0/../../../../arm-none-eabi/lib/thumb/libsysbase.a(sbrk.o)
                0x0000000002009fd4                _sbrk_r
 .text.build_argv
                0x000000000200a028       0x4c /opt/devkitpro/devkitARM/bin/../lib/gcc/arm-none-eabi/10.2.0/../../../../arm-none-eabi/lib/thumb/libsysbase.a(build_argv.o)
                0x000000000200a028                build_argv
 .text.__libc_lock_acquire_recursive
                0x000000000200a074       0x1c /opt/devkitpro/devkitARM/bin/../lib/gcc/arm-none-eabi/10.2.0/../../../../arm-none-eabi/lib/thumb/libsysbase.a(syscall_support.o)
                0x000000000200a074                __libc_lock_acquire_recursive
 .text.__libc_lock_release_recursive
                0x000000000200a090       0x1c /opt/devkitpro/devkitARM/bin/../lib/gcc/arm-none-eabi/10.2.0/../../../../arm-none-eabi/lib/thumb/libsysbase.a(syscall_support.o)
                0x000000000200a090                __libc_lock_release_recursive
 .text.__getreent
                0x000000000200a0ac       0x28 /opt/devkitpro/devkitARM/bin/../lib/gcc/arm-none-eabi/10.2.0/../../../../arm-none-eabi/lib/thumb/libsysbase.a(getreent.o)
                0x000000000200a0ac                __getreent
 *fill*         0x000000000200a0d4        0x4 ff
 .text.__getreent.__stub
                0x000000000200a0d8      0x130 linker stubs
 *(EXCLUDE_FILE(*.twl*) .gnu.warning)
 *(EXCLUDE_FILE(*.twl*) .gnu.linkonce.t*)
 *(.glue_7)
 .glue_7        0x000000000200a210        0x0 linker stubs
 *(.glue_7t)
 .glue_7t       0x000000000200a210        0x0 linker stubs
                0x000000000200a210                . = ALIGN (0x4)

.vfp11_veneer   0x000000000200a210        0x0
 .vfp11_veneer  0x000000000200a210        0x0 linker stubs

.v4_bx          0x000000000200a210        0x0
 .v4_bx         0x000000000200a210        0x0 linker stubs

.iplt           0x000000000200a210        0x0
 .iplt          0x000000000200a210        0x0 /opt/devkitpro/devkitARM/bin/../lib/gcc/arm-none-eabi/10.2.0/../../../../arm-none-eabi/lib/thumb/ds_arm9_crt0.o

.fini           0x000000000200a210        0xc
 *(.fini)
 .fini          0x000000000200a210        0x4 /opt/devkitpro/devkitARM/bin/../lib/gcc/arm-none-eabi/10.2.0/thumb/crti.o
                0x000000000200a210                _fini
 .fini          0x000000000200a214        0x8 /opt/devkitpro/devkitARM/bin/../lib/gcc/arm-none-eabi/10.2.0/thumb/crtn.o
                0x000000000200a21c                __text_end = .

.rodata         0x000000000200a220    0x60320
 *(EXCLUDE_FILE(*.twl*) .rodata)
 .rodata        0x000000000200a220     0x2080 backplate.o
                0x000000000200a220                backplateTiles
                0x000000000200bc20                backplateMap
                0x000000000200c220                backplatePal
 .rodata        0x000000000200c2a0     0xc200 crash_earth.o
                0x000000000200c2a0                crash_earthBitmap
                0x00000000020182a0                crash_earthPal
 .rodata        0x00000000020184a0     0xc200 crash_moon.o
                0x00000000020184a0                crash_moonBitmap
                0x00000000020244a0                crash_moonPal
 .rodata        0x00000000020246a0     0xc200 crash_wall.o
                0x00000000020246a0                crash_wallBitmap
                0x00000000020306a0                crash_wallPal
 .rodata        0x00000000020308a0     0x4080 fusee0.o
                0x00000000020308a0                fusee0Bitmap
                0x00000000020348a0                fusee0Pal
 .rodata        0x0000000002034920     0x4080 fusee1.o
                0x0000000002034920                fusee1Bitmap
                0x0000000002038920                fusee1Pal
 .rodata        0x00000000020389a0     0x4080 fusee2.o
                0x00000000020389a0                fusee2Bitmap
                0x000000000203c9a0                fusee2Pal
 .rodata        0x000000000203ca20     0x4080 horizon.o
                0x000000000203ca20                horizonBitmap
                0x0000000002040a20                horizonPal
 .rodata        0x0000000002040aa0     0x5080 numbers.o
                0x0000000002040aa0                numbersTiles
                0x0000000002045aa0                numbersPal
 .rodata        0x0000000002045b20     0xc080 planets.o
                0x0000000002045b20                planetsBitmap
                0x0000000002051b20                planetsPal
 .rodata        0x0000000002051ba0      0x240 rocket.o
                0x0000000002051ba0                rocketTiles
                0x0000000002051be0                rocketPal
 .rodata        0x0000000002051de0     0xc200 splash.o
                0x0000000002051de0                splashBitmap
                0x000000000205dde0                splashPal
 .rodata        0x000000000205dfe0     0xc200 splash2.o
                0x000000000205dfe0                splash2Bitmap
                0x0000000002069fe0                splash2Pal
 .rodata        0x000000000206a1e0       0x14 game.o
 *all.rodata*(*)
 *(EXCLUDE_FILE(*.twl*) .roda)
 *(EXCLUDE_FILE(*.twl*) .rodata.*)
 .rodata.SIN_LUT
                0x000000000206a1f4      0x102 /opt/devkitpro/libnds/lib/libnds9.a(trig.o)
                0x000000000206a1f4                SIN_LUT
 *fill*         0x000000000206a2f6        0x2 ff
 .rodata.atanhi
                0x000000000206a2f8       0x20 /opt/devkitpro/devkitARM/bin/../lib/gcc/arm-none-eabi/10.2.0/../../../../arm-none-eabi/lib/thumb/libm.a(lib_a-s_atan.o)
 .rodata.atanlo
                0x000000000206a318       0x20 /opt/devkitpro/devkitARM/bin/../lib/gcc/arm-none-eabi/10.2.0/../../../../arm-none-eabi/lib/thumb/libm.a(lib_a-s_atan.o)
 .rodata.CSWTCH.8
                0x000000000206a338       0x18 /opt/devkitpro/devkitARM/bin/../lib/gcc/arm-none-eabi/10.2.0/../../../../arm-none-eabi/lib/thumb/libm.a(lib_a-e_atan2.o)
 .rodata.CSWTCH.9
                0x000000000206a350       0x18 /opt/devkitpro/devkitARM/bin/../lib/gcc/arm-none-eabi/10.2.0/../../../../arm-none-eabi/lib/thumb/libm.a(lib_a-e_atan2.o)
 .rodata.npio2_hw
                0x000000000206a368       0x80 /opt/devkitpro/devkitARM/bin/../lib/gcc/arm-none-eabi/10.2.0/../../../../arm-none-eabi/lib/thumb/libm.a(lib_a-e_rem_pio2.o)
 .rodata.two_over_pi
                0x000000000206a3e8      0x108 /opt/devkitpro/devkitARM/bin/../lib/gcc/arm-none-eabi/10.2.0/../../../../arm-none-eabi/lib/thumb/libm.a(lib_a-e_rem_pio2.o)
 .rodata.PIo2   0x000000000206a4f0       0x40 /opt/devkitpro/devkitARM/bin/../lib/gcc/arm-none-eabi/10.2.0/../../../../arm-none-eabi/lib/thumb/libm.a(lib_a-k_rem_pio2.o)
 .rodata.init_jk
                0x000000000206a530       0x10 /opt/devkitpro/devkitARM/bin/../lib/gcc/arm-none-eabi/10.2.0/../../../../arm-none-eabi/lib/thumb/libm.a(lib_a-k_rem_pio2.o)
 *(EXCLUDE_FILE(*.twl*) .gnu.linkonce.r*)
                0x000000000206a540                . = ALIGN (0x4)

.ARM.extab
 *(.ARM.extab* .gnu.linkonce.armextab.*)
                0x000000000206a540                __exidx_start = .

ARM.exidx
 *(.ARM.exidx* .gnu.linkonce.armexidx.*)
                0x000000000206a540                __exidx_end = .
                0x000000000206a540                . = ALIGN (0x4)
                0x000000000206a540                PROVIDE (__preinit_array_start = .)

.preinit_array
 *(.preinit_array)
                0x000000000206a540                PROVIDE (__preinit_array_end = .)
                0x000000000206a540                PROVIDE (__init_array_start = .)

.init_array     0x000000000206a540        0x4
 *(SORT_BY_NAME(.init_array.*))
 *(.init_array)
 .init_array    0x000000000206a540        0x4 /opt/devkitpro/devkitARM/bin/../lib/gcc/arm-none-eabi/10.2.0/thumb/crtbegin.o
                0x000000000206a544                PROVIDE (__init_array_end = .)
                [!provide]                        PROVIDE (__fini_array_start = .)

.fini_array     0x000000000206a544        0x4
 *(.fini_array)
 .fini_array    0x000000000206a544        0x4 /opt/devkitpro/devkitARM/bin/../lib/gcc/arm-none-eabi/10.2.0/thumb/crtbegin.o
 *(SORT_BY_NAME(.fini_array.*))
                [!provide]                        PROVIDE (__fini_array_end = .)

.ctors          0x000000000206a548        0x0
 *crtbegin.o(.ctors)
 *(EXCLUDE_FILE(*crtend.o) .ctors)
 *(SORT_BY_NAME(.ctors.*))
 *(.ctors)
                0x000000000206a548                . = ALIGN (0x4)

.dtors          0x000000000206a548        0x0
 *crtbegin.o(.dtors)
 *(EXCLUDE_FILE(*crtend.o) .dtors)
 *(SORT_BY_NAME(.dtors.*))
 *(.dtors)
                0x000000000206a548                . = ALIGN (0x4)

.eh_frame       0x000000000206a548        0x4
 *(.eh_frame)
 .eh_frame      0x000000000206a548        0x0 /opt/devkitpro/devkitARM/bin/../lib/gcc/arm-none-eabi/10.2.0/thumb/crtbegin.o
 .eh_frame      0x000000000206a548        0x4 /opt/devkitpro/devkitARM/bin/../lib/gcc/arm-none-eabi/10.2.0/thumb/crtend.o
                0x000000000206a54c                . = ALIGN (0x4)

.rel.dyn        0x000000000206a54c        0x0
 .rel.iplt      0x000000000206a54c        0x0 /opt/devkitpro/devkitARM/bin/../lib/gcc/arm-none-eabi/10.2.0/../../../../arm-none-eabi/lib/thumb/ds_arm9_crt0.o

.gcc_except_table
                0x000000000206a54c        0x0
 *(.gcc_except_table)
                0x000000000206a54c                . = ALIGN (0x4)

.jcr
 *(.jcr)

.got
 *(.got.plt)
 *(.got)
 *(.rel.got)

.ewram          0x000000000206a54c        0x0
                0x000000000206a54c                __ewram_start = ABSOLUTE (.)
 *(.ewram)
 *ewram.*(.text)
                0x000000000206a54c                . = ALIGN (0x4)

.data           0x000000000206a54c      0x8dc
                0x000000000206a54c                __data_start = ABSOLUTE (.)
 *(EXCLUDE_FILE(*.twl*) .data)
 .data          0x000000000206a54c       0x28 /opt/devkitpro/libnds/lib/libnds9.a(mpu_setup.o)
 *(EXCLUDE_FILE(*.twl*) .data.*)
 .data.oamMain  0x000000000206a574       0x18 /opt/devkitpro/libnds/lib/libnds9.a(sprite.o)
                0x000000000206a574                oamMain
 .data.count    0x000000000206a58c        0x1 /opt/devkitpro/libnds/lib/libnds9.a(keys.o)
 .data.delay    0x000000000206a58d        0x1 /opt/devkitpro/libnds/lib/libnds9.a(keys.o)
 .data.repeat   0x000000000206a58e        0x1 /opt/devkitpro/libnds/lib/libnds9.a(keys.o)
 *fill*         0x000000000206a58f        0x1 ff
 .data.fifo_buffer_free
                0x000000000206a590        0x4 /opt/devkitpro/libnds/lib/libnds9.a(fifosystem.o)
                0x000000000206a590                fifo_buffer_free
 .data.fifo_freewords
                0x000000000206a594        0x4 /opt/devkitpro/libnds/lib/libnds9.a(fifosystem.o)
                0x000000000206a594                fifo_freewords
 .data.fifo_receive_queue
                0x000000000206a598        0x4 /opt/devkitpro/libnds/lib/libnds9.a(fifosystem.o)
                0x000000000206a598                fifo_receive_queue
 .data.fifo_send_queue
                0x000000000206a59c        0x4 /opt/devkitpro/libnds/lib/libnds9.a(fifosystem.o)
                0x000000000206a59c                fifo_send_queue
 .data.__fdlib_version
                0x000000000206a5a0        0x1 /opt/devkitpro/devkitARM/bin/../lib/gcc/arm-none-eabi/10.2.0/../../../../arm-none-eabi/lib/thumb/libm.a(lib_a-s_lib_ver.o)
                0x000000000206a5a0                __fdlib_version
 *fill*         0x000000000206a5a1        0x3 ff
 .data.__malloc_av_
                0x000000000206a5a4      0x408 /opt/devkitpro/devkitARM/bin/../lib/gcc/arm-none-eabi/10.2.0/../../../../arm-none-eabi/lib/thumb/libg.a(lib_a-mallocr.o)
                0x000000000206a5a4                __malloc_av_
 .data.__malloc_sbrk_base
                0x000000000206a9ac        0x4 /opt/devkitpro/devkitARM/bin/../lib/gcc/arm-none-eabi/10.2.0/../../../../arm-none-eabi/lib/thumb/libg.a(lib_a-mallocr.o)
                0x000000000206a9ac                __malloc_sbrk_base
 .data.__malloc_trim_threshold
                0x000000000206a9b0        0x4 /opt/devkitpro/devkitARM/bin/../lib/gcc/arm-none-eabi/10.2.0/../../../../arm-none-eabi/lib/thumb/libg.a(lib_a-mallocr.o)
                0x000000000206a9b0                __malloc_trim_threshold
 .data.__malloc_recursive_mutex
                0x000000000206a9b4        0xc /opt/devkitpro/devkitARM/bin/../lib/gcc/arm-none-eabi/10.2.0/../../../../arm-none-eabi/lib/thumb/libg.a(lib_a-mlock.o)
 .data._impure_ptr
                0x000000000206a9c0        0x4 /opt/devkitpro/devkitARM/bin/../lib/gcc/arm-none-eabi/10.2.0/../../../../arm-none-eabi/lib/thumb/libg.a(lib_a-impure.o)
                0x000000000206a9c0                _impure_ptr
 *fill*         0x000000000206a9c4        0x4 ff
 .data.impure_data
                0x000000000206a9c8      0x460 /opt/devkitpro/devkitARM/bin/../lib/gcc/arm-none-eabi/10.2.0/../../../../arm-none-eabi/lib/thumb/libg.a(lib_a-impure.o)
 *(EXCLUDE_FILE(*.twl*) .gnu.linkonce.d*)
                0x000000000206ae28                . = ALIGN (0x4)
                0x000000000206ae28                __data_end = ABSOLUTE (.)
                0x000000000206ae28                __bss_vma = .

.igot.plt       0x000000000206ae28        0x0
 .igot.plt      0x000000000206ae28        0x0 /opt/devkitpro/devkitARM/bin/../lib/gcc/arm-none-eabi/10.2.0/../../../../arm-none-eabi/lib/thumb/ds_arm9_crt0.o

.dtcm           0x0000000002ff0000        0x0 load address 0x000000000206ae28
                0x000000000206ae28                __dtcm_lma = LOADADDR (.dtcm)
                0x0000000002ff0000                __dtcm_start = ABSOLUTE (.)
 *(.dtcm)
 *(.dtcm.*)
                0x0000000002ff0000                . = ALIGN (0x4)
                0x0000000002ff0000                __dtcm_end = ABSOLUTE (.)

.itcm           0x0000000001000100      0x194 load address 0x000000000206ae28
                0x000000000206ae28                __itcm_lma = LOADADDR (.itcm)
                0x0000000001000100                __itcm_start = ABSOLUTE (.)
 *(.itcm)
 .itcm          0x0000000001000100       0xc8 /opt/devkitpro/libnds/lib/libnds9.a(interrupts.o)
                0x0000000001000100                irqTable
 .itcm          0x00000000010001c8       0xcc /opt/devkitpro/libnds/lib/libnds9.a(interruptDispatcher.o)
                0x00000000010001c8                IntrMain
 *.itcm*(.text .stub .text.*)
                0x0000000001000294                . = ALIGN (0x4)
                0x0000000001000294                __itcm_end = ABSOLUTE (.)

.vectors        0x0000000001000000        0x0 load address 0x000000000206afbc
                0x000000000206afbc                __vectors_lma = LOADADDR (.vectors)
                0x0000000001000000                __vectors_start = ABSOLUTE (.)
 *(.vectors .vectors.*)
                0x0000000001000000                . = ALIGN (0x4)
                0x0000000001000000                __vectors_end = ABSOLUTE (.)

.sbss           0x0000000002ff0000        0x0
                0x0000000002ff0000                __sbss_start = ABSOLUTE (.)
                0x0000000002ff0000                __sbss_start__ = ABSOLUTE (.)
 *(.sbss)
                0x0000000002ff0000                . = ALIGN (0x4)
                0x0000000002ff0000                __sbss_end = ABSOLUTE (.)

.bss            0x000000000206ae28      0xf6c
                0x000000000206ae28                __bss_start = ABSOLUTE (.)
                0x000000000206ae28                __bss_start__ = ABSOLUTE (.)
 *(EXCLUDE_FILE(*.twl*) .dynbss)
 *(EXCLUDE_FILE(*.twl*) .gnu.linkonce.b*)
 *(EXCLUDE_FILE(*.twl*) .bss*)
 .bss.completed.1
                0x000000000206ae28        0x1 /opt/devkitpro/devkitARM/bin/../lib/gcc/arm-none-eabi/10.2.0/thumb/crtbegin.o
 *fill*         0x000000000206ae29        0x3 
 .bss.object.0  0x000000000206ae2c       0x18 /opt/devkitpro/devkitARM/bin/../lib/gcc/arm-none-eabi/10.2.0/thumb/crtbegin.o
 .bss           0x000000000206ae44        0x8 graphics_main.o
 .bss           0x000000000206ae4c        0xc graphics_sub.o
 .bss           0x000000000206ae58       0x60 main.o
 .bss.OamMemory
                0x000000000206aeb8      0x400 /opt/devkitpro/libnds/lib/libnds9.a(sprite.o)
                0x000000000206aeb8                OamMemory
 .bss.keys      0x000000000206b2b8        0x2 /opt/devkitpro/libnds/lib/libnds9.a(keys.o)
 .bss.keysold   0x000000000206b2ba        0x2 /opt/devkitpro/libnds/lib/libnds9.a(keys.o)
 .bss.keysrepeat
                0x000000000206b2bc        0x2 /opt/devkitpro/libnds/lib/libnds9.a(keys.o)
 .bss.__dsimode
                0x000000000206b2be        0x1 /opt/devkitpro/libnds/lib/libnds9.a(initSystem.o)
                0x000000000206b2be                __dsimode
 *fill*         0x000000000206b2bf        0x1 
 .bss.punixTime
                0x000000000206b2c0        0x4 /opt/devkitpro/libnds/lib/libnds9.a(timeSupport.o)
                0x000000000206b2c0                punixTime
 .bss.fifo_address_data
                0x000000000206b2c4       0x40 /opt/devkitpro/libnds/lib/libnds9.a(fifosystem.o)
                0x000000000206b2c4                fifo_address_data
 .bss.fifo_address_func
                0x000000000206b304       0x40 /opt/devkitpro/libnds/lib/libnds9.a(fifosystem.o)
                0x000000000206b304                fifo_address_func
 .bss.fifo_address_queue
                0x000000000206b344       0x40 /opt/devkitpro/libnds/lib/libnds9.a(fifosystem.o)
                0x000000000206b344                fifo_address_queue
 .bss.fifo_buffer
                0x000000000206b384      0x800 /opt/devkitpro/libnds/lib/libnds9.a(fifosystem.o)
                0x000000000206b384                fifo_buffer
 .bss.fifo_data_queue
                0x000000000206bb84       0x40 /opt/devkitpro/libnds/lib/libnds9.a(fifosystem.o)
                0x000000000206bb84                fifo_data_queue
 .bss.fifo_datamsg_data
                0x000000000206bbc4       0x40 /opt/devkitpro/libnds/lib/libnds9.a(fifosystem.o)
                0x000000000206bbc4                fifo_datamsg_data
 .bss.fifo_datamsg_func
                0x000000000206bc04       0x40 /opt/devkitpro/libnds/lib/libnds9.a(fifosystem.o)
                0x000000000206bc04                fifo_datamsg_func
 .bss.fifo_value32_data
                0x000000000206bc44       0x40 /opt/devkitpro/libnds/lib/libnds9.a(fifosystem.o)
                0x000000000206bc44                fifo_value32_data
 .bss.fifo_value32_func
                0x000000000206bc84       0x40 /opt/devkitpro/libnds/lib/libnds9.a(fifosystem.o)
                0x000000000206bc84                fifo_value32_func
 .bss.fifo_value32_queue
                0x000000000206bcc4       0x40 /opt/devkitpro/libnds/lib/libnds9.a(fifosystem.o)
                0x000000000206bcc4                fifo_value32_queue
 .bss.processing
                0x000000000206bd04        0x4 /opt/devkitpro/libnds/lib/libnds9.a(fifosystem.o)
                0x000000000206bd04                processing
 .bss.SDcallback
                0x000000000206bd08        0x4 /opt/devkitpro/libnds/lib/libnds9.a(system.o)
 .bss.__malloc_current_mallinfo
                0x000000000206bd0c       0x28 /opt/devkitpro/devkitARM/bin/../lib/gcc/arm-none-eabi/10.2.0/../../../../arm-none-eabi/lib/thumb/libg.a(lib_a-mallocr.o)
                0x000000000206bd0c                __malloc_current_mallinfo
 .bss.__malloc_max_sbrked_mem
                0x000000000206bd34        0x4 /opt/devkitpro/devkitARM/bin/../lib/gcc/arm-none-eabi/10.2.0/../../../../arm-none-eabi/lib/thumb/libg.a(lib_a-mallocr.o)
                0x000000000206bd34                __malloc_max_sbrked_mem
 .bss.__malloc_max_total_mem
                0x000000000206bd38        0x4 /opt/devkitpro/devkitARM/bin/../lib/gcc/arm-none-eabi/10.2.0/../../../../arm-none-eabi/lib/thumb/libg.a(lib_a-mallocr.o)
                0x000000000206bd38                __malloc_max_total_mem
 .bss.__malloc_top_pad
                0x000000000206bd3c        0x4 /opt/devkitpro/devkitARM/bin/../lib/gcc/arm-none-eabi/10.2.0/../../../../arm-none-eabi/lib/thumb/libg.a(lib_a-mallocr.o)
                0x000000000206bd3c                __malloc_top_pad
 .bss.heap_start.0
                0x000000000206bd40        0x4 /opt/devkitpro/devkitARM/bin/../lib/gcc/arm-none-eabi/10.2.0/../../../../arm-none-eabi/lib/thumb/libsysbase.a(sbrk.o)
 .bss.fake_heap_end
                0x000000000206bd44        0x4 /opt/devkitpro/devkitARM/bin/../lib/gcc/arm-none-eabi/10.2.0/../../../../arm-none-eabi/lib/thumb/libsysbase.a(malloc_vars.o)
                0x000000000206bd44                fake_heap_end
 .bss.fake_heap_start
                0x000000000206bd48        0x4 /opt/devkitpro/devkitARM/bin/../lib/gcc/arm-none-eabi/10.2.0/../../../../arm-none-eabi/lib/thumb/libsysbase.a(malloc_vars.o)
                0x000000000206bd48                fake_heap_start
 .bss.__syscalls
                0x000000000206bd4c       0x48 /opt/devkitpro/devkitARM/bin/../lib/gcc/arm-none-eabi/10.2.0/../../../../arm-none-eabi/lib/thumb/libsysbase.a(syscall_support.o)
                0x000000000206bd4c                __syscalls
 *(EXCLUDE_FILE(*.twl*) COMMON)
                0x000000000206bd94                . = ALIGN (0x4)
                0x000000000206bd94                __bss_end__ = ABSOLUTE (.)
                0x000000000206bd94                __end__ = ABSOLUTE (.)

.twl            0x000000000206bd94        0x0 load address 0x0000000002400000
                0x0000000002400000                __arm9i_lma__ = LOADADDR (.twl)
                0x000000000206bd94                __arm9i_start__ = ABSOLUTE (.)
 *(.twl)
 *.twl*(.text .stub .text.* .gnu.linkonce.t.*)
 *.twl*(.rodata)
 *.twl*(.roda)
 *.twl*(.rodata.*)
 *.twl*(.data)
 *.twl*(.data.*)
 *.twl*(.gnu.linkonce.d*)
                0x000000000206bd94                __arm9i_end__ = ABSOLUTE (.)

.twl_bss        0x000000000206bd94        0x0
                0x000000000206bd94                __twl_bss_start__ = ABSOLUTE (.)
 *(.twl_bss)
 *.twl*(.dynbss)
 *.twl*(.gnu.linkonce.b*)
 *.twl*(.bss*)
 *.twl*(COMMON)
                0x000000000206bd94                . = ALIGN (0x4)
                0x000000000206bd94                __twl_bss_end__ = ABSOLUTE (.)
                0x000000000206bd94                __twl_end__ = ABSOLUTE (.)

.stab
 *(.stab)

.stabstr
 *(.stabstr)

.stab.excl
 *(.stab.excl)

.stab.exclstr
 *(.stab.exclstr)

.stab.index
 *(.stab.index)

.stab.indexstr
 *(.stab.indexstr)

.comment        0x0000000000000000       0x23
 *(.comment)
 .comment       0x0000000000000000       0x23 /opt/devkitpro/devkitARM/bin/../lib/gcc/arm-none-eabi/10.2.0/thumb/crtbegin.o
                                         0x24 (size before relaxing)
 .comment       0x0000000000000023       0x24 game.o
 .comment       0x0000000000000023       0x24 graphics_main.o
 .comment       0x0000000000000023       0x24 graphics_sub.o
 .comment       0x0000000000000023       0x24 input.o
 .comment       0x0000000000000023       0x24 main.o
 .comment       0x0000000000000023       0x24 physics.o
 .comment       0x0000000000000023       0x24 /opt/devkitpro/libnds/lib/libnds9.a(touch.o)
 .comment       0x0000000000000023       0x24 /opt/devkitpro/libnds/lib/libnds9.a(sprite_alloc.o)
 .comment       0x0000000000000023       0x24 /opt/devkitpro/libnds/lib/libnds9.a(sprite.o)
 .comment       0x0000000000000023       0x24 /opt/devkitpro/libnds/lib/libnds9.a(keys.o)
 .comment       0x0000000000000023       0x24 /opt/devkitpro/libnds/lib/libnds9.a(initSystem.o)
 .comment       0x0000000000000023       0x24 /opt/devkitpro/libnds/lib/libnds9.a(timeSupport.o)
 .comment       0x0000000000000023       0x24 /opt/devkitpro/libnds/lib/libnds9.a(securearea.o)
 .comment       0x0000000000000023       0x24 /opt/devkitpro/libnds/lib/libnds9.a(interrupts.o)
 .comment       0x0000000000000023       0x24 /opt/devkitpro/libnds/lib/libnds9.a(libnds_exit.arm.o)
 .comment       0x0000000000000023       0x24 /opt/devkitpro/libnds/lib/libnds9.a(fifosystem.o)
 .comment       0x0000000000000023       0x24 /opt/devkitpro/libnds/lib/libnds9.a(video.o)
 .comment       0x0000000000000023       0x24 /opt/devkitpro/libnds/lib/libnds9.a(system.o)
 .comment       0x0000000000000023       0x24 /opt/devkitpro/libnds/lib/libnds9.a(trig.o)
 .comment       0x0000000000000023       0x24 /opt/devkitpro/devkitARM/bin/../lib/gcc/arm-none-eabi/10.2.0/../../../../arm-none-eabi/lib/thumb/libm.a(lib_a-s_atan.o)
 .comment       0x0000000000000023       0x24 /opt/devkitpro/devkitARM/bin/../lib/gcc/arm-none-eabi/10.2.0/../../../../arm-none-eabi/lib/thumb/libm.a(lib_a-s_cos.o)
 .comment       0x0000000000000023       0x24 /opt/devkitpro/devkitARM/bin/../lib/gcc/arm-none-eabi/10.2.0/../../../../arm-none-eabi/lib/thumb/libm.a(lib_a-s_fabs.o)
 .comment       0x0000000000000023       0x24 /opt/devkitpro/devkitARM/bin/../lib/gcc/arm-none-eabi/10.2.0/../../../../arm-none-eabi/lib/thumb/libm.a(lib_a-s_sin.o)
 .comment       0x0000000000000023       0x24 /opt/devkitpro/devkitARM/bin/../lib/gcc/arm-none-eabi/10.2.0/../../../../arm-none-eabi/lib/thumb/libm.a(lib_a-w_atan2.o)
 .comment       0x0000000000000023       0x24 /opt/devkitpro/devkitARM/bin/../lib/gcc/arm-none-eabi/10.2.0/../../../../arm-none-eabi/lib/thumb/libm.a(lib_a-w_sqrt.o)
 .comment       0x0000000000000023       0x24 /opt/devkitpro/devkitARM/bin/../lib/gcc/arm-none-eabi/10.2.0/../../../../arm-none-eabi/lib/thumb/libm.a(lib_a-e_atan2.o)
 .comment       0x0000000000000023       0x24 /opt/devkitpro/devkitARM/bin/../lib/gcc/arm-none-eabi/10.2.0/../../../../arm-none-eabi/lib/thumb/libm.a(lib_a-e_rem_pio2.o)
 .comment       0x0000000000000023       0x24 /opt/devkitpro/devkitARM/bin/../lib/gcc/arm-none-eabi/10.2.0/../../../../arm-none-eabi/lib/thumb/libm.a(lib_a-e_sqrt.o)
 .comment       0x0000000000000023       0x24 /opt/devkitpro/devkitARM/bin/../lib/gcc/arm-none-eabi/10.2.0/../../../../arm-none-eabi/lib/thumb/libm.a(lib_a-k_cos.o)
 .comment       0x0000000000000023       0x24 /opt/devkitpro/devkitARM/bin/../lib/gcc/arm-none-eabi/10.2.0/../../../../arm-none-eabi/lib/thumb/libm.a(lib_a-k_rem_pio2.o)
 .comment       0x0000000000000023       0x24 /opt/devkitpro/devkitARM/bin/../lib/gcc/arm-none-eabi/10.2.0/../../../../arm-none-eabi/lib/thumb/libm.a(lib_a-k_sin.o)
 .comment       0x0000000000000023       0x24 /opt/devkitpro/devkitARM/bin/../lib/gcc/arm-none-eabi/10.2.0/../../../../arm-none-eabi/lib/thumb/libm.a(lib_a-s_floor.o)
 .comment       0x0000000000000023       0x24 /opt/devkitpro/devkitARM/bin/../lib/gcc/arm-none-eabi/10.2.0/../../../../arm-none-eabi/lib/thumb/libm.a(lib_a-s_lib_ver.o)
 .comment       0x0000000000000023       0x24 /opt/devkitpro/devkitARM/bin/../lib/gcc/arm-none-eabi/10.2.0/../../../../arm-none-eabi/lib/thumb/libm.a(lib_a-s_scalbn.o)
 .comment       0x0000000000000023       0x24 /opt/devkitpro/devkitARM/bin/../lib/gcc/arm-none-eabi/10.2.0/../../../../arm-none-eabi/lib/thumb/libg.a(lib_a-errno.o)
 .comment       0x0000000000000023       0x24 /opt/devkitpro/devkitARM/bin/../lib/gcc/arm-none-eabi/10.2.0/../../../../arm-none-eabi/lib/thumb/libg.a(lib_a-init.o)
 .comment       0x0000000000000023       0x24 /opt/devkitpro/devkitARM/bin/../lib/gcc/arm-none-eabi/10.2.0/../../../../arm-none-eabi/lib/thumb/libg.a(lib_a-malloc.o)
 .comment       0x0000000000000023       0x24 /opt/devkitpro/devkitARM/bin/../lib/gcc/arm-none-eabi/10.2.0/../../../../arm-none-eabi/lib/thumb/libg.a(lib_a-mallocr.o)
 .comment       0x0000000000000023       0x24 /opt/devkitpro/devkitARM/bin/../lib/gcc/arm-none-eabi/10.2.0/../../../../arm-none-eabi/lib/thumb/libg.a(lib_a-memcpy-stub.o)
 .comment       0x0000000000000023       0x24 /opt/devkitpro/devkitARM/bin/../lib/gcc/arm-none-eabi/10.2.0/../../../../arm-none-eabi/lib/thumb/libg.a(lib_a-memset.o)
 .comment       0x0000000000000023       0x24 /opt/devkitpro/devkitARM/bin/../lib/gcc/arm-none-eabi/10.2.0/../../../../arm-none-eabi/lib/thumb/libg.a(lib_a-mlock.o)
 .comment       0x0000000000000023       0x24 /opt/devkitpro/devkitARM/bin/../lib/gcc/arm-none-eabi/10.2.0/../../../../arm-none-eabi/lib/thumb/libg.a(lib_a-realloc.o)
 .comment       0x0000000000000023       0x24 /opt/devkitpro/devkitARM/bin/../lib/gcc/arm-none-eabi/10.2.0/../../../../arm-none-eabi/lib/thumb/libg.a(lib_a-reallocr.o)
 .comment       0x0000000000000023       0x24 /opt/devkitpro/devkitARM/bin/../lib/gcc/arm-none-eabi/10.2.0/../../../../arm-none-eabi/lib/thumb/libg.a(lib_a-freer.o)
 .comment       0x0000000000000023       0x24 /opt/devkitpro/devkitARM/bin/../lib/gcc/arm-none-eabi/10.2.0/../../../../arm-none-eabi/lib/thumb/libg.a(lib_a-memmove.o)
 .comment       0x0000000000000023       0x24 /opt/devkitpro/devkitARM/bin/../lib/gcc/arm-none-eabi/10.2.0/../../../../arm-none-eabi/lib/thumb/libsysbase.a(sbrk.o)
 .comment       0x0000000000000023       0x24 /opt/devkitpro/devkitARM/bin/../lib/gcc/arm-none-eabi/10.2.0/../../../../arm-none-eabi/lib/thumb/libsysbase.a(malloc_vars.o)
 .comment       0x0000000000000023       0x24 /opt/devkitpro/devkitARM/bin/../lib/gcc/arm-none-eabi/10.2.0/../../../../arm-none-eabi/lib/thumb/libsysbase.a(build_argv.o)
 .comment       0x0000000000000023       0x24 /opt/devkitpro/devkitARM/bin/../lib/gcc/arm-none-eabi/10.2.0/../../../../arm-none-eabi/lib/thumb/libsysbase.a(syscall_support.o)
 .comment       0x0000000000000023       0x24 /opt/devkitpro/devkitARM/bin/../lib/gcc/arm-none-eabi/10.2.0/../../../../arm-none-eabi/lib/thumb/libsysbase.a(getreent.o)
 .comment       0x0000000000000023       0x24 /opt/devkitpro/devkitARM/bin/../lib/gcc/arm-none-eabi/10.2.0/../../../../arm-none-eabi/lib/thumb/libg.a(lib_a-impure.o)
 .comment       0x0000000000000023       0x24 /opt/devkitpro/devkitARM/bin/../lib/gcc/arm-none-eabi/10.2.0/thumb/crtend.o

.ARM.attributes
                0x0000000000000000       0x2d
 .ARM.attributes
                0x0000000000000000       0x21 /opt/devkitpro/devkitARM/bin/../lib/gcc/arm-none-eabi/10.2.0/../../../../arm-none-eabi/lib/thumb/ds_arm9_crt0.o
 .ARM.attributes
                0x0000000000000021       0x1c /opt/devkitpro/devkitARM/bin/../lib/gcc/arm-none-eabi/10.2.0/thumb/crti.o
 .ARM.attributes
                0x000000000000003d       0x2a /opt/devkitpro/devkitARM/bin/../lib/gcc/arm-none-eabi/10.2.0/thumb/crtbegin.o
 .ARM.attributes
                0x0000000000000067       0x1a backplate.o
 .ARM.attributes
                0x0000000000000081       0x1a crash_earth.o
 .ARM.attributes
                0x000000000000009b       0x1a crash_moon.o
 .ARM.attributes
                0x00000000000000b5       0x1a crash_wall.o
 .ARM.attributes
                0x00000000000000cf       0x1a fusee0.o
 .ARM.attributes
                0x00000000000000e9       0x1a fusee1.o
 .ARM.attributes
                0x0000000000000103       0x1a fusee2.o
 .ARM.attributes
                0x000000000000011d       0x1a horizon.o
 .ARM.attributes
                0x0000000000000137       0x1a numbers.o
 .ARM.attributes
                0x0000000000000151       0x1a planets.o
 .ARM.attributes
                0x000000000000016b       0x1a rocket.o
 .ARM.attributes
                0x0000000000000185       0x1a splash.o
 .ARM.attributes
                0x000000000000019f       0x1a splash2.o
 .ARM.attributes
                0x00000000000001b9       0x27 game.o
 .ARM.attributes
                0x00000000000001e0       0x27 graphics_main.o
 .ARM.attributes
                0x0000000000000207       0x27 graphics_sub.o
 .ARM.attributes
                0x000000000000022e       0x27 input.o
 .ARM.attributes
                0x0000000000000255       0x27 main.o
 .ARM.attributes
                0x000000000000027c       0x27 physics.o
 .ARM.attributes
                0x00000000000002a3       0x2b /opt/devkitpro/libnds/lib/libnds9.a(touch.o)
 .ARM.attributes
                0x00000000000002ce       0x2b /opt/devkitpro/libnds/lib/libnds9.a(sprite_alloc.o)
 .ARM.attributes
                0x00000000000002f9       0x2b /opt/devkitpro/libnds/lib/libnds9.a(sprite.o)
 .ARM.attributes
                0x0000000000000324       0x2b /opt/devkitpro/libnds/lib/libnds9.a(keys.o)
 .ARM.attributes
                0x000000000000034f       0x2b /opt/devkitpro/libnds/lib/libnds9.a(initSystem.o)
 .ARM.attributes
                0x000000000000037a       0x2b /opt/devkitpro/libnds/lib/libnds9.a(timeSupport.o)
 .ARM.attributes
                0x00000000000003a5       0x2b /opt/devkitpro/libnds/lib/libnds9.a(securearea.o)
 .ARM.attributes
                0x00000000000003d0       0x2b /opt/devkitpro/libnds/lib/libnds9.a(interrupts.o)
 .ARM.attributes
                0x00000000000003fb       0x2b /opt/devkitpro/libnds/lib/libnds9.a(libnds_exit.arm.o)
 .ARM.attributes
                0x0000000000000426       0x2b /opt/devkitpro/libnds/lib/libnds9.a(fifosystem.o)
 .ARM.attributes
                0x0000000000000451       0x1b /opt/devkitpro/libnds/lib/libnds9.a(dcache.o)
 .ARM.attributes
                0x000000000000046c       0x21 /opt/devkitpro/libnds/lib/libnds9.a(mpu_setup.o)
 .ARM.attributes
                0x000000000000048d       0x21 /opt/devkitpro/libnds/lib/libnds9.a(IntrWait.o)
 .ARM.attributes
                0x00000000000004ae       0x21 /opt/devkitpro/libnds/lib/libnds9.a(cpu_clock.o)
 .ARM.attributes
                0x00000000000004cf       0x1b /opt/devkitpro/libnds/lib/libnds9.a(interruptDispatcher.o)
 .ARM.attributes
                0x00000000000004ea       0x21 /opt/devkitpro/libnds/lib/libnds9.a(swiSoftReset.o)
 .ARM.attributes
                0x000000000000050b       0x1b /opt/devkitpro/libnds/lib/libnds9.a(biosCalls.o)
 .ARM.attributes
                0x0000000000000526       0x2b /opt/devkitpro/libnds/lib/libnds9.a(video.o)
 .ARM.attributes
                0x0000000000000551       0x2b /opt/devkitpro/libnds/lib/libnds9.a(system.o)
 .ARM.attributes
                0x000000000000057c       0x2b /opt/devkitpro/libnds/lib/libnds9.a(trig.o)
 .ARM.attributes
                0x00000000000005a7       0x2a /opt/devkitpro/devkitARM/bin/../lib/gcc/arm-none-eabi/10.2.0/../../../../arm-none-eabi/lib/thumb/libm.a(lib_a-s_atan.o)
 .ARM.attributes
                0x00000000000005d1       0x2a /opt/devkitpro/devkitARM/bin/../lib/gcc/arm-none-eabi/10.2.0/../../../../arm-none-eabi/lib/thumb/libm.a(lib_a-s_cos.o)
 .ARM.attributes
                0x00000000000005fb       0x2a /opt/devkitpro/devkitARM/bin/../lib/gcc/arm-none-eabi/10.2.0/../../../../arm-none-eabi/lib/thumb/libm.a(lib_a-s_fabs.o)
 .ARM.attributes
                0x0000000000000625       0x2a /opt/devkitpro/devkitARM/bin/../lib/gcc/arm-none-eabi/10.2.0/../../../../arm-none-eabi/lib/thumb/libm.a(lib_a-s_sin.o)
 .ARM.attributes
                0x000000000000064f       0x2a /opt/devkitpro/devkitARM/bin/../lib/gcc/arm-none-eabi/10.2.0/../../../../arm-none-eabi/lib/thumb/libm.a(lib_a-w_atan2.o)
 .ARM.attributes
                0x0000000000000679       0x2a /opt/devkitpro/devkitARM/bin/../lib/gcc/arm-none-eabi/10.2.0/../../../../arm-none-eabi/lib/thumb/libm.a(lib_a-w_sqrt.o)
 .ARM.attributes
                0x00000000000006a3       0x2a /opt/devkitpro/devkitARM/bin/../lib/gcc/arm-none-eabi/10.2.0/../../../../arm-none-eabi/lib/thumb/libm.a(lib_a-e_atan2.o)
 .ARM.attributes
                0x00000000000006cd       0x2a /opt/devkitpro/devkitARM/bin/../lib/gcc/arm-none-eabi/10.2.0/../../../../arm-none-eabi/lib/thumb/libm.a(lib_a-e_rem_pio2.o)
 .ARM.attributes
                0x00000000000006f7       0x2a /opt/devkitpro/devkitARM/bin/../lib/gcc/arm-none-eabi/10.2.0/../../../../arm-none-eabi/lib/thumb/libm.a(lib_a-e_sqrt.o)
 .ARM.attributes
                0x0000000000000721       0x2a /opt/devkitpro/devkitARM/bin/../lib/gcc/arm-none-eabi/10.2.0/../../../../arm-none-eabi/lib/thumb/libm.a(lib_a-k_cos.o)
 .ARM.attributes
                0x000000000000074b       0x2a /opt/devkitpro/devkitARM/bin/../lib/gcc/arm-none-eabi/10.2.0/../../../../arm-none-eabi/lib/thumb/libm.a(lib_a-k_rem_pio2.o)
 .ARM.attributes
                0x0000000000000775       0x2a /opt/devkitpro/devkitARM/bin/../lib/gcc/arm-none-eabi/10.2.0/../../../../arm-none-eabi/lib/thumb/libm.a(lib_a-k_sin.o)
 .ARM.attributes
                0x000000000000079f       0x2a /opt/devkitpro/devkitARM/bin/../lib/gcc/arm-none-eabi/10.2.0/../../../../arm-none-eabi/lib/thumb/libm.a(lib_a-s_floor.o)
 .ARM.attributes
                0x00000000000007c9       0x30 /opt/devkitpro/devkitARM/bin/../lib/gcc/arm-none-eabi/10.2.0/../../../../arm-none-eabi/lib/thumb/libm.a(lib_a-s_lib_ver.o)
 .ARM.attributes
                0x00000000000007f9       0x2a /opt/devkitpro/devkitARM/bin/../lib/gcc/arm-none-eabi/10.2.0/../../../../arm-none-eabi/lib/thumb/libm.a(lib_a-s_scalbn.o)
 .ARM.attributes
                0x0000000000000823       0x1c /opt/devkitpro/devkitARM/bin/../lib/gcc/arm-none-eabi/10.2.0/thumb/libgcc.a(_udivsi3.o)
 .ARM.attributes
                0x000000000000083f       0x1c /opt/devkitpro/devkitARM/bin/../lib/gcc/arm-none-eabi/10.2.0/thumb/libgcc.a(_divsi3.o)
 .ARM.attributes
                0x000000000000085b       0x1c /opt/devkitpro/devkitARM/bin/../lib/gcc/arm-none-eabi/10.2.0/thumb/libgcc.a(_dvmd_tls.o)
 .ARM.attributes
                0x0000000000000877       0x1c /opt/devkitpro/devkitARM/bin/../lib/gcc/arm-none-eabi/10.2.0/thumb/libgcc.a(_arm_addsubdf3.o)
 .ARM.attributes
                0x0000000000000893       0x1c /opt/devkitpro/devkitARM/bin/../lib/gcc/arm-none-eabi/10.2.0/thumb/libgcc.a(_arm_muldivdf3.o)
 .ARM.attributes
                0x00000000000008af       0x1c /opt/devkitpro/devkitARM/bin/../lib/gcc/arm-none-eabi/10.2.0/thumb/libgcc.a(_arm_cmpdf2.o)
 .ARM.attributes
                0x00000000000008cb       0x1c /opt/devkitpro/devkitARM/bin/../lib/gcc/arm-none-eabi/10.2.0/thumb/libgcc.a(_arm_unorddf2.o)
 .ARM.attributes
                0x00000000000008e7       0x1c /opt/devkitpro/devkitARM/bin/../lib/gcc/arm-none-eabi/10.2.0/thumb/libgcc.a(_arm_fixdfsi.o)
 .ARM.attributes
                0x0000000000000903       0x1c /opt/devkitpro/devkitARM/bin/../lib/gcc/arm-none-eabi/10.2.0/thumb/libgcc.a(_arm_fixunsdfsi.o)
 .ARM.attributes
                0x000000000000091f       0x1c /opt/devkitpro/devkitARM/bin/../lib/gcc/arm-none-eabi/10.2.0/thumb/libgcc.a(_arm_truncdfsf2.o)
 .ARM.attributes
                0x000000000000093b       0x1c /opt/devkitpro/devkitARM/bin/../lib/gcc/arm-none-eabi/10.2.0/thumb/libgcc.a(_arm_addsubsf3.o)
 .ARM.attributes
                0x0000000000000957       0x1c /opt/devkitpro/devkitARM/bin/../lib/gcc/arm-none-eabi/10.2.0/thumb/libgcc.a(_arm_muldivsf3.o)
 .ARM.attributes
                0x0000000000000973       0x1c /opt/devkitpro/devkitARM/bin/../lib/gcc/arm-none-eabi/10.2.0/thumb/libgcc.a(_arm_cmpsf2.o)
 .ARM.attributes
                0x000000000000098f       0x1c /opt/devkitpro/devkitARM/bin/../lib/gcc/arm-none-eabi/10.2.0/thumb/libgcc.a(_arm_fixsfsi.o)
 .ARM.attributes
                0x00000000000009ab       0x1c /opt/devkitpro/devkitARM/bin/../lib/gcc/arm-none-eabi/10.2.0/thumb/libgcc.a(_arm_fixunssfsi.o)
 .ARM.attributes
                0x00000000000009c7       0x2a /opt/devkitpro/devkitARM/bin/../lib/gcc/arm-none-eabi/10.2.0/../../../../arm-none-eabi/lib/thumb/libg.a(lib_a-errno.o)
 .ARM.attributes
                0x00000000000009f1       0x2a /opt/devkitpro/devkitARM/bin/../lib/gcc/arm-none-eabi/10.2.0/../../../../arm-none-eabi/lib/thumb/libg.a(lib_a-init.o)
 .ARM.attributes
                0x0000000000000a1b       0x2a /opt/devkitpro/devkitARM/bin/../lib/gcc/arm-none-eabi/10.2.0/../../../../arm-none-eabi/lib/thumb/libg.a(lib_a-malloc.o)
 .ARM.attributes
                0x0000000000000a45       0x2a /opt/devkitpro/devkitARM/bin/../lib/gcc/arm-none-eabi/10.2.0/../../../../arm-none-eabi/lib/thumb/libg.a(lib_a-mallocr.o)
 .ARM.attributes
                0x0000000000000a6f       0x2a /opt/devkitpro/devkitARM/bin/../lib/gcc/arm-none-eabi/10.2.0/../../../../arm-none-eabi/lib/thumb/libg.a(lib_a-memcpy-stub.o)
 .ARM.attributes
                0x0000000000000a99       0x2a /opt/devkitpro/devkitARM/bin/../lib/gcc/arm-none-eabi/10.2.0/../../../../arm-none-eabi/lib/thumb/libg.a(lib_a-memset.o)
 .ARM.attributes
                0x0000000000000ac3       0x2a /opt/devkitpro/devkitARM/bin/../lib/gcc/arm-none-eabi/10.2.0/../../../../arm-none-eabi/lib/thumb/libg.a(lib_a-mlock.o)
 .ARM.attributes
                0x0000000000000aed       0x2a /opt/devkitpro/devkitARM/bin/../lib/gcc/arm-none-eabi/10.2.0/../../../../arm-none-eabi/lib/thumb/libg.a(lib_a-realloc.o)
 .ARM.attributes
                0x0000000000000b17       0x2a /opt/devkitpro/devkitARM/bin/../lib/gcc/arm-none-eabi/10.2.0/../../../../arm-none-eabi/lib/thumb/libg.a(lib_a-reallocr.o)
 .ARM.attributes
                0x0000000000000b41       0x2a /opt/devkitpro/devkitARM/bin/../lib/gcc/arm-none-eabi/10.2.0/../../../../arm-none-eabi/lib/thumb/libg.a(lib_a-freer.o)
 .ARM.attributes
                0x0000000000000b6b       0x2a /opt/devkitpro/devkitARM/bin/../lib/gcc/arm-none-eabi/10.2.0/../../../../arm-none-eabi/lib/thumb/libg.a(lib_a-memmove.o)
 .ARM.attributes
                0x0000000000000b95       0x2a /opt/devkitpro/devkitARM/bin/../lib/gcc/arm-none-eabi/10.2.0/../../../../arm-none-eabi/lib/thumb/libsysbase.a(sbrk.o)
 .ARM.attributes
                0x0000000000000bbf       0x30 /opt/devkitpro/devkitARM/bin/../lib/gcc/arm-none-eabi/10.2.0/../../../../arm-none-eabi/lib/thumb/libsysbase.a(malloc_vars.o)
 .ARM.attributes
                0x0000000000000bef       0x2a /opt/devkitpro/devkitARM/bin/../lib/gcc/arm-none-eabi/10.2.0/../../../../arm-none-eabi/lib/thumb/libsysbase.a(build_argv.o)
 .ARM.attributes
                0x0000000000000c19       0x2a /opt/devkitpro/devkitARM/bin/../lib/gcc/arm-none-eabi/10.2.0/../../../../arm-none-eabi/lib/thumb/libsysbase.a(syscall_support.o)
 .ARM.attributes
                0x0000000000000c43       0x2a /opt/devkitpro/devkitARM/bin/../lib/gcc/arm-none-eabi/10.2.0/../../../../arm-none-eabi/lib/thumb/libsysbase.a(getreent.o)
 .ARM.attributes
                0x0000000000000c6d       0x30 /opt/devkitpro/devkitARM/bin/../lib/gcc/arm-none-eabi/10.2.0/../../../../arm-none-eabi/lib/thumb/libg.a(lib_a-impure.o)
 .ARM.attributes
                0x0000000000000c9d       0x30 /opt/devkitpro/devkitARM/bin/../lib/gcc/arm-none-eabi/10.2.0/thumb/crtend.o
 .ARM.attributes
                0x0000000000000ccd       0x1c /opt/devkitpro/devkitARM/bin/../lib/gcc/arm-none-eabi/10.2.0/thumb/crtn.o

.debug
 *(.debug)

.line
 *(.line)

.debug_srcinfo
 *(.debug_srcinfo)

.debug_sfnames
 *(.debug_sfnames)

.debug_aranges  0x0000000000000000      0x618
 *(.debug_aranges)
 .debug_aranges
                0x0000000000000000       0x20 game.o
 .debug_aranges
                0x0000000000000020       0x20 graphics_main.o
 .debug_aranges
                0x0000000000000040       0x20 graphics_sub.o
 .debug_aranges
                0x0000000000000060       0x20 input.o
 .debug_aranges
                0x0000000000000080       0x20 main.o
 .debug_aranges
                0x00000000000000a0       0x20 physics.o
 .debug_aranges
                0x00000000000000c0       0x28 /opt/devkitpro/libnds/lib/libnds9.a(touch.o)
 .debug_aranges
                0x00000000000000e8       0x38 /opt/devkitpro/libnds/lib/libnds9.a(sprite_alloc.o)
 .debug_aranges
                0x0000000000000120       0x60 /opt/devkitpro/libnds/lib/libnds9.a(sprite.o)
 .debug_aranges
                0x0000000000000180       0x50 /opt/devkitpro/libnds/lib/libnds9.a(keys.o)
 .debug_aranges
                0x00000000000001d0       0x20 /opt/devkitpro/libnds/lib/libnds9.a(initSystem.o)
 .debug_aranges
                0x00000000000001f0       0x20 /opt/devkitpro/libnds/lib/libnds9.a(timeSupport.o)
 .debug_aranges
                0x0000000000000210       0x18 /opt/devkitpro/libnds/lib/libnds9.a(securearea.o)
 .debug_aranges
                0x0000000000000228       0x50 /opt/devkitpro/libnds/lib/libnds9.a(interrupts.o)
 .debug_aranges
                0x0000000000000278       0x28 /opt/devkitpro/libnds/lib/libnds9.a(libnds_exit.arm.o)
 .debug_aranges
                0x00000000000002a0       0xb0 /opt/devkitpro/libnds/lib/libnds9.a(fifosystem.o)
 .debug_aranges
                0x0000000000000350       0x38 /opt/devkitpro/libnds/lib/libnds9.a(dcache.o)
 .debug_aranges
                0x0000000000000388       0x30 /opt/devkitpro/libnds/lib/libnds9.a(mpu_setup.o)
 .debug_aranges
                0x00000000000003b8       0x28 /opt/devkitpro/libnds/lib/libnds9.a(IntrWait.o)
 .debug_aranges
                0x00000000000003e0       0x20 /opt/devkitpro/libnds/lib/libnds9.a(cpu_clock.o)
 .debug_aranges
                0x0000000000000400       0x20 /opt/devkitpro/libnds/lib/libnds9.a(interruptDispatcher.o)
 .debug_aranges
                0x0000000000000420       0x20 /opt/devkitpro/libnds/lib/libnds9.a(swiSoftReset.o)
 .debug_aranges
                0x0000000000000440       0xc8 /opt/devkitpro/libnds/lib/libnds9.a(biosCalls.o)
 .debug_aranges
                0x0000000000000508       0x48 /opt/devkitpro/libnds/lib/libnds9.a(video.o)
 .debug_aranges
                0x0000000000000550       0x68 /opt/devkitpro/libnds/lib/libnds9.a(system.o)
 .debug_aranges
                0x00000000000005b8       0x60 /opt/devkitpro/libnds/lib/libnds9.a(trig.o)

.debug_pubnames
 *(.debug_pubnames)

.debug_info     0x0000000000000000     0xc9d3
 *(.debug_info)
 .debug_info    0x0000000000000000      0x983 game.o
 .debug_info    0x0000000000000983      0xe57 graphics_main.o
 .debug_info    0x00000000000017da      0xd3e graphics_sub.o
 .debug_info    0x0000000000002518      0x63d input.o
 .debug_info    0x0000000000002b55      0x683 main.o
 .debug_info    0x00000000000031d8      0xa3e physics.o
 .debug_info    0x0000000000003c16      0x342 /opt/devkitpro/libnds/lib/libnds9.a(touch.o)
 .debug_info    0x0000000000003f58     0x1d8b /opt/devkitpro/libnds/lib/libnds9.a(sprite_alloc.o)
 .debug_info    0x0000000000005ce3      0xda6 /opt/devkitpro/libnds/lib/libnds9.a(sprite.o)
 .debug_info    0x0000000000006a89      0x466 /opt/devkitpro/libnds/lib/libnds9.a(keys.o)
 .debug_info    0x0000000000006eef     0x12a5 /opt/devkitpro/libnds/lib/libnds9.a(initSystem.o)
 .debug_info    0x0000000000008194      0xa64 /opt/devkitpro/libnds/lib/libnds9.a(timeSupport.o)
 .debug_info    0x0000000000008bf8       0x59 /opt/devkitpro/libnds/lib/libnds9.a(securearea.o)
 .debug_info    0x0000000000008c51      0x68f /opt/devkitpro/libnds/lib/libnds9.a(interrupts.o)
 .debug_info    0x00000000000092e0      0x378 /opt/devkitpro/libnds/lib/libnds9.a(libnds_exit.arm.o)
 .debug_info    0x0000000000009658     0x189c /opt/devkitpro/libnds/lib/libnds9.a(fifosystem.o)
 .debug_info    0x000000000000aef4       0x22 /opt/devkitpro/libnds/lib/libnds9.a(dcache.o)
 .debug_info    0x000000000000af16       0x22 /opt/devkitpro/libnds/lib/libnds9.a(mpu_setup.o)
 .debug_info    0x000000000000af38       0x22 /opt/devkitpro/libnds/lib/libnds9.a(IntrWait.o)
 .debug_info    0x000000000000af5a       0x26 /opt/devkitpro/libnds/lib/libnds9.a(cpu_clock.o)
 .debug_info    0x000000000000af80       0x26 /opt/devkitpro/libnds/lib/libnds9.a(interruptDispatcher.o)
 .debug_info    0x000000000000afa6       0x26 /opt/devkitpro/libnds/lib/libnds9.a(swiSoftReset.o)
 .debug_info    0x000000000000afcc       0x22 /opt/devkitpro/libnds/lib/libnds9.a(biosCalls.o)
 .debug_info    0x000000000000afee      0x7c5 /opt/devkitpro/libnds/lib/libnds9.a(video.o)
 .debug_info    0x000000000000b7b3      0xa85 /opt/devkitpro/libnds/lib/libnds9.a(system.o)
 .debug_info    0x000000000000c238      0x79b /opt/devkitpro/libnds/lib/libnds9.a(trig.o)

.debug_abbrev   0x0000000000000000     0x2c2b
 *(.debug_abbrev)
 .debug_abbrev  0x0000000000000000      0x1eb game.o
 .debug_abbrev  0x00000000000001eb      0x2b7 graphics_main.o
 .debug_abbrev  0x00000000000004a2      0x26d graphics_sub.o
 .debug_abbrev  0x000000000000070f      0x1ad input.o
 .debug_abbrev  0x00000000000008bc      0x14a main.o
 .debug_abbrev  0x0000000000000a06      0x1e5 physics.o
 .debug_abbrev  0x0000000000000beb      0x152 /opt/devkitpro/libnds/lib/libnds9.a(touch.o)
 .debug_abbrev  0x0000000000000d3d      0x361 /opt/devkitpro/libnds/lib/libnds9.a(sprite_alloc.o)
 .debug_abbrev  0x000000000000109e      0x384 /opt/devkitpro/libnds/lib/libnds9.a(sprite.o)
 .debug_abbrev  0x0000000000001422      0x1a0 /opt/devkitpro/libnds/lib/libnds9.a(keys.o)
 .debug_abbrev  0x00000000000015c2      0x33f /opt/devkitpro/libnds/lib/libnds9.a(initSystem.o)
 .debug_abbrev  0x0000000000001901      0x1e5 /opt/devkitpro/libnds/lib/libnds9.a(timeSupport.o)
 .debug_abbrev  0x0000000000001ae6       0x47 /opt/devkitpro/libnds/lib/libnds9.a(securearea.o)
 .debug_abbrev  0x0000000000001b2d      0x2dd /opt/devkitpro/libnds/lib/libnds9.a(interrupts.o)
 .debug_abbrev  0x0000000000001e0a      0x1a8 /opt/devkitpro/libnds/lib/libnds9.a(libnds_exit.arm.o)
 .debug_abbrev  0x0000000000001fb2      0x491 /opt/devkitpro/libnds/lib/libnds9.a(fifosystem.o)
 .debug_abbrev  0x0000000000002443       0x12 /opt/devkitpro/libnds/lib/libnds9.a(dcache.o)
 .debug_abbrev  0x0000000000002455       0x12 /opt/devkitpro/libnds/lib/libnds9.a(mpu_setup.o)
 .debug_abbrev  0x0000000000002467       0x12 /opt/devkitpro/libnds/lib/libnds9.a(IntrWait.o)
 .debug_abbrev  0x0000000000002479       0x14 /opt/devkitpro/libnds/lib/libnds9.a(cpu_clock.o)
 .debug_abbrev  0x000000000000248d       0x14 /opt/devkitpro/libnds/lib/libnds9.a(interruptDispatcher.o)
 .debug_abbrev  0x00000000000024a1       0x14 /opt/devkitpro/libnds/lib/libnds9.a(swiSoftReset.o)
 .debug_abbrev  0x00000000000024b5       0x12 /opt/devkitpro/libnds/lib/libnds9.a(biosCalls.o)
 .debug_abbrev  0x00000000000024c7      0x241 /opt/devkitpro/libnds/lib/libnds9.a(video.o)
 .debug_abbrev  0x0000000000002708      0x2ff /opt/devkitpro/libnds/lib/libnds9.a(system.o)
 .debug_abbrev  0x0000000000002a07      0x224 /opt/devkitpro/libnds/lib/libnds9.a(trig.o)

.debug_line     0x0000000000000000     0x7ec1
 *(.debug_line)
 .debug_line    0x0000000000000000      0x444 game.o
 .debug_line    0x0000000000000444      0x439 graphics_main.o
 .debug_line    0x000000000000087d      0x881 graphics_sub.o
 .debug_line    0x00000000000010fe      0x320 input.o
 .debug_line    0x000000000000141e      0x1e2 main.o
 .debug_line    0x0000000000001600      0x708 physics.o
 .debug_line    0x0000000000001d08      0x33e /opt/devkitpro/libnds/lib/libnds9.a(touch.o)
 .debug_line    0x0000000000002046     0x16fc /opt/devkitpro/libnds/lib/libnds9.a(sprite_alloc.o)
 .debug_line    0x0000000000003742      0x797 /opt/devkitpro/libnds/lib/libnds9.a(sprite.o)
 .debug_line    0x0000000000003ed9      0x3ad /opt/devkitpro/libnds/lib/libnds9.a(keys.o)
 .debug_line    0x0000000000004286      0x58b /opt/devkitpro/libnds/lib/libnds9.a(initSystem.o)
 .debug_line    0x0000000000004811      0x1f0 /opt/devkitpro/libnds/lib/libnds9.a(timeSupport.o)
 .debug_line    0x0000000000004a01       0x8f /opt/devkitpro/libnds/lib/libnds9.a(securearea.o)
 .debug_line    0x0000000000004a90      0x569 /opt/devkitpro/libnds/lib/libnds9.a(interrupts.o)
 .debug_line    0x0000000000004ff9      0x252 /opt/devkitpro/libnds/lib/libnds9.a(libnds_exit.arm.o)
 .debug_line    0x000000000000524b     0x142b /opt/devkitpro/libnds/lib/libnds9.a(fifosystem.o)
 .debug_line    0x0000000000006676       0xe0 /opt/devkitpro/libnds/lib/libnds9.a(dcache.o)
 .debug_line    0x0000000000006756      0x13c /opt/devkitpro/libnds/lib/libnds9.a(mpu_setup.o)
 .debug_line    0x0000000000006892       0xc7 /opt/devkitpro/libnds/lib/libnds9.a(IntrWait.o)
 .debug_line    0x0000000000006959       0xb0 /opt/devkitpro/libnds/lib/libnds9.a(cpu_clock.o)
 .debug_line    0x0000000000006a09       0xd9 /opt/devkitpro/libnds/lib/libnds9.a(interruptDispatcher.o)
 .debug_line    0x0000000000006ae2       0xa9 /opt/devkitpro/libnds/lib/libnds9.a(swiSoftReset.o)
 .debug_line    0x0000000000006b8b      0x1ff /opt/devkitpro/libnds/lib/libnds9.a(biosCalls.o)
 .debug_line    0x0000000000006d8a      0x4d9 /opt/devkitpro/libnds/lib/libnds9.a(video.o)
 .debug_line    0x0000000000007263      0x4e1 /opt/devkitpro/libnds/lib/libnds9.a(system.o)
 .debug_line    0x0000000000007744      0x77d /opt/devkitpro/libnds/lib/libnds9.a(trig.o)

.debug_frame    0x0000000000000000      0xef8
 *(.debug_frame)
 .debug_frame   0x0000000000000000      0x118 game.o
 .debug_frame   0x0000000000000118       0xf8 graphics_main.o
 .debug_frame   0x0000000000000210      0x194 graphics_sub.o
 .debug_frame   0x00000000000003a4       0x6c input.o
 .debug_frame   0x0000000000000410       0x28 main.o
 .debug_frame   0x0000000000000438      0x224 physics.o
 .debug_frame   0x000000000000065c       0x3c /opt/devkitpro/libnds/lib/libnds9.a(touch.o)
 .debug_frame   0x0000000000000698       0x9c /opt/devkitpro/libnds/lib/libnds9.a(sprite_alloc.o)
 .debug_frame   0x0000000000000734       0xf0 /opt/devkitpro/libnds/lib/libnds9.a(sprite.o)
 .debug_frame   0x0000000000000824       0x8c /opt/devkitpro/libnds/lib/libnds9.a(keys.o)
 .debug_frame   0x00000000000008b0       0x28 /opt/devkitpro/libnds/lib/libnds9.a(initSystem.o)
 .debug_frame   0x00000000000008d8       0x28 /opt/devkitpro/libnds/lib/libnds9.a(timeSupport.o)
 .debug_frame   0x0000000000000900       0xa4 /opt/devkitpro/libnds/lib/libnds9.a(interrupts.o)
 .debug_frame   0x00000000000009a4       0x38 /opt/devkitpro/libnds/lib/libnds9.a(libnds_exit.arm.o)
 .debug_frame   0x00000000000009dc      0x290 /opt/devkitpro/libnds/lib/libnds9.a(fifosystem.o)
 .debug_frame   0x0000000000000c6c       0xbc /opt/devkitpro/libnds/lib/libnds9.a(video.o)
 .debug_frame   0x0000000000000d28       0xf8 /opt/devkitpro/libnds/lib/libnds9.a(system.o)
 .debug_frame   0x0000000000000e20       0xd8 /opt/devkitpro/libnds/lib/libnds9.a(trig.o)

.debug_str      0x0000000000000000     0x3fe3
 *(.debug_str)
 .debug_str     0x0000000000000000      0x651 game.o
                                        0x70b (size before relaxing)
 .debug_str     0x0000000000000651      0xb73 graphics_main.o
                                        0xf4a (size before relaxing)
 .debug_str     0x00000000000011c4      0x5de graphics_sub.o
                                        0xd3f (size before relaxing)
 .debug_str     0x00000000000017a2       0xbe input.o
                                        0x57e (size before relaxing)
 .debug_str     0x0000000000001860       0x6d main.o
                                        0x5d6 (size before relaxing)
 .debug_str     0x00000000000018cd      0x185 physics.o
                                        0x575 (size before relaxing)
 .debug_str     0x0000000000001a52      0x21d /opt/devkitpro/libnds/lib/libnds9.a(touch.o)
                                        0x332 (size before relaxing)
 .debug_str     0x0000000000001c6f      0x182 /opt/devkitpro/libnds/lib/libnds9.a(sprite_alloc.o)
                                        0x7d7 (size before relaxing)
 .debug_str     0x0000000000001df1      0x17d /opt/devkitpro/libnds/lib/libnds9.a(sprite.o)
                                        0x870 (size before relaxing)
 .debug_str     0x0000000000001f6e       0xe6 /opt/devkitpro/libnds/lib/libnds9.a(keys.o)
                                        0x420 (size before relaxing)
 .debug_str     0x0000000000002054      0x850 /opt/devkitpro/libnds/lib/libnds9.a(initSystem.o)
                                        0xc4b (size before relaxing)
 .debug_str     0x00000000000028a4       0x7e /opt/devkitpro/libnds/lib/libnds9.a(timeSupport.o)
                                        0x689 (size before relaxing)
 .debug_str     0x0000000000002922       0x7f /opt/devkitpro/libnds/lib/libnds9.a(securearea.o)
                                        0x16e (size before relaxing)
 .debug_str     0x00000000000029a1      0x193 /opt/devkitpro/libnds/lib/libnds9.a(interrupts.o)
                                        0x48d (size before relaxing)
 .debug_str     0x0000000000002b34      0x1db /opt/devkitpro/libnds/lib/libnds9.a(libnds_exit.arm.o)
                                        0x3e5 (size before relaxing)
 .debug_str     0x0000000000002d0f      0x4af /opt/devkitpro/libnds/lib/libnds9.a(fifosystem.o)
                                        0x894 (size before relaxing)
 .debug_str     0x00000000000031be       0x70 /opt/devkitpro/libnds/lib/libnds9.a(dcache.o)
                                         0xc4 (size before relaxing)
 .debug_str     0x000000000000322e       0x6e /opt/devkitpro/libnds/lib/libnds9.a(mpu_setup.o)
                                         0xce (size before relaxing)
 .debug_str     0x000000000000329c       0x6d /opt/devkitpro/libnds/lib/libnds9.a(IntrWait.o)
                                         0xcd (size before relaxing)
 .debug_str     0x0000000000003309       0x6e /opt/devkitpro/libnds/lib/libnds9.a(cpu_clock.o)
                                         0xce (size before relaxing)
 .debug_str     0x0000000000003377       0x73 /opt/devkitpro/libnds/lib/libnds9.a(interruptDispatcher.o)
                                         0xd3 (size before relaxing)
 .debug_str     0x00000000000033ea       0x6c /opt/devkitpro/libnds/lib/libnds9.a(swiSoftReset.o)
                                         0xcc (size before relaxing)
 .debug_str     0x0000000000003456       0x69 /opt/devkitpro/libnds/lib/libnds9.a(biosCalls.o)
                                         0xc9 (size before relaxing)
 .debug_str     0x00000000000034bf      0x6b6 /opt/devkitpro/libnds/lib/libnds9.a(video.o)
                                        0xc53 (size before relaxing)
 .debug_str     0x0000000000003b75      0x36c /opt/devkitpro/libnds/lib/libnds9.a(system.o)
                                        0x791 (size before relaxing)
 .debug_str     0x0000000000003ee1      0x102 /opt/devkitpro/libnds/lib/libnds9.a(trig.o)
                                        0x2e7 (size before relaxing)

.debug_loc      0x0000000000000000     0x50cc
 *(.debug_loc)
 .debug_loc     0x0000000000000000       0xb3 /opt/devkitpro/libnds/lib/libnds9.a(touch.o)
 .debug_loc     0x00000000000000b3     0x1c9e /opt/devkitpro/libnds/lib/libnds9.a(sprite_alloc.o)
 .debug_loc     0x0000000000001d51      0x826 /opt/devkitpro/libnds/lib/libnds9.a(sprite.o)
 .debug_loc     0x0000000000002577       0x15 /opt/devkitpro/libnds/lib/libnds9.a(keys.o)
 .debug_loc     0x000000000000258c       0xf0 /opt/devkitpro/libnds/lib/libnds9.a(initSystem.o)
 .debug_loc     0x000000000000267c       0x25 /opt/devkitpro/libnds/lib/libnds9.a(timeSupport.o)
 .debug_loc     0x00000000000026a1      0x26c /opt/devkitpro/libnds/lib/libnds9.a(interrupts.o)
 .debug_loc     0x000000000000290d       0x64 /opt/devkitpro/libnds/lib/libnds9.a(libnds_exit.arm.o)
 .debug_loc     0x0000000000002971     0x168e /opt/devkitpro/libnds/lib/libnds9.a(fifosystem.o)
 .debug_loc     0x0000000000003fff      0x2e5 /opt/devkitpro/libnds/lib/libnds9.a(video.o)
 .debug_loc     0x00000000000042e4      0x202 /opt/devkitpro/libnds/lib/libnds9.a(system.o)
 .debug_loc     0x00000000000044e6      0xbe6 /opt/devkitpro/libnds/lib/libnds9.a(trig.o)

.debug_macinfo
 *(.debug_macinfo)

.debug_weaknames
 *(.debug_weaknames)

.debug_funcnames
 *(.debug_funcnames)

.debug_typenames
 *(.debug_typenames)

.debug_varnames
 *(.debug_varnames)

.stack          0x0000000000080000        0x0
                0x0000000000080000                _stack = .
 *(.stack)
LOAD /opt/devkitpro/devkitARM/bin/../lib/gcc/arm-none-eabi/10.2.0/../../../../arm-none-eabi/lib/thumb/ds_arm9_crt0.o
LOAD /opt/devkitpro/devkitARM/bin/../lib/gcc/arm-none-eabi/10.2.0/thumb/crti.o
LOAD /opt/devkitpro/devkitARM/bin/../lib/gcc/arm-none-eabi/10.2.0/thumb/crtbegin.o
LOAD soundbank.bin.o
LOAD backplate.o
LOAD crash_earth.o
LOAD crash_moon.o
LOAD crash_wall.o
LOAD fusee0.o
LOAD fusee1.o
LOAD fusee2.o
LOAD horizon.o
LOAD numbers.o
LOAD planets.o
LOAD rocket.o
LOAD splash.o
LOAD splash2.o
LOAD game.o
LOAD graphics_main.o
LOAD graphics_sub.o
LOAD input.o
LOAD main.o
LOAD physics.o
LOAD physics_fixed.o
LOAD /opt/devkitpro/libnds/lib/libnds9.a
LOAD /opt/devkitpro/libnds/lib/libmm9.a
LOAD /opt/devkitpro/devkitARM/bin/../lib/gcc/arm-none-eabi/10.2.0/../../../../arm-none-eabi/lib/thumb/libm.a
START GROUP
LOAD /opt/devkitpro/devkitARM/bin/../lib/gcc/arm-none-eabi/10.2.0/thumb/libgcc.a
LOAD /opt/devkitpro/devkitARM/bin/../lib/gcc/arm-none-eabi/10.2.0/../../../../arm-none-eabi/lib/thumb/libg.a
LOAD /opt/devkitpro/devkitARM/bin/../lib/gcc/arm-none-eabi/10.2.0/../../../../arm-none-eabi/lib/thumb/libc.a
LOAD /opt/devkitpro/devkitARM/bin/../lib/gcc/arm-none-eabi/10.2.0/../../../../arm-none-eabi/lib/thumb/libsysbase.a
END GROUP
LOAD /opt/devkitpro/devkitARM/bin/../lib/gcc/arm-none-eabi/10.2.0/thumb/crtend.o
LOAD /opt/devkitpro/devkitARM/bin/../lib/gcc/arm-none-eabi/10.2.0/thumb/crtn.o
OUTPUT(/Users/iacopo/Documents/EPFL/4eme/Sys_embarques_microprogrammes/projet/ksp_nds/ksp_nds.elf elf32-littlearm)
LOAD linker stubs

.debug_ranges   0x0000000000000000     0x1810
 .debug_ranges  0x0000000000000000       0x60 /opt/devkitpro/libnds/lib/libnds9.a(touch.o)
 .debug_ranges  0x0000000000000060      0xde0 /opt/devkitpro/libnds/lib/libnds9.a(sprite_alloc.o)
 .debug_ranges  0x0000000000000e40       0xa8 /opt/devkitpro/libnds/lib/libnds9.a(sprite.o)
 .debug_ranges  0x0000000000000ee8       0x58 /opt/devkitpro/libnds/lib/libnds9.a(keys.o)
 .debug_ranges  0x0000000000000f40       0x10 /opt/devkitpro/libnds/lib/libnds9.a(initSystem.o)
 .debug_ranges  0x0000000000000f50       0x10 /opt/devkitpro/libnds/lib/libnds9.a(timeSupport.o)
 .debug_ranges  0x0000000000000f60      0x100 /opt/devkitpro/libnds/lib/libnds9.a(interrupts.o)
 .debug_ranges  0x0000000000001060       0x18 /opt/devkitpro/libnds/lib/libnds9.a(libnds_exit.arm.o)
 .debug_ranges  0x0000000000001078      0x4c8 /opt/devkitpro/libnds/lib/libnds9.a(fifosystem.o)
 .debug_ranges  0x0000000000001540       0x30 /opt/devkitpro/libnds/lib/libnds9.a(dcache.o)
 .debug_ranges  0x0000000000001570       0x28 /opt/devkitpro/libnds/lib/libnds9.a(mpu_setup.o)
 .debug_ranges  0x0000000000001598       0x20 /opt/devkitpro/libnds/lib/libnds9.a(IntrWait.o)
 .debug_ranges  0x00000000000015b8       0xc0 /opt/devkitpro/libnds/lib/libnds9.a(biosCalls.o)
 .debug_ranges  0x0000000000001678       0x50 /opt/devkitpro/libnds/lib/libnds9.a(video.o)
 .debug_ranges  0x00000000000016c8       0x58 /opt/devkitpro/libnds/lib/libnds9.a(system.o)
 .debug_ranges  0x0000000000001720       0xf0 /opt/devkitpro/libnds/lib/libnds9.a(trig.o)
