Archive member included to satisfy reference by file (symbol)

/opt/devkitpro/libnds/lib/libnds9.a(touch.o)
                              input.o (touchRead)
/opt/devkitpro/libnds/lib/libnds9.a(sprite_alloc.o)
                              graphics_main.o (oamAllocateGfx)
/opt/devkitpro/libnds/lib/libnds9.a(videoGL.o)
                              game.o (glGlobalData)
/opt/devkitpro/libnds/lib/libnds9.a(sprite.o)
                              graphics_main.o (oamInit)
/opt/devkitpro/libnds/lib/libnds9.a(keys.o)
                              input.o (scanKeys)
/opt/devkitpro/libnds/lib/libnds9.a(initSystem.o)
                              /opt/devkitpro/devkitARM/bin/../lib/gcc/arm-none-eabi/10.2.0/../../../../arm-none-eabi/lib/thumb/ds_arm9_crt0.o (initSystem)
/opt/devkitpro/libnds/lib/libnds9.a(timeSupport.o)
                              /opt/devkitpro/libnds/lib/libnds9.a(initSystem.o) (__libnds_gtod)
/opt/devkitpro/libnds/lib/libnds9.a(securearea.o)
                              /opt/devkitpro/devkitARM/bin/../lib/gcc/arm-none-eabi/10.2.0/../../../../arm-none-eabi/lib/thumb/ds_arm9_crt0.o (__secure_area__)
/opt/devkitpro/libnds/lib/libnds9.a(interrupts.o)
                              /opt/devkitpro/libnds/lib/libnds9.a(initSystem.o) (irqInit)
/opt/devkitpro/libnds/lib/libnds9.a(libnds_exit.arm.o)
                              /opt/devkitpro/devkitARM/bin/../lib/gcc/arm-none-eabi/10.2.0/../../../../arm-none-eabi/lib/thumb/ds_arm9_crt0.o (__libnds_exit)
/opt/devkitpro/libnds/lib/libnds9.a(fifosystem.o)
                              /opt/devkitpro/libnds/lib/libnds9.a(initSystem.o) (fifoSetValue32Handler)
/opt/devkitpro/libnds/lib/libnds9.a(dcache.o)
                              /opt/devkitpro/libnds/lib/libnds9.a(sprite.o) (DC_FlushRange)
/opt/devkitpro/libnds/lib/libnds9.a(mpu_setup.o)
                              /opt/devkitpro/devkitARM/bin/../lib/gcc/arm-none-eabi/10.2.0/../../../../arm-none-eabi/lib/thumb/ds_arm9_crt0.o (__libnds_mpu_setup)
/opt/devkitpro/libnds/lib/libnds9.a(IntrWait.o)
                              graphics_main.o (swiWaitForVBlank)
/opt/devkitpro/libnds/lib/libnds9.a(cpu_clock.o)
                              /opt/devkitpro/libnds/lib/libnds9.a(initSystem.o) (setCpuClock)
/opt/devkitpro/libnds/lib/libnds9.a(interruptDispatcher.o)
                              /opt/devkitpro/libnds/lib/libnds9.a(interrupts.o) (IntrMain)
/opt/devkitpro/libnds/lib/libnds9.a(swiSoftReset.o)
                              /opt/devkitpro/libnds/lib/libnds9.a(fifosystem.o) (swiSoftReset)
/opt/devkitpro/libnds/lib/libnds9.a(biosCalls.o)
                              graphics_main.o (swiCopy)
/opt/devkitpro/libnds/lib/libnds9.a(dynamicArray.o)
                              /opt/devkitpro/libnds/lib/libnds9.a(videoGL.o) (DynamicArrayInit)
/opt/devkitpro/libnds/lib/libnds9.a(video.o)
                              /opt/devkitpro/libnds/lib/libnds9.a(videoGL.o) (vramSetBanks_EFG)
/opt/devkitpro/libnds/lib/libnds9.a(system.o)
                              /opt/devkitpro/libnds/lib/libnds9.a(initSystem.o) (systemValueHandler)
/opt/devkitpro/libnds/lib/libnds9.a(trig.o)
                              /opt/devkitpro/libnds/lib/libnds9.a(videoGL.o) (sinLerp)
/opt/devkitpro/libnds/lib/libmm9.a(mm_comms.o)
                              sound.o (mmStart)
/opt/devkitpro/libnds/lib/libmm9.a(mm_memory.o)
                              sound.o (mmLoad)
/opt/devkitpro/libnds/lib/libmm9.a(mm_main9.o)
                              /opt/devkitpro/libnds/lib/libmm9.a(mm_memory.o) (mmcbMemory)
/opt/devkitpro/libnds/lib/libmm9.a(mm_soundbank.o)
                              /opt/devkitpro/libnds/lib/libmm9.a(mm_main9.o) (mmSoundBankInMemory)
/opt/devkitpro/libnds/lib/libmm9.a(mm_flusher.o)
                              /opt/devkitpro/libnds/lib/libmm9.a(mm_memory.o) (mmFlushBank)
/opt/devkitpro/devkitARM/bin/../lib/gcc/arm-none-eabi/10.2.0/../../../../arm-none-eabi/lib/thumb/libm.a(lib_a-s_atan.o)
                              graphics_sub.o (atan)
/opt/devkitpro/devkitARM/bin/../lib/gcc/arm-none-eabi/10.2.0/../../../../arm-none-eabi/lib/thumb/libm.a(lib_a-s_cos.o)
                              graphics_sub.o (cos)
/opt/devkitpro/devkitARM/bin/../lib/gcc/arm-none-eabi/10.2.0/../../../../arm-none-eabi/lib/thumb/libm.a(lib_a-s_fabs.o)
                              /opt/devkitpro/devkitARM/bin/../lib/gcc/arm-none-eabi/10.2.0/../../../../arm-none-eabi/lib/thumb/libm.a(lib_a-s_atan.o) (fabs)
/opt/devkitpro/devkitARM/bin/../lib/gcc/arm-none-eabi/10.2.0/../../../../arm-none-eabi/lib/thumb/libm.a(lib_a-s_sin.o)
                              graphics_sub.o (sin)
/opt/devkitpro/devkitARM/bin/../lib/gcc/arm-none-eabi/10.2.0/../../../../arm-none-eabi/lib/thumb/libm.a(lib_a-w_atan2.o)
                              physics.o (atan2)
/opt/devkitpro/devkitARM/bin/../lib/gcc/arm-none-eabi/10.2.0/../../../../arm-none-eabi/lib/thumb/libm.a(lib_a-w_sqrt.o)
                              graphics_sub.o (sqrt)
[...]
Memory Configuration

Name             Origin             Length             Attributes
ewram            0x0000000002000000 0x0000000000380000
dtcm             0x0000000002ff0000 0x0000000000004000
vectors          0x0000000001000000 0x0000000000000100
itcm             0x0000000001000100 0x0000000000007f00
*default*        0x0000000000000000 0xffffffffffffffff

Linker script and memory map

                0x0000000002380000                __ewram_end = (ORIGIN (ewram) + LENGTH (ewram))
                0x0000000002380000                __eheap_end = (ORIGIN (ewram) + LENGTH (ewram))
                0x0000000002ff4000                __dtcm_top = (ORIGIN (dtcm) + LENGTH (dtcm))
                0x0000000002ff3ff8                __irq_flags = (__dtcm_top - 0x8)
                0x0000000002ff3ffc                __irq_vector = (__dtcm_top - 0x4)
                0x0000000002ff3f00                __sp_svc = (__dtcm_top - 0x100)
                0x0000000002ff3e00                __sp_irq = (__sp_svc - 0x100)
                0x0000000002ff3d00                __sp_usr = (__sp_irq - 0x100)

.secure         0x0000000002000000      0x800
 *(.secure)
 .secure        0x0000000002000000      0x800 /opt/devkitpro/libnds/lib/libnds9.a(securearea.o)
                0x0000000002000000                __secure_area__

.crt0           0x0000000002000800      0x300
                0x0000000002000800                __text_start = .
 *(.crt0)
 .crt0          0x0000000002000800      0x300 /opt/devkitpro/devkitARM/bin/../lib/gcc/arm-none-eabi/10.2.0/../../../../arm-none-eabi/lib/thumb/ds_arm9_crt0.o
                0x0000000002000800                _start
                0x0000000002000b00                . = ALIGN (0x4)

.plt
 *(.plt)

.init           0x0000000002000b00        0xc
 *(SORT_NONE(.init))
 .init          0x0000000002000b00        0x4 /opt/devkitpro/devkitARM/bin/../lib/gcc/arm-none-eabi/10.2.0/thumb/crti.o
                0x0000000002000b00                _init
 .init          0x0000000002000b04        0x8 /opt/devkitpro/devkitARM/bin/../lib/gcc/arm-none-eabi/10.2.0/thumb/crtn.o

.text           0x0000000002000b10     0xb668
 *(EXCLUDE_FILE(*.twl* *.vectors* *.itcm*) .text)
 .text          0x0000000002000b10      0x814 game.o
                0x0000000002000b10                get_rcs
                0x0000000002000b62                update_thrust
                0x0000000002000bbe                get_rocket_type
                0x0000000002000bf0                auto_pilot
                0x0000000002000d64                game_init
                0x0000000002000dc8                game_splash
                0x0000000002000df4                game_intro
                0x0000000002000e22                game_exit_intro
                0x0000000002000e82                game_ingame
                0x0000000002001280                game_init_crash
                0x00000000020012c2                game_crash
                0x00000000020012e8                game_pause
 .text          0x0000000002001324      0x4f4 graphics_main.o
                0x0000000002001324                graphics_main_config_sprite
                0x0000000002001384                graphics_main_init
                0x0000000002001394                graphics_main_config_splash
                0x0000000002001408                graphics_main_config_crash_moon
                0x000000000200147c                graphics_main_config_crash_earth
                0x00000000020014f0                graphics_main_config_crash_wall
                0x0000000002001564                graphics_main_config_intro
                0x00000000020015d8                graphics_main_config_ingame
                0x00000000020016bc                graphics_main_clear_path
                0x00000000020016d8                graphics_main_draw_path
                0x000000000200173c                graphics_main_update_sprite
 .text          0x0000000002001818     0x13e4 graphics_sub.o
                0x0000000002001858                graphics_sub_init
                0x0000000002001868                graphics_sub_config_splash
                0x00000000020018f4                graphics_sub_config_crash
                0x0000000002001980                graphics_sub_config_pause
                0x00000000020019f8                graphics_sub_config_intro
                0x0000000002001a70                graphics_sub_config_ingame
                0x0000000002001c3c                graphics_sub_rocket_ingame
                0x0000000002001d90                graphics_sub_put_speed
                0x0000000002001e0a                graphics_sub_put_alt
                0x0000000002001e84                graphics_sub_put_digit
                0x0000000002001fcc                graphics_sub_put_slider
                0x0000000002002214                graphics_sub_set_ap
                0x0000000002002558                graphics_sub_put_nav
                0x000000000200289c                graphics_sub_put_hor
 .text          0x0000000002002bfc      0x20e input.o
                0x0000000002002bfc                input_init
                0x0000000002002c0c                input_read
 *fill*         0x0000000002002e0a        0x2 ff
 .text          0x0000000002002e0c       0xa4 main.o
                0x0000000002002e0c                main
 .text          0x0000000002002eb0     0x177c physics.o
                0x0000000002002eb0                physics_predict_orbit
                0x0000000002002f78                physics_step_lin
                0x0000000002002fdc                physics_step_grav
                0x0000000002003090                physics_world_boundary
                0x0000000002003140                physics_get_phi_earth
                0x00000000020031b0                physics_get_r_earth
                0x0000000002003238                physics_get_phi_moon
                0x00000000020032ac                physics_get_r_moon
                0x0000000002003334                physics_get_vel
                0x00000000020033a4                physics_get_theta
                0x00000000020033fc                physics_angle_reach
 .text          0x000000000200462c       0x64 sound.o
                0x000000000200462c                sound_init
                0x000000000200464c                sound_crash
                0x0000000002004678                sound_ambiance
 .text          0x0000000002004690      0x24c /opt/devkitpro/libnds/lib/libmm9.a(mm_comms.o)
                0x0000000002004690                mmSetupComms
                0x00000000020046e2                mmSendBank
                0x00000000020046ec                mmLockChannels
                0x00000000020046f2                mmUnlockChannels
                0x00000000020046f8                mmStart
                0x0000000002004702                mmPause
                0x0000000002004706                mmResume
                0x000000000200470a                mmStop
                0x000000000200470e                mmPosition
                0x0000000002004712                mmJingle
                0x0000000002004716                mmSetModuleVolume
                0x000000000200471a                mmSetJingleVolume
                0x000000000200471e                mmSetModuleTempo
                0x0000000002004722                mmSetModulePitch
                0x0000000002004726                mmSetEffectsVolume
                0x000000000200472a                mmSelectMode
                0x000000000200472e                mmStreamBegin
                0x0000000002004742                mmStreamEnd
                0x0000000002004798                mmEffect
                0x00000000020047bc                mmEffectVolume
                0x00000000020047c0                mmEffectPanning
                0x00000000020047c4                mmEffectRate
                0x00000000020047ce                mmEffectScaleRate
                0x00000000020047d8                mmEffectRelease
                0x00000000020047de                mmEffectCancel
                0x00000000020047e4                mmEffectEx
                0x0000000002004822                mmEffectCancelAll
                0x0000000002004826                mmReverbEnable
                0x000000000200482a                mmReverbDisable
                0x000000000200482e                mmReverbConfigure
                0x000000000200488a                mmReverbStart
                0x000000000200488e                mmReverbStop
 .text          0x00000000020048dc      0x120 /opt/devkitpro/libnds/lib/libmm9.a(mm_memory.o)
                0x00000000020048dc                mmLoad
                0x000000000200492c                mmUnload
                0x0000000002004984                mmLoadEffect
                0x00000000020049bc                mmUnloadEffect
 .text          0x00000000020049fc      0x108 /opt/devkitpro/libnds/lib/libmm9.a(mm_main9.o)
                0x00000000020049fc                mmActive
                0x0000000002004a02                mmSetEventHandler
                0x0000000002004a08                mmInit
                0x0000000002004a32                mmInitDefault
                0x0000000002004a7c                mmInitDefaultMem
                0x0000000002004a9e                mmSuspendIRQ_t
                0x0000000002004abc                mmRestoreIRQ_t
 .text          0x0000000002004b04      0x100 /opt/devkitpro/libnds/lib/libmm9.a(mm_soundbank.o)
                0x0000000002004b04                mmSoundBankInMemory
                0x0000000002004b0c                mmSoundBankInFiles
                0x0000000002004b1e                mmSetCustomSoundBankHandler
                0x0000000002004b4a                mmsHandleFileOp
 .text          0x0000000002004c04       0x3c /opt/devkitpro/libnds/lib/libmm9.a(mm_flusher.o)
                0x0000000002004c04                mmFlushBank
 .text          0x0000000002004c40      0x11c /opt/devkitpro/devkitARM/bin/../lib/gcc/arm-none-eabi/10.2.0/thumb/libgcc.a(_udivsi3.o)
                0x0000000002004c40                __udivsi3
                0x0000000002004c40                __aeabi_uidiv
                0x0000000002004d3c                __aeabi_uidivmod
 .text          0x0000000002004d5c      0x150 /opt/devkitpro/devkitARM/bin/../lib/gcc/arm-none-eabi/10.2.0/thumb/libgcc.a(_divsi3.o)
                0x0000000002004d5c                __aeabi_idiv
                0x0000000002004d5c                __divsi3
                0x0000000002004e8c                __aeabi_idivmod
 .text          0x0000000002004eac        0x4 /opt/devkitpro/devkitARM/bin/../lib/gcc/arm-none-eabi/10.2.0/thumb/libgcc.a(_dvmd_tls.o)
                0x0000000002004eac                __aeabi_ldiv0
                0x0000000002004eac                __aeabi_idiv0
 .text          0x0000000002004eb0      0x424 /opt/devkitpro/devkitARM/bin/../lib/gcc/arm-none-eabi/10.2.0/thumb/libgcc.a(_arm_addsubdf3.o)
                0x0000000002004eb0                __aeabi_drsub
                0x0000000002004eb8                __subdf3
                0x0000000002004eb8                __aeabi_dsub
                0x0000000002004ebc                __aeabi_dadd
                0x0000000002004ebc                __adddf3
                0x00000000020051cc                __aeabi_ui2d
                0x00000000020051cc                __floatunsidf
                0x00000000020051f0                __floatsidf
                0x00000000020051f0                __aeabi_i2d
                0x0000000002005218                __extendsfdf2
                0x0000000002005218                __aeabi_f2d
                0x0000000002005260                __aeabi_ul2d
                0x0000000002005260                __floatundidf
                0x0000000002005274                __aeabi_l2d
                0x0000000002005274                __floatdidf
 .text          0x00000000020052d4      0x49c /opt/devkitpro/devkitARM/bin/../lib/gcc/arm-none-eabi/10.2.0/thumb/libgcc.a(_arm_muldivdf3.o)
                0x00000000020052d4                __aeabi_dmul
                0x00000000020052d4                __muldf3
                0x0000000002005564                __aeabi_ddiv
                0x0000000002005564                __divdf3
 .text          0x0000000002005770      0x144 /opt/devkitpro/devkitARM/bin/../lib/gcc/arm-none-eabi/10.2.0/thumb/libgcc.a(_arm_cmpdf2.o)
                0x0000000002005770                __gedf2
                0x0000000002005770                __gtdf2
                0x0000000002005778                __ledf2
                0x0000000002005778                __ltdf2
                0x0000000002005780                __cmpdf2
                0x0000000002005780                __eqdf2
                0x0000000002005780                __nedf2
                0x0000000002005808                __aeabi_cdrcmple
                0x0000000002005824                __aeabi_cdcmple
                0x0000000002005824                __aeabi_cdcmpeq
                0x000000000200583c                __aeabi_dcmpeq
                0x0000000002005854                __aeabi_dcmplt
                0x000000000200586c                __aeabi_dcmple
                0x0000000002005884                __aeabi_dcmpge
                0x000000000200589c                __aeabi_dcmpgt
 .text          0x00000000020058b4       0x38 /opt/devkitpro/devkitARM/bin/../lib/gcc/arm-none-eabi/10.2.0/thumb/libgcc.a(_arm_unorddf2.o)
                0x00000000020058b4                __aeabi_dcmpun
                0x00000000020058b4                __unorddf2
 .text          0x00000000020058ec       0x5c /opt/devkitpro/devkitARM/bin/../lib/gcc/arm-none-eabi/10.2.0/thumb/libgcc.a(_arm_fixdfsi.o)
                0x00000000020058ec                __fixdfsi
                0x00000000020058ec                __aeabi_d2iz
 .text          0x0000000002005948       0x54 /opt/devkitpro/devkitARM/bin/../lib/gcc/arm-none-eabi/10.2.0/thumb/libgcc.a(_arm_fixunsdfsi.o)
                0x0000000002005948                __fixunsdfsi
                0x0000000002005948                __aeabi_d2uiz
 .text          0x000000000200599c       0xa0 /opt/devkitpro/devkitARM/bin/../lib/gcc/arm-none-eabi/10.2.0/thumb/libgcc.a(_arm_truncdfsf2.o)
                0x000000000200599c                __aeabi_d2f
                0x000000000200599c                __truncdfsf2
 .text          0x0000000002005a3c      0x2ac /opt/devkitpro/devkitARM/bin/../lib/gcc/arm-none-eabi/10.2.0/thumb/libgcc.a(_arm_addsubsf3.o)
                0x0000000002005a3c                __aeabi_frsub
                0x0000000002005a44                __aeabi_fsub
                0x0000000002005a44                __subsf3
                0x0000000002005a48                __aeabi_fadd
                0x0000000002005a48                __addsf3
                0x0000000002005c04                __aeabi_ui2f
                0x0000000002005c04                __floatunsisf
                0x0000000002005c0c                __floatsisf
                0x0000000002005c0c                __aeabi_i2f
                0x0000000002005c2c                __aeabi_ul2f
                0x0000000002005c2c                __floatundisf
                0x0000000002005c3c                __aeabi_l2f
                0x0000000002005c3c                __floatdisf
 .text          0x0000000002005ce8      0x2f8 /opt/devkitpro/devkitARM/bin/../lib/gcc/arm-none-eabi/10.2.0/thumb/libgcc.a(_arm_muldivsf3.o)
                0x0000000002005ce8                __mulsf3
                0x0000000002005ce8                __aeabi_fmul
                0x0000000002005e80                __divsf3
                0x0000000002005e80                __aeabi_fdiv
 .text          0x0000000002005fe0      0x114 /opt/devkitpro/devkitARM/bin/../lib/gcc/arm-none-eabi/10.2.0/thumb/libgcc.a(_arm_cmpsf2.o)
                0x0000000002005fe0                __gesf2
                0x0000000002005fe0                __gtsf2
                0x0000000002005fe8                __ltsf2
                0x0000000002005fe8                __lesf2
                0x0000000002005ff0                __nesf2
                0x0000000002005ff0                __eqsf2
                0x0000000002005ff0                __cmpsf2
                0x0000000002006054                __aeabi_cfrcmple
                0x0000000002006064                __aeabi_cfcmpeq
                0x0000000002006064                __aeabi_cfcmple
                0x000000000200607c                __aeabi_fcmpeq
                0x0000000002006094                __aeabi_fcmplt
                0x00000000020060ac                __aeabi_fcmple
                0x00000000020060c4                __aeabi_fcmpge
                0x00000000020060dc                __aeabi_fcmpgt
 .text          0x00000000020060f4       0x5c /opt/devkitpro/devkitARM/bin/../lib/gcc/arm-none-eabi/10.2.0/thumb/libgcc.a(_arm_fixsfsi.o)
                0x00000000020060f4                __fixsfsi
                0x00000000020060f4                __aeabi_f2iz
 .text          0x0000000002006150       0x54 /opt/devkitpro/devkitARM/bin/../lib/gcc/arm-none-eabi/10.2.0/thumb/libgcc.a(_arm_fixunssfsi.o)
                0x0000000002006150                __aeabi_f2uiz
                0x0000000002006150                __fixunssfsi
 *(EXCLUDE_FILE(*.twl* *.vectors* *.itcm*) .stub)
 *(EXCLUDE_FILE(*.twl* *.vectors* *.itcm*) .text.*)
 .text.__do_global_dtors_aux
                0x00000000020061a4       0x2c /opt/devkitpro/devkitARM/bin/../lib/gcc/arm-none-eabi/10.2.0/thumb/crtbegin.o
 .text.frame_dummy
                0x00000000020061d0       0x24 /opt/devkitpro/devkitARM/bin/../lib/gcc/arm-none-eabi/10.2.0/thumb/crtbegin.o
 .text.touchRead
                0x00000000020061f4       0x24 /opt/devkitpro/libnds/lib/libnds9.a(touch.o)
                0x00000000020061f4                touchRead
 .text.oamAllocReset
                0x0000000002006218       0x1c /opt/devkitpro/libnds/lib/libnds9.a(sprite_alloc.o)
                0x0000000002006218                oamAllocReset
 .text.oamAllocateGfx
                0x0000000002006234      0x510 /opt/devkitpro/libnds/lib/libnds9.a(sprite_alloc.o)
                0x0000000002006234                oamAllocateGfx
 .text.oamInit  0x0000000002006744      0x118 /opt/devkitpro/libnds/lib/libnds9.a(sprite.o)
                0x0000000002006744                oamInit
 .text.oamGetGfxPtr
                0x000000000200685c       0x38 /opt/devkitpro/libnds/lib/libnds9.a(sprite.o)
                0x000000000200685c                oamGetGfxPtr
 .text.oamGfxPtrToOffset
                0x0000000002006894       0x34 /opt/devkitpro/libnds/lib/libnds9.a(sprite.o)
                0x0000000002006894                oamGfxPtrToOffset
 .text.oamSet   0x00000000020068c8      0x11c /opt/devkitpro/libnds/lib/libnds9.a(sprite.o)
                0x00000000020068c8                oamSet
 .text.oamUpdate
                0x00000000020069e4       0x60 /opt/devkitpro/libnds/lib/libnds9.a(sprite.o)
                0x00000000020069e4                oamUpdate
 .text.oamRotateScale
                0x0000000002006a44       0x4c /opt/devkitpro/libnds/lib/libnds9.a(sprite.o)
                0x0000000002006a44                oamRotateScale
 .text.scanKeys
                0x0000000002006a90       0x8c /opt/devkitpro/libnds/lib/libnds9.a(keys.o)
                0x0000000002006a90                scanKeys
 .text.keysHeld
                0x0000000002006b1c        0xc /opt/devkitpro/libnds/lib/libnds9.a(keys.o)
                0x0000000002006b1c                keysHeld
 .text.keysDown
                0x0000000002006b28       0x14 /opt/devkitpro/libnds/lib/libnds9.a(keys.o)
                0x0000000002006b28                keysDown
 .text.keysDownRepeat
                0x0000000002006b3c       0x10 /opt/devkitpro/libnds/lib/libnds9.a(keys.o)
                0x0000000002006b3c                keysDownRepeat
 .text.initSystem
                0x0000000002006b4c      0x198 /opt/devkitpro/libnds/lib/libnds9.a(initSystem.o)
                0x0000000002006b4c                initSystem
 .text.__libnds_gtod
                0x0000000002006ce4       0x28 /opt/devkitpro/libnds/lib/libnds9.a(timeSupport.o)
                0x0000000002006ce4                __libnds_gtod
 .text.irqDummy
                0x0000000002006d0c        0x4 /opt/devkitpro/libnds/lib/libnds9.a(interrupts.o)
                0x0000000002006d0c                irqDummy
 .text.irqSet   0x0000000002006d10       0x6c /opt/devkitpro/libnds/lib/libnds9.a(interrupts.o)
                0x0000000002006d10                irqSet
 .text.irqInit  0x0000000002006d7c       0x50 /opt/devkitpro/libnds/lib/libnds9.a(interrupts.o)
                0x0000000002006d7c                irqInit
 .text.irqEnable
                0x0000000002006dcc       0x64 /opt/devkitpro/libnds/lib/libnds9.a(interrupts.o)
                0x0000000002006dcc                irqEnable
 .text.systemErrorExit
                0x0000000002006e30        0x4 /opt/devkitpro/libnds/lib/libnds9.a(libnds_exit.arm.o)
                0x0000000002006e30                systemErrorExit
 .text.__libnds_exit
                0x0000000002006e34       0x5c /opt/devkitpro/libnds/lib/libnds9.a(libnds_exit.arm.o)
                0x0000000002006e34                __libnds_exit
 .text.fifo_queueBlock
                0x0000000002006e90       0x44 /opt/devkitpro/libnds/lib/libnds9.a(fifosystem.o)
 .text.fifo_waitBlock
                0x0000000002006ed4       0x80 /opt/devkitpro/libnds/lib/libnds9.a(fifosystem.o)
 .text.fifoInternalSend.part.0
                0x0000000002006f54       0xd4 /opt/devkitpro/libnds/lib/libnds9.a(fifosystem.o)
 .text.fifoInternalSendInterrupt
                0x0000000002007028       0xa8 /opt/devkitpro/libnds/lib/libnds9.a(fifosystem.o)
 .text.fifoSetValue32Handler
                0x00000000020070d0       0xd8 /opt/devkitpro/libnds/lib/libnds9.a(fifosystem.o)
                0x00000000020070d0                fifoSetValue32Handler
 .text.fifoSendValue32
                0x00000000020071a8       0x4c /opt/devkitpro/libnds/lib/libnds9.a(fifosystem.o)
                0x00000000020071a8                fifoSendValue32
 .text.fifoSendDatamsg
                0x00000000020071f4       0x90 /opt/devkitpro/libnds/lib/libnds9.a(fifosystem.o)
                0x00000000020071f4                fifoSendDatamsg
 .text.fifoGetDatamsg
                0x0000000002007284       0xf4 /opt/devkitpro/libnds/lib/libnds9.a(fifosystem.o)
                0x0000000002007284                fifoGetDatamsg
 .text.fifoInternalRecvInterrupt
                0x0000000002007378      0x380 /opt/devkitpro/libnds/lib/libnds9.a(fifosystem.o)
 .text.fifoSetDatamsgHandler
                0x00000000020076f8       0x9c /opt/devkitpro/libnds/lib/libnds9.a(fifosystem.o)
                0x00000000020076f8                fifoSetDatamsgHandler
 .text.fifoInit
                0x0000000002007794       0xf8 /opt/devkitpro/libnds/lib/libnds9.a(fifosystem.o)
                0x0000000002007794                fifoInit
 .text.DC_FlushRange
                0x000000000200788c       0x24 /opt/devkitpro/libnds/lib/libnds9.a(dcache.o)
                0x000000000200788c                DC_FlushRange
 .text.__libnds_mpu_setup
                0x00000000020078b0      0x174 /opt/devkitpro/libnds/lib/libnds9.a(mpu_setup.o)
                0x00000000020078b0                __libnds_mpu_setup
 .text.memUncached
                0x0000000002007a24       0x20 /opt/devkitpro/libnds/lib/libnds9.a(mpu_setup.o)
                0x0000000002007a24                memUncached
 .text.swiWaitForVBlank
                0x0000000002007a44        0x8 /opt/devkitpro/libnds/lib/libnds9.a(IntrWait.o)
                0x0000000002007a44                swiWaitForVBlank
 .text.swiIntrWait
                0x0000000002007a4c       0x70 /opt/devkitpro/libnds/lib/libnds9.a(IntrWait.o)
                0x0000000002007a4c                swiIntrWait
 .text.setCpuClock
                0x0000000002007abc       0x50 /opt/devkitpro/libnds/lib/libnds9.a(cpu_clock.o)
                0x0000000002007abc                setCpuClock
 .text.swiSoftReset
                0x0000000002007b0c       0x2c /opt/devkitpro/libnds/lib/libnds9.a(swiSoftReset.o)
                0x0000000002007b0c                swiSoftReset
 .text.swiDelay
                0x0000000002007b38        0x4 /opt/devkitpro/libnds/lib/libnds9.a(biosCalls.o)
                0x0000000002007b38                swiDelay
 .text.swiCopy  0x0000000002007b3c        0x4 /opt/devkitpro/libnds/lib/libnds9.a(biosCalls.o)
                0x0000000002007b3c                swiCopy
 .text.vramDefault
                0x0000000002007b40       0xd0 /opt/devkitpro/libnds/lib/libnds9.a(video.o)
                0x0000000002007b40                vramDefault
 .text.systemValueHandler
                0x0000000002007c10       0x48 /opt/devkitpro/libnds/lib/libnds9.a(system.o)
                0x0000000002007c10                systemValueHandler
 .text.systemMsgHandler
                0x0000000002007c58       0x60 /opt/devkitpro/libnds/lib/libnds9.a(system.o)
                0x0000000002007c58                systemMsgHandler
 .text.powerOn  0x0000000002007cb8       0x2c /opt/devkitpro/libnds/lib/libnds9.a(system.o)
                0x0000000002007cb8                powerOn
 .text.sinLutLookup
                0x0000000002007ce4       0x38 /opt/devkitpro/libnds/lib/libnds9.a(trig.o)
                0x0000000002007ce4                sinLutLookup
 .text.sinLerp  0x0000000002007d1c       0x40 /opt/devkitpro/libnds/lib/libnds9.a(trig.o)
                0x0000000002007d1c                sinLerp
 .text.cosLerp  0x0000000002007d5c       0x4c /opt/devkitpro/libnds/lib/libnds9.a(trig.o)
                0x0000000002007d5c                cosLerp
 .text.atan     0x0000000002007da8      0x334 /opt/devkitpro/devkitARM/bin/../lib/gcc/arm-none-eabi/10.2.0/../../../../arm-none-eabi/lib/thumb/libm.a(lib_a-s_atan.o)
                0x0000000002007da8                atan
 .text.cos      0x00000000020080dc       0xa4 /opt/devkitpro/devkitARM/bin/../lib/gcc/arm-none-eabi/10.2.0/../../../../arm-none-eabi/lib/thumb/libm.a(lib_a-s_cos.o)
                0x00000000020080dc                cos
 .text.fabs     0x0000000002008180        0x8 /opt/devkitpro/devkitARM/bin/../lib/gcc/arm-none-eabi/10.2.0/../../../../arm-none-eabi/lib/thumb/libm.a(lib_a-s_fabs.o)
                0x0000000002008180                fabs
 .text.sin      0x0000000002008188       0xa8 /opt/devkitpro/devkitARM/bin/../lib/gcc/arm-none-eabi/10.2.0/../../../../arm-none-eabi/lib/thumb/libm.a(lib_a-s_sin.o)
                0x0000000002008188                sin
 .text.atan2    0x0000000002008230        0xc /opt/devkitpro/devkitARM/bin/../lib/gcc/arm-none-eabi/10.2.0/../../../../arm-none-eabi/lib/thumb/libm.a(lib_a-w_atan2.o)
                0x0000000002008230                atan2
 .text.sqrt     0x000000000200823c       0x64 /opt/devkitpro/devkitARM/bin/../lib/gcc/arm-none-eabi/10.2.0/../../../../arm-none-eabi/lib/thumb/libm.a(lib_a-w_sqrt.o)
                0x000000000200823c                sqrt
 .text.__ieee754_atan2
                0x00000000020082a0      0x17c /opt/devkitpro/devkitARM/bin/../lib/gcc/arm-none-eabi/10.2.0/../../../../arm-none-eabi/lib/thumb/libm.a(lib_a-e_atan2.o)
                0x00000000020082a0                __ieee754_atan2
 .text.__ieee754_rem_pio2
                0x000000000200841c      0x420 /opt/devkitpro/devkitARM/bin/../lib/gcc/arm-none-eabi/10.2.0/../../../../arm-none-eabi/lib/thumb/libm.a(lib_a-e_rem_pio2.o)
                0x000000000200841c                __ieee754_rem_pio2
 .text.__ieee754_sqrt
                0x000000000200883c      0x1a4 /opt/devkitpro/devkitARM/bin/../lib/gcc/arm-none-eabi/10.2.0/../../../../arm-none-eabi/lib/thumb/libm.a(lib_a-e_sqrt.o)
                0x000000000200883c                __ieee754_sqrt
 .text.__kernel_cos
                0x00000000020089e0      0x234 /opt/devkitpro/devkitARM/bin/../lib/gcc/arm-none-eabi/10.2.0/../../../../arm-none-eabi/lib/thumb/libm.a(lib_a-k_cos.o)
                0x00000000020089e0                __kernel_cos
 .text.__kernel_rem_pio2
                0x0000000002008c14      0x8d8 /opt/devkitpro/devkitARM/bin/../lib/gcc/arm-none-eabi/10.2.0/../../../../arm-none-eabi/lib/thumb/libm.a(lib_a-k_rem_pio2.o)
                0x0000000002008c14                __kernel_rem_pio2
 .text.__kernel_sin
                0x00000000020094ec      0x170 /opt/devkitpro/devkitARM/bin/../lib/gcc/arm-none-eabi/10.2.0/../../../../arm-none-eabi/lib/thumb/libm.a(lib_a-k_sin.o)
                0x00000000020094ec                __kernel_sin
 .text.floor    0x000000000200965c      0x13c /opt/devkitpro/devkitARM/bin/../lib/gcc/arm-none-eabi/10.2.0/../../../../arm-none-eabi/lib/thumb/libm.a(lib_a-s_floor.o)
                0x000000000200965c                floor
 .text.scalbn   0x0000000002009798       0xfc /opt/devkitpro/devkitARM/bin/../lib/gcc/arm-none-eabi/10.2.0/../../../../arm-none-eabi/lib/thumb/libm.a(lib_a-s_scalbn.o)
                0x0000000002009798                scalbn
 .text.__errno  0x0000000002009894        0xc /opt/devkitpro/devkitARM/bin/../lib/gcc/arm-none-eabi/10.2.0/../../../../arm-none-eabi/lib/thumb/libg.a(lib_a-errno.o)
                0x0000000002009894                __errno
 .text._fclose_r
                0x00000000020098a0       0xe8 /opt/devkitpro/devkitARM/bin/../lib/gcc/arm-none-eabi/10.2.0/../../../../arm-none-eabi/lib/thumb/libg.a(lib_a-fclose.o)
                0x00000000020098a0                _fclose_r
 .text.fclose   0x0000000002009988       0x14 /opt/devkitpro/devkitARM/bin/../lib/gcc/arm-none-eabi/10.2.0/../../../../arm-none-eabi/lib/thumb/libg.a(lib_a-fclose.o)
                0x0000000002009988                fclose
 .text.__sflush_r
                0x000000000200999c      0x1c0 /opt/devkitpro/devkitARM/bin/../lib/gcc/arm-none-eabi/10.2.0/../../../../arm-none-eabi/lib/thumb/libg.a(lib_a-fflush.o)
                0x000000000200999c                __sflush_r
 .text._fflush_r
                0x0000000002009b5c       0x70 /opt/devkitpro/devkitARM/bin/../lib/gcc/arm-none-eabi/10.2.0/../../../../arm-none-eabi/lib/thumb/libg.a(lib_a-fflush.o)
                0x0000000002009b5c                _fflush_r
 .text.fflush   0x0000000002009bcc       0x2c /opt/devkitpro/devkitARM/bin/../lib/gcc/arm-none-eabi/10.2.0/../../../../arm-none-eabi/lib/thumb/libg.a(lib_a-fflush.o)
                0x0000000002009bcc                fflush
 .text._cleanup_r
                0x0000000002009bf8       0x14 /opt/devkitpro/devkitARM/bin/../lib/gcc/arm-none-eabi/10.2.0/../../../../arm-none-eabi/lib/thumb/libg.a(lib_a-findfp.o)
                0x0000000002009bf8                _cleanup_r
 .text.__sinit  0x0000000002009c0c      0x124 /opt/devkitpro/devkitARM/bin/../lib/gcc/arm-none-eabi/10.2.0/../../../../arm-none-eabi/lib/thumb/libg.a(lib_a-findfp.o)
                0x0000000002009c0c                __sinit
 .text.__sfp    0x0000000002009d30       0xdc /opt/devkitpro/devkitARM/bin/../lib/gcc/arm-none-eabi/10.2.0/../../../../arm-none-eabi/lib/thumb/libg.a(lib_a-findfp.o)
                0x0000000002009d30                __sfp
 .text.__sfp_lock_acquire
                0x0000000002009e0c       0x14 /opt/devkitpro/devkitARM/bin/../lib/gcc/arm-none-eabi/10.2.0/../../../../arm-none-eabi/lib/thumb/libg.a(lib_a-findfp.o)
                0x0000000002009e0c                __sfp_lock_acquire
 .text.__sfp_lock_release
                0x0000000002009e20       0x14 /opt/devkitpro/devkitARM/bin/../lib/gcc/arm-none-eabi/10.2.0/../../../../arm-none-eabi/lib/thumb/libg.a(lib_a-findfp.o)
                0x0000000002009e20                __sfp_lock_release
 .text._fopen_r
                0x0000000002009e34       0xb8 /opt/devkitpro/devkitARM/bin/../lib/gcc/arm-none-eabi/10.2.0/../../../../arm-none-eabi/lib/thumb/libg.a(lib_a-fopen.o)
                0x0000000002009e34                _fopen_r
 .text.fopen    0x0000000002009eec       0x18 /opt/devkitpro/devkitARM/bin/../lib/gcc/arm-none-eabi/10.2.0/../../../../arm-none-eabi/lib/thumb/libg.a(lib_a-fopen.o)
                0x0000000002009eec                fopen
 .text._fread_r
                0x0000000002009f04      0x1f0 /opt/devkitpro/devkitARM/bin/../lib/gcc/arm-none-eabi/10.2.0/../../../../arm-none-eabi/lib/thumb/libg.a(lib_a-fread.o)
                0x0000000002009f04                _fread_r
 .text.fread    0x000000000200a0f4       0x24 /opt/devkitpro/devkitARM/bin/../lib/gcc/arm-none-eabi/10.2.0/../../../../arm-none-eabi/lib/thumb/libg.a(lib_a-fread.o)
                0x000000000200a0f4                fread
 .text._malloc_trim_r
                0x000000000200a118       0xa0 /opt/devkitpro/devkitARM/bin/../lib/gcc/arm-none-eabi/10.2.0/../../../../arm-none-eabi/lib/thumb/libg.a(lib_a-freer.o)
                0x000000000200a118                _malloc_trim_r
 .text._free_r  0x000000000200a1b8      0x1e0 /opt/devkitpro/devkitARM/bin/../lib/gcc/arm-none-eabi/10.2.0/../../../../arm-none-eabi/lib/thumb/libg.a(lib_a-freer.o)
                0x000000000200a1b8                _free_r
 .text._fseek_r
                0x000000000200a398       0x18 /opt/devkitpro/devkitARM/bin/../lib/gcc/arm-none-eabi/10.2.0/../../../../arm-none-eabi/lib/thumb/libg.a(lib_a-fseek.o)
                0x000000000200a398                _fseek_r
 .text.fseek    0x000000000200a3b0       0x24 /opt/devkitpro/devkitARM/bin/../lib/gcc/arm-none-eabi/10.2.0/../../../../arm-none-eabi/lib/thumb/libg.a(lib_a-fseek.o)
                0x000000000200a3b0                fseek
 .text._fseeko_r
                0x000000000200a3d4      0x39c /opt/devkitpro/devkitARM/bin/../lib/gcc/arm-none-eabi/10.2.0/../../../../arm-none-eabi/lib/thumb/libg.a(lib_a-fseeko.o)
                0x000000000200a3d4                _fseeko_r
 .text._ftello_r
                0x000000000200a770      0x118 /opt/devkitpro/devkitARM/bin/../lib/gcc/arm-none-eabi/10.2.0/../../../../arm-none-eabi/lib/thumb/libg.a(lib_a-ftello.o)
                0x000000000200a770                _ftello_r
 .text._fwalk   0x000000000200a888       0x48 /opt/devkitpro/devkitARM/bin/../lib/gcc/arm-none-eabi/10.2.0/../../../../arm-none-eabi/lib/thumb/libg.a(lib_a-fwalk.o)
                0x000000000200a888                _fwalk
 .text._fwalk_reent
                0x000000000200a8d0       0x50 /opt/devkitpro/devkitARM/bin/../lib/gcc/arm-none-eabi/10.2.0/../../../../arm-none-eabi/lib/thumb/libg.a(lib_a-fwalk.o)
                0x000000000200a8d0                _fwalk_reent
 .text.__libc_init_array
                0x000000000200a920       0x50 /opt/devkitpro/devkitARM/bin/../lib/gcc/arm-none-eabi/10.2.0/../../../../arm-none-eabi/lib/thumb/libg.a(lib_a-init.o)
                0x000000000200a920                __libc_init_array
 .text.__smakebuf_r
                0x000000000200a970       0xec /opt/devkitpro/devkitARM/bin/../lib/gcc/arm-none-eabi/10.2.0/../../../../arm-none-eabi/lib/thumb/libg.a(lib_a-makebuf.o)
                0x000000000200a970                __smakebuf_r
 .text.malloc   0x000000000200aa5c       0x14 /opt/devkitpro/devkitARM/bin/../lib/gcc/arm-none-eabi/10.2.0/../../../../arm-none-eabi/lib/thumb/libg.a(lib_a-malloc.o)
                0x000000000200aa5c                malloc
 .text.free     0x000000000200aa70       0x14 /opt/devkitpro/devkitARM/bin/../lib/gcc/arm-none-eabi/10.2.0/../../../../arm-none-eabi/lib/thumb/libg.a(lib_a-malloc.o)
                0x000000000200aa70                free
 .text._malloc_r
                0x000000000200aa84      0x59c /opt/devkitpro/devkitARM/bin/../lib/gcc/arm-none-eabi/10.2.0/../../../../arm-none-eabi/lib/thumb/libg.a(lib_a-mallocr.o)
                0x000000000200aa84                _malloc_r
 .text.memcpy   0x000000000200b020       0xa8 /opt/devkitpro/devkitARM/bin/../lib/gcc/arm-none-eabi/10.2.0/../../../../arm-none-eabi/lib/thumb/libg.a(lib_a-memcpy-stub.o)
                0x000000000200b020                memcpy
 .text.memset   0x000000000200b0c8       0xb0 /opt/devkitpro/devkitARM/bin/../lib/gcc/arm-none-eabi/10.2.0/../../../../arm-none-eabi/lib/thumb/libg.a(lib_a-memset.o)
                0x000000000200b0c8                memset
 .text.__malloc_lock
                0x000000000200b178       0x14 /opt/devkitpro/devkitARM/bin/../lib/gcc/arm-none-eabi/10.2.0/../../../../arm-none-eabi/lib/thumb/libg.a(lib_a-mlock.o)
                0x000000000200b178                __malloc_lock
 .text.__malloc_unlock
                0x000000000200b18c       0x14 /opt/devkitpro/devkitARM/bin/../lib/gcc/arm-none-eabi/10.2.0/../../../../arm-none-eabi/lib/thumb/libg.a(lib_a-mlock.o)
                0x000000000200b18c                __malloc_unlock
 .text.realloc  0x000000000200b1a0       0x18 /opt/devkitpro/devkitARM/bin/../lib/gcc/arm-none-eabi/10.2.0/../../../../arm-none-eabi/lib/thumb/libg.a(lib_a-realloc.o)
                0x000000000200b1a0                realloc
 .text._realloc_r
                0x000000000200b1b8      0x38c /opt/devkitpro/devkitARM/bin/../lib/gcc/arm-none-eabi/10.2.0/../../../../arm-none-eabi/lib/thumb/libg.a(lib_a-reallocr.o)
                0x000000000200b1b8                _realloc_r
 .text.lflush   0x000000000200b544       0x20 /opt/devkitpro/devkitARM/bin/../lib/gcc/arm-none-eabi/10.2.0/../../../../arm-none-eabi/lib/thumb/libg.a(lib_a-refill.o)
 .text.__srefill_r
                0x000000000200b564      0x118 /opt/devkitpro/devkitARM/bin/../lib/gcc/arm-none-eabi/10.2.0/../../../../arm-none-eabi/lib/thumb/libg.a(lib_a-refill.o)
                0x000000000200b564                __srefill_r
 .text.__sread  0x000000000200b67c       0x34 /opt/devkitpro/devkitARM/bin/../lib/gcc/arm-none-eabi/10.2.0/../../../../arm-none-eabi/lib/thumb/libg.a(lib_a-stdio.o)
                0x000000000200b67c                __sread
 .text.__swrite
                0x000000000200b6b0       0x54 /opt/devkitpro/devkitARM/bin/../lib/gcc/arm-none-eabi/10.2.0/../../../../arm-none-eabi/lib/thumb/libg.a(lib_a-stdio.o)
                0x000000000200b6b0                __swrite
 .text.__sseek  0x000000000200b704       0x40 /opt/devkitpro/devkitARM/bin/../lib/gcc/arm-none-eabi/10.2.0/../../../../arm-none-eabi/lib/thumb/libg.a(lib_a-stdio.o)
                0x000000000200b704                __sseek
 .text.__sclose
                0x000000000200b744       0x10 /opt/devkitpro/devkitARM/bin/../lib/gcc/arm-none-eabi/10.2.0/../../../../arm-none-eabi/lib/thumb/libg.a(lib_a-stdio.o)
                0x000000000200b744                __sclose
 .text.__sflags
                0x000000000200b754       0xa4 /opt/devkitpro/devkitARM/bin/../lib/gcc/arm-none-eabi/10.2.0/../../../../arm-none-eabi/lib/thumb/libg.a(lib_a-flags.o)
                0x000000000200b754                __sflags
 .text.memmove  0x000000000200b7f8       0xbc /opt/devkitpro/devkitARM/bin/../lib/gcc/arm-none-eabi/10.2.0/../../../../arm-none-eabi/lib/thumb/libg.a(lib_a-memmove.o)
                0x000000000200b7f8                memmove
 .text._fstat_r
                0x000000000200b8b4       0x4c /opt/devkitpro/devkitARM/bin/../lib/gcc/arm-none-eabi/10.2.0/../../../../arm-none-eabi/lib/thumb/libsysbase.a(fstat.o)
                0x000000000200b8b4                _fstat_r
 .text._isatty_r
                0x000000000200b900        0x4 /opt/devkitpro/devkitARM/bin/../lib/gcc/arm-none-eabi/10.2.0/../../../../arm-none-eabi/lib/thumb/libsysbase.a(isatty.o)
                0x000000000200b900                _isatty_r
 .text._lseek_r
                0x000000000200b904       0x5c /opt/devkitpro/devkitARM/bin/../lib/gcc/arm-none-eabi/10.2.0/../../../../arm-none-eabi/lib/thumb/libsysbase.a(lseek.o)
                0x000000000200b904                _lseek_r
 .text._open_r  0x000000000200b960       0x9c /opt/devkitpro/devkitARM/bin/../lib/gcc/arm-none-eabi/10.2.0/../../../../arm-none-eabi/lib/thumb/libsysbase.a(open.o)
                0x000000000200b960                _open_r
 .text._read_r  0x000000000200b9fc       0x50 /opt/devkitpro/devkitARM/bin/../lib/gcc/arm-none-eabi/10.2.0/../../../../arm-none-eabi/lib/thumb/libsysbase.a(read.o)
                0x000000000200b9fc                _read_r
 .text._sbrk_r  0x000000000200ba4c       0x54 /opt/devkitpro/devkitARM/bin/../lib/gcc/arm-none-eabi/10.2.0/../../../../arm-none-eabi/lib/thumb/libsysbase.a(sbrk.o)
                0x000000000200ba4c                _sbrk_r
 .text._write_r
                0x000000000200baa0       0x50 /opt/devkitpro/devkitARM/bin/../lib/gcc/arm-none-eabi/10.2.0/../../../../arm-none-eabi/lib/thumb/libsysbase.a(write.o)
                0x000000000200baa0                _write_r
 .text.build_argv
                0x000000000200baf0       0x4c /opt/devkitpro/devkitARM/bin/../lib/gcc/arm-none-eabi/10.2.0/../../../../arm-none-eabi/lib/thumb/libsysbase.a(build_argv.o)
                0x000000000200baf0                build_argv
 .text.__flockfile
                0x000000000200bb3c       0x10 /opt/devkitpro/devkitARM/bin/../lib/gcc/arm-none-eabi/10.2.0/../../../../arm-none-eabi/lib/thumb/libsysbase.a(flock.o)
                0x000000000200bb3c                __flockfile
 .text.__funlockfile
                0x000000000200bb4c       0x10 /opt/devkitpro/devkitARM/bin/../lib/gcc/arm-none-eabi/10.2.0/../../../../arm-none-eabi/lib/thumb/libsysbase.a(flock.o)
                0x000000000200bb4c                __funlockfile
 .text.__libc_lock_acquire
                0x000000000200bb5c       0x1c /opt/devkitpro/devkitARM/bin/../lib/gcc/arm-none-eabi/10.2.0/../../../../arm-none-eabi/lib/thumb/libsysbase.a(syscall_support.o)
                0x000000000200bb5c                __libc_lock_acquire
 .text.__libc_lock_release
                0x000000000200bb78       0x1c /opt/devkitpro/devkitARM/bin/../lib/gcc/arm-none-eabi/10.2.0/../../../../arm-none-eabi/lib/thumb/libsysbase.a(syscall_support.o)
                0x000000000200bb78                __libc_lock_release
 .text.__libc_lock_init_recursive
                0x000000000200bb94       0x1c /opt/devkitpro/devkitARM/bin/../lib/gcc/arm-none-eabi/10.2.0/../../../../arm-none-eabi/lib/thumb/libsysbase.a(syscall_support.o)
                0x000000000200bb94                __libc_lock_init_recursive
 .text.__libc_lock_acquire_recursive
                0x000000000200bbb0       0x1c /opt/devkitpro/devkitARM/bin/../lib/gcc/arm-none-eabi/10.2.0/../../../../arm-none-eabi/lib/thumb/libsysbase.a(syscall_support.o)
                0x000000000200bbb0                __libc_lock_acquire_recursive
 .text.__libc_lock_release_recursive
                0x000000000200bbcc       0x1c /opt/devkitpro/devkitARM/bin/../lib/gcc/arm-none-eabi/10.2.0/../../../../arm-none-eabi/lib/thumb/libsysbase.a(syscall_support.o)
                0x000000000200bbcc                __libc_lock_release_recursive
 .text.__libc_lock_close_recursive
                0x000000000200bbe8       0x1c /opt/devkitpro/devkitARM/bin/../lib/gcc/arm-none-eabi/10.2.0/../../../../arm-none-eabi/lib/thumb/libsysbase.a(syscall_support.o)
                0x000000000200bbe8                __libc_lock_close_recursive
 .text.__release_handle
                0x000000000200bc04       0x68 /opt/devkitpro/devkitARM/bin/../lib/gcc/arm-none-eabi/10.2.0/../../../../arm-none-eabi/lib/thumb/libsysbase.a(handle_manager.o)
                0x000000000200bc04                __release_handle
 .text.__alloc_handle
                0x000000000200bc6c       0x80 /opt/devkitpro/devkitARM/bin/../lib/gcc/arm-none-eabi/10.2.0/../../../../arm-none-eabi/lib/thumb/libsysbase.a(handle_manager.o)
                0x000000000200bc6c                __alloc_handle
 .text.__get_handle
                0x000000000200bcec       0x34 /opt/devkitpro/devkitARM/bin/../lib/gcc/arm-none-eabi/10.2.0/../../../../arm-none-eabi/lib/thumb/libsysbase.a(handle_manager.o)
                0x000000000200bcec                __get_handle
 .text._close_r
                0x000000000200bd20       0xb8 /opt/devkitpro/devkitARM/bin/../lib/gcc/arm-none-eabi/10.2.0/../../../../arm-none-eabi/lib/thumb/libsysbase.a(handle_manager.o)
                0x000000000200bd20                _close_r
 .text.__getreent
                0x000000000200bdd8       0x28 /opt/devkitpro/devkitARM/bin/../lib/gcc/arm-none-eabi/10.2.0/../../../../arm-none-eabi/lib/thumb/libsysbase.a(getreent.o)
                0x000000000200bdd8                __getreent
 .text.null_write
                0x000000000200be00        0x4 /opt/devkitpro/devkitARM/bin/../lib/gcc/arm-none-eabi/10.2.0/../../../../arm-none-eabi/lib/thumb/libsysbase.a(iosupport.o)
 .text.FindDevice
                0x000000000200be04       0x98 /opt/devkitpro/devkitARM/bin/../lib/gcc/arm-none-eabi/10.2.0/../../../../arm-none-eabi/lib/thumb/libsysbase.a(iosupport.o)
                0x000000000200be04                FindDevice
 .text.strchr   0x000000000200be9c       0xc8 /opt/devkitpro/devkitARM/bin/../lib/gcc/arm-none-eabi/10.2.0/../../../../arm-none-eabi/lib/thumb/libg.a(lib_a-strchr.o)
                0x000000000200be9c                strchr
 .text.strlen   0x000000000200bf64       0x60 /opt/devkitpro/devkitARM/bin/../lib/gcc/arm-none-eabi/10.2.0/../../../../arm-none-eabi/lib/thumb/libg.a(lib_a-strlen-stub.o)
                0x000000000200bf64                strlen
 .text.strncmp  0x000000000200bfc4       0x78 /opt/devkitpro/devkitARM/bin/../lib/gcc/arm-none-eabi/10.2.0/../../../../arm-none-eabi/lib/thumb/libg.a(lib_a-strncmp.o)
                0x000000000200bfc4                strncmp
 *fill*         0x000000000200c03c        0x4 ff
 .text.strncmp.__stub
                0x000000000200c040      0x130 linker stubs
 *(EXCLUDE_FILE(*.twl*) .gnu.warning)
 *(EXCLUDE_FILE(*.twl*) .gnu.linkonce.t*)
 *(.glue_7)
 .glue_7        0x000000000200c178        0x0 linker stubs
 *(.glue_7t)
 .glue_7t       0x000000000200c178        0x0 linker stubs
                0x000000000200c178                . = ALIGN (0x4)

.vfp11_veneer   0x000000000200c178        0x0
 .vfp11_veneer  0x000000000200c178        0x0 linker stubs

.v4_bx          0x000000000200c178        0x0
 .v4_bx         0x000000000200c178        0x0 linker stubs

.iplt           0x000000000200c178        0x0
 .iplt          0x000000000200c178        0x0 /opt/devkitpro/devkitARM/bin/../lib/gcc/arm-none-eabi/10.2.0/../../../../arm-none-eabi/lib/thumb/ds_arm9_crt0.o

.fini           0x000000000200c178        0xc
 *(.fini)
 .fini          0x000000000200c178        0x4 /opt/devkitpro/devkitARM/bin/../lib/gcc/arm-none-eabi/10.2.0/thumb/crti.o
                0x000000000200c178                _fini
 .fini          0x000000000200c17c        0x8 /opt/devkitpro/devkitARM/bin/../lib/gcc/arm-none-eabi/10.2.0/thumb/crtn.o
                0x000000000200c184                __text_end = .

.rodata         0x000000000200c188    0xcacf0
 *(EXCLUDE_FILE(*.twl*) .rodata)
 .rodata        0x000000000200c188     0x2080 backplate.o
                0x000000000200c188                backplateTiles
                0x000000000200db88                backplateMap
                0x000000000200e188                backplatePal
 .rodata        0x000000000200e208     0xc200 crash_earth.o
                0x000000000200e208                crash_earthBitmap
                0x000000000201a208                crash_earthPal
 .rodata        0x000000000201a408     0xc200 crash_moon.o
                0x000000000201a408                crash_moonBitmap
                0x0000000002026408                crash_moonPal
 .rodata        0x0000000002026608     0xc200 crash_wall.o
                0x0000000002026608                crash_wallBitmap
                0x0000000002032608                crash_wallPal
 .rodata        0x0000000002032808     0x4080 fusee0.o
                0x0000000002032808                fusee0Bitmap
                0x0000000002036808                fusee0Pal
 .rodata        0x0000000002036888     0x4080 fusee1.o
                0x0000000002036888                fusee1Bitmap
                0x000000000203a888                fusee1Pal
 .rodata        0x000000000203a908     0x4080 fusee2.o
                0x000000000203a908                fusee2Bitmap
                0x000000000203e908                fusee2Pal
 .rodata        0x000000000203e988     0x4080 horizon.o
                0x000000000203e988                horizonBitmap
                0x0000000002042988                horizonPal
 .rodata        0x0000000002042a08     0x5080 numbers.o
                0x0000000002042a08                numbersTiles
                0x0000000002047a08                numbersPal
 .rodata        0x0000000002047a88     0xc080 planets.o
                0x0000000002047a88                planetsBitmap
                0x0000000002053a88                planetsPal
 .rodata        0x0000000002053b08      0x240 rocket.o
                0x0000000002053b08                rocketTiles
                0x0000000002053b48                rocketPal
 .rodata        0x0000000002053d48     0xc200 splash.o
                0x0000000002053d48                splashBitmap
                0x000000000205fd48                splashPal
 .rodata        0x000000000205ff48     0xc200 splash2.o
                0x000000000205ff48                splash2Bitmap
                0x000000000206bf48                splash2Pal
 .rodata        0x000000000206c148       0x18 game.o
 *all.rodata*(*)
 *(EXCLUDE_FILE(*.twl*) .roda)
 *(EXCLUDE_FILE(*.twl*) .rodata.*)
 .rodata.soundbank_bin
                0x000000000206c160    0x6a848 soundbank.bin.o
                0x000000000206c160                soundbank_bin
                0x00000000020d69a8                soundbank_bin_end
 .rodata.SIN_LUT
                0x00000000020d69a8      0x102 /opt/devkitpro/libnds/lib/libnds9.a(trig.o)
                0x00000000020d69a8                SIN_LUT
 *fill*         0x00000000020d6aaa        0x6 ff
 .rodata.atanhi
                0x00000000020d6ab0       0x20 /opt/devkitpro/devkitARM/bin/../lib/gcc/arm-none-eabi/10.2.0/../../../../arm-none-eabi/lib/thumb/libm.a(lib_a-s_atan.o)
 .rodata.atanlo
                0x00000000020d6ad0       0x20 /opt/devkitpro/devkitARM/bin/../lib/gcc/arm-none-eabi/10.2.0/../../../../arm-none-eabi/lib/thumb/libm.a(lib_a-s_atan.o)
 .rodata.CSWTCH.8
                0x00000000020d6af0       0x18 /opt/devkitpro/devkitARM/bin/../lib/gcc/arm-none-eabi/10.2.0/../../../../arm-none-eabi/lib/thumb/libm.a(lib_a-e_atan2.o)
 .rodata.CSWTCH.9
                0x00000000020d6b08       0x18 /opt/devkitpro/devkitARM/bin/../lib/gcc/arm-none-eabi/10.2.0/../../../../arm-none-eabi/lib/thumb/libm.a(lib_a-e_atan2.o)
 .rodata.npio2_hw
                0x00000000020d6b20       0x80 /opt/devkitpro/devkitARM/bin/../lib/gcc/arm-none-eabi/10.2.0/../../../../arm-none-eabi/lib/thumb/libm.a(lib_a-e_rem_pio2.o)
 .rodata.two_over_pi
                0x00000000020d6ba0      0x108 /opt/devkitpro/devkitARM/bin/../lib/gcc/arm-none-eabi/10.2.0/../../../../arm-none-eabi/lib/thumb/libm.a(lib_a-e_rem_pio2.o)
 .rodata.PIo2   0x00000000020d6ca8       0x40 /opt/devkitpro/devkitARM/bin/../lib/gcc/arm-none-eabi/10.2.0/../../../../arm-none-eabi/lib/thumb/libm.a(lib_a-k_rem_pio2.o)
 .rodata.init_jk
                0x00000000020d6ce8       0x10 /opt/devkitpro/devkitARM/bin/../lib/gcc/arm-none-eabi/10.2.0/../../../../arm-none-eabi/lib/thumb/libm.a(lib_a-k_rem_pio2.o)
 .rodata._global_impure_ptr
                0x00000000020d6cf8        0x4 /opt/devkitpro/devkitARM/bin/../lib/gcc/arm-none-eabi/10.2.0/../../../../arm-none-eabi/lib/thumb/libg.a(lib_a-impure.o)
                0x00000000020d6cf8                _global_impure_ptr
 .rodata.AddDevice.str1.4
                0x00000000020d6cfc        0x8 /opt/devkitpro/devkitARM/bin/../lib/gcc/arm-none-eabi/10.2.0/../../../../arm-none-eabi/lib/thumb/libsysbase.a(iosupport.o)
 .rodata.dotab_stdnull
                0x00000000020d6d04       0x70 /opt/devkitpro/devkitARM/bin/../lib/gcc/arm-none-eabi/10.2.0/../../../../arm-none-eabi/lib/thumb/libsysbase.a(iosupport.o)
                0x00000000020d6d04                dotab_stdnull
 .rodata._ctype_
                0x00000000020d6d74      0x101 /opt/devkitpro/devkitARM/bin/../lib/gcc/arm-none-eabi/10.2.0/../../../../arm-none-eabi/lib/thumb/libg.a(lib_a-ctype_.o)
                0x00000000020d6d74                _ctype_
 *(EXCLUDE_FILE(*.twl*) .gnu.linkonce.r*)
                0x00000000020d6e78                . = ALIGN (0x4)
 *fill*         0x00000000020d6e75        0x3 ff

.ARM.extab
 *(.ARM.extab* .gnu.linkonce.armextab.*)
                0x00000000020d6e78                __exidx_start = .

ARM.exidx
 *(.ARM.exidx* .gnu.linkonce.armexidx.*)
                0x00000000020d6e78                __exidx_end = .
                0x00000000020d6e78                . = ALIGN (0x4)
                0x00000000020d6e78                PROVIDE (__preinit_array_start = .)

.preinit_array
 *(.preinit_array)
                0x00000000020d6e78                PROVIDE (__preinit_array_end = .)
                0x00000000020d6e78                PROVIDE (__init_array_start = .)

.init_array     0x00000000020d6e78        0x4
 *(SORT_BY_NAME(.init_array.*))
 *(.init_array)
 .init_array    0x00000000020d6e78        0x4 /opt/devkitpro/devkitARM/bin/../lib/gcc/arm-none-eabi/10.2.0/thumb/crtbegin.o
                0x00000000020d6e7c                PROVIDE (__init_array_end = .)
                [!provide]                        PROVIDE (__fini_array_start = .)

.fini_array     0x00000000020d6e7c        0x4
 *(.fini_array)
 .fini_array    0x00000000020d6e7c        0x4 /opt/devkitpro/devkitARM/bin/../lib/gcc/arm-none-eabi/10.2.0/thumb/crtbegin.o
 *(SORT_BY_NAME(.fini_array.*))
                [!provide]                        PROVIDE (__fini_array_end = .)

.ctors          0x00000000020d6e80        0x0
 *crtbegin.o(.ctors)
 *(EXCLUDE_FILE(*crtend.o) .ctors)
 *(SORT_BY_NAME(.ctors.*))
 *(.ctors)
                0x00000000020d6e80                . = ALIGN (0x4)

.dtors          0x00000000020d6e80        0x0
 *crtbegin.o(.dtors)
 *(EXCLUDE_FILE(*crtend.o) .dtors)
 *(SORT_BY_NAME(.dtors.*))
 *(.dtors)
                0x00000000020d6e80                . = ALIGN (0x4)

.eh_frame       0x00000000020d6e80        0x4
 *(.eh_frame)
 .eh_frame      0x00000000020d6e80        0x0 /opt/devkitpro/devkitARM/bin/../lib/gcc/arm-none-eabi/10.2.0/thumb/crtbegin.o
 .eh_frame      0x00000000020d6e80        0x4 /opt/devkitpro/devkitARM/bin/../lib/gcc/arm-none-eabi/10.2.0/thumb/crtend.o
                0x00000000020d6e84                . = ALIGN (0x4)

.rel.dyn        0x00000000020d6e84        0x0
 .rel.iplt      0x00000000020d6e84        0x0 /opt/devkitpro/devkitARM/bin/../lib/gcc/arm-none-eabi/10.2.0/../../../../arm-none-eabi/lib/thumb/ds_arm9_crt0.o

.gcc_except_table
                0x00000000020d6e84        0x0
 *(.gcc_except_table)
                0x00000000020d6e84                . = ALIGN (0x4)

.jcr
 *(.jcr)

.got
 *(.got.plt)
 *(.got)
 *(.rel.got)

.ewram          0x00000000020d6e84        0x0
                0x00000000020d6e84                __ewram_start = ABSOLUTE (.)
 *(.ewram)
 *ewram.*(.text)
                0x00000000020d6e84                . = ALIGN (0x4)

.data           0x00000000020d6e84     0x19a8
                0x00000000020d6e84                __data_start = ABSOLUTE (.)
 *(EXCLUDE_FILE(*.twl*) .data)
 .data          0x00000000020d6e84       0x28 /opt/devkitpro/libnds/lib/libnds9.a(mpu_setup.o)
 *(EXCLUDE_FILE(*.twl*) .data.*)
 .data.oamMain  0x00000000020d6eac       0x18 /opt/devkitpro/libnds/lib/libnds9.a(sprite.o)
                0x00000000020d6eac                oamMain
 .data.count    0x00000000020d6ec4        0x1 /opt/devkitpro/libnds/lib/libnds9.a(keys.o)
 .data.delay    0x00000000020d6ec5        0x1 /opt/devkitpro/libnds/lib/libnds9.a(keys.o)
 .data.repeat   0x00000000020d6ec6        0x1 /opt/devkitpro/libnds/lib/libnds9.a(keys.o)
 *fill*         0x00000000020d6ec7        0x1 ff
 .data.fifo_buffer_free
                0x00000000020d6ec8        0x4 /opt/devkitpro/libnds/lib/libnds9.a(fifosystem.o)
                0x00000000020d6ec8                fifo_buffer_free
 .data.fifo_freewords
                0x00000000020d6ecc        0x4 /opt/devkitpro/libnds/lib/libnds9.a(fifosystem.o)
                0x00000000020d6ecc                fifo_freewords
 .data.fifo_receive_queue
                0x00000000020d6ed0        0x4 /opt/devkitpro/libnds/lib/libnds9.a(fifosystem.o)
                0x00000000020d6ed0                fifo_receive_queue
 .data.fifo_send_queue
                0x00000000020d6ed4        0x4 /opt/devkitpro/libnds/lib/libnds9.a(fifosystem.o)
                0x00000000020d6ed4                fifo_send_queue
 .data.__fdlib_version
                0x00000000020d6ed8        0x1 /opt/devkitpro/devkitARM/bin/../lib/gcc/arm-none-eabi/10.2.0/../../../../arm-none-eabi/lib/thumb/libm.a(lib_a-s_lib_ver.o)
                0x00000000020d6ed8                __fdlib_version
 *fill*         0x00000000020d6ed9        0x3 ff
 .data.__sfp_recursive_mutex
                0x00000000020d6edc        0xc /opt/devkitpro/devkitARM/bin/../lib/gcc/arm-none-eabi/10.2.0/../../../../arm-none-eabi/lib/thumb/libg.a(lib_a-findfp.o)
 .data.__sinit_recursive_mutex
                0x00000000020d6ee8        0xc /opt/devkitpro/devkitARM/bin/../lib/gcc/arm-none-eabi/10.2.0/../../../../arm-none-eabi/lib/thumb/libg.a(lib_a-findfp.o)
 .data._impure_ptr
                0x00000000020d6ef4        0x4 /opt/devkitpro/devkitARM/bin/../lib/gcc/arm-none-eabi/10.2.0/../../../../arm-none-eabi/lib/thumb/libg.a(lib_a-impure.o)
                0x00000000020d6ef4                _impure_ptr
 .data.impure_data
                0x00000000020d6ef8      0x460 /opt/devkitpro/devkitARM/bin/../lib/gcc/arm-none-eabi/10.2.0/../../../../arm-none-eabi/lib/thumb/libg.a(lib_a-impure.o)
 .data.__malloc_av_
                0x00000000020d7358      0x408 /opt/devkitpro/devkitARM/bin/../lib/gcc/arm-none-eabi/10.2.0/../../../../arm-none-eabi/lib/thumb/libg.a(lib_a-mallocr.o)
                0x00000000020d7358                __malloc_av_
 .data.__malloc_sbrk_base
                0x00000000020d7760        0x4 /opt/devkitpro/devkitARM/bin/../lib/gcc/arm-none-eabi/10.2.0/../../../../arm-none-eabi/lib/thumb/libg.a(lib_a-mallocr.o)
                0x00000000020d7760                __malloc_sbrk_base
 .data.__malloc_trim_threshold
                0x00000000020d7764        0x4 /opt/devkitpro/devkitARM/bin/../lib/gcc/arm-none-eabi/10.2.0/../../../../arm-none-eabi/lib/thumb/libg.a(lib_a-mallocr.o)
                0x00000000020d7764                __malloc_trim_threshold
 .data.__malloc_recursive_mutex
                0x00000000020d7768        0xc /opt/devkitpro/devkitARM/bin/../lib/gcc/arm-none-eabi/10.2.0/../../../../arm-none-eabi/lib/thumb/libg.a(lib_a-mlock.o)
 .data.__hndl_lock
                0x00000000020d7774        0x4 /opt/devkitpro/devkitARM/bin/../lib/gcc/arm-none-eabi/10.2.0/../../../../arm-none-eabi/lib/thumb/libsysbase.a(handle_manager.o)
 .data.__stderr_handle
                0x00000000020d7778        0xc /opt/devkitpro/devkitARM/bin/../lib/gcc/arm-none-eabi/10.2.0/../../../../arm-none-eabi/lib/thumb/libsysbase.a(handle_manager.o)
 .data.__stdin_handle
                0x00000000020d7784        0xc /opt/devkitpro/devkitARM/bin/../lib/gcc/arm-none-eabi/10.2.0/../../../../arm-none-eabi/lib/thumb/libsysbase.a(handle_manager.o)
 .data.__stdout_handle
                0x00000000020d7790        0xc /opt/devkitpro/devkitARM/bin/../lib/gcc/arm-none-eabi/10.2.0/../../../../arm-none-eabi/lib/thumb/libsysbase.a(handle_manager.o)
 .data.handles  0x00000000020d779c     0x1000 /opt/devkitpro/devkitARM/bin/../lib/gcc/arm-none-eabi/10.2.0/../../../../arm-none-eabi/lib/thumb/libsysbase.a(handle_manager.o)
 .data.defaultDevice
                0x00000000020d879c        0x4 /opt/devkitpro/devkitARM/bin/../lib/gcc/arm-none-eabi/10.2.0/../../../../arm-none-eabi/lib/thumb/libsysbase.a(iosupport.o)
 .data.devoptab_list
                0x00000000020d87a0       0x8c /opt/devkitpro/devkitARM/bin/../lib/gcc/arm-none-eabi/10.2.0/../../../../arm-none-eabi/lib/thumb/libsysbase.a(iosupport.o)
                0x00000000020d87a0                devoptab_list
 *(EXCLUDE_FILE(*.twl*) .gnu.linkonce.d*)
                0x00000000020d882c                . = ALIGN (0x4)
                0x00000000020d882c                __data_end = ABSOLUTE (.)
                0x00000000020d882c                __bss_vma = .

.igot.plt       0x00000000020d882c        0x0
 .igot.plt      0x00000000020d882c        0x0 /opt/devkitpro/devkitARM/bin/../lib/gcc/arm-none-eabi/10.2.0/../../../../arm-none-eabi/lib/thumb/ds_arm9_crt0.o

.dtcm           0x0000000002ff0000        0x0 load address 0x00000000020d882c
                0x00000000020d882c                __dtcm_lma = LOADADDR (.dtcm)
                0x0000000002ff0000                __dtcm_start = ABSOLUTE (.)
 *(.dtcm)
 *(.dtcm.*)
                0x0000000002ff0000                . = ALIGN (0x4)
                0x0000000002ff0000                __dtcm_end = ABSOLUTE (.)

.itcm           0x0000000001000100      0x194 load address 0x00000000020d882c
                0x00000000020d882c                __itcm_lma = LOADADDR (.itcm)
                0x0000000001000100                __itcm_start = ABSOLUTE (.)
 *(.itcm)
 .itcm          0x0000000001000100       0xc8 /opt/devkitpro/libnds/lib/libnds9.a(interrupts.o)
                0x0000000001000100                irqTable
 .itcm          0x00000000010001c8       0xcc /opt/devkitpro/libnds/lib/libnds9.a(interruptDispatcher.o)
                0x00000000010001c8                IntrMain
 *.itcm*(.text .stub .text.*)
                0x0000000001000294                . = ALIGN (0x4)
                0x0000000001000294                __itcm_end = ABSOLUTE (.)

.vectors        0x0000000001000000        0x0 load address 0x00000000020d89c0
                0x00000000020d89c0                __vectors_lma = LOADADDR (.vectors)
                0x0000000001000000                __vectors_start = ABSOLUTE (.)
 *(.vectors .vectors.*)
                0x0000000001000000                . = ALIGN (0x4)
                0x0000000001000000                __vectors_end = ABSOLUTE (.)

.sbss           0x0000000002ff0000        0x0
                0x0000000002ff0000                __sbss_start = ABSOLUTE (.)
                0x0000000002ff0000                __sbss_start__ = ABSOLUTE (.)
 *(.sbss)
                0x0000000002ff0000                . = ALIGN (0x4)
                0x0000000002ff0000                __sbss_end = ABSOLUTE (.)

.bss            0x00000000020d882c      0xfe4
                0x00000000020d882c                __bss_start = ABSOLUTE (.)
                0x00000000020d882c                __bss_start__ = ABSOLUTE (.)
 *(EXCLUDE_FILE(*.twl*) .dynbss)
 *(EXCLUDE_FILE(*.twl*) .gnu.linkonce.b*)
 *(EXCLUDE_FILE(*.twl*) .bss*)
 .bss.completed.1
                0x00000000020d882c        0x1 /opt/devkitpro/devkitARM/bin/../lib/gcc/arm-none-eabi/10.2.0/thumb/crtbegin.o
 *fill*         0x00000000020d882d        0x3 
 .bss.object.0  0x00000000020d8830       0x18 /opt/devkitpro/devkitARM/bin/../lib/gcc/arm-none-eabi/10.2.0/thumb/crtbegin.o
 .bss           0x00000000020d8848        0x8 graphics_main.o
 .bss           0x00000000020d8850        0xc graphics_sub.o
 .bss           0x00000000020d885c       0x60 main.o
 .bss.OamMemory
                0x00000000020d88bc      0x400 /opt/devkitpro/libnds/lib/libnds9.a(sprite.o)
                0x00000000020d88bc                OamMemory
 .bss.keys      0x00000000020d8cbc        0x2 /opt/devkitpro/libnds/lib/libnds9.a(keys.o)
 .bss.keysold   0x00000000020d8cbe        0x2 /opt/devkitpro/libnds/lib/libnds9.a(keys.o)
 .bss.keysrepeat
                0x00000000020d8cc0        0x2 /opt/devkitpro/libnds/lib/libnds9.a(keys.o)
 .bss.__dsimode
                0x00000000020d8cc2        0x1 /opt/devkitpro/libnds/lib/libnds9.a(initSystem.o)
                0x00000000020d8cc2                __dsimode
 *fill*         0x00000000020d8cc3        0x1 
 .bss.punixTime
                0x00000000020d8cc4        0x4 /opt/devkitpro/libnds/lib/libnds9.a(timeSupport.o)
                0x00000000020d8cc4                punixTime
 .bss.fifo_address_data
                0x00000000020d8cc8       0x40 /opt/devkitpro/libnds/lib/libnds9.a(fifosystem.o)
                0x00000000020d8cc8                fifo_address_data
 .bss.fifo_address_func
                0x00000000020d8d08       0x40 /opt/devkitpro/libnds/lib/libnds9.a(fifosystem.o)
                0x00000000020d8d08                fifo_address_func
 .bss.fifo_address_queue
                0x00000000020d8d48       0x40 /opt/devkitpro/libnds/lib/libnds9.a(fifosystem.o)
                0x00000000020d8d48                fifo_address_queue
 .bss.fifo_buffer
                0x00000000020d8d88      0x800 /opt/devkitpro/libnds/lib/libnds9.a(fifosystem.o)
                0x00000000020d8d88                fifo_buffer
 .bss.fifo_data_queue
                0x00000000020d9588       0x40 /opt/devkitpro/libnds/lib/libnds9.a(fifosystem.o)
                0x00000000020d9588                fifo_data_queue
 .bss.fifo_datamsg_data
                0x00000000020d95c8       0x40 /opt/devkitpro/libnds/lib/libnds9.a(fifosystem.o)
                0x00000000020d95c8                fifo_datamsg_data
 .bss.fifo_datamsg_func
                0x00000000020d9608       0x40 /opt/devkitpro/libnds/lib/libnds9.a(fifosystem.o)
                0x00000000020d9608                fifo_datamsg_func
 .bss.fifo_value32_data
                0x00000000020d9648       0x40 /opt/devkitpro/libnds/lib/libnds9.a(fifosystem.o)
                0x00000000020d9648                fifo_value32_data
 .bss.fifo_value32_func
                0x00000000020d9688       0x40 /opt/devkitpro/libnds/lib/libnds9.a(fifosystem.o)
                0x00000000020d9688                fifo_value32_func
 .bss.fifo_value32_queue
                0x00000000020d96c8       0x40 /opt/devkitpro/libnds/lib/libnds9.a(fifosystem.o)
                0x00000000020d96c8                fifo_value32_queue
 .bss.processing
                0x00000000020d9708        0x4 /opt/devkitpro/libnds/lib/libnds9.a(fifosystem.o)
                0x00000000020d9708                processing
 .bss.SDcallback
                0x00000000020d970c        0x4 /opt/devkitpro/libnds/lib/libnds9.a(system.o)
 .bss           0x00000000020d9710       0x18 /opt/devkitpro/libnds/lib/libmm9.a(mm_comms.o)
 .bss           0x00000000020d9728       0x19 /opt/devkitpro/libnds/lib/libmm9.a(mm_main9.o)
                0x00000000020d9728                mmcbMemory
                0x00000000020d972c                mmModuleCount
                0x00000000020d9730                mmSampleCount
                0x00000000020d9734                mmMemoryBank
                0x00000000020d9734                mmModuleBank
                0x00000000020d9738                mmSampleBank
                0x00000000020d973c                mmCallback
                0x00000000020d9740                mmActiveStatus
 *fill*         0x00000000020d9741        0x3 
 .bss           0x00000000020d9744       0x44 /opt/devkitpro/libnds/lib/libmm9.a(mm_soundbank.o)
 .bss.__malloc_current_mallinfo
                0x00000000020d9788       0x28 /opt/devkitpro/devkitARM/bin/../lib/gcc/arm-none-eabi/10.2.0/../../../../arm-none-eabi/lib/thumb/libg.a(lib_a-mallocr.o)
                0x00000000020d9788                __malloc_current_mallinfo
 .bss.__malloc_max_sbrked_mem
                0x00000000020d97b0        0x4 /opt/devkitpro/devkitARM/bin/../lib/gcc/arm-none-eabi/10.2.0/../../../../arm-none-eabi/lib/thumb/libg.a(lib_a-mallocr.o)
                0x00000000020d97b0                __malloc_max_sbrked_mem
 .bss.__malloc_max_total_mem
                0x00000000020d97b4        0x4 /opt/devkitpro/devkitARM/bin/../lib/gcc/arm-none-eabi/10.2.0/../../../../arm-none-eabi/lib/thumb/libg.a(lib_a-mallocr.o)
                0x00000000020d97b4                __malloc_max_total_mem
 .bss.__malloc_top_pad
                0x00000000020d97b8        0x4 /opt/devkitpro/devkitARM/bin/../lib/gcc/arm-none-eabi/10.2.0/../../../../arm-none-eabi/lib/thumb/libg.a(lib_a-mallocr.o)
                0x00000000020d97b8                __malloc_top_pad
 .bss.heap_start.0
                0x00000000020d97bc        0x4 /opt/devkitpro/devkitARM/bin/../lib/gcc/arm-none-eabi/10.2.0/../../../../arm-none-eabi/lib/thumb/libsysbase.a(sbrk.o)
 .bss.fake_heap_end
                0x00000000020d97c0        0x4 /opt/devkitpro/devkitARM/bin/../lib/gcc/arm-none-eabi/10.2.0/../../../../arm-none-eabi/lib/thumb/libsysbase.a(malloc_vars.o)
                0x00000000020d97c0                fake_heap_end
 .bss.fake_heap_start
                0x00000000020d97c4        0x4 /opt/devkitpro/devkitARM/bin/../lib/gcc/arm-none-eabi/10.2.0/../../../../arm-none-eabi/lib/thumb/libsysbase.a(malloc_vars.o)
                0x00000000020d97c4                fake_heap_start
 .bss.__syscalls
                0x00000000020d97c8       0x48 /opt/devkitpro/devkitARM/bin/../lib/gcc/arm-none-eabi/10.2.0/../../../../arm-none-eabi/lib/thumb/libsysbase.a(syscall_support.o)
                0x00000000020d97c8                __syscalls
 *(EXCLUDE_FILE(*.twl*) COMMON)
                0x00000000020d9810                . = ALIGN (0x4)
                0x00000000020d9810                __bss_end__ = ABSOLUTE (.)
                0x00000000020d9810                __end__ = ABSOLUTE (.)

.twl            0x00000000020d9810        0x0 load address 0x0000000002400000
                0x0000000002400000                __arm9i_lma__ = LOADADDR (.twl)
                0x00000000020d9810                __arm9i_start__ = ABSOLUTE (.)
 *(.twl)
 *.twl*(.text .stub .text.* .gnu.linkonce.t.*)
 *.twl*(.rodata)
 *.twl*(.roda)
 *.twl*(.rodata.*)
 *.twl*(.data)
 *.twl*(.data.*)
 *.twl*(.gnu.linkonce.d*)
                0x00000000020d9810                __arm9i_end__ = ABSOLUTE (.)

.twl_bss        0x00000000020d9810        0x0
                0x00000000020d9810                __twl_bss_start__ = ABSOLUTE (.)
 *(.twl_bss)
 *.twl*(.dynbss)
 *.twl*(.gnu.linkonce.b*)
 *.twl*(.bss*)
 *.twl*(COMMON)
                0x00000000020d9810                . = ALIGN (0x4)
                0x00000000020d9810                __twl_bss_end__ = ABSOLUTE (.)
                0x00000000020d9810                __twl_end__ = ABSOLUTE (.)

.stab
 *(.stab)

.stabstr
 *(.stabstr)

.stab.excl
 *(.stab.excl)

.stab.exclstr
 *(.stab.exclstr)

.stab.index
 *(.stab.index)

.stab.indexstr
 *(.stab.indexstr)

.comment        0x0000000000000000       0x23
 *(.comment)
 .comment       0x0000000000000000       0x23 /opt/devkitpro/devkitARM/bin/../lib/gcc/arm-none-eabi/10.2.0/thumb/crtbegin.o
                                         0x24 (size before relaxing)
 .comment       0x0000000000000023       0x24 game.o
 .comment       0x0000000000000023       0x24 graphics_main.o
 .comment       0x0000000000000023       0x24 graphics_sub.o
 .comment       0x0000000000000023       0x24 input.o
 .comment       0x0000000000000023       0x24 main.o
 .comment       0x0000000000000023       0x24 physics.o
 .comment       0x0000000000000023       0x24 sound.o
 .comment       0x0000000000000023       0x24 /opt/devkitpro/libnds/lib/libnds9.a(touch.o)
 .comment       0x0000000000000023       0x24 /opt/devkitpro/libnds/lib/libnds9.a(sprite_alloc.o)
 .comment       0x0000000000000023       0x24 /opt/devkitpro/libnds/lib/libnds9.a(sprite.o)
 .comment       0x0000000000000023       0x24 /opt/devkitpro/libnds/lib/libnds9.a(keys.o)
 .comment       0x0000000000000023       0x24 /opt/devkitpro/libnds/lib/libnds9.a(initSystem.o)
 .comment       0x0000000000000023       0x24 /opt/devkitpro/libnds/lib/libnds9.a(timeSupport.o)
 .comment       0x0000000000000023       0x24 /opt/devkitpro/libnds/lib/libnds9.a(securearea.o)
 .comment       0x0000000000000023       0x24 /opt/devkitpro/libnds/lib/libnds9.a(interrupts.o)
 .comment       0x0000000000000023       0x24 /opt/devkitpro/libnds/lib/libnds9.a(libnds_exit.arm.o)
 .comment       0x0000000000000023       0x24 /opt/devkitpro/libnds/lib/libnds9.a(fifosystem.o)
 .comment       0x0000000000000023       0x24 /opt/devkitpro/libnds/lib/libnds9.a(video.o)
 .comment       0x0000000000000023       0x24 /opt/devkitpro/libnds/lib/libnds9.a(system.o)
 .comment       0x0000000000000023       0x24 /opt/devkitpro/libnds/lib/libnds9.a(trig.o)
 .comment       0x0000000000000023       0x24 /opt/devkitpro/devkitARM/bin/../lib/gcc/arm-none-eabi/10.2.0/../../../../arm-none-eabi/lib/thumb/libm.a(lib_a-s_atan.o)
 .comment       0x0000000000000023       0x24 /opt/devkitpro/devkitARM/bin/../lib/gcc/arm-none-eabi/10.2.0/../../../../arm-none-eabi/lib/thumb/libm.a(lib_a-s_cos.o)
 .comment       0x0000000000000023       0x24 /opt/devkitpro/devkitARM/bin/../lib/gcc/arm-none-eabi/10.2.0/../../../../arm-none-eabi/lib/thumb/libm.a(lib_a-s_fabs.o)
 .comment       0x0000000000000023       0x24 /opt/devkitpro/devkitARM/bin/../lib/gcc/arm-none-eabi/10.2.0/../../../../arm-none-eabi/lib/thumb/libm.a(lib_a-s_sin.o)
 .comment       0x0000000000000023       0x24 /opt/devkitpro/devkitARM/bin/../lib/gcc/arm-none-eabi/10.2.0/../../../../arm-none-eabi/lib/thumb/libm.a(lib_a-w_atan2.o)
 .comment       0x0000000000000023       0x24 /opt/devkitpro/devkitARM/bin/../lib/gcc/arm-none-eabi/10.2.0/../../../../arm-none-eabi/lib/thumb/libm.a(lib_a-w_sqrt.o)
 .comment       0x0000000000000023       0x24 /opt/devkitpro/devkitARM/bin/../lib/gcc/arm-none-eabi/10.2.0/../../../../arm-none-eabi/lib/thumb/libm.a(lib_a-e_atan2.o)
 .comment       0x0000000000000023       0x24 /opt/devkitpro/devkitARM/bin/../lib/gcc/arm-none-eabi/10.2.0/../../../../arm-none-eabi/lib/thumb/libm.a(lib_a-e_rem_pio2.o)
 .comment       0x0000000000000023       0x24 /opt/devkitpro/devkitARM/bin/../lib/gcc/arm-none-eabi/10.2.0/../../../../arm-none-eabi/lib/thumb/libm.a(lib_a-e_sqrt.o)
 .comment       0x0000000000000023       0x24 /opt/devkitpro/devkitARM/bin/../lib/gcc/arm-none-eabi/10.2.0/../../../../arm-none-eabi/lib/thumb/libm.a(lib_a-k_cos.o)
 .comment       0x0000000000000023       0x24 /opt/devkitpro/devkitARM/bin/../lib/gcc/arm-none-eabi/10.2.0/../../../../arm-none-eabi/lib/thumb/libm.a(lib_a-k_rem_pio2.o)
 .comment       0x0000000000000023       0x24 /opt/devkitpro/devkitARM/bin/../lib/gcc/arm-none-eabi/10.2.0/../../../../arm-none-eabi/lib/thumb/libm.a(lib_a-k_sin.o)
 .comment       0x0000000000000023       0x24 /opt/devkitpro/devkitARM/bin/../lib/gcc/arm-none-eabi/10.2.0/../../../../arm-none-eabi/lib/thumb/libm.a(lib_a-s_floor.o)
 .comment       0x0000000000000023       0x24 /opt/devkitpro/devkitARM/bin/../lib/gcc/arm-none-eabi/10.2.0/../../../../arm-none-eabi/lib/thumb/libm.a(lib_a-s_lib_ver.o)
 .comment       0x0000000000000023       0x24 /opt/devkitpro/devkitARM/bin/../lib/gcc/arm-none-eabi/10.2.0/../../../../arm-none-eabi/lib/thumb/libm.a(lib_a-s_scalbn.o)
 .comment       0x0000000000000023       0x24 /opt/devkitpro/devkitARM/bin/../lib/gcc/arm-none-eabi/10.2.0/../../../../arm-none-eabi/lib/thumb/libg.a(lib_a-errno.o)
 .comment       0x0000000000000023       0x24 /opt/devkitpro/devkitARM/bin/../lib/gcc/arm-none-eabi/10.2.0/../../../../arm-none-eabi/lib/thumb/libg.a(lib_a-fclose.o)
 .comment       0x0000000000000023       0x24 /opt/devkitpro/devkitARM/bin/../lib/gcc/arm-none-eabi/10.2.0/../../../../arm-none-eabi/lib/thumb/libg.a(lib_a-fflush.o)
 .comment       0x0000000000000023       0x24 /opt/devkitpro/devkitARM/bin/../lib/gcc/arm-none-eabi/10.2.0/../../../../arm-none-eabi/lib/thumb/libg.a(lib_a-findfp.o)
 .comment       0x0000000000000023       0x24 /opt/devkitpro/devkitARM/bin/../lib/gcc/arm-none-eabi/10.2.0/../../../../arm-none-eabi/lib/thumb/libg.a(lib_a-fopen.o)
 .comment       0x0000000000000023       0x24 /opt/devkitpro/devkitARM/bin/../lib/gcc/arm-none-eabi/10.2.0/../../../../arm-none-eabi/lib/thumb/libg.a(lib_a-fread.o)
 .comment       0x0000000000000023       0x24 /opt/devkitpro/devkitARM/bin/../lib/gcc/arm-none-eabi/10.2.0/../../../../arm-none-eabi/lib/thumb/libg.a(lib_a-freer.o)
 .comment       0x0000000000000023       0x24 /opt/devkitpro/devkitARM/bin/../lib/gcc/arm-none-eabi/10.2.0/../../../../arm-none-eabi/lib/thumb/libg.a(lib_a-fseek.o)
 .comment       0x0000000000000023       0x24 /opt/devkitpro/devkitARM/bin/../lib/gcc/arm-none-eabi/10.2.0/../../../../arm-none-eabi/lib/thumb/libg.a(lib_a-fseeko.o)
 .comment       0x0000000000000023       0x24 /opt/devkitpro/devkitARM/bin/../lib/gcc/arm-none-eabi/10.2.0/../../../../arm-none-eabi/lib/thumb/libg.a(lib_a-ftello.o)
 .comment       0x0000000000000023       0x24 /opt/devkitpro/devkitARM/bin/../lib/gcc/arm-none-eabi/10.2.0/../../../../arm-none-eabi/lib/thumb/libg.a(lib_a-fwalk.o)
 .comment       0x0000000000000023       0x24 /opt/devkitpro/devkitARM/bin/../lib/gcc/arm-none-eabi/10.2.0/../../../../arm-none-eabi/lib/thumb/libg.a(lib_a-impure.o)
 .comment       0x0000000000000023       0x24 /opt/devkitpro/devkitARM/bin/../lib/gcc/arm-none-eabi/10.2.0/../../../../arm-none-eabi/lib/thumb/libg.a(lib_a-init.o)
 .comment       0x0000000000000023       0x24 /opt/devkitpro/devkitARM/bin/../lib/gcc/arm-none-eabi/10.2.0/../../../../arm-none-eabi/lib/thumb/libg.a(lib_a-makebuf.o)
 .comment       0x0000000000000023       0x24 /opt/devkitpro/devkitARM/bin/../lib/gcc/arm-none-eabi/10.2.0/../../../../arm-none-eabi/lib/thumb/libg.a(lib_a-malloc.o)
 .comment       0x0000000000000023       0x24 /opt/devkitpro/devkitARM/bin/../lib/gcc/arm-none-eabi/10.2.0/../../../../arm-none-eabi/lib/thumb/libg.a(lib_a-mallocr.o)
 .comment       0x0000000000000023       0x24 /opt/devkitpro/devkitARM/bin/../lib/gcc/arm-none-eabi/10.2.0/../../../../arm-none-eabi/lib/thumb/libg.a(lib_a-memcpy-stub.o)
 .comment       0x0000000000000023       0x24 /opt/devkitpro/devkitARM/bin/../lib/gcc/arm-none-eabi/10.2.0/../../../../arm-none-eabi/lib/thumb/libg.a(lib_a-memset.o)
 .comment       0x0000000000000023       0x24 /opt/devkitpro/devkitARM/bin/../lib/gcc/arm-none-eabi/10.2.0/../../../../arm-none-eabi/lib/thumb/libg.a(lib_a-mlock.o)
 .comment       0x0000000000000023       0x24 /opt/devkitpro/devkitARM/bin/../lib/gcc/arm-none-eabi/10.2.0/../../../../arm-none-eabi/lib/thumb/libg.a(lib_a-realloc.o)
 .comment       0x0000000000000023       0x24 /opt/devkitpro/devkitARM/bin/../lib/gcc/arm-none-eabi/10.2.0/../../../../arm-none-eabi/lib/thumb/libg.a(lib_a-reallocr.o)
 .comment       0x0000000000000023       0x24 /opt/devkitpro/devkitARM/bin/../lib/gcc/arm-none-eabi/10.2.0/../../../../arm-none-eabi/lib/thumb/libg.a(lib_a-refill.o)
 .comment       0x0000000000000023       0x24 /opt/devkitpro/devkitARM/bin/../lib/gcc/arm-none-eabi/10.2.0/../../../../arm-none-eabi/lib/thumb/libg.a(lib_a-stdio.o)
 .comment       0x0000000000000023       0x24 /opt/devkitpro/devkitARM/bin/../lib/gcc/arm-none-eabi/10.2.0/../../../../arm-none-eabi/lib/thumb/libg.a(lib_a-flags.o)
 .comment       0x0000000000000023       0x24 /opt/devkitpro/devkitARM/bin/../lib/gcc/arm-none-eabi/10.2.0/../../../../arm-none-eabi/lib/thumb/libg.a(lib_a-memmove.o)
 .comment       0x0000000000000023       0x24 /opt/devkitpro/devkitARM/bin/../lib/gcc/arm-none-eabi/10.2.0/../../../../arm-none-eabi/lib/thumb/libsysbase.a(fstat.o)
 .comment       0x0000000000000023       0x24 /opt/devkitpro/devkitARM/bin/../lib/gcc/arm-none-eabi/10.2.0/../../../../arm-none-eabi/lib/thumb/libsysbase.a(isatty.o)
 .comment       0x0000000000000023       0x24 /opt/devkitpro/devkitARM/bin/../lib/gcc/arm-none-eabi/10.2.0/../../../../arm-none-eabi/lib/thumb/libsysbase.a(lseek.o)
 .comment       0x0000000000000023       0x24 /opt/devkitpro/devkitARM/bin/../lib/gcc/arm-none-eabi/10.2.0/../../../../arm-none-eabi/lib/thumb/libsysbase.a(open.o)
 .comment       0x0000000000000023       0x24 /opt/devkitpro/devkitARM/bin/../lib/gcc/arm-none-eabi/10.2.0/../../../../arm-none-eabi/lib/thumb/libsysbase.a(read.o)
 .comment       0x0000000000000023       0x24 /opt/devkitpro/devkitARM/bin/../lib/gcc/arm-none-eabi/10.2.0/../../../../arm-none-eabi/lib/thumb/libsysbase.a(sbrk.o)
 .comment       0x0000000000000023       0x24 /opt/devkitpro/devkitARM/bin/../lib/gcc/arm-none-eabi/10.2.0/../../../../arm-none-eabi/lib/thumb/libsysbase.a(write.o)
 .comment       0x0000000000000023       0x24 /opt/devkitpro/devkitARM/bin/../lib/gcc/arm-none-eabi/10.2.0/../../../../arm-none-eabi/lib/thumb/libsysbase.a(malloc_vars.o)
 .comment       0x0000000000000023       0x24 /opt/devkitpro/devkitARM/bin/../lib/gcc/arm-none-eabi/10.2.0/../../../../arm-none-eabi/lib/thumb/libsysbase.a(build_argv.o)
 .comment       0x0000000000000023       0x24 /opt/devkitpro/devkitARM/bin/../lib/gcc/arm-none-eabi/10.2.0/../../../../arm-none-eabi/lib/thumb/libsysbase.a(flock.o)
 .comment       0x0000000000000023       0x24 /opt/devkitpro/devkitARM/bin/../lib/gcc/arm-none-eabi/10.2.0/../../../../arm-none-eabi/lib/thumb/libsysbase.a(syscall_support.o)
 .comment       0x0000000000000023       0x24 /opt/devkitpro/devkitARM/bin/../lib/gcc/arm-none-eabi/10.2.0/../../../../arm-none-eabi/lib/thumb/libsysbase.a(handle_manager.o)
 .comment       0x0000000000000023       0x24 /opt/devkitpro/devkitARM/bin/../lib/gcc/arm-none-eabi/10.2.0/../../../../arm-none-eabi/lib/thumb/libsysbase.a(getreent.o)
 .comment       0x0000000000000023       0x24 /opt/devkitpro/devkitARM/bin/../lib/gcc/arm-none-eabi/10.2.0/../../../../arm-none-eabi/lib/thumb/libsysbase.a(iosupport.o)
 .comment       0x0000000000000023       0x24 /opt/devkitpro/devkitARM/bin/../lib/gcc/arm-none-eabi/10.2.0/../../../../arm-none-eabi/lib/thumb/libg.a(lib_a-ctype_.o)
 .comment       0x0000000000000023       0x24 /opt/devkitpro/devkitARM/bin/../lib/gcc/arm-none-eabi/10.2.0/../../../../arm-none-eabi/lib/thumb/libg.a(lib_a-strchr.o)
 .comment       0x0000000000000023       0x24 /opt/devkitpro/devkitARM/bin/../lib/gcc/arm-none-eabi/10.2.0/../../../../arm-none-eabi/lib/thumb/libg.a(lib_a-strlen-stub.o)
 .comment       0x0000000000000023       0x24 /opt/devkitpro/devkitARM/bin/../lib/gcc/arm-none-eabi/10.2.0/../../../../arm-none-eabi/lib/thumb/libg.a(lib_a-strncmp.o)
 .comment       0x0000000000000023       0x24 /opt/devkitpro/devkitARM/bin/../lib/gcc/arm-none-eabi/10.2.0/thumb/crtend.o

.ARM.attributes
                0x0000000000000000       0x2d
 .ARM.attributes
                0x0000000000000000       0x21 /opt/devkitpro/devkitARM/bin/../lib/gcc/arm-none-eabi/10.2.0/../../../../arm-none-eabi/lib/thumb/ds_arm9_crt0.o
 .ARM.attributes
                0x0000000000000021       0x1c /opt/devkitpro/devkitARM/bin/../lib/gcc/arm-none-eabi/10.2.0/thumb/crti.o
 .ARM.attributes
                0x000000000000003d       0x2a /opt/devkitpro/devkitARM/bin/../lib/gcc/arm-none-eabi/10.2.0/thumb/crtbegin.o
 .ARM.attributes
                0x0000000000000067       0x14 soundbank.bin.o
 .ARM.attributes
                0x000000000000007b       0x1a backplate.o
 .ARM.attributes
                0x0000000000000095       0x1a crash_earth.o
 .ARM.attributes
                0x00000000000000af       0x1a crash_moon.o
 .ARM.attributes
                0x00000000000000c9       0x1a crash_wall.o
 .ARM.attributes
                0x00000000000000e3       0x1a fusee0.o
 .ARM.attributes
                0x00000000000000fd       0x1a fusee1.o
 .ARM.attributes
                0x0000000000000117       0x1a fusee2.o
 .ARM.attributes
                0x0000000000000131       0x1a horizon.o
 .ARM.attributes
                0x000000000000014b       0x1a numbers.o
 .ARM.attributes
                0x0000000000000165       0x1a planets.o
 .ARM.attributes
                0x000000000000017f       0x1a rocket.o
 .ARM.attributes
                0x0000000000000199       0x1a splash.o
 .ARM.attributes
                0x00000000000001b3       0x1a splash2.o
 .ARM.attributes
                0x00000000000001cd       0x27 game.o
 .ARM.attributes
                0x00000000000001f4       0x27 graphics_main.o
 .ARM.attributes
                0x000000000000021b       0x27 graphics_sub.o
 .ARM.attributes
                0x0000000000000242       0x27 input.o
 .ARM.attributes
                0x0000000000000269       0x27 main.o
 .ARM.attributes
                0x0000000000000290       0x27 physics.o
 .ARM.attributes
                0x00000000000002b7       0x27 sound.o
 .ARM.attributes
                0x00000000000002de       0x2b /opt/devkitpro/libnds/lib/libnds9.a(touch.o)
 .ARM.attributes
                0x0000000000000309       0x2b /opt/devkitpro/libnds/lib/libnds9.a(sprite_alloc.o)
 .ARM.attributes
                0x0000000000000334       0x2b /opt/devkitpro/libnds/lib/libnds9.a(sprite.o)
 .ARM.attributes
                0x000000000000035f       0x2b /opt/devkitpro/libnds/lib/libnds9.a(keys.o)
 .ARM.attributes
                0x000000000000038a       0x2b /opt/devkitpro/libnds/lib/libnds9.a(initSystem.o)
 .ARM.attributes
                0x00000000000003b5       0x2b /opt/devkitpro/libnds/lib/libnds9.a(timeSupport.o)
 .ARM.attributes
                0x00000000000003e0       0x2b /opt/devkitpro/libnds/lib/libnds9.a(securearea.o)
 .ARM.attributes
                0x000000000000040b       0x2b /opt/devkitpro/libnds/lib/libnds9.a(interrupts.o)
 .ARM.attributes
                0x0000000000000436       0x2b /opt/devkitpro/libnds/lib/libnds9.a(libnds_exit.arm.o)
 .ARM.attributes
                0x0000000000000461       0x2b /opt/devkitpro/libnds/lib/libnds9.a(fifosystem.o)
 .ARM.attributes
                0x000000000000048c       0x1b /opt/devkitpro/libnds/lib/libnds9.a(dcache.o)
 .ARM.attributes
                0x00000000000004a7       0x21 /opt/devkitpro/libnds/lib/libnds9.a(mpu_setup.o)
 .ARM.attributes
                0x00000000000004c8       0x21 /opt/devkitpro/libnds/lib/libnds9.a(IntrWait.o)
 .ARM.attributes
                0x00000000000004e9       0x21 /opt/devkitpro/libnds/lib/libnds9.a(cpu_clock.o)
 .ARM.attributes
                0x000000000000050a       0x1b /opt/devkitpro/libnds/lib/libnds9.a(interruptDispatcher.o)
 .ARM.attributes
                0x0000000000000525       0x21 /opt/devkitpro/libnds/lib/libnds9.a(swiSoftReset.o)
 .ARM.attributes
                0x0000000000000546       0x1b /opt/devkitpro/libnds/lib/libnds9.a(biosCalls.o)
 .ARM.attributes
                0x0000000000000561       0x2b /opt/devkitpro/libnds/lib/libnds9.a(video.o)
 .ARM.attributes
                0x000000000000058c       0x2b /opt/devkitpro/libnds/lib/libnds9.a(system.o)
 .ARM.attributes
                0x00000000000005b7       0x2b /opt/devkitpro/libnds/lib/libnds9.a(trig.o)
 .ARM.attributes
                0x00000000000005e2       0x1b /opt/devkitpro/libnds/lib/libmm9.a(mm_comms.o)
 .ARM.attributes
                0x00000000000005fd       0x1b /opt/devkitpro/libnds/lib/libmm9.a(mm_memory.o)
 .ARM.attributes
                0x0000000000000618       0x1b /opt/devkitpro/libnds/lib/libmm9.a(mm_main9.o)
 .ARM.attributes
                0x0000000000000633       0x1b /opt/devkitpro/libnds/lib/libmm9.a(mm_soundbank.o)
 .ARM.attributes
                0x000000000000064e       0x1b /opt/devkitpro/libnds/lib/libmm9.a(mm_flusher.o)
 .ARM.attributes
                0x0000000000000669       0x2a /opt/devkitpro/devkitARM/bin/../lib/gcc/arm-none-eabi/10.2.0/../../../../arm-none-eabi/lib/thumb/libm.a(lib_a-s_atan.o)
 .ARM.attributes
                0x0000000000000693       0x2a /opt/devkitpro/devkitARM/bin/../lib/gcc/arm-none-eabi/10.2.0/../../../../arm-none-eabi/lib/thumb/libm.a(lib_a-s_cos.o)
 .ARM.attributes
                0x00000000000006bd       0x2a /opt/devkitpro/devkitARM/bin/../lib/gcc/arm-none-eabi/10.2.0/../../../../arm-none-eabi/lib/thumb/libm.a(lib_a-s_fabs.o)
 .ARM.attributes
                0x00000000000006e7       0x2a /opt/devkitpro/devkitARM/bin/../lib/gcc/arm-none-eabi/10.2.0/../../../../arm-none-eabi/lib/thumb/libm.a(lib_a-s_sin.o)
 .ARM.attributes
                0x0000000000000711       0x2a /opt/devkitpro/devkitARM/bin/../lib/gcc/arm-none-eabi/10.2.0/../../../../arm-none-eabi/lib/thumb/libm.a(lib_a-w_atan2.o)
 .ARM.attributes
                0x000000000000073b       0x2a /opt/devkitpro/devkitARM/bin/../lib/gcc/arm-none-eabi/10.2.0/../../../../arm-none-eabi/lib/thumb/libm.a(lib_a-w_sqrt.o)
 .ARM.attributes
                0x0000000000000765       0x2a /opt/devkitpro/devkitARM/bin/../lib/gcc/arm-none-eabi/10.2.0/../../../../arm-none-eabi/lib/thumb/libm.a(lib_a-e_atan2.o)
 .ARM.attributes
                0x000000000000078f       0x2a /opt/devkitpro/devkitARM/bin/../lib/gcc/arm-none-eabi/10.2.0/../../../../arm-none-eabi/lib/thumb/libm.a(lib_a-e_rem_pio2.o)
 .ARM.attributes
                0x00000000000007b9       0x2a /opt/devkitpro/devkitARM/bin/../lib/gcc/arm-none-eabi/10.2.0/../../../../arm-none-eabi/lib/thumb/libm.a(lib_a-e_sqrt.o)
 .ARM.attributes
                0x00000000000007e3       0x2a /opt/devkitpro/devkitARM/bin/../lib/gcc/arm-none-eabi/10.2.0/../../../../arm-none-eabi/lib/thumb/libm.a(lib_a-k_cos.o)
 .ARM.attributes
                0x000000000000080d       0x2a /opt/devkitpro/devkitARM/bin/../lib/gcc/arm-none-eabi/10.2.0/../../../../arm-none-eabi/lib/thumb/libm.a(lib_a-k_rem_pio2.o)
 .ARM.attributes
                0x0000000000000837       0x2a /opt/devkitpro/devkitARM/bin/../lib/gcc/arm-none-eabi/10.2.0/../../../../arm-none-eabi/lib/thumb/libm.a(lib_a-k_sin.o)
 .ARM.attributes
                0x0000000000000861       0x2a /opt/devkitpro/devkitARM/bin/../lib/gcc/arm-none-eabi/10.2.0/../../../../arm-none-eabi/lib/thumb/libm.a(lib_a-s_floor.o)
 .ARM.attributes
                0x000000000000088b       0x30 /opt/devkitpro/devkitARM/bin/../lib/gcc/arm-none-eabi/10.2.0/../../../../arm-none-eabi/lib/thumb/libm.a(lib_a-s_lib_ver.o)
 .ARM.attributes
                0x00000000000008bb       0x2a /opt/devkitpro/devkitARM/bin/../lib/gcc/arm-none-eabi/10.2.0/../../../../arm-none-eabi/lib/thumb/libm.a(lib_a-s_scalbn.o)
 .ARM.attributes
                0x00000000000008e5       0x1c /opt/devkitpro/devkitARM/bin/../lib/gcc/arm-none-eabi/10.2.0/thumb/libgcc.a(_udivsi3.o)
 .ARM.attributes
                0x0000000000000901       0x1c /opt/devkitpro/devkitARM/bin/../lib/gcc/arm-none-eabi/10.2.0/thumb/libgcc.a(_divsi3.o)
 .ARM.attributes
                0x000000000000091d       0x1c /opt/devkitpro/devkitARM/bin/../lib/gcc/arm-none-eabi/10.2.0/thumb/libgcc.a(_dvmd_tls.o)
 .ARM.attributes
                0x0000000000000939       0x1c /opt/devkitpro/devkitARM/bin/../lib/gcc/arm-none-eabi/10.2.0/thumb/libgcc.a(_arm_addsubdf3.o)
 .ARM.attributes
                0x0000000000000955       0x1c /opt/devkitpro/devkitARM/bin/../lib/gcc/arm-none-eabi/10.2.0/thumb/libgcc.a(_arm_muldivdf3.o)
 .ARM.attributes
                0x0000000000000971       0x1c /opt/devkitpro/devkitARM/bin/../lib/gcc/arm-none-eabi/10.2.0/thumb/libgcc.a(_arm_cmpdf2.o)
 .ARM.attributes
                0x000000000000098d       0x1c /opt/devkitpro/devkitARM/bin/../lib/gcc/arm-none-eabi/10.2.0/thumb/libgcc.a(_arm_unorddf2.o)
 .ARM.attributes
                0x00000000000009a9       0x1c /opt/devkitpro/devkitARM/bin/../lib/gcc/arm-none-eabi/10.2.0/thumb/libgcc.a(_arm_fixdfsi.o)
 .ARM.attributes
                0x00000000000009c5       0x1c /opt/devkitpro/devkitARM/bin/../lib/gcc/arm-none-eabi/10.2.0/thumb/libgcc.a(_arm_fixunsdfsi.o)
 .ARM.attributes
                0x00000000000009e1       0x1c /opt/devkitpro/devkitARM/bin/../lib/gcc/arm-none-eabi/10.2.0/thumb/libgcc.a(_arm_truncdfsf2.o)
 .ARM.attributes
                0x00000000000009fd       0x1c /opt/devkitpro/devkitARM/bin/../lib/gcc/arm-none-eabi/10.2.0/thumb/libgcc.a(_arm_addsubsf3.o)
 .ARM.attributes
                0x0000000000000a19       0x1c /opt/devkitpro/devkitARM/bin/../lib/gcc/arm-none-eabi/10.2.0/thumb/libgcc.a(_arm_muldivsf3.o)
 .ARM.attributes
                0x0000000000000a35       0x1c /opt/devkitpro/devkitARM/bin/../lib/gcc/arm-none-eabi/10.2.0/thumb/libgcc.a(_arm_cmpsf2.o)
 .ARM.attributes
                0x0000000000000a51       0x1c /opt/devkitpro/devkitARM/bin/../lib/gcc/arm-none-eabi/10.2.0/thumb/libgcc.a(_arm_fixsfsi.o)
 .ARM.attributes
                0x0000000000000a6d       0x1c /opt/devkitpro/devkitARM/bin/../lib/gcc/arm-none-eabi/10.2.0/thumb/libgcc.a(_arm_fixunssfsi.o)
 .ARM.attributes
                0x0000000000000a89       0x2a /opt/devkitpro/devkitARM/bin/../lib/gcc/arm-none-eabi/10.2.0/../../../../arm-none-eabi/lib/thumb/libg.a(lib_a-errno.o)
 .ARM.attributes
                0x0000000000000ab3       0x2a /opt/devkitpro/devkitARM/bin/../lib/gcc/arm-none-eabi/10.2.0/../../../../arm-none-eabi/lib/thumb/libg.a(lib_a-fclose.o)
 .ARM.attributes
                0x0000000000000add       0x2a /opt/devkitpro/devkitARM/bin/../lib/gcc/arm-none-eabi/10.2.0/../../../../arm-none-eabi/lib/thumb/libg.a(lib_a-fflush.o)
 .ARM.attributes
                0x0000000000000b07       0x2a /opt/devkitpro/devkitARM/bin/../lib/gcc/arm-none-eabi/10.2.0/../../../../arm-none-eabi/lib/thumb/libg.a(lib_a-findfp.o)
 .ARM.attributes
                0x0000000000000b31       0x2a /opt/devkitpro/devkitARM/bin/../lib/gcc/arm-none-eabi/10.2.0/../../../../arm-none-eabi/lib/thumb/libg.a(lib_a-fopen.o)
 .ARM.attributes
                0x0000000000000b5b       0x2a /opt/devkitpro/devkitARM/bin/../lib/gcc/arm-none-eabi/10.2.0/../../../../arm-none-eabi/lib/thumb/libg.a(lib_a-fread.o)
 .ARM.attributes
                0x0000000000000b85       0x2a /opt/devkitpro/devkitARM/bin/../lib/gcc/arm-none-eabi/10.2.0/../../../../arm-none-eabi/lib/thumb/libg.a(lib_a-freer.o)
 .ARM.attributes
                0x0000000000000baf       0x2a /opt/devkitpro/devkitARM/bin/../lib/gcc/arm-none-eabi/10.2.0/../../../../arm-none-eabi/lib/thumb/libg.a(lib_a-fseek.o)
 .ARM.attributes
                0x0000000000000bd9       0x2a /opt/devkitpro/devkitARM/bin/../lib/gcc/arm-none-eabi/10.2.0/../../../../arm-none-eabi/lib/thumb/libg.a(lib_a-fseeko.o)
 .ARM.attributes
                0x0000000000000c03       0x2a /opt/devkitpro/devkitARM/bin/../lib/gcc/arm-none-eabi/10.2.0/../../../../arm-none-eabi/lib/thumb/libg.a(lib_a-ftello.o)
 .ARM.attributes
                0x0000000000000c2d       0x2a /opt/devkitpro/devkitARM/bin/../lib/gcc/arm-none-eabi/10.2.0/../../../../arm-none-eabi/lib/thumb/libg.a(lib_a-fwalk.o)
 .ARM.attributes
                0x0000000000000c57       0x30 /opt/devkitpro/devkitARM/bin/../lib/gcc/arm-none-eabi/10.2.0/../../../../arm-none-eabi/lib/thumb/libg.a(lib_a-impure.o)
 .ARM.attributes
                0x0000000000000c87       0x2a /opt/devkitpro/devkitARM/bin/../lib/gcc/arm-none-eabi/10.2.0/../../../../arm-none-eabi/lib/thumb/libg.a(lib_a-init.o)
 .ARM.attributes
                0x0000000000000cb1       0x2a /opt/devkitpro/devkitARM/bin/../lib/gcc/arm-none-eabi/10.2.0/../../../../arm-none-eabi/lib/thumb/libg.a(lib_a-makebuf.o)
 .ARM.attributes
                0x0000000000000cdb       0x2a /opt/devkitpro/devkitARM/bin/../lib/gcc/arm-none-eabi/10.2.0/../../../../arm-none-eabi/lib/thumb/libg.a(lib_a-malloc.o)
 .ARM.attributes
                0x0000000000000d05       0x2a /opt/devkitpro/devkitARM/bin/../lib/gcc/arm-none-eabi/10.2.0/../../../../arm-none-eabi/lib/thumb/libg.a(lib_a-mallocr.o)