Archive member included to satisfy reference by file (symbol)

/opt/devkitpro/libnds/lib/libnds9.a(touch.o)
                              input.o (touchRead)
/opt/devkitpro/libnds/lib/libnds9.a(sprite_alloc.o)
                              graphics_main.o (oamAllocateGfx)
/opt/devkitpro/libnds/lib/libnds9.a(videoGL.o)
                              game.o (glGlobalData)
/opt/devkitpro/libnds/lib/libnds9.a(sprite.o)
                              graphics_main.o (oamInit)
/opt/devkitpro/libnds/lib/libnds9.a(keys.o)
                              input.o (scanKeys)
/opt/devkitpro/libnds/lib/libnds9.a(initSystem.o)
                              /opt/devkitpro/devkitARM/bin/../lib/gcc/arm-none-eabi/10.2.0/../../../../arm-none-eabi/lib/thumb/ds_arm9_crt0.o (initSystem)
/opt/devkitpro/libnds/lib/libnds9.a(timeSupport.o)
                              /opt/devkitpro/libnds/lib/libnds9.a(initSystem.o) (__libnds_gtod)
/opt/devkitpro/libnds/lib/libnds9.a(securearea.o)
                              /opt/devkitpro/devkitARM/bin/../lib/gcc/arm-none-eabi/10.2.0/../../../../arm-none-eabi/lib/thumb/ds_arm9_crt0.o (__secure_area__)
/opt/devkitpro/libnds/lib/libnds9.a(interrupts.o)
                              /opt/devkitpro/libnds/lib/libnds9.a(initSystem.o) (irqInit)
/opt/devkitpro/libnds/lib/libnds9.a(libnds_exit.arm.o)
                              /opt/devkitpro/devkitARM/bin/../lib/gcc/arm-none-eabi/10.2.0/../../../../arm-none-eabi/lib/thumb/ds_arm9_crt0.o (__libnds_exit)
/opt/devkitpro/libnds/lib/libnds9.a(fifosystem.o)
                              /opt/devkitpro/libnds/lib/libnds9.a(initSystem.o) (fifoSetValue32Handler)
/opt/devkitpro/libnds/lib/libnds9.a(dcache.o)
                              /opt/devkitpro/libnds/lib/libnds9.a(sprite.o) (DC_FlushRange)
/opt/devkitpro/libnds/lib/libnds9.a(mpu_setup.o)
                              /opt/devkitpro/devkitARM/bin/../lib/gcc/arm-none-eabi/10.2.0/../../../../arm-none-eabi/lib/thumb/ds_arm9_crt0.o (__libnds_mpu_setup)
/opt/devkitpro/libnds/lib/libnds9.a(IntrWait.o)
                              graphics_main.o (swiWaitForVBlank)
/opt/devkitpro/libnds/lib/libnds9.a(cpu_clock.o)
                              /opt/devkitpro/libnds/lib/libnds9.a(initSystem.o) (setCpuClock)
/opt/devkitpro/libnds/lib/libnds9.a(interruptDispatcher.o)
                              /opt/devkitpro/libnds/lib/libnds9.a(interrupts.o) (IntrMain)
/opt/devkitpro/libnds/lib/libnds9.a(swiSoftReset.o)
                              /opt/devkitpro/libnds/lib/libnds9.a(fifosystem.o) (swiSoftReset)
/opt/devkitpro/libnds/lib/libnds9.a(biosCalls.o)
                              graphics_main.o (swiCopy)
/opt/devkitpro/libnds/lib/libnds9.a(dynamicArray.o)
                              /opt/devkitpro/libnds/lib/libnds9.a(videoGL.o) (DynamicArrayInit)
/opt/devkitpro/libnds/lib/libnds9.a(video.o)
                              /opt/devkitpro/libnds/lib/libnds9.a(videoGL.o) (vramSetBanks_EFG)
/opt/devkitpro/libnds/lib/libnds9.a(system.o)
                              /opt/devkitpro/libnds/lib/libnds9.a(initSystem.o) (systemValueHandler)
/opt/devkitpro/libnds/lib/libnds9.a(trig.o)
                              /opt/devkitpro/libnds/lib/libnds9.a(videoGL.o) (sinLerp)
/opt/devkitpro/libnds/lib/libmm9.a(mm_comms.o)
                              sound.o (mmStart)
/opt/devkitpro/libnds/lib/libmm9.a(mm_memory.o)
                              sound.o (mmLoad)
/opt/devkitpro/libnds/lib/libmm9.a(mm_main9.o)
                              /opt/devkitpro/libnds/lib/libmm9.a(mm_memory.o) (mmcbMemory)
/opt/devkitpro/libnds/lib/libmm9.a(mm_soundbank.o)
                              /opt/devkitpro/libnds/lib/libmm9.a(mm_main9.o) (mmSoundBankInMemory)
/opt/devkitpro/libnds/lib/libmm9.a(mm_flusher.o)
                              /opt/devkitpro/libnds/lib/libmm9.a(mm_memory.o) (mmFlushBank)
/opt/devkitpro/devkitARM/bin/../lib/gcc/arm-none-eabi/10.2.0/../../../../arm-none-eabi/lib/thumb/libm.a(lib_a-s_atan.o)
                              graphics_sub.o (atan)
/opt/devkitpro/devkitARM/bin/../lib/gcc/arm-none-eabi/10.2.0/../../../../arm-none-eabi/lib/thumb/libm.a(lib_a-s_cos.o)
                              graphics_sub.o (cos)
/opt/devkitpro/devkitARM/bin/../lib/gcc/arm-none-eabi/10.2.0/../../../../arm-none-eabi/lib/thumb/libm.a(lib_a-s_fabs.o)
                              /opt/devkitpro/devkitARM/bin/../lib/gcc/arm-none-eabi/10.2.0/../../../../arm-none-eabi/lib/thumb/libm.a(lib_a-s_atan.o) (fabs)
/opt/devkitpro/devkitARM/bin/../lib/gcc/arm-none-eabi/10.2.0/../../../../arm-none-eabi/lib/thumb/libm.a(lib_a-s_sin.o)
                              graphics_sub.o (sin)
/opt/devkitpro/devkitARM/bin/../lib/gcc/arm-none-eabi/10.2.0/../../../../arm-none-eabi/lib/thumb/libm.a(lib_a-w_atan2.o)
                              physics.o (atan2)
/opt/devkitpro/devkitARM/bin/../lib/gcc/arm-none-eabi/10.2.0/../../../../arm-none-eabi/lib/thumb/libm.a(lib_a-w_sqrt.o)
                              graphics_sub.o (sqrt)
[...]
Memory Configuration

Name             Origin             Length             Attributes
ewram            0x0000000002000000 0x0000000000380000
dtcm             0x0000000002ff0000 0x0000000000004000
vectors          0x0000000001000000 0x0000000000000100
itcm             0x0000000001000100 0x0000000000007f00
*default*        0x0000000000000000 0xffffffffffffffff

Linker script and memory map

                0x0000000002380000                __ewram_end = (ORIGIN (ewram) + LENGTH (ewram))
                0x0000000002380000                __eheap_end = (ORIGIN (ewram) + LENGTH (ewram))
                0x0000000002ff4000                __dtcm_top = (ORIGIN (dtcm) + LENGTH (dtcm))
                0x0000000002ff3ff8                __irq_flags = (__dtcm_top - 0x8)
                0x0000000002ff3ffc                __irq_vector = (__dtcm_top - 0x4)
                0x0000000002ff3f00                __sp_svc = (__dtcm_top - 0x100)
                0x0000000002ff3e00                __sp_irq = (__sp_svc - 0x100)
                0x0000000002ff3d00                __sp_usr = (__sp_irq - 0x100)

.secure         0x0000000002000000      0x800
 *(.secure)
 .secure        0x0000000002000000      0x800 /opt/devkitpro/libnds/lib/libnds9.a(securearea.o)
                0x0000000002000000                __secure_area__

.crt0           0x0000000002000800      0x300
                0x0000000002000800                __text_start = .
 *(.crt0)
 .crt0          0x0000000002000800      0x300 /opt/devkitpro/devkitARM/bin/../lib/gcc/arm-none-eabi/10.2.0/../../../../arm-none-eabi/lib/thumb/ds_arm9_crt0.o
                0x0000000002000800                _start
                0x0000000002000b00                . = ALIGN (0x4)

.plt
 *(.plt)

.init           0x0000000002000b00        0xc
 *(SORT_NONE(.init))
 .init          0x0000000002000b00        0x4 /opt/devkitpro/devkitARM/bin/../lib/gcc/arm-none-eabi/10.2.0/thumb/crti.o
                0x0000000002000b00                _init
 .init          0x0000000002000b04        0x8 /opt/devkitpro/devkitARM/bin/../lib/gcc/arm-none-eabi/10.2.0/thumb/crtn.o

.text           0x0000000002000b10     0xb630
 *(EXCLUDE_FILE(*.twl* *.vectors* *.itcm*) .text)
 .text          0x0000000002000b10      0x844 game.o
                0x0000000002000b10                get_rcs
                0x0000000002000b62                update_thrust
                0x0000000002000bbe                get_rocket_type
                0x0000000002000bf0                auto_pilot
                0x0000000002000d64                game_init
                0x0000000002000dcc                game_splash
                0x0000000002000e00                game_intro
                0x0000000002000e2e                game_exit_intro
                0x0000000002000e8e                game_ingame
                0x00000000020012b0                game_init_crash
                0x00000000020012f2                game_crash
                0x0000000002001318                game_pause
 .text          0x0000000002001354      0x4f4 graphics_main.o
                0x0000000002001354                graphics_main_config_sprite
                0x00000000020013b4                graphics_main_init
                0x00000000020013c4                graphics_main_config_splash
                0x0000000002001438                graphics_main_config_crash_moon
                0x00000000020014ac                graphics_main_config_crash_earth
                0x0000000002001520                graphics_main_config_crash_wall
                0x0000000002001594                graphics_main_config_intro
                0x0000000002001608                graphics_main_config_ingame
                0x00000000020016ec                graphics_main_clear_path
                0x0000000002001708                graphics_main_draw_path
                0x000000000200176c                graphics_main_update_sprite
 .text          0x0000000002001848     0x140c graphics_sub.o
                0x0000000002001888                graphics_sub_init
                0x0000000002001898                graphics_sub_config_splash
                0x0000000002001924                graphics_sub_config_crash
                0x00000000020019b0                graphics_sub_config_pause
                0x0000000002001a3c                graphics_sub_config_intro
                0x0000000002001ac8                graphics_sub_config_ingame
                0x0000000002001c94                graphics_sub_rocket_ingame
                0x0000000002001de8                graphics_sub_put_speed
                0x0000000002001e62                graphics_sub_put_alt
                0x0000000002001edc                graphics_sub_put_digit
                0x0000000002002024                graphics_sub_put_slider
                0x000000000200226c                graphics_sub_set_ap
                0x00000000020025b0                graphics_sub_put_nav
                0x00000000020028f4                graphics_sub_put_hor
 .text          0x0000000002002c54      0x260 input.o
                0x0000000002002c54                input_init
                0x0000000002002c6a                input_read
 .text          0x0000000002002eb4       0xb8 main.o
                0x0000000002002eb4                main
 .text          0x0000000002002f6c     0x168c physics.o
                0x0000000002002f6c                physics_predict_orbit
                0x0000000002003034                physics_step_lin
                0x0000000002003098                physics_step_grav
                0x000000000200314c                physics_world_boundary
                0x00000000020031fc                physics_get_phi_earth
                0x000000000200326c                physics_get_r_earth
                0x00000000020032f4                physics_get_phi_moon
                0x0000000002003368                physics_get_r_moon
                0x00000000020033f0                physics_get_vel
                0x0000000002003460                physics_get_theta
                0x00000000020034b8                physics_angle_reach
 .text          0x00000000020045f8       0x64 sound.o
                0x00000000020045f8                sound_init
                0x0000000002004618                sound_crash
                0x0000000002004644                sound_ambiance
 .text          0x000000000200465c      0x24c /opt/devkitpro/libnds/lib/libmm9.a(mm_comms.o)
                0x000000000200465c                mmSetupComms
                0x00000000020046ae                mmSendBank
                0x00000000020046b8                mmLockChannels
                0x00000000020046be                mmUnlockChannels
                0x00000000020046c4                mmStart
                0x00000000020046ce                mmPause
                0x00000000020046d2                mmResume
                0x00000000020046d6                mmStop
                0x00000000020046da                mmPosition
                0x00000000020046de                mmJingle
                0x00000000020046e2                mmSetModuleVolume
                0x00000000020046e6                mmSetJingleVolume
                0x00000000020046ea                mmSetModuleTempo
                0x00000000020046ee                mmSetModulePitch
                0x00000000020046f2                mmSetEffectsVolume
                0x00000000020046f6                mmSelectMode
                0x00000000020046fa                mmStreamBegin
                0x000000000200470e                mmStreamEnd
                0x0000000002004764                mmEffect
                0x0000000002004788                mmEffectVolume
                0x000000000200478c                mmEffectPanning
                0x0000000002004790                mmEffectRate
                0x000000000200479a                mmEffectScaleRate
                0x00000000020047a4                mmEffectRelease
                0x00000000020047aa                mmEffectCancel
                0x00000000020047b0                mmEffectEx
                0x00000000020047ee                mmEffectCancelAll
                0x00000000020047f2                mmReverbEnable
                0x00000000020047f6                mmReverbDisable
                0x00000000020047fa                mmReverbConfigure
                0x0000000002004856                mmReverbStart
                0x000000000200485a                mmReverbStop
 .text          0x00000000020048a8      0x120 /opt/devkitpro/libnds/lib/libmm9.a(mm_memory.o)
                0x00000000020048a8                mmLoad
                0x00000000020048f8                mmUnload
                0x0000000002004950                mmLoadEffect
                0x0000000002004988                mmUnloadEffect
 .text          0x00000000020049c8      0x108 /opt/devkitpro/libnds/lib/libmm9.a(mm_main9.o)
                0x00000000020049c8                mmActive
                0x00000000020049ce                mmSetEventHandler
                0x00000000020049d4                mmInit
                0x00000000020049fe                mmInitDefault
                0x0000000002004a48                mmInitDefaultMem
                0x0000000002004a6a                mmSuspendIRQ_t
                0x0000000002004a88                mmRestoreIRQ_t
 .text          0x0000000002004ad0      0x100 /opt/devkitpro/libnds/lib/libmm9.a(mm_soundbank.o)
                0x0000000002004ad0                mmSoundBankInMemory
                0x0000000002004ad8                mmSoundBankInFiles
                0x0000000002004aea                mmSetCustomSoundBankHandler
                0x0000000002004b16                mmsHandleFileOp
 .text          0x0000000002004bd0       0x3c /opt/devkitpro/libnds/lib/libmm9.a(mm_flusher.o)
                0x0000000002004bd0                mmFlushBank
 .text          0x0000000002004c0c      0x11c /opt/devkitpro/devkitARM/bin/../lib/gcc/arm-none-eabi/10.2.0/thumb/libgcc.a(_udivsi3.o)
                0x0000000002004c0c                __udivsi3
                0x0000000002004c0c                __aeabi_uidiv
                0x0000000002004d08                __aeabi_uidivmod
 .text          0x0000000002004d28      0x150 /opt/devkitpro/devkitARM/bin/../lib/gcc/arm-none-eabi/10.2.0/thumb/libgcc.a(_divsi3.o)
                0x0000000002004d28                __aeabi_idiv
                0x0000000002004d28                __divsi3
                0x0000000002004e58                __aeabi_idivmod
 .text          0x0000000002004e78        0x4 /opt/devkitpro/devkitARM/bin/../lib/gcc/arm-none-eabi/10.2.0/thumb/libgcc.a(_dvmd_tls.o)
                0x0000000002004e78                __aeabi_ldiv0
                0x0000000002004e78                __aeabi_idiv0
 .text          0x0000000002004e7c      0x424 /opt/devkitpro/devkitARM/bin/../lib/gcc/arm-none-eabi/10.2.0/thumb/libgcc.a(_arm_addsubdf3.o)
                0x0000000002004e7c                __aeabi_drsub
                0x0000000002004e84                __subdf3
                0x0000000002004e84                __aeabi_dsub
                0x0000000002004e88                __aeabi_dadd
                0x0000000002004e88                __adddf3
                0x0000000002005198                __aeabi_ui2d
                0x0000000002005198                __floatunsidf
                0x00000000020051bc                __floatsidf
                0x00000000020051bc                __aeabi_i2d
                0x00000000020051e4                __extendsfdf2
                0x00000000020051e4                __aeabi_f2d
                0x000000000200522c                __aeabi_ul2d
                0x000000000200522c                __floatundidf
                0x0000000002005240                __aeabi_l2d
                0x0000000002005240                __floatdidf
 .text          0x00000000020052a0      0x49c /opt/devkitpro/devkitARM/bin/../lib/gcc/arm-none-eabi/10.2.0/thumb/libgcc.a(_arm_muldivdf3.o)
                0x00000000020052a0                __aeabi_dmul
                0x00000000020052a0                __muldf3
                0x0000000002005530                __aeabi_ddiv
                0x0000000002005530                __divdf3
 .text          0x000000000200573c      0x144 /opt/devkitpro/devkitARM/bin/../lib/gcc/arm-none-eabi/10.2.0/thumb/libgcc.a(_arm_cmpdf2.o)
                0x000000000200573c                __gedf2
                0x000000000200573c                __gtdf2
                0x0000000002005744                __ledf2
                0x0000000002005744                __ltdf2
                0x000000000200574c                __cmpdf2
                0x000000000200574c                __eqdf2
                0x000000000200574c                __nedf2
                0x00000000020057d4                __aeabi_cdrcmple
                0x00000000020057f0                __aeabi_cdcmple
                0x00000000020057f0                __aeabi_cdcmpeq
                0x0000000002005808                __aeabi_dcmpeq
                0x0000000002005820                __aeabi_dcmplt
                0x0000000002005838                __aeabi_dcmple
                0x0000000002005850                __aeabi_dcmpge
                0x0000000002005868                __aeabi_dcmpgt
 .text          0x0000000002005880       0x38 /opt/devkitpro/devkitARM/bin/../lib/gcc/arm-none-eabi/10.2.0/thumb/libgcc.a(_arm_unorddf2.o)
                0x0000000002005880                __aeabi_dcmpun
                0x0000000002005880                __unorddf2
 .text          0x00000000020058b8       0x5c /opt/devkitpro/devkitARM/bin/../lib/gcc/arm-none-eabi/10.2.0/thumb/libgcc.a(_arm_fixdfsi.o)
                0x00000000020058b8                __fixdfsi
                0x00000000020058b8                __aeabi_d2iz
 .text          0x0000000002005914       0x54 /opt/devkitpro/devkitARM/bin/../lib/gcc/arm-none-eabi/10.2.0/thumb/libgcc.a(_arm_fixunsdfsi.o)
                0x0000000002005914                __fixunsdfsi
                0x0000000002005914                __aeabi_d2uiz
 .text          0x0000000002005968       0xa0 /opt/devkitpro/devkitARM/bin/../lib/gcc/arm-none-eabi/10.2.0/thumb/libgcc.a(_arm_truncdfsf2.o)
                0x0000000002005968                __aeabi_d2f
                0x0000000002005968                __truncdfsf2
 .text          0x0000000002005a08      0x2ac /opt/devkitpro/devkitARM/bin/../lib/gcc/arm-none-eabi/10.2.0/thumb/libgcc.a(_arm_addsubsf3.o)
                0x0000000002005a08                __aeabi_frsub
                0x0000000002005a10                __aeabi_fsub
                0x0000000002005a10                __subsf3
                0x0000000002005a14                __aeabi_fadd
                0x0000000002005a14                __addsf3
                0x0000000002005bd0                __aeabi_ui2f
                0x0000000002005bd0                __floatunsisf
                0x0000000002005bd8                __floatsisf
                0x0000000002005bd8                __aeabi_i2f
                0x0000000002005bf8                __aeabi_ul2f
                0x0000000002005bf8                __floatundisf
                0x0000000002005c08                __aeabi_l2f
                0x0000000002005c08                __floatdisf
 .text          0x0000000002005cb4      0x2f8 /opt/devkitpro/devkitARM/bin/../lib/gcc/arm-none-eabi/10.2.0/thumb/libgcc.a(_arm_muldivsf3.o)
                0x0000000002005cb4                __mulsf3
                0x0000000002005cb4                __aeabi_fmul
                0x0000000002005e4c                __divsf3
                0x0000000002005e4c                __aeabi_fdiv
 .text          0x0000000002005fac      0x114 /opt/devkitpro/devkitARM/bin/../lib/gcc/arm-none-eabi/10.2.0/thumb/libgcc.a(_arm_cmpsf2.o)
                0x0000000002005fac                __gesf2
                0x0000000002005fac                __gtsf2
                0x0000000002005fb4                __ltsf2
                0x0000000002005fb4                __lesf2
                0x0000000002005fbc                __nesf2
                0x0000000002005fbc                __eqsf2
                0x0000000002005fbc                __cmpsf2
                0x0000000002006020                __aeabi_cfrcmple
                0x0000000002006030                __aeabi_cfcmpeq
                0x0000000002006030                __aeabi_cfcmple
                0x0000000002006048                __aeabi_fcmpeq
                0x0000000002006060                __aeabi_fcmplt
                0x0000000002006078                __aeabi_fcmple
                0x0000000002006090                __aeabi_fcmpge
                0x00000000020060a8                __aeabi_fcmpgt
 .text          0x00000000020060c0       0x5c /opt/devkitpro/devkitARM/bin/../lib/gcc/arm-none-eabi/10.2.0/thumb/libgcc.a(_arm_fixsfsi.o)
                0x00000000020060c0                __fixsfsi
                0x00000000020060c0                __aeabi_f2iz
 .text          0x000000000200611c       0x54 /opt/devkitpro/devkitARM/bin/../lib/gcc/arm-none-eabi/10.2.0/thumb/libgcc.a(_arm_fixunssfsi.o)
                0x000000000200611c                __aeabi_f2uiz
                0x000000000200611c                __fixunssfsi
 *(EXCLUDE_FILE(*.twl* *.vectors* *.itcm*) .stub)
 *(EXCLUDE_FILE(*.twl* *.vectors* *.itcm*) .text.*)
 .text.__do_global_dtors_aux
                0x0000000002006170       0x2c /opt/devkitpro/devkitARM/bin/../lib/gcc/arm-none-eabi/10.2.0/thumb/crtbegin.o
 .text.frame_dummy
                0x000000000200619c       0x24 /opt/devkitpro/devkitARM/bin/../lib/gcc/arm-none-eabi/10.2.0/thumb/crtbegin.o
 .text.touchRead
                0x00000000020061c0       0x24 /opt/devkitpro/libnds/lib/libnds9.a(touch.o)
                0x00000000020061c0                touchRead
 .text.oamAllocReset
                0x00000000020061e4       0x1c /opt/devkitpro/libnds/lib/libnds9.a(sprite_alloc.o)
                0x00000000020061e4                oamAllocReset
 .text.oamAllocateGfx
                0x0000000002006200      0x510 /opt/devkitpro/libnds/lib/libnds9.a(sprite_alloc.o)
                0x0000000002006200                oamAllocateGfx
 .text.oamInit  0x0000000002006710      0x118 /opt/devkitpro/libnds/lib/libnds9.a(sprite.o)
                0x0000000002006710                oamInit
 .text.oamGetGfxPtr
                0x0000000002006828       0x38 /opt/devkitpro/libnds/lib/libnds9.a(sprite.o)
                0x0000000002006828                oamGetGfxPtr
 .text.oamGfxPtrToOffset
                0x0000000002006860       0x34 /opt/devkitpro/libnds/lib/libnds9.a(sprite.o)
                0x0000000002006860                oamGfxPtrToOffset
 .text.oamSet   0x0000000002006894      0x11c /opt/devkitpro/libnds/lib/libnds9.a(sprite.o)
                0x0000000002006894                oamSet
 .text.oamUpdate
                0x00000000020069b0       0x60 /opt/devkitpro/libnds/lib/libnds9.a(sprite.o)
                0x00000000020069b0                oamUpdate
 .text.oamRotateScale
                0x0000000002006a10       0x4c /opt/devkitpro/libnds/lib/libnds9.a(sprite.o)
                0x0000000002006a10                oamRotateScale
 .text.scanKeys
                0x0000000002006a5c       0x8c /opt/devkitpro/libnds/lib/libnds9.a(keys.o)
                0x0000000002006a5c                scanKeys
 .text.keysHeld
                0x0000000002006ae8        0xc /opt/devkitpro/libnds/lib/libnds9.a(keys.o)
                0x0000000002006ae8                keysHeld
 .text.keysDown
                0x0000000002006af4       0x14 /opt/devkitpro/libnds/lib/libnds9.a(keys.o)
                0x0000000002006af4                keysDown
 .text.keysDownRepeat
                0x0000000002006b08       0x10 /opt/devkitpro/libnds/lib/libnds9.a(keys.o)
                0x0000000002006b08                keysDownRepeat
 .text.initSystem
                0x0000000002006b18      0x198 /opt/devkitpro/libnds/lib/libnds9.a(initSystem.o)
                0x0000000002006b18                initSystem
 .text.__libnds_gtod
                0x0000000002006cb0       0x28 /opt/devkitpro/libnds/lib/libnds9.a(timeSupport.o)
                0x0000000002006cb0                __libnds_gtod
 .text.irqDummy
                0x0000000002006cd8        0x4 /opt/devkitpro/libnds/lib/libnds9.a(interrupts.o)
                0x0000000002006cd8                irqDummy
 .text.irqSet   0x0000000002006cdc       0x6c /opt/devkitpro/libnds/lib/libnds9.a(interrupts.o)
                0x0000000002006cdc                irqSet
 .text.irqInit  0x0000000002006d48       0x50 /opt/devkitpro/libnds/lib/libnds9.a(interrupts.o)
                0x0000000002006d48                irqInit
 .text.irqEnable
                0x0000000002006d98       0x64 /opt/devkitpro/libnds/lib/libnds9.a(interrupts.o)
                0x0000000002006d98                irqEnable
 .text.systemErrorExit
                0x0000000002006dfc        0x4 /opt/devkitpro/libnds/lib/libnds9.a(libnds_exit.arm.o)
                0x0000000002006dfc                systemErrorExit
 .text.__libnds_exit
                0x0000000002006e00       0x5c /opt/devkitpro/libnds/lib/libnds9.a(libnds_exit.arm.o)
                0x0000000002006e00                __libnds_exit
 .text.fifo_queueBlock
                0x0000000002006e5c       0x44 /opt/devkitpro/libnds/lib/libnds9.a(fifosystem.o)
 .text.fifo_waitBlock
                0x0000000002006ea0       0x80 /opt/devkitpro/libnds/lib/libnds9.a(fifosystem.o)
 .text.fifoInternalSend.part.0
                0x0000000002006f20       0xd4 /opt/devkitpro/libnds/lib/libnds9.a(fifosystem.o)
 .text.fifoInternalSendInterrupt
                0x0000000002006ff4       0xa8 /opt/devkitpro/libnds/lib/libnds9.a(fifosystem.o)
 .text.fifoSetValue32Handler
                0x000000000200709c       0xd8 /opt/devkitpro/libnds/lib/libnds9.a(fifosystem.o)
                0x000000000200709c                fifoSetValue32Handler
 .text.fifoSendValue32
                0x0000000002007174       0x4c /opt/devkitpro/libnds/lib/libnds9.a(fifosystem.o)
                0x0000000002007174                fifoSendValue32
 .text.fifoSendDatamsg
                0x00000000020071c0       0x90 /opt/devkitpro/libnds/lib/libnds9.a(fifosystem.o)
                0x00000000020071c0                fifoSendDatamsg
 .text.fifoGetDatamsg
                0x0000000002007250       0xf4 /opt/devkitpro/libnds/lib/libnds9.a(fifosystem.o)
                0x0000000002007250                fifoGetDatamsg
 .text.fifoInternalRecvInterrupt
                0x0000000002007344      0x380 /opt/devkitpro/libnds/lib/libnds9.a(fifosystem.o)
 .text.fifoSetDatamsgHandler
                0x00000000020076c4       0x9c /opt/devkitpro/libnds/lib/libnds9.a(fifosystem.o)
                0x00000000020076c4                fifoSetDatamsgHandler
 .text.fifoInit
                0x0000000002007760       0xf8 /opt/devkitpro/libnds/lib/libnds9.a(fifosystem.o)
                0x0000000002007760                fifoInit
 .text.DC_FlushRange
                0x0000000002007858       0x24 /opt/devkitpro/libnds/lib/libnds9.a(dcache.o)
                0x0000000002007858                DC_FlushRange
 .text.__libnds_mpu_setup
                0x000000000200787c      0x174 /opt/devkitpro/libnds/lib/libnds9.a(mpu_setup.o)
                0x000000000200787c                __libnds_mpu_setup
 .text.memUncached
                0x00000000020079f0       0x20 /opt/devkitpro/libnds/lib/libnds9.a(mpu_setup.o)
                0x00000000020079f0                memUncached
 .text.swiWaitForVBlank
                0x0000000002007a10        0x8 /opt/devkitpro/libnds/lib/libnds9.a(IntrWait.o)
                0x0000000002007a10                swiWaitForVBlank
 .text.swiIntrWait
                0x0000000002007a18       0x70 /opt/devkitpro/libnds/lib/libnds9.a(IntrWait.o)
                0x0000000002007a18                swiIntrWait
 .text.setCpuClock
                0x0000000002007a88       0x50 /opt/devkitpro/libnds/lib/libnds9.a(cpu_clock.o)
                0x0000000002007a88                setCpuClock
 .text.swiSoftReset
                0x0000000002007ad8       0x2c /opt/devkitpro/libnds/lib/libnds9.a(swiSoftReset.o)
                0x0000000002007ad8                swiSoftReset
 .text.swiDelay
                0x0000000002007b04        0x4 /opt/devkitpro/libnds/lib/libnds9.a(biosCalls.o)
                0x0000000002007b04                swiDelay
 .text.swiCopy  0x0000000002007b08        0x4 /opt/devkitpro/libnds/lib/libnds9.a(biosCalls.o)
                0x0000000002007b08                swiCopy
 .text.vramDefault
                0x0000000002007b0c       0xd0 /opt/devkitpro/libnds/lib/libnds9.a(video.o)
                0x0000000002007b0c                vramDefault
 .text.systemValueHandler
                0x0000000002007bdc       0x48 /opt/devkitpro/libnds/lib/libnds9.a(system.o)
                0x0000000002007bdc                systemValueHandler
 .text.systemMsgHandler
                0x0000000002007c24       0x60 /opt/devkitpro/libnds/lib/libnds9.a(system.o)
                0x0000000002007c24                systemMsgHandler
 .text.powerOn  0x0000000002007c84       0x2c /opt/devkitpro/libnds/lib/libnds9.a(system.o)
                0x0000000002007c84                powerOn
 .text.sinLutLookup
                0x0000000002007cb0       0x38 /opt/devkitpro/libnds/lib/libnds9.a(trig.o)
                0x0000000002007cb0                sinLutLookup
 .text.sinLerp  0x0000000002007ce8       0x40 /opt/devkitpro/libnds/lib/libnds9.a(trig.o)
                0x0000000002007ce8                sinLerp
 .text.cosLerp  0x0000000002007d28       0x4c /opt/devkitpro/libnds/lib/libnds9.a(trig.o)
                0x0000000002007d28                cosLerp
 .text.atan     0x0000000002007d74      0x334 /opt/devkitpro/devkitARM/bin/../lib/gcc/arm-none-eabi/10.2.0/../../../../arm-none-eabi/lib/thumb/libm.a(lib_a-s_atan.o)
                0x0000000002007d74                atan
 .text.cos      0x00000000020080a8       0xa4 /opt/devkitpro/devkitARM/bin/../lib/gcc/arm-none-eabi/10.2.0/../../../../arm-none-eabi/lib/thumb/libm.a(lib_a-s_cos.o)
                0x00000000020080a8                cos
 .text.fabs     0x000000000200814c        0x8 /opt/devkitpro/devkitARM/bin/../lib/gcc/arm-none-eabi/10.2.0/../../../../arm-none-eabi/lib/thumb/libm.a(lib_a-s_fabs.o)
                0x000000000200814c                fabs
 .text.sin      0x0000000002008154       0xa8 /opt/devkitpro/devkitARM/bin/../lib/gcc/arm-none-eabi/10.2.0/../../../../arm-none-eabi/lib/thumb/libm.a(lib_a-s_sin.o)
                0x0000000002008154                sin
 .text.atan2    0x00000000020081fc        0xc /opt/devkitpro/devkitARM/bin/../lib/gcc/arm-none-eabi/10.2.0/../../../../arm-none-eabi/lib/thumb/libm.a(lib_a-w_atan2.o)
                0x00000000020081fc                atan2
 .text.sqrt     0x0000000002008208       0x64 /opt/devkitpro/devkitARM/bin/../lib/gcc/arm-none-eabi/10.2.0/../../../../arm-none-eabi/lib/thumb/libm.a(lib_a-w_sqrt.o)
                0x0000000002008208                sqrt
 .text.__ieee754_atan2
                0x000000000200826c      0x17c /opt/devkitpro/devkitARM/bin/../lib/gcc/arm-none-eabi/10.2.0/../../../../arm-none-eabi/lib/thumb/libm.a(lib_a-e_atan2.o)
                0x000000000200826c                __ieee754_atan2
 .text.__ieee754_rem_pio2
                0x00000000020083e8      0x420 /opt/devkitpro/devkitARM/bin/../lib/gcc/arm-none-eabi/10.2.0/../../../../arm-none-eabi/lib/thumb/libm.a(lib_a-e_rem_pio2.o)
                0x00000000020083e8                __ieee754_rem_pio2
 .text.__ieee754_sqrt
                0x0000000002008808      0x1a4 /opt/devkitpro/devkitARM/bin/../lib/gcc/arm-none-eabi/10.2.0/../../../../arm-none-eabi/lib/thumb/libm.a(lib_a-e_sqrt.o)
                0x0000000002008808                __ieee754_sqrt
 .text.__kernel_cos
                0x00000000020089ac      0x234 /opt/devkitpro/devkitARM/bin/../lib/gcc/arm-none-eabi/10.2.0/../../../../arm-none-eabi/lib/thumb/libm.a(lib_a-k_cos.o)
                0x00000000020089ac                __kernel_cos
 .text.__kernel_rem_pio2
                0x0000000002008be0      0x8d8 /opt/devkitpro/devkitARM/bin/../lib/gcc/arm-none-eabi/10.2.0/../../../../arm-none-eabi/lib/thumb/libm.a(lib_a-k_rem_pio2.o)
                0x0000000002008be0                __kernel_rem_pio2
 .text.__kernel_sin
                0x00000000020094b8      0x170 /opt/devkitpro/devkitARM/bin/../lib/gcc/arm-none-eabi/10.2.0/../../../../arm-none-eabi/lib/thumb/libm.a(lib_a-k_sin.o)
                0x00000000020094b8                __kernel_sin
 .text.floor    0x0000000002009628      0x13c /opt/devkitpro/devkitARM/bin/../lib/gcc/arm-none-eabi/10.2.0/../../../../arm-none-eabi/lib/thumb/libm.a(lib_a-s_floor.o)
                0x0000000002009628                floor
 .text.scalbn   0x0000000002009764       0xfc /opt/devkitpro/devkitARM/bin/../lib/gcc/arm-none-eabi/10.2.0/../../../../arm-none-eabi/lib/thumb/libm.a(lib_a-s_scalbn.o)
                0x0000000002009764                scalbn
 .text.__errno  0x0000000002009860        0xc /opt/devkitpro/devkitARM/bin/../lib/gcc/arm-none-eabi/10.2.0/../../../../arm-none-eabi/lib/thumb/libg.a(lib_a-errno.o)
                0x0000000002009860                __errno
 .text._fclose_r
                0x000000000200986c       0xe8 /opt/devkitpro/devkitARM/bin/../lib/gcc/arm-none-eabi/10.2.0/../../../../arm-none-eabi/lib/thumb/libg.a(lib_a-fclose.o)
                0x000000000200986c                _fclose_r
 .text.fclose   0x0000000002009954       0x14 /opt/devkitpro/devkitARM/bin/../lib/gcc/arm-none-eabi/10.2.0/../../../../arm-none-eabi/lib/thumb/libg.a(lib_a-fclose.o)
                0x0000000002009954                fclose
 .text.__sflush_r
                0x0000000002009968      0x1c0 /opt/devkitpro/devkitARM/bin/../lib/gcc/arm-none-eabi/10.2.0/../../../../arm-none-eabi/lib/thumb/libg.a(lib_a-fflush.o)
                0x0000000002009968                __sflush_r
 .text._fflush_r
                0x0000000002009b28       0x70 /opt/devkitpro/devkitARM/bin/../lib/gcc/arm-none-eabi/10.2.0/../../../../arm-none-eabi/lib/thumb/libg.a(lib_a-fflush.o)
                0x0000000002009b28                _fflush_r
 .text.fflush   0x0000000002009b98       0x2c /opt/devkitpro/devkitARM/bin/../lib/gcc/arm-none-eabi/10.2.0/../../../../arm-none-eabi/lib/thumb/libg.a(lib_a-fflush.o)
                0x0000000002009b98                fflush
 .text._cleanup_r
                0x0000000002009bc4       0x14 /opt/devkitpro/devkitARM/bin/../lib/gcc/arm-none-eabi/10.2.0/../../../../arm-none-eabi/lib/thumb/libg.a(lib_a-findfp.o)
                0x0000000002009bc4                _cleanup_r
 .text.__sinit  0x0000000002009bd8      0x124 /opt/devkitpro/devkitARM/bin/../lib/gcc/arm-none-eabi/10.2.0/../../../../arm-none-eabi/lib/thumb/libg.a(lib_a-findfp.o)
                0x0000000002009bd8                __sinit
 .text.__sfp    0x0000000002009cfc       0xdc /opt/devkitpro/devkitARM/bin/../lib/gcc/arm-none-eabi/10.2.0/../../../../arm-none-eabi/lib/thumb/libg.a(lib_a-findfp.o)
                0x0000000002009cfc                __sfp
 .text.__sfp_lock_acquire
                0x0000000002009dd8       0x14 /opt/devkitpro/devkitARM/bin/../lib/gcc/arm-none-eabi/10.2.0/../../../../arm-none-eabi/lib/thumb/libg.a(lib_a-findfp.o)
                0x0000000002009dd8                __sfp_lock_acquire
 .text.__sfp_lock_release
                0x0000000002009dec       0x14 /opt/devkitpro/devkitARM/bin/../lib/gcc/arm-none-eabi/10.2.0/../../../../arm-none-eabi/lib/thumb/libg.a(lib_a-findfp.o)
                0x0000000002009dec                __sfp_lock_release
 .text._fopen_r
                0x0000000002009e00       0xb8 /opt/devkitpro/devkitARM/bin/../lib/gcc/arm-none-eabi/10.2.0/../../../../arm-none-eabi/lib/thumb/libg.a(lib_a-fopen.o)
                0x0000000002009e00                _fopen_r
 .text.fopen    0x0000000002009eb8       0x18 /opt/devkitpro/devkitARM/bin/../lib/gcc/arm-none-eabi/10.2.0/../../../../arm-none-eabi/lib/thumb/libg.a(lib_a-fopen.o)
                0x0000000002009eb8                fopen
 .text._fread_r
                0x0000000002009ed0      0x1f0 /opt/devkitpro/devkitARM/bin/../lib/gcc/arm-none-eabi/10.2.0/../../../../arm-none-eabi/lib/thumb/libg.a(lib_a-fread.o)
                0x0000000002009ed0                _fread_r
 .text.fread    0x000000000200a0c0       0x24 /opt/devkitpro/devkitARM/bin/../lib/gcc/arm-none-eabi/10.2.0/../../../../arm-none-eabi/lib/thumb/libg.a(lib_a-fread.o)
                0x000000000200a0c0                fread
 .text._malloc_trim_r
                0x000000000200a0e4       0xa0 /opt/devkitpro/devkitARM/bin/../lib/gcc/arm-none-eabi/10.2.0/../../../../arm-none-eabi/lib/thumb/libg.a(lib_a-freer.o)
                0x000000000200a0e4                _malloc_trim_r
 .text._free_r  0x000000000200a184      0x1e0 /opt/devkitpro/devkitARM/bin/../lib/gcc/arm-none-eabi/10.2.0/../../../../arm-none-eabi/lib/thumb/libg.a(lib_a-freer.o)
                0x000000000200a184                _free_r
 .text._fseek_r
                0x000000000200a364       0x18 /opt/devkitpro/devkitARM/bin/../lib/gcc/arm-none-eabi/10.2.0/../../../../arm-none-eabi/lib/thumb/libg.a(lib_a-fseek.o)
                0x000000000200a364                _fseek_r
 .text.fseek    0x000000000200a37c       0x24 /opt/devkitpro/devkitARM/bin/../lib/gcc/arm-none-eabi/10.2.0/../../../../arm-none-eabi/lib/thumb/libg.a(lib_a-fseek.o)
                0x000000000200a37c                fseek
 .text._fseeko_r
                0x000000000200a3a0      0x39c /opt/devkitpro/devkitARM/bin/../lib/gcc/arm-none-eabi/10.2.0/../../../../arm-none-eabi/lib/thumb/libg.a(lib_a-fseeko.o)
                0x000000000200a3a0                _fseeko_r
 .text._ftello_r
                0x000000000200a73c      0x118 /opt/devkitpro/devkitARM/bin/../lib/gcc/arm-none-eabi/10.2.0/../../../../arm-none-eabi/lib/thumb/libg.a(lib_a-ftello.o)
                0x000000000200a73c                _ftello_r
 .text._fwalk   0x000000000200a854       0x48 /opt/devkitpro/devkitARM/bin/../lib/gcc/arm-none-eabi/10.2.0/../../../../arm-none-eabi/lib/thumb/libg.a(lib_a-fwalk.o)
                0x000000000200a854                _fwalk
 .text._fwalk_reent
                0x000000000200a89c       0x50 /opt/devkitpro/devkitARM/bin/../lib/gcc/arm-none-eabi/10.2.0/../../../../arm-none-eabi/lib/thumb/libg.a(lib_a-fwalk.o)
                0x000000000200a89c                _fwalk_reent
 .text.__libc_init_array
                0x000000000200a8ec       0x50 /opt/devkitpro/devkitARM/bin/../lib/gcc/arm-none-eabi/10.2.0/../../../../arm-none-eabi/lib/thumb/libg.a(lib_a-init.o)
                0x000000000200a8ec                __libc_init_array
 .text.__smakebuf_r
                0x000000000200a93c       0xec /opt/devkitpro/devkitARM/bin/../lib/gcc/arm-none-eabi/10.2.0/../../../../arm-none-eabi/lib/thumb/libg.a(lib_a-makebuf.o)
                0x000000000200a93c                __smakebuf_r
 .text.malloc   0x000000000200aa28       0x14 /opt/devkitpro/devkitARM/bin/../lib/gcc/arm-none-eabi/10.2.0/../../../../arm-none-eabi/lib/thumb/libg.a(lib_a-malloc.o)
                0x000000000200aa28                malloc
 .text.free     0x000000000200aa3c       0x14 /opt/devkitpro/devkitARM/bin/../lib/gcc/arm-none-eabi/10.2.0/../../../../arm-none-eabi/lib/thumb/libg.a(lib_a-malloc.o)
                0x000000000200aa3c                free
 .text._malloc_r
                0x000000000200aa50      0x59c /opt/devkitpro/devkitARM/bin/../lib/gcc/arm-none-eabi/10.2.0/../../../../arm-none-eabi/lib/thumb/libg.a(lib_a-mallocr.o)
                0x000000000200aa50                _malloc_r
 .text.memcpy   0x000000000200afec       0xa8 /opt/devkitpro/devkitARM/bin/../lib/gcc/arm-none-eabi/10.2.0/../../../../arm-none-eabi/lib/thumb/libg.a(lib_a-memcpy-stub.o)
                0x000000000200afec                memcpy
 .text.memset   0x000000000200b094       0xb0 /opt/devkitpro/devkitARM/bin/../lib/gcc/arm-none-eabi/10.2.0/../../../../arm-none-eabi/lib/thumb/libg.a(lib_a-memset.o)
                0x000000000200b094                memset
 .text.__malloc_lock
                0x000000000200b144       0x14 /opt/devkitpro/devkitARM/bin/../lib/gcc/arm-none-eabi/10.2.0/../../../../arm-none-eabi/lib/thumb/libg.a(lib_a-mlock.o)
                0x000000000200b144                __malloc_lock
 .text.__malloc_unlock
                0x000000000200b158       0x14 /opt/devkitpro/devkitARM/bin/../lib/gcc/arm-none-eabi/10.2.0/../../../../arm-none-eabi/lib/thumb/libg.a(lib_a-mlock.o)
                0x000000000200b158                __malloc_unlock
 .text.realloc  0x000000000200b16c       0x18 /opt/devkitpro/devkitARM/bin/../lib/gcc/arm-none-eabi/10.2.0/../../../../arm-none-eabi/lib/thumb/libg.a(lib_a-realloc.o)
                0x000000000200b16c                realloc
 .text._realloc_r
                0x000000000200b184      0x38c /opt/devkitpro/devkitARM/bin/../lib/gcc/arm-none-eabi/10.2.0/../../../../arm-none-eabi/lib/thumb/libg.a(lib_a-reallocr.o)
                0x000000000200b184                _realloc_r
 .text.lflush   0x000000000200b510       0x20 /opt/devkitpro/devkitARM/bin/../lib/gcc/arm-none-eabi/10.2.0/../../../../arm-none-eabi/lib/thumb/libg.a(lib_a-refill.o)
 .text.__srefill_r
                0x000000000200b530      0x118 /opt/devkitpro/devkitARM/bin/../lib/gcc/arm-none-eabi/10.2.0/../../../../arm-none-eabi/lib/thumb/libg.a(lib_a-refill.o)
                0x000000000200b530                __srefill_r
 .text.__sread  0x000000000200b648       0x34 /opt/devkitpro/devkitARM/bin/../lib/gcc/arm-none-eabi/10.2.0/../../../../arm-none-eabi/lib/thumb/libg.a(lib_a-stdio.o)
                0x000000000200b648                __sread
 .text.__swrite
                0x000000000200b67c       0x54 /opt/devkitpro/devkitARM/bin/../lib/gcc/arm-none-eabi/10.2.0/../../../../arm-none-eabi/lib/thumb/libg.a(lib_a-stdio.o)
                0x000000000200b67c                __swrite
 .text.__sseek  0x000000000200b6d0       0x40 /opt/devkitpro/devkitARM/bin/../lib/gcc/arm-none-eabi/10.2.0/../../../../arm-none-eabi/lib/thumb/libg.a(lib_a-stdio.o)
                0x000000000200b6d0                __sseek
 .text.__sclose
                0x000000000200b710       0x10 /opt/devkitpro/devkitARM/bin/../lib/gcc/arm-none-eabi/10.2.0/../../../../arm-none-eabi/lib/thumb/libg.a(lib_a-stdio.o)
                0x000000000200b710                __sclose
 .text.__sflags
                0x000000000200b720       0xa4 /opt/devkitpro/devkitARM/bin/../lib/gcc/arm-none-eabi/10.2.0/../../../../arm-none-eabi/lib/thumb/libg.a(lib_a-flags.o)
                0x000000000200b720                __sflags
 .text.memmove  0x000000000200b7c4       0xbc /opt/devkitpro/devkitARM/bin/../lib/gcc/arm-none-eabi/10.2.0/../../../../arm-none-eabi/lib/thumb/libg.a(lib_a-memmove.o)
                0x000000000200b7c4                memmove
 .text._fstat_r
                0x000000000200b880       0x4c /opt/devkitpro/devkitARM/bin/../lib/gcc/arm-none-eabi/10.2.0/../../../../arm-none-eabi/lib/thumb/libsysbase.a(fstat.o)
                0x000000000200b880                _fstat_r
 .text._isatty_r
                0x000000000200b8cc        0x4 /opt/devkitpro/devkitARM/bin/../lib/gcc/arm-none-eabi/10.2.0/../../../../arm-none-eabi/lib/thumb/libsysbase.a(isatty.o)
                0x000000000200b8cc                _isatty_r
 .text._lseek_r
                0x000000000200b8d0       0x5c /opt/devkitpro/devkitARM/bin/../lib/gcc/arm-none-eabi/10.2.0/../../../../arm-none-eabi/lib/thumb/libsysbase.a(lseek.o)
                0x000000000200b8d0                _lseek_r
 .text._open_r  0x000000000200b92c       0x9c /opt/devkitpro/devkitARM/bin/../lib/gcc/arm-none-eabi/10.2.0/../../../../arm-none-eabi/lib/thumb/libsysbase.a(open.o)
                0x000000000200b92c                _open_r
 .text._read_r  0x000000000200b9c8       0x50 /opt/devkitpro/devkitARM/bin/../lib/gcc/arm-none-eabi/10.2.0/../../../../arm-none-eabi/lib/thumb/libsysbase.a(read.o)
                0x000000000200b9c8                _read_r
 .text._sbrk_r  0x000000000200ba18       0x54 /opt/devkitpro/devkitARM/bin/../lib/gcc/arm-none-eabi/10.2.0/../../../../arm-none-eabi/lib/thumb/libsysbase.a(sbrk.o)
                0x000000000200ba18                _sbrk_r
 .text._write_r
                0x000000000200ba6c       0x50 /opt/devkitpro/devkitARM/bin/../lib/gcc/arm-none-eabi/10.2.0/../../../../arm-none-eabi/lib/thumb/libsysbase.a(write.o)
                0x000000000200ba6c                _write_r
 .text.build_argv
                0x000000000200babc       0x4c /opt/devkitpro/devkitARM/bin/../lib/gcc/arm-none-eabi/10.2.0/../../../../arm-none-eabi/lib/thumb/libsysbase.a(build_argv.o)
                0x000000000200babc                build_argv
 .text.__flockfile
                0x000000000200bb08       0x10 /opt/devkitpro/devkitARM/bin/../lib/gcc/arm-none-eabi/10.2.0/../../../../arm-none-eabi/lib/thumb/libsysbase.a(flock.o)
                0x000000000200bb08                __flockfile
 .text.__funlockfile
                0x000000000200bb18       0x10 /opt/devkitpro/devkitARM/bin/../lib/gcc/arm-none-eabi/10.2.0/../../../../arm-none-eabi/lib/thumb/libsysbase.a(flock.o)
                0x000000000200bb18                __funlockfile
 .text.__libc_lock_acquire
                0x000000000200bb28       0x1c /opt/devkitpro/devkitARM/bin/../lib/gcc/arm-none-eabi/10.2.0/../../../../arm-none-eabi/lib/thumb/libsysbase.a(syscall_support.o)
                0x000000000200bb28                __libc_lock_acquire
 .text.__libc_lock_release
                0x000000000200bb44       0x1c /opt/devkitpro/devkitARM/bin/../lib/gcc/arm-none-eabi/10.2.0/../../../../arm-none-eabi/lib/thumb/libsysbase.a(syscall_support.o)
                0x000000000200bb44                __libc_lock_release
 .text.__libc_lock_init_recursive
                0x000000000200bb60       0x1c /opt/devkitpro/devkitARM/bin/../lib/gcc/arm-none-eabi/10.2.0/../../../../arm-none-eabi/lib/thumb/libsysbase.a(syscall_support.o)
                0x000000000200bb60                __libc_lock_init_recursive
 .text.__libc_lock_acquire_recursive
                0x000000000200bb7c       0x1c /opt/devkitpro/devkitARM/bin/../lib/gcc/arm-none-eabi/10.2.0/../../../../arm-none-eabi/lib/thumb/libsysbase.a(syscall_support.o)
                0x000000000200bb7c                __libc_lock_acquire_recursive
 .text.__libc_lock_release_recursive
                0x000000000200bb98       0x1c /opt/devkitpro/devkitARM/bin/../lib/gcc/arm-none-eabi/10.2.0/../../../../arm-none-eabi/lib/thumb/libsysbase.a(syscall_support.o)
                0x000000000200bb98                __libc_lock_release_recursive
 .text.__libc_lock_close_recursive
                0x000000000200bbb4       0x1c /opt/devkitpro/devkitARM/bin/../lib/gcc/arm-none-eabi/10.2.0/../../../../arm-none-eabi/lib/thumb/libsysbase.a(syscall_support.o)
                0x000000000200bbb4                __libc_lock_close_recursive
 .text.__release_handle
                0x000000000200bbd0       0x68 /opt/devkitpro/devkitARM/bin/../lib/gcc/arm-none-eabi/10.2.0/../../../../arm-none-eabi/lib/thumb/libsysbase.a(handle_manager.o)
                0x000000000200bbd0                __release_handle
 .text.__alloc_handle
                0x000000000200bc38       0x80 /opt/devkitpro/devkitARM/bin/../lib/gcc/arm-none-eabi/10.2.0/../../../../arm-none-eabi/lib/thumb/libsysbase.a(handle_manager.o)
                0x000000000200bc38                __alloc_handle
 .text.__get_handle
                0x000000000200bcb8       0x34 /opt/devkitpro/devkitARM/bin/../lib/gcc/arm-none-eabi/10.2.0/../../../../arm-none-eabi/lib/thumb/libsysbase.a(handle_manager.o)
                0x000000000200bcb8                __get_handle
 .text._close_r
                0x000000000200bcec       0xb8 /opt/devkitpro/devkitARM/bin/../lib/gcc/arm-none-eabi/10.2.0/../../../../arm-none-eabi/lib/thumb/libsysbase.a(handle_manager.o)
                0x000000000200bcec                _close_r
 .text.__getreent
                0x000000000200bda4       0x28 /opt/devkitpro/devkitARM/bin/../lib/gcc/arm-none-eabi/10.2.0/../../../../arm-none-eabi/lib/thumb/libsysbase.a(getreent.o)
                0x000000000200bda4                __getreent
 .text.null_write
                0x000000000200bdcc        0x4 /opt/devkitpro/devkitARM/bin/../lib/gcc/arm-none-eabi/10.2.0/../../../../arm-none-eabi/lib/thumb/libsysbase.a(iosupport.o)
 .text.FindDevice
                0x000000000200bdd0       0x98 /opt/devkitpro/devkitARM/bin/../lib/gcc/arm-none-eabi/10.2.0/../../../../arm-none-eabi/lib/thumb/libsysbase.a(iosupport.o)
                0x000000000200bdd0                FindDevice
 .text.strchr   0x000000000200be68       0xc8 /opt/devkitpro/devkitARM/bin/../lib/gcc/arm-none-eabi/10.2.0/../../../../arm-none-eabi/lib/thumb/libg.a(lib_a-strchr.o)
                0x000000000200be68                strchr
 .text.strlen   0x000000000200bf30       0x60 /opt/devkitpro/devkitARM/bin/../lib/gcc/arm-none-eabi/10.2.0/../../../../arm-none-eabi/lib/thumb/libg.a(lib_a-strlen-stub.o)
                0x000000000200bf30                strlen
 .text.strncmp  0x000000000200bf90       0x78 /opt/devkitpro/devkitARM/bin/../lib/gcc/arm-none-eabi/10.2.0/../../../../arm-none-eabi/lib/thumb/libg.a(lib_a-strncmp.o)
                0x000000000200bf90                strncmp
 .text.strncmp.__stub
                0x000000000200c008      0x130 linker stubs
 *(EXCLUDE_FILE(*.twl*) .gnu.warning)
 *(EXCLUDE_FILE(*.twl*) .gnu.linkonce.t*)
 *(.glue_7)
 .glue_7        0x000000000200c140        0x0 linker stubs
 *(.glue_7t)
 .glue_7t       0x000000000200c140        0x0 linker stubs
                0x000000000200c140                . = ALIGN (0x4)

.vfp11_veneer   0x000000000200c140        0x0
 .vfp11_veneer  0x000000000200c140        0x0 linker stubs

.v4_bx          0x000000000200c140        0x0
 .v4_bx         0x000000000200c140        0x0 linker stubs

.iplt           0x000000000200c140        0x0
 .iplt          0x000000000200c140        0x0 /opt/devkitpro/devkitARM/bin/../lib/gcc/arm-none-eabi/10.2.0/../../../../arm-none-eabi/lib/thumb/ds_arm9_crt0.o

.fini           0x000000000200c140        0xc
 *(.fini)
 .fini          0x000000000200c140        0x4 /opt/devkitpro/devkitARM/bin/../lib/gcc/arm-none-eabi/10.2.0/thumb/crti.o
                0x000000000200c140                _fini
 .fini          0x000000000200c144        0x8 /opt/devkitpro/devkitARM/bin/../lib/gcc/arm-none-eabi/10.2.0/thumb/crtn.o
                0x000000000200c14c                __text_end = .

.rodata         0x000000000200c150    0xfbdb0
 *(EXCLUDE_FILE(*.twl*) .rodata)
 .rodata        0x000000000200c150     0x2940 backplate.o
                0x000000000200c150                backplateTiles
                0x000000000200e410                backplateMap
                0x000000000200ea10                backplatePal
 .rodata        0x000000000200ea90     0xc200 crash2.o
                0x000000000200ea90                crash2Bitmap
                0x000000000201aa90                crash2Pal
 .rodata        0x000000000201ac90     0xc200 crash_earth.o
                0x000000000201ac90                crash_earthBitmap
                0x0000000002026c90                crash_earthPal
 .rodata        0x0000000002026e90     0xc200 crash_moon.o
                0x0000000002026e90                crash_moonBitmap
                0x0000000002032e90                crash_moonPal
 .rodata        0x0000000002033090     0xc200 crash_wall.o
                0x0000000002033090                crash_wallBitmap
                0x000000000203f090                crash_wallPal
 .rodata        0x000000000203f290     0x4080 fusee0.o
                0x000000000203f290                fusee0Bitmap
                0x0000000002043290                fusee0Pal
 .rodata        0x0000000002043310     0x4080 fusee1.o
                0x0000000002043310                fusee1Bitmap
                0x0000000002047310                fusee1Pal
 .rodata        0x0000000002047390     0x4080 fusee2.o
                0x0000000002047390                fusee2Bitmap
                0x000000000204b390                fusee2Pal
 .rodata        0x000000000204b410     0x4080 horizon.o
                0x000000000204b410                horizonBitmap
                0x000000000204f410                horizonPal
 .rodata        0x000000000204f490     0xc200 intro.o
                0x000000000204f490                introBitmap
                0x000000000205b490                introPal
 .rodata        0x000000000205b690     0xc200 intro2.o
                0x000000000205b690                intro2Bitmap
                0x0000000002067690                intro2Pal
 .rodata        0x0000000002067890     0x5080 numbers.o
                0x0000000002067890                numbersTiles
                0x000000000206c890                numbersPal
 .rodata        0x000000000206c910     0xc200 pause.o
                0x000000000206c910                pauseBitmap
                0x0000000002078910                pausePal
 .rodata        0x0000000002078b10     0xc080 planets.o
                0x0000000002078b10                planetsBitmap
                0x0000000002084b10                planetsPal
 .rodata        0x0000000002084b90      0x240 rocket.o
                0x0000000002084b90                rocketTiles
                0x0000000002084bd0                rocketPal
 .rodata        0x0000000002084dd0     0xc200 splash.o
                0x0000000002084dd0                splashBitmap
                0x0000000002090dd0                splashPal
 .rodata        0x0000000002090fd0     0xc200 splash2.o
                0x0000000002090fd0                splash2Bitmap
                0x000000000209cfd0                splash2Pal
 .rodata        0x000000000209d1d0       0x18 game.o
 *all.rodata*(*)
 *(EXCLUDE_FILE(*.twl*) .roda)
 *(EXCLUDE_FILE(*.twl*) .rodata.*)
 .rodata.soundbank_bin
                0x000000000209d1e8    0x6a848 soundbank.bin.o
                0x000000000209d1e8                soundbank_bin
                0x0000000002107a30                soundbank_bin_end
 .rodata.SIN_LUT
                0x0000000002107a30      0x102 /opt/devkitpro/libnds/lib/libnds9.a(trig.o)
                0x0000000002107a30                SIN_LUT
 *fill*         0x0000000002107b32        0x6 ff
 .rodata.atanhi
                0x0000000002107b38       0x20 /opt/devkitpro/devkitARM/bin/../lib/gcc/arm-none-eabi/10.2.0/../../../../arm-none-eabi/lib/thumb/libm.a(lib_a-s_atan.o)
 .rodata.atanlo
                0x0000000002107b58       0x20 /opt/devkitpro/devkitARM/bin/../lib/gcc/arm-none-eabi/10.2.0/../../../../arm-none-eabi/lib/thumb/libm.a(lib_a-s_atan.o)
 .rodata.CSWTCH.8
                0x0000000002107b78       0x18 /opt/devkitpro/devkitARM/bin/../lib/gcc/arm-none-eabi/10.2.0/../../../../arm-none-eabi/lib/thumb/libm.a(lib_a-e_atan2.o)
 .rodata.CSWTCH.9
                0x0000000002107b90       0x18 /opt/devkitpro/devkitARM/bin/../lib/gcc/arm-none-eabi/10.2.0/../../../../arm-none-eabi/lib/thumb/libm.a(lib_a-e_atan2.o)
 .rodata.npio2_hw
                0x0000000002107ba8       0x80 /opt/devkitpro/devkitARM/bin/../lib/gcc/arm-none-eabi/10.2.0/../../../../arm-none-eabi/lib/thumb/libm.a(lib_a-e_rem_pio2.o)
 .rodata.two_over_pi
                0x0000000002107c28      0x108 /opt/devkitpro/devkitARM/bin/../lib/gcc/arm-none-eabi/10.2.0/../../../../arm-none-eabi/lib/thumb/libm.a(lib_a-e_rem_pio2.o)
 .rodata.PIo2   0x0000000002107d30       0x40 /opt/devkitpro/devkitARM/bin/../lib/gcc/arm-none-eabi/10.2.0/../../../../arm-none-eabi/lib/thumb/libm.a(lib_a-k_rem_pio2.o)
 .rodata.init_jk
                0x0000000002107d70       0x10 /opt/devkitpro/devkitARM/bin/../lib/gcc/arm-none-eabi/10.2.0/../../../../arm-none-eabi/lib/thumb/libm.a(lib_a-k_rem_pio2.o)
 .rodata._global_impure_ptr
                0x0000000002107d80        0x4 /opt/devkitpro/devkitARM/bin/../lib/gcc/arm-none-eabi/10.2.0/../../../../arm-none-eabi/lib/thumb/libg.a(lib_a-impure.o)
                0x0000000002107d80                _global_impure_ptr
 .rodata.AddDevice.str1.4
                0x0000000002107d84        0x8 /opt/devkitpro/devkitARM/bin/../lib/gcc/arm-none-eabi/10.2.0/../../../../arm-none-eabi/lib/thumb/libsysbase.a(iosupport.o)
 .rodata.dotab_stdnull
                0x0000000002107d8c       0x70 /opt/devkitpro/devkitARM/bin/../lib/gcc/arm-none-eabi/10.2.0/../../../../arm-none-eabi/lib/thumb/libsysbase.a(iosupport.o)
                0x0000000002107d8c                dotab_stdnull
 .rodata._ctype_
                0x0000000002107dfc      0x101 /opt/devkitpro/devkitARM/bin/../lib/gcc/arm-none-eabi/10.2.0/../../../../arm-none-eabi/lib/thumb/libg.a(lib_a-ctype_.o)
                0x0000000002107dfc                _ctype_
 *(EXCLUDE_FILE(*.twl*) .gnu.linkonce.r*)
                0x0000000002107f00                . = ALIGN (0x4)
 *fill*         0x0000000002107efd        0x3 ff

.ARM.extab
 *(.ARM.extab* .gnu.linkonce.armextab.*)
                0x0000000002107f00                __exidx_start = .

ARM.exidx
 *(.ARM.exidx* .gnu.linkonce.armexidx.*)
                0x0000000002107f00                __exidx_end = .
                0x0000000002107f00                . = ALIGN (0x4)
                0x0000000002107f00                PROVIDE (__preinit_array_start = .)

.preinit_array
 *(.preinit_array)
                0x0000000002107f00                PROVIDE (__preinit_array_end = .)
                0x0000000002107f00                PROVIDE (__init_array_start = .)

.init_array     0x0000000002107f00        0x4
 *(SORT_BY_NAME(.init_array.*))
 *(.init_array)
 .init_array    0x0000000002107f00        0x4 /opt/devkitpro/devkitARM/bin/../lib/gcc/arm-none-eabi/10.2.0/thumb/crtbegin.o
                0x0000000002107f04                PROVIDE (__init_array_end = .)
                [!provide]                        PROVIDE (__fini_array_start = .)

.fini_array     0x0000000002107f04        0x4
 *(.fini_array)
 .fini_array    0x0000000002107f04        0x4 /opt/devkitpro/devkitARM/bin/../lib/gcc/arm-none-eabi/10.2.0/thumb/crtbegin.o
 *(SORT_BY_NAME(.fini_array.*))
                [!provide]                        PROVIDE (__fini_array_end = .)

.ctors          0x0000000002107f08        0x0
 *crtbegin.o(.ctors)
 *(EXCLUDE_FILE(*crtend.o) .ctors)
 *(SORT_BY_NAME(.ctors.*))
 *(.ctors)
                0x0000000002107f08                . = ALIGN (0x4)

.dtors          0x0000000002107f08        0x0
 *crtbegin.o(.dtors)
 *(EXCLUDE_FILE(*crtend.o) .dtors)
 *(SORT_BY_NAME(.dtors.*))
 *(.dtors)
                0x0000000002107f08                . = ALIGN (0x4)

.eh_frame       0x0000000002107f08        0x4
 *(.eh_frame)
 .eh_frame      0x0000000002107f08        0x0 /opt/devkitpro/devkitARM/bin/../lib/gcc/arm-none-eabi/10.2.0/thumb/crtbegin.o
 .eh_frame      0x0000000002107f08        0x4 /opt/devkitpro/devkitARM/bin/../lib/gcc/arm-none-eabi/10.2.0/thumb/crtend.o
                0x0000000002107f0c                . = ALIGN (0x4)

.rel.dyn        0x0000000002107f0c        0x0
 .rel.iplt      0x0000000002107f0c        0x0 /opt/devkitpro/devkitARM/bin/../lib/gcc/arm-none-eabi/10.2.0/../../../../arm-none-eabi/lib/thumb/ds_arm9_crt0.o

.gcc_except_table
                0x0000000002107f0c        0x0
 *(.gcc_except_table)
                0x0000000002107f0c                . = ALIGN (0x4)

.jcr
 *(.jcr)

.got
 *(.got.plt)
 *(.got)
 *(.rel.got)

.ewram          0x0000000002107f0c        0x0
                0x0000000002107f0c                __ewram_start = ABSOLUTE (.)
 *(.ewram)
 *ewram.*(.text)
                0x0000000002107f0c                . = ALIGN (0x4)

.data           0x0000000002107f0c     0x19a8
                0x0000000002107f0c                __data_start = ABSOLUTE (.)
 *(EXCLUDE_FILE(*.twl*) .data)
 .data          0x0000000002107f0c       0x28 /opt/devkitpro/libnds/lib/libnds9.a(mpu_setup.o)
 *(EXCLUDE_FILE(*.twl*) .data.*)
 .data.oamMain  0x0000000002107f34       0x18 /opt/devkitpro/libnds/lib/libnds9.a(sprite.o)
                0x0000000002107f34                oamMain
 .data.count    0x0000000002107f4c        0x1 /opt/devkitpro/libnds/lib/libnds9.a(keys.o)
 .data.delay    0x0000000002107f4d        0x1 /opt/devkitpro/libnds/lib/libnds9.a(keys.o)
 .data.repeat   0x0000000002107f4e        0x1 /opt/devkitpro/libnds/lib/libnds9.a(keys.o)
 *fill*         0x0000000002107f4f        0x1 ff
 .data.fifo_buffer_free
                0x0000000002107f50        0x4 /opt/devkitpro/libnds/lib/libnds9.a(fifosystem.o)
                0x0000000002107f50                fifo_buffer_free
 .data.fifo_freewords
                0x0000000002107f54        0x4 /opt/devkitpro/libnds/lib/libnds9.a(fifosystem.o)
                0x0000000002107f54                fifo_freewords
 .data.fifo_receive_queue
                0x0000000002107f58        0x4 /opt/devkitpro/libnds/lib/libnds9.a(fifosystem.o)
                0x0000000002107f58                fifo_receive_queue
 .data.fifo_send_queue
                0x0000000002107f5c        0x4 /opt/devkitpro/libnds/lib/libnds9.a(fifosystem.o)
                0x0000000002107f5c                fifo_send_queue
 .data.__fdlib_version
                0x0000000002107f60        0x1 /opt/devkitpro/devkitARM/bin/../lib/gcc/arm-none-eabi/10.2.0/../../../../arm-none-eabi/lib/thumb/libm.a(lib_a-s_lib_ver.o)
                0x0000000002107f60                __fdlib_version
 *fill*         0x0000000002107f61        0x3 ff
 .data.__sfp_recursive_mutex
                0x0000000002107f64        0xc /opt/devkitpro/devkitARM/bin/../lib/gcc/arm-none-eabi/10.2.0/../../../../arm-none-eabi/lib/thumb/libg.a(lib_a-findfp.o)
 .data.__sinit_recursive_mutex
                0x0000000002107f70        0xc /opt/devkitpro/devkitARM/bin/../lib/gcc/arm-none-eabi/10.2.0/../../../../arm-none-eabi/lib/thumb/libg.a(lib_a-findfp.o)
 .data._impure_ptr
                0x0000000002107f7c        0x4 /opt/devkitpro/devkitARM/bin/../lib/gcc/arm-none-eabi/10.2.0/../../../../arm-none-eabi/lib/thumb/libg.a(lib_a-impure.o)
                0x0000000002107f7c                _impure_ptr
 .data.impure_data
                0x0000000002107f80      0x460 /opt/devkitpro/devkitARM/bin/../lib/gcc/arm-none-eabi/10.2.0/../../../../arm-none-eabi/lib/thumb/libg.a(lib_a-impure.o)
 .data.__malloc_av_
                0x00000000021083e0      0x408 /opt/devkitpro/devkitARM/bin/../lib/gcc/arm-none-eabi/10.2.0/../../../../arm-none-eabi/lib/thumb/libg.a(lib_a-mallocr.o)
                0x00000000021083e0                __malloc_av_
 .data.__malloc_sbrk_base
                0x00000000021087e8        0x4 /opt/devkitpro/devkitARM/bin/../lib/gcc/arm-none-eabi/10.2.0/../../../../arm-none-eabi/lib/thumb/libg.a(lib_a-mallocr.o)
                0x00000000021087e8                __malloc_sbrk_base
 .data.__malloc_trim_threshold
                0x00000000021087ec        0x4 /opt/devkitpro/devkitARM/bin/../lib/gcc/arm-none-eabi/10.2.0/../../../../arm-none-eabi/lib/thumb/libg.a(lib_a-mallocr.o)
                0x00000000021087ec                __malloc_trim_threshold
 .data.__malloc_recursive_mutex
                0x00000000021087f0        0xc /opt/devkitpro/devkitARM/bin/../lib/gcc/arm-none-eabi/10.2.0/../../../../arm-none-eabi/lib/thumb/libg.a(lib_a-mlock.o)
 .data.__hndl_lock
                0x00000000021087fc        0x4 /opt/devkitpro/devkitARM/bin/../lib/gcc/arm-none-eabi/10.2.0/../../../../arm-none-eabi/lib/thumb/libsysbase.a(handle_manager.o)
 .data.__stderr_handle
                0x0000000002108800        0xc /opt/devkitpro/devkitARM/bin/../lib/gcc/arm-none-eabi/10.2.0/../../../../arm-none-eabi/lib/thumb/libsysbase.a(handle_manager.o)
 .data.__stdin_handle
                0x000000000210880c        0xc /opt/devkitpro/devkitARM/bin/../lib/gcc/arm-none-eabi/10.2.0/../../../../arm-none-eabi/lib/thumb/libsysbase.a(handle_manager.o)
 .data.__stdout_handle
                0x0000000002108818        0xc /opt/devkitpro/devkitARM/bin/../lib/gcc/arm-none-eabi/10.2.0/../../../../arm-none-eabi/lib/thumb/libsysbase.a(handle_manager.o)
 .data.handles  0x0000000002108824     0x1000 /opt/devkitpro/devkitARM/bin/../lib/gcc/arm-none-eabi/10.2.0/../../../../arm-none-eabi/lib/thumb/libsysbase.a(handle_manager.o)
 .data.defaultDevice
                0x0000000002109824        0x4 /opt/devkitpro/devkitARM/bin/../lib/gcc/arm-none-eabi/10.2.0/../../../../arm-none-eabi/lib/thumb/libsysbase.a(iosupport.o)
 .data.devoptab_list
                0x0000000002109828       0x8c /opt/devkitpro/devkitARM/bin/../lib/gcc/arm-none-eabi/10.2.0/../../../../arm-none-eabi/lib/thumb/libsysbase.a(iosupport.o)
                0x0000000002109828                devoptab_list
 *(EXCLUDE_FILE(*.twl*) .gnu.linkonce.d*)
                0x00000000021098b4                . = ALIGN (0x4)
                0x00000000021098b4                __data_end = ABSOLUTE (.)
                0x00000000021098b4                __bss_vma = .

.igot.plt       0x00000000021098b4        0x0
 .igot.plt      0x00000000021098b4        0x0 /opt/devkitpro/devkitARM/bin/../lib/gcc/arm-none-eabi/10.2.0/../../../../arm-none-eabi/lib/thumb/ds_arm9_crt0.o

.dtcm           0x0000000002ff0000        0x0 load address 0x00000000021098b4
                0x00000000021098b4                __dtcm_lma = LOADADDR (.dtcm)
                0x0000000002ff0000                __dtcm_start = ABSOLUTE (.)
 *(.dtcm)
 *(.dtcm.*)
                0x0000000002ff0000                . = ALIGN (0x4)
                0x0000000002ff0000                __dtcm_end = ABSOLUTE (.)

.itcm           0x0000000001000100      0x194 load address 0x00000000021098b4
                0x00000000021098b4                __itcm_lma = LOADADDR (.itcm)
                0x0000000001000100                __itcm_start = ABSOLUTE (.)
 *(.itcm)
 .itcm          0x0000000001000100       0xc8 /opt/devkitpro/libnds/lib/libnds9.a(interrupts.o)
                0x0000000001000100                irqTable
 .itcm          0x00000000010001c8       0xcc /opt/devkitpro/libnds/lib/libnds9.a(interruptDispatcher.o)
                0x00000000010001c8                IntrMain
 *.itcm*(.text .stub .text.*)
                0x0000000001000294                . = ALIGN (0x4)
                0x0000000001000294                __itcm_end = ABSOLUTE (.)

.vectors        0x0000000001000000        0x0 load address 0x0000000002109a48
                0x0000000002109a48                __vectors_lma = LOADADDR (.vectors)
                0x0000000001000000                __vectors_start = ABSOLUTE (.)
 *(.vectors .vectors.*)
                0x0000000001000000                . = ALIGN (0x4)
                0x0000000001000000                __vectors_end = ABSOLUTE (.)

.sbss           0x0000000002ff0000        0x0
                0x0000000002ff0000                __sbss_start = ABSOLUTE (.)
                0x0000000002ff0000                __sbss_start__ = ABSOLUTE (.)
 *(.sbss)
                0x0000000002ff0000                . = ALIGN (0x4)
                0x0000000002ff0000                __sbss_end = ABSOLUTE (.)

.bss            0x00000000021098b4      0xfe4
                0x00000000021098b4                __bss_start = ABSOLUTE (.)
                0x00000000021098b4                __bss_start__ = ABSOLUTE (.)
 *(EXCLUDE_FILE(*.twl*) .dynbss)
 *(EXCLUDE_FILE(*.twl*) .gnu.linkonce.b*)
 *(EXCLUDE_FILE(*.twl*) .bss*)
 .bss.completed.1
                0x00000000021098b4        0x1 /opt/devkitpro/devkitARM/bin/../lib/gcc/arm-none-eabi/10.2.0/thumb/crtbegin.o
 *fill*         0x00000000021098b5        0x3 
 .bss.object.0  0x00000000021098b8       0x18 /opt/devkitpro/devkitARM/bin/../lib/gcc/arm-none-eabi/10.2.0/thumb/crtbegin.o
 .bss           0x00000000021098d0        0x8 graphics_main.o
 .bss           0x00000000021098d8        0xc graphics_sub.o
 .bss           0x00000000021098e4       0x60 main.o
 .bss.OamMemory
                0x0000000002109944      0x400 /opt/devkitpro/libnds/lib/libnds9.a(sprite.o)
                0x0000000002109944                OamMemory
 .bss.keys      0x0000000002109d44        0x2 /opt/devkitpro/libnds/lib/libnds9.a(keys.o)
 .bss.keysold   0x0000000002109d46        0x2 /opt/devkitpro/libnds/lib/libnds9.a(keys.o)
 .bss.keysrepeat
                0x0000000002109d48        0x2 /opt/devkitpro/libnds/lib/libnds9.a(keys.o)
 .bss.__dsimode
                0x0000000002109d4a        0x1 /opt/devkitpro/libnds/lib/libnds9.a(initSystem.o)
                0x0000000002109d4a                __dsimode
 *fill*         0x0000000002109d4b        0x1 
 .bss.punixTime
                0x0000000002109d4c        0x4 /opt/devkitpro/libnds/lib/libnds9.a(timeSupport.o)
                0x0000000002109d4c                punixTime
 .bss.fifo_address_data
                0x0000000002109d50       0x40 /opt/devkitpro/libnds/lib/libnds9.a(fifosystem.o)
                0x0000000002109d50                fifo_address_data
 .bss.fifo_address_func
                0x0000000002109d90       0x40 /opt/devkitpro/libnds/lib/libnds9.a(fifosystem.o)
                0x0000000002109d90                fifo_address_func
 .bss.fifo_address_queue
                0x0000000002109dd0       0x40 /opt/devkitpro/libnds/lib/libnds9.a(fifosystem.o)
                0x0000000002109dd0                fifo_address_queue
 .bss.fifo_buffer
                0x0000000002109e10      0x800 /opt/devkitpro/libnds/lib/libnds9.a(fifosystem.o)
                0x0000000002109e10                fifo_buffer
 .bss.fifo_data_queue
                0x000000000210a610       0x40 /opt/devkitpro/libnds/lib/libnds9.a(fifosystem.o)
                0x000000000210a610                fifo_data_queue
 .bss.fifo_datamsg_data
                0x000000000210a650       0x40 /opt/devkitpro/libnds/lib/libnds9.a(fifosystem.o)
                0x000000000210a650                fifo_datamsg_data
 .bss.fifo_datamsg_func
                0x000000000210a690       0x40 /opt/devkitpro/libnds/lib/libnds9.a(fifosystem.o)
                0x000000000210a690                fifo_datamsg_func
 .bss.fifo_value32_data
                0x000000000210a6d0       0x40 /opt/devkitpro/libnds/lib/libnds9.a(fifosystem.o)
                0x000000000210a6d0                fifo_value32_data
 .bss.fifo_value32_func
                0x000000000210a710       0x40 /opt/devkitpro/libnds/lib/libnds9.a(fifosystem.o)
                0x000000000210a710                fifo_value32_func
 .bss.fifo_value32_queue
                0x000000000210a750       0x40 /opt/devkitpro/libnds/lib/libnds9.a(fifosystem.o)
                0x000000000210a750                fifo_value32_queue
 .bss.processing
                0x000000000210a790        0x4 /opt/devkitpro/libnds/lib/libnds9.a(fifosystem.o)
                0x000000000210a790                processing
 .bss.SDcallback
                0x000000000210a794        0x4 /opt/devkitpro/libnds/lib/libnds9.a(system.o)
 .bss           0x000000000210a798       0x18 /opt/devkitpro/libnds/lib/libmm9.a(mm_comms.o)
 .bss           0x000000000210a7b0       0x19 /opt/devkitpro/libnds/lib/libmm9.a(mm_main9.o)
                0x000000000210a7b0                mmcbMemory
                0x000000000210a7b4                mmModuleCount
                0x000000000210a7b8                mmSampleCount
                0x000000000210a7bc                mmMemoryBank
                0x000000000210a7bc                mmModuleBank
                0x000000000210a7c0                mmSampleBank
                0x000000000210a7c4                mmCallback
                0x000000000210a7c8                mmActiveStatus
 *fill*         0x000000000210a7c9        0x3 
 .bss           0x000000000210a7cc       0x44 /opt/devkitpro/libnds/lib/libmm9.a(mm_soundbank.o)
 .bss.__malloc_current_mallinfo
                0x000000000210a810       0x28 /opt/devkitpro/devkitARM/bin/../lib/gcc/arm-none-eabi/10.2.0/../../../../arm-none-eabi/lib/thumb/libg.a(lib_a-mallocr.o)
                0x000000000210a810                __malloc_current_mallinfo
 .bss.__malloc_max_sbrked_mem
                0x000000000210a838        0x4 /opt/devkitpro/devkitARM/bin/../lib/gcc/arm-none-eabi/10.2.0/../../../../arm-none-eabi/lib/thumb/libg.a(lib_a-mallocr.o)
                0x000000000210a838                __malloc_max_sbrked_mem
 .bss.__malloc_max_total_mem
                0x000000000210a83c        0x4 /opt/devkitpro/devkitARM/bin/../lib/gcc/arm-none-eabi/10.2.0/../../../../arm-none-eabi/lib/thumb/libg.a(lib_a-mallocr.o)
                0x000000000210a83c                __malloc_max_total_mem
 .bss.__malloc_top_pad
                0x000000000210a840        0x4 /opt/devkitpro/devkitARM/bin/../lib/gcc/arm-none-eabi/10.2.0/../../../../arm-none-eabi/lib/thumb/libg.a(lib_a-mallocr.o)
                0x000000000210a840                __malloc_top_pad
 .bss.heap_start.0
                0x000000000210a844        0x4 /opt/devkitpro/devkitARM/bin/../lib/gcc/arm-none-eabi/10.2.0/../../../../arm-none-eabi/lib/thumb/libsysbase.a(sbrk.o)
 .bss.fake_heap_end
                0x000000000210a848        0x4 /opt/devkitpro/devkitARM/bin/../lib/gcc/arm-none-eabi/10.2.0/../../../../arm-none-eabi/lib/thumb/libsysbase.a(malloc_vars.o)
                0x000000000210a848                fake_heap_end
 .bss.fake_heap_start
                0x000000000210a84c        0x4 /opt/devkitpro/devkitARM/bin/../lib/gcc/arm-none-eabi/10.2.0/../../../../arm-none-eabi/lib/thumb/libsysbase.a(malloc_vars.o)
                0x000000000210a84c                fake_heap_start
 .bss.__syscalls
                0x000000000210a850       0x48 /opt/devkitpro/devkitARM/bin/../lib/gcc/arm-none-eabi/10.2.0/../../../../arm-none-eabi/lib/thumb/libsysbase.a(syscall_support.o)
                0x000000000210a850                __syscalls
 *(EXCLUDE_FILE(*.twl*) COMMON)
                0x000000000210a898                . = ALIGN (0x4)
                0x000000000210a898                __bss_end__ = ABSOLUTE (.)
                0x000000000210a898                __end__ = ABSOLUTE (.)

.twl            0x000000000210a898        0x0 load address 0x0000000002400000
                0x0000000002400000                __arm9i_lma__ = LOADADDR (.twl)
                0x000000000210a898                __arm9i_start__ = ABSOLUTE (.)
 *(.twl)
 *.twl*(.text .stub .text.* .gnu.linkonce.t.*)
 *.twl*(.rodata)
 *.twl*(.roda)
 *.twl*(.rodata.*)
 *.twl*(.data)
 *.twl*(.data.*)
 *.twl*(.gnu.linkonce.d*)
                0x000000000210a898                __arm9i_end__ = ABSOLUTE (.)

.twl_bss        0x000000000210a898        0x0
                0x000000000210a898                __twl_bss_start__ = ABSOLUTE (.)
 *(.twl_bss)
 *.twl*(.dynbss)
 *.twl*(.gnu.linkonce.b*)
 *.twl*(.bss*)
 *.twl*(COMMON)
                0x000000000210a898                . = ALIGN (0x4)
                0x000000000210a898                __twl_bss_end__ = ABSOLUTE (.)
                0x000000000210a898                __twl_end__ = ABSOLUTE (.)

.stab
 *(.stab)

.stabstr
 *(.stabstr)

.stab.excl
 *(.stab.excl)

.stab.exclstr
 *(.stab.exclstr)

.stab.index
 *(.stab.index)

.stab.indexstr
 *(.stab.indexstr)

.comment        0x0000000000000000       0x23
 *(.comment)
 .comment       0x0000000000000000       0x23 /opt/devkitpro/devkitARM/bin/../lib/gcc/arm-none-eabi/10.2.0/thumb/crtbegin.o
                                         0x24 (size before relaxing)
 .comment       0x0000000000000023       0x24 game.o
 .comment       0x0000000000000023       0x24 graphics_main.o
 .comment       0x0000000000000023       0x24 graphics_sub.o
 .comment       0x0000000000000023       0x24 input.o
 .comment       0x0000000000000023       0x24 main.o
 .comment       0x0000000000000023       0x24 physics.o
 .comment       0x0000000000000023       0x24 sound.o
 .comment       0x0000000000000023       0x24 /opt/devkitpro/libnds/lib/libnds9.a(touch.o)
 .comment       0x0000000000000023       0x24 /opt/devkitpro/libnds/lib/libnds9.a(sprite_alloc.o)
 .comment       0x0000000000000023       0x24 /opt/devkitpro/libnds/lib/libnds9.a(sprite.o)
 .comment       0x0000000000000023       0x24 /opt/devkitpro/libnds/lib/libnds9.a(keys.o)
 .comment       0x0000000000000023       0x24 /opt/devkitpro/libnds/lib/libnds9.a(initSystem.o)
 .comment       0x0000000000000023       0x24 /opt/devkitpro/libnds/lib/libnds9.a(timeSupport.o)
 .comment       0x0000000000000023       0x24 /opt/devkitpro/libnds/lib/libnds9.a(securearea.o)
 .comment       0x0000000000000023       0x24 /opt/devkitpro/libnds/lib/libnds9.a(interrupts.o)
 .comment       0x0000000000000023       0x24 /opt/devkitpro/libnds/lib/libnds9.a(libnds_exit.arm.o)
 .comment       0x0000000000000023       0x24 /opt/devkitpro/libnds/lib/libnds9.a(fifosystem.o)
 .comment       0x0000000000000023       0x24 /opt/devkitpro/libnds/lib/libnds9.a(video.o)
 .comment       0x0000000000000023       0x24 /opt/devkitpro/libnds/lib/libnds9.a(system.o)
 .comment       0x0000000000000023       0x24 /opt/devkitpro/libnds/lib/libnds9.a(trig.o)
 .comment       0x0000000000000023       0x24 /opt/devkitpro/devkitARM/bin/../lib/gcc/arm-none-eabi/10.2.0/../../../../arm-none-eabi/lib/thumb/libm.a(lib_a-s_atan.o)
 .comment       0x0000000000000023       0x24 /opt/devkitpro/devkitARM/bin/../lib/gcc/arm-none-eabi/10.2.0/../../../../arm-none-eabi/lib/thumb/libm.a(lib_a-s_cos.o)
 .comment       0x0000000000000023       0x24 /opt/devkitpro/devkitARM/bin/../lib/gcc/arm-none-eabi/10.2.0/../../../../arm-none-eabi/lib/thumb/libm.a(lib_a-s_fabs.o)
 .comment       0x0000000000000023       0x24 /opt/devkitpro/devkitARM/bin/../lib/gcc/arm-none-eabi/10.2.0/../../../../arm-none-eabi/lib/thumb/libm.a(lib_a-s_sin.o)
 .comment       0x0000000000000023       0x24 /opt/devkitpro/devkitARM/bin/../lib/gcc/arm-none-eabi/10.2.0/../../../../arm-none-eabi/lib/thumb/libm.a(lib_a-w_atan2.o)
 .comment       0x0000000000000023       0x24 /opt/devkitpro/devkitARM/bin/../lib/gcc/arm-none-eabi/10.2.0/../../../../arm-none-eabi/lib/thumb/libm.a(lib_a-w_sqrt.o)
 .comment       0x0000000000000023       0x24 /opt/devkitpro/devkitARM/bin/../lib/gcc/arm-none-eabi/10.2.0/../../../../arm-none-eabi/lib/thumb/libm.a(lib_a-e_atan2.o)
 .comment       0x0000000000000023       0x24 /opt/devkitpro/devkitARM/bin/../lib/gcc/arm-none-eabi/10.2.0/../../../../arm-none-eabi/lib/thumb/libm.a(lib_a-e_rem_pio2.o)
 .comment       0x0000000000000023       0x24 /opt/devkitpro/devkitARM/bin/../lib/gcc/arm-none-eabi/10.2.0/../../../../arm-none-eabi/lib/thumb/libm.a(lib_a-e_sqrt.o)
 .comment       0x0000000000000023       0x24 /opt/devkitpro/devkitARM/bin/../lib/gcc/arm-none-eabi/10.2.0/../../../../arm-none-eabi/lib/thumb/libm.a(lib_a-k_cos.o)
 .comment       0x0000000000000023       0x24 /opt/devkitpro/devkitARM/bin/../lib/gcc/arm-none-eabi/10.2.0/../../../../arm-none-eabi/lib/thumb/libm.a(lib_a-k_rem_pio2.o)
 .comment       0x0000000000000023       0x24 /opt/devkitpro/devkitARM/bin/../lib/gcc/arm-none-eabi/10.2.0/../../../../arm-none-eabi/lib/thumb/libm.a(lib_a-k_sin.o)
 .comment       0x0000000000000023       0x24 /opt/devkitpro/devkitARM/bin/../lib/gcc/arm-none-eabi/10.2.0/../../../../arm-none-eabi/lib/thumb/libm.a(lib_a-s_floor.o)
 .comment       0x0000000000000023       0x24 /opt/devkitpro/devkitARM/bin/../lib/gcc/arm-none-eabi/10.2.0/../../../../arm-none-eabi/lib/thumb/libm.a(lib_a-s_lib_ver.o)
 .comment       0x0000000000000023       0x24 /opt/devkitpro/devkitARM/bin/../lib/gcc/arm-none-eabi/10.2.0/../../../../arm-none-eabi/lib/thumb/libm.a(lib_a-s_scalbn.o)
 .comment       0x0000000000000023       0x24 /opt/devkitpro/devkitARM/bin/../lib/gcc/arm-none-eabi/10.2.0/../../../../arm-none-eabi/lib/thumb/libg.a(lib_a-errno.o)
 .comment       0x0000000000000023       0x24 /opt/devkitpro/devkitARM/bin/../lib/gcc/arm-none-eabi/10.2.0/../../../../arm-none-eabi/lib/thumb/libg.a(lib_a-fclose.o)
 .comment       0x0000000000000023       0x24 /opt/devkitpro/devkitARM/bin/../lib/gcc/arm-none-eabi/10.2.0/../../../../arm-none-eabi/lib/thumb/libg.a(lib_a-fflush.o)
 .comment       0x0000000000000023       0x24 /opt/devkitpro/devkitARM/bin/../lib/gcc/arm-none-eabi/10.2.0/../../../../arm-none-eabi/lib/thumb/libg.a(lib_a-findfp.o)
 .comment       0x0000000000000023       0x24 /opt/devkitpro/devkitARM/bin/../lib/gcc/arm-none-eabi/10.2.0/../../../../arm-none-eabi/lib/thumb/libg.a(lib_a-fopen.o)
 .comment       0x0000000000000023       0x24 /opt/devkitpro/devkitARM/bin/../lib/gcc/arm-none-eabi/10.2.0/../../../../arm-none-eabi/lib/thumb/libg.a(lib_a-fread.o)
 .comment       0x0000000000000023       0x24 /opt/devkitpro/devkitARM/bin/../lib/gcc/arm-none-eabi/10.2.0/../../../../arm-none-eabi/lib/thumb/libg.a(lib_a-freer.o)
 .comment       0x0000000000000023       0x24 /opt/devkitpro/devkitARM/bin/../lib/gcc/arm-none-eabi/10.2.0/../../../../arm-none-eabi/lib/thumb/libg.a(lib_a-fseek.o)
 .comment       0x0000000000000023       0x24 /opt/devkitpro/devkitARM/bin/../lib/gcc/arm-none-eabi/10.2.0/../../../../arm-none-eabi/lib/thumb/libg.a(lib_a-fseeko.o)
 .comment       0x0000000000000023       0x24 /opt/devkitpro/devkitARM/bin/../lib/gcc/arm-none-eabi/10.2.0/../../../../arm-none-eabi/lib/thumb/libg.a(lib_a-ftello.o)
 .comment       0x0000000000000023       0x24 /opt/devkitpro/devkitARM/bin/../lib/gcc/arm-none-eabi/10.2.0/../../../../arm-none-eabi/lib/thumb/libg.a(lib_a-fwalk.o)
 .comment       0x0000000000000023       0x24 /opt/devkitpro/devkitARM/bin/../lib/gcc/arm-none-eabi/10.2.0/../../../../arm-none-eabi/lib/thumb/libg.a(lib_a-impure.o)
 .comment       0x0000000000000023       0x24 /opt/devkitpro/devkitARM/bin/../lib/gcc/arm-none-eabi/10.2.0/../../../../arm-none-eabi/lib/thumb/libg.a(lib_a-init.o)
 .comment       0x0000000000000023       0x24 /opt/devkitpro/devkitARM/bin/../lib/gcc/arm-none-eabi/10.2.0/../../../../arm-none-eabi/lib/thumb/libg.a(lib_a-makebuf.o)
 .comment       0x0000000000000023       0x24 /opt/devkitpro/devkitARM/bin/../lib/gcc/arm-none-eabi/10.2.0/../../../../arm-none-eabi/lib/thumb/libg.a(lib_a-malloc.o)
 .comment       0x0000000000000023       0x24 /opt/devkitpro/devkitARM/bin/../lib/gcc/arm-none-eabi/10.2.0/../../../../arm-none-eabi/lib/thumb/libg.a(lib_a-mallocr.o)
 .comment       0x0000000000000023       0x24 /opt/devkitpro/devkitARM/bin/../lib/gcc/arm-none-eabi/10.2.0/../../../../arm-none-eabi/lib/thumb/libg.a(lib_a-memcpy-stub.o)
 .comment       0x0000000000000023       0x24 /opt/devkitpro/devkitARM/bin/../lib/gcc/arm-none-eabi/10.2.0/../../../../arm-none-eabi/lib/thumb/libg.a(lib_a-memset.o)
 .comment       0x0000000000000023       0x24 /opt/devkitpro/devkitARM/bin/../lib/gcc/arm-none-eabi/10.2.0/../../../../arm-none-eabi/lib/thumb/libg.a(lib_a-mlock.o)
 .comment       0x0000000000000023       0x24 /opt/devkitpro/devkitARM/bin/../lib/gcc/arm-none-eabi/10.2.0/../../../../arm-none-eabi/lib/thumb/libg.a(lib_a-realloc.o)
 .comment       0x0000000000000023       0x24 /opt/devkitpro/devkitARM/bin/../lib/gcc/arm-none-eabi/10.2.0/../../../../arm-none-eabi/lib/thumb/libg.a(lib_a-reallocr.o)
 .comment       0x0000000000000023       0x24 /opt/devkitpro/devkitARM/bin/../lib/gcc/arm-none-eabi/10.2.0/../../../../arm-none-eabi/lib/thumb/libg.a(lib_a-refill.o)
 .comment       0x0000000000000023       0x24 /opt/devkitpro/devkitARM/bin/../lib/gcc/arm-none-eabi/10.2.0/../../../../arm-none-eabi/lib/thumb/libg.a(lib_a-stdio.o)
 .comment       0x0000000000000023       0x24 /opt/devkitpro/devkitARM/bin/../lib/gcc/arm-none-eabi/10.2.0/../../../../arm-none-eabi/lib/thumb/libg.a(lib_a-flags.o)
 .comment       0x0000000000000023       0x24 /opt/devkitpro/devkitARM/bin/../lib/gcc/arm-none-eabi/10.2.0/../../../../arm-none-eabi/lib/thumb/libg.a(lib_a-memmove.o)
 .comment       0x0000000000000023       0x24 /opt/devkitpro/devkitARM/bin/../lib/gcc/arm-none-eabi/10.2.0/../../../../arm-none-eabi/lib/thumb/libsysbase.a(fstat.o)
 .comment       0x0000000000000023       0x24 /opt/devkitpro/devkitARM/bin/../lib/gcc/arm-none-eabi/10.2.0/../../../../arm-none-eabi/lib/thumb/libsysbase.a(isatty.o)
 .comment       0x0000000000000023       0x24 /opt/devkitpro/devkitARM/bin/../lib/gcc/arm-none-eabi/10.2.0/../../../../arm-none-eabi/lib/thumb/libsysbase.a(lseek.o)
 .comment       0x0000000000000023       0x24 /opt/devkitpro/devkitARM/bin/../lib/gcc/arm-none-eabi/10.2.0/../../../../arm-none-eabi/lib/thumb/libsysbase.a(open.o)
 .comment       0x0000000000000023       0x24 /opt/devkitpro/devkitARM/bin/../lib/gcc/arm-none-eabi/10.2.0/../../../../arm-none-eabi/lib/thumb/libsysbase.a(read.o)
 .comment       0x0000000000000023       0x24 /opt/devkitpro/devkitARM/bin/../lib/gcc/arm-none-eabi/10.2.0/../../../../arm-none-eabi/lib/thumb/libsysbase.a(sbrk.o)
 .comment       0x0000000000000023       0x24 /opt/devkitpro/devkitARM/bin/../lib/gcc/arm-none-eabi/10.2.0/../../../../arm-none-eabi/lib/thumb/libsysbase.a(write.o)
 .comment       0x0000000000000023       0x24 /opt/devkitpro/devkitARM/bin/../lib/gcc/arm-none-eabi/10.2.0/../../../../arm-none-eabi/lib/thumb/libsysbase.a(malloc_vars.o)
 .comment       0x0000000000000023       0x24 /opt/devkitpro/devkitARM/bin/../lib/gcc/arm-none-eabi/10.2.0/../../../../arm-none-eabi/lib/thumb/libsysbase.a(build_argv.o)
 .comment       0x0000000000000023       0x24 /opt/devkitpro/devkitARM/bin/../lib/gcc/arm-none-eabi/10.2.0/../../../../arm-none-eabi/lib/thumb/libsysbase.a(flock.o)
 .comment       0x0000000000000023       0x24 /opt/devkitpro/devkitARM/bin/../lib/gcc/arm-none-eabi/10.2.0/../../../../arm-none-eabi/lib/thumb/libsysbase.a(syscall_support.o)
 .comment       0x0000000000000023       0x24 /opt/devkitpro/devkitARM/bin/../lib/gcc/arm-none-eabi/10.2.0/../../../../arm-none-eabi/lib/thumb/libsysbase.a(handle_manager.o)
 .comment       0x0000000000000023       0x24 /opt/devkitpro/devkitARM/bin/../lib/gcc/arm-none-eabi/10.2.0/../../../../arm-none-eabi/lib/thumb/libsysbase.a(getreent.o)
 .comment       0x0000000000000023       0x24 /opt/devkitpro/devkitARM/bin/../lib/gcc/arm-none-eabi/10.2.0/../../../../arm-none-eabi/lib/thumb/libsysbase.a(iosupport.o)
 .comment       0x0000000000000023       0x24 /opt/devkitpro/devkitARM/bin/../lib/gcc/arm-none-eabi/10.2.0/../../../../arm-none-eabi/lib/thumb/libg.a(lib_a-ctype_.o)
 .comment       0x0000000000000023       0x24 /opt/devkitpro/devkitARM/bin/../lib/gcc/arm-none-eabi/10.2.0/../../../../arm-none-eabi/lib/thumb/libg.a(lib_a-strchr.o)
 .comment       0x0000000000000023       0x24 /opt/devkitpro/devkitARM/bin/../lib/gcc/arm-none-eabi/10.2.0/../../../../arm-none-eabi/lib/thumb/libg.a(lib_a-strlen-stub.o)
 .comment       0x0000000000000023       0x24 /opt/devkitpro/devkitARM/bin/../lib/gcc/arm-none-eabi/10.2.0/../../../../arm-none-eabi/lib/thumb/libg.a(lib_a-strncmp.o)
 .comment       0x0000000000000023       0x24 /opt/devkitpro/devkitARM/bin/../lib/gcc/arm-none-eabi/10.2.0/thumb/crtend.o

.ARM.attributes
                0x0000000000000000       0x2d
 .ARM.attributes
                0x0000000000000000       0x21 /opt/devkitpro/devkitARM/bin/../lib/gcc/arm-none-eabi/10.2.0/../../../../arm-none-eabi/lib/thumb/ds_arm9_crt0.o
 .ARM.attributes
                0x0000000000000021       0x1c /opt/devkitpro/devkitARM/bin/../lib/gcc/arm-none-eabi/10.2.0/thumb/crti.o
 .ARM.attributes
                0x000000000000003d       0x2a /opt/devkitpro/devkitARM/bin/../lib/gcc/arm-none-eabi/10.2.0/thumb/crtbegin.o
 .ARM.attributes
                0x0000000000000067       0x14 soundbank.bin.o
 .ARM.attributes
                0x000000000000007b       0x1a backplate.o
 .ARM.attributes
                0x0000000000000095       0x1a crash2.o
 .ARM.attributes
                0x00000000000000af       0x1a crash_earth.o
 .ARM.attributes
                0x00000000000000c9       0x1a crash_moon.o
 .ARM.attributes
                0x00000000000000e3       0x1a crash_wall.o
 .ARM.attributes
                0x00000000000000fd       0x1a fusee0.o
 .ARM.attributes
                0x0000000000000117       0x1a fusee1.o
 .ARM.attributes
                0x0000000000000131       0x1a fusee2.o
 .ARM.attributes
                0x000000000000014b       0x1a horizon.o
 .ARM.attributes
                0x0000000000000165       0x1a intro.o
 .ARM.attributes
                0x000000000000017f       0x1a intro2.o
 .ARM.attributes
                0x0000000000000199       0x1a numbers.o
 .ARM.attributes
                0x00000000000001b3       0x1a pause.o
 .ARM.attributes
                0x00000000000001cd       0x1a planets.o
 .ARM.attributes
                0x00000000000001e7       0x1a rocket.o
 .ARM.attributes
                0x0000000000000201       0x1a splash.o
 .ARM.attributes
                0x000000000000021b       0x1a splash2.o
 .ARM.attributes
                0x0000000000000235       0x27 game.o
 .ARM.attributes
                0x000000000000025c       0x27 graphics_main.o
 .ARM.attributes
                0x0000000000000283       0x27 graphics_sub.o
 .ARM.attributes
                0x00000000000002aa       0x27 input.o
 .ARM.attributes
                0x00000000000002d1       0x27 main.o
 .ARM.attributes
                0x00000000000002f8       0x27 physics.o
 .ARM.attributes
                0x000000000000031f       0x27 sound.o
 .ARM.attributes
                0x0000000000000346       0x2b /opt/devkitpro/libnds/lib/libnds9.a(touch.o)
 .ARM.attributes
                0x0000000000000371       0x2b /opt/devkitpro/libnds/lib/libnds9.a(sprite_alloc.o)
 .ARM.attributes
                0x000000000000039c       0x2b /opt/devkitpro/libnds/lib/libnds9.a(sprite.o)
 .ARM.attributes
                0x00000000000003c7       0x2b /opt/devkitpro/libnds/lib/libnds9.a(keys.o)
 .ARM.attributes
                0x00000000000003f2       0x2b /opt/devkitpro/libnds/lib/libnds9.a(initSystem.o)
 .ARM.attributes
                0x000000000000041d       0x2b /opt/devkitpro/libnds/lib/libnds9.a(timeSupport.o)
 .ARM.attributes
                0x0000000000000448       0x2b /opt/devkitpro/libnds/lib/libnds9.a(securearea.o)
 .ARM.attributes
                0x0000000000000473       0x2b /opt/devkitpro/libnds/lib/libnds9.a(interrupts.o)
 .ARM.attributes
                0x000000000000049e       0x2b /opt/devkitpro/libnds/lib/libnds9.a(libnds_exit.arm.o)
 .ARM.attributes
                0x00000000000004c9       0x2b /opt/devkitpro/libnds/lib/libnds9.a(fifosystem.o)
 .ARM.attributes
                0x00000000000004f4       0x1b /opt/devkitpro/libnds/lib/libnds9.a(dcache.o)
 .ARM.attributes
                0x000000000000050f       0x21 /opt/devkitpro/libnds/lib/libnds9.a(mpu_setup.o)
 .ARM.attributes
                0x0000000000000530       0x21 /opt/devkitpro/libnds/lib/libnds9.a(IntrWait.o)
 .ARM.attributes
                0x0000000000000551       0x21 /opt/devkitpro/libnds/lib/libnds9.a(cpu_clock.o)
 .ARM.attributes
                0x0000000000000572       0x1b /opt/devkitpro/libnds/lib/libnds9.a(interruptDispatcher.o)
 .ARM.attributes
                0x000000000000058d       0x21 /opt/devkitpro/libnds/lib/libnds9.a(swiSoftReset.o)
 .ARM.attributes
                0x00000000000005ae       0x1b /opt/devkitpro/libnds/lib/libnds9.a(biosCalls.o)
 .ARM.attributes
                0x00000000000005c9       0x2b /opt/devkitpro/libnds/lib/libnds9.a(video.o)
 .ARM.attributes
                0x00000000000005f4       0x2b /opt/devkitpro/libnds/lib/libnds9.a(system.o)
 .ARM.attributes
                0x000000000000061f       0x2b /opt/devkitpro/libnds/lib/libnds9.a(trig.o)
 .ARM.attributes
                0x000000000000064a       0x1b /opt/devkitpro/libnds/lib/libmm9.a(mm_comms.o)
 .ARM.attributes
                0x0000000000000665       0x1b /opt/devkitpro/libnds/lib/libmm9.a(mm_memory.o)
 .ARM.attributes
                0x0000000000000680       0x1b /opt/devkitpro/libnds/lib/libmm9.a(mm_main9.o)
 .ARM.attributes
                0x000000000000069b       0x1b /opt/devkitpro/libnds/lib/libmm9.a(mm_soundbank.o)
 .ARM.attributes
                0x00000000000006b6       0x1b /opt/devkitpro/libnds/lib/libmm9.a(mm_flusher.o)
 .ARM.attributes
                0x00000000000006d1       0x2a /opt/devkitpro/devkitARM/bin/../lib/gcc/arm-none-eabi/10.2.0/../../../../arm-none-eabi/lib/thumb/libm.a(lib_a-s_atan.o)
 .ARM.attributes
                0x00000000000006fb       0x2a /opt/devkitpro/devkitARM/bin/../lib/gcc/arm-none-eabi/10.2.0/../../../../arm-none-eabi/lib/thumb/libm.a(lib_a-s_cos.o)
 .ARM.attributes
                0x0000000000000725       0x2a /opt/devkitpro/devkitARM/bin/../lib/gcc/arm-none-eabi/10.2.0/../../../../arm-none-eabi/lib/thumb/libm.a(lib_a-s_fabs.o)
 .ARM.attributes
                0x000000000000074f       0x2a /opt/devkitpro/devkitARM/bin/../lib/gcc/arm-none-eabi/10.2.0/../../../../arm-none-eabi/lib/thumb/libm.a(lib_a-s_sin.o)
 .ARM.attributes
                0x0000000000000779       0x2a /opt/devkitpro/devkitARM/bin/../lib/gcc/arm-none-eabi/10.2.0/../../../../arm-none-eabi/lib/thumb/libm.a(lib_a-w_atan2.o)
 .ARM.attributes
                0x00000000000007a3       0x2a /opt/devkitpro/devkitARM/bin/../lib/gcc/arm-none-eabi/10.2.0/../../../../arm-none-eabi/lib/thumb/libm.a(lib_a-w_sqrt.o)
 .ARM.attributes
                0x00000000000007cd       0x2a /opt/devkitpro/devkitARM/bin/../lib/gcc/arm-none-eabi/10.2.0/../../../../arm-none-eabi/lib/thumb/libm.a(lib_a-e_atan2.o)
 .ARM.attributes
                0x00000000000007f7       0x2a /opt/devkitpro/devkitARM/bin/../lib/gcc/arm-none-eabi/10.2.0/../../../../arm-none-eabi/lib/thumb/libm.a(lib_a-e_rem_pio2.o)
 .ARM.attributes
                0x0000000000000821       0x2a /opt/devkitpro/devkitARM/bin/../lib/gcc/arm-none-eabi/10.2.0/../../../../arm-none-eabi/lib/thumb/libm.a(lib_a-e_sqrt.o)
 .ARM.attributes
                0x000000000000084b       0x2a /opt/devkitpro/devkitARM/bin/../lib/gcc/arm-none-eabi/10.2.0/../../../../arm-none-eabi/lib/thumb/libm.a(lib_a-k_cos.o)
 .ARM.attributes
                0x0000000000000875       0x2a /opt/devkitpro/devkitARM/bin/../lib/gcc/arm-none-eabi/10.2.0/../../../../arm-none-eabi/lib/thumb/libm.a(lib_a-k_rem_pio2.o)
 .ARM.attributes
                0x000000000000089f       0x2a /opt/devkitpro/devkitARM/bin/../lib/gcc/arm-none-eabi/10.2.0/../../../../arm-none-eabi/lib/thumb/libm.a(lib_a-k_sin.o)
 .ARM.attributes
                0x00000000000008c9       0x2a /opt/devkitpro/devkitARM/bin/../lib/gcc/arm-none-eabi/10.2.0/../../../../arm-none-eabi/lib/thumb/libm.a(lib_a-s_floor.o)
 .ARM.attributes
                0x00000000000008f3       0x30 /opt/devkitpro/devkitARM/bin/../lib/gcc/arm-none-eabi/10.2.0/../../../../arm-none-eabi/lib/thumb/libm.a(lib_a-s_lib_ver.o)
 .ARM.attributes
                0x0000000000000923       0x2a /opt/devkitpro/devkitARM/bin/../lib/gcc/arm-none-eabi/10.2.0/../../../../arm-none-eabi/lib/thumb/libm.a(lib_a-s_scalbn.o)
 .ARM.attributes
                0x000000000000094d       0x1c /opt/devkitpro/devkitARM/bin/../lib/gcc/arm-none-eabi/10.2.0/thumb/libgcc.a(_udivsi3.o)
 .ARM.attributes
                0x0000000000000969       0x1c /opt/devkitpro/devkitARM/bin/../lib/gcc/arm-none-eabi/10.2.0/thumb/libgcc.a(_divsi3.o)
 .ARM.attributes
                0x0000000000000985       0x1c /opt/devkitpro/devkitARM/bin/../lib/gcc/arm-none-eabi/10.2.0/thumb/libgcc.a(_dvmd_tls.o)
 .ARM.attributes
                0x00000000000009a1       0x1c /opt/devkitpro/devkitARM/bin/../lib/gcc/arm-none-eabi/10.2.0/thumb/libgcc.a(_arm_addsubdf3.o)
 .ARM.attributes
                0x00000000000009bd       0x1c /opt/devkitpro/devkitARM/bin/../lib/gcc/arm-none-eabi/10.2.0/thumb/libgcc.a(_arm_muldivdf3.o)
 .ARM.attributes
                0x00000000000009d9       0x1c /opt/devkitpro/devkitARM/bin/../lib/gcc/arm-none-eabi/10.2.0/thumb/libgcc.a(_arm_cmpdf2.o)
 .ARM.attributes
                0x00000000000009f5       0x1c /opt/devkitpro/devkitARM/bin/../lib/gcc/arm-none-eabi/10.2.0/thumb/libgcc.a(_arm_unorddf2.o)
 .ARM.attributes
                0x0000000000000a11       0x1c /opt/devkitpro/devkitARM/bin/../lib/gcc/arm-none-eabi/10.2.0/thumb/libgcc.a(_arm_fixdfsi.o)
 .ARM.attributes
                0x0000000000000a2d       0x1c /opt/devkitpro/devkitARM/bin/../lib/gcc/arm-none-eabi/10.2.0/thumb/libgcc.a(_arm_fixunsdfsi.o)
 .ARM.attributes
                0x0000000000000a49       0x1c /opt/devkitpro/devkitARM/bin/../lib/gcc/arm-none-eabi/10.2.0/thumb/libgcc.a(_arm_truncdfsf2.o)
 .ARM.attributes
                0x0000000000000a65       0x1c /opt/devkitpro/devkitARM/bin/../lib/gcc/arm-none-eabi/10.2.0/thumb/libgcc.a(_arm_addsubsf3.o)
 .ARM.attributes
                0x0000000000000a81       0x1c /opt/devkitpro/devkitARM/bin/../lib/gcc/arm-none-eabi/10.2.0/thumb/libgcc.a(_arm_muldivsf3.o)
 .ARM.attributes
                0x0000000000000a9d       0x1c /opt/devkitpro/devkitARM/bin/../lib/gcc/arm-none-eabi/10.2.0/thumb/libgcc.a(_arm_cmpsf2.o)
 .ARM.attributes
                0x0000000000000ab9       0x1c /opt/devkitpro/devkitARM/bin/../lib/gcc/arm-none-eabi/10.2.0/thumb/libgcc.a(_arm_fixsfsi.o)
 .ARM.attributes
                0x0000000000000ad5       0x1c /opt/devkitpro/devkitARM/bin/../lib/gcc/arm-none-eabi/10.2.0/thumb/libgcc.a(_arm_fixunssfsi.o)
 .ARM.attributes
                0x0000000000000af1       0x2a /opt/devkitpro/devkitARM/bin/../lib/gcc/arm-none-eabi/10.2.0/../../../../arm-none-eabi/lib/thumb/libg.a(lib_a-errno.o)
 .ARM.attributes
                0x0000000000000b1b       0x2a /opt/devkitpro/devkitARM/bin/../lib/gcc/arm-none-eabi/10.2.0/../../../../arm-none-eabi/lib/thumb/libg.a(lib_a-fclose.o)
 .ARM.attributes
                0x0000000000000b45       0x2a /opt/devkitpro/devkitARM/bin/../lib/gcc/arm-none-eabi/10.2.0/../../../../arm-none-eabi/lib/thumb/libg.a(lib_a-fflush.o)
 .ARM.attributes
                0x0000000000000b6f       0x2a /opt/devkitpro/devkitARM/bin/../lib/gcc/arm-none-eabi/10.2.0/../../../../arm-none-eabi/lib/thumb/libg.a(lib_a-findfp.o)
 .ARM.attributes
                0x0000000000000b99       0x2a /opt/devkitpro/devkitARM/bin/../lib/gcc/arm-none-eabi/10.2.0/../../../../arm-none-eabi/lib/thumb/libg.a(lib_a-fopen.o)
 .ARM.attributes
                0x0000000000000bc3       0x2a /opt/devkitpro/devkitARM/bin/../lib/gcc/arm-none-eabi/10.2.0/../../../../arm-none-eabi/lib/thumb/libg.a(lib_a-fread.o)
 .ARM.attributes
                0x0000000000000bed       0x2a /opt/devkitpro/devkitARM/bin/../lib/gcc/arm-none-eabi/10.2.0/../../../../arm-none-eabi/lib/thumb/libg.a(lib_a-freer.o)
 .ARM.attributes
                0x0000000000000c17       0x2a /opt/devkitpro/devkitARM/bin/../lib/gcc/arm-none-eabi/10.2.0/../../../../arm-none-eabi/lib/thumb/libg.a(lib_a-fseek.o)
 .ARM.attributes
                0x0000000000000c41       0x2a /opt/devkitpro/devkitARM/bin/../lib/gcc/arm-none-eabi/10.2.0/../../../../arm-none-eabi/lib/thumb/libg.a(lib_a-fseeko.o)
 .ARM.attributes
                0x0000000000000c6b       0x2a /opt/devkitpro/devkitARM/bin/../lib/gcc/arm-none-eabi/10.2.0/../../../../arm-none-eabi/lib/thumb/libg.a(lib_a-ftello.o)
 .ARM.attributes
                0x0000000000000c95       0x2a /opt/devkitpro/devkitARM/bin/../lib/gcc/arm-none-eabi/10.2.0/../../../../arm-none-eabi/lib/thumb/libg.a(lib_a-fwalk.o)
 .ARM.attributes